Detected pre-split layout, using provided train/val/test folders under: /workspace/yqm/Dataset/ISCXVPN2016

Dataset split:
  Train: 13281 images (82.8%)
  Val:   1383 images (8.6%)
  Test:  1384 images (8.6%)

Image dimensions: 1 x 40 x 40
[2025-12-08 00:21:06] Starting MAE pretrain: ghostnetv2_100, mask=0.6
[2025-12-08 00:21:06] Failed ghostnetv2_100: Expected more than 1 value per channel when training, got input size torch.Size([1, 200, 1, 1])
[2025-12-08 00:21:06] Starting MAE pretrain: ghostnetv2_100, mask=0.7
[2025-12-08 00:21:06] Failed ghostnetv2_100: Expected more than 1 value per channel when training, got input size torch.Size([1, 200, 1, 1])
[2025-12-08 00:21:06] Starting MAE pretrain: ghostnetv2_100, mask=0.8
[2025-12-08 00:21:06] Failed ghostnetv2_100: Expected more than 1 value per channel when training, got input size torch.Size([1, 200, 1, 1])
[2025-12-08 00:21:06] Starting MAE pretrain: ghostnetv3_100, mask=0.6
[2025-12-08 00:21:06] Failed ghostnetv3_100: Expected more than 1 value per channel when training, got input size torch.Size([1, 200, 1, 1])
[2025-12-08 00:21:06] Starting MAE pretrain: ghostnetv3_100, mask=0.7
[2025-12-08 00:21:07] Failed ghostnetv3_100: Expected more than 1 value per channel when training, got input size torch.Size([1, 200, 1, 1])
[2025-12-08 00:21:07] Starting MAE pretrain: ghostnetv3_100, mask=0.8
[2025-12-08 00:21:07] Failed ghostnetv3_100: Expected more than 1 value per channel when training, got input size torch.Size([1, 200, 1, 1])
[2025-12-08 00:21:07] Starting MAE pretrain: repvit_m1_0, mask=0.6
[2025-12-08 00:21:07] Failed repvit_m1_0: Expected more than 1 value per channel when training, got input size torch.Size([1, 224, 1, 1])
[2025-12-08 00:21:07] Starting MAE pretrain: repvit_m1_0, mask=0.7
[2025-12-08 00:21:07] Failed repvit_m1_0: Expected more than 1 value per channel when training, got input size torch.Size([1, 224, 1, 1])
[2025-12-08 00:21:07] Starting MAE pretrain: repvit_m1_0, mask=0.8
[2025-12-08 00:21:07] Failed repvit_m1_0: Expected more than 1 value per channel when training, got input size torch.Size([1, 224, 1, 1])
GPU2 MAE done
