[2025-12-08 00:46:39] ================================================================================
[2025-12-08 00:46:39] TrafficKD 完整实验流程 (修复版)
[2025-12-08 00:46:39] Output: results/full_pipeline_20251208_004257/gpu0_full_fixed, GPU: 0
[2025-12-08 00:46:39] ================================================================================
[2025-12-08 00:46:39] Loading dataset...
[2025-12-08 00:46:39] Dataset loaded: train=13281, val=1383, test=1384
[2025-12-08 00:46:39] 
================================================================================
PHASE 1: 预训练
================================================================================
[2025-12-08 00:46:39] [MAE] Starting pretraining: convnextv2_tiny_mae_mask0.75
[2025-12-08 00:47:14]   [MAE] Epoch 10/100, Loss: 0.018250
[2025-12-08 00:47:30]   [MAE] Epoch 20/100, Loss: 0.015943
[2025-12-08 00:47:45]   [MAE] Epoch 30/100, Loss: 0.015594
[2025-12-08 00:48:00]   [MAE] Epoch 40/100, Loss: 0.015628
[2025-12-08 00:48:13]   [MAE] Epoch 50/100, Loss: 0.015680
[2025-12-08 00:48:27]   [MAE] Epoch 60/100, Loss: 0.015785
[2025-12-08 00:48:40]   [MAE] Epoch 70/100, Loss: 0.015834
[2025-12-08 00:48:53]   [MAE] Epoch 80/100, Loss: 0.015835
[2025-12-08 00:49:06]   [MAE] Epoch 90/100, Loss: 0.015851
[2025-12-08 00:49:20]   [MAE] Epoch 100/100, Loss: 0.015896
[2025-12-08 00:49:20] [MAE] Completed convnextv2_tiny_mae_mask0.75: best_loss=0.015539
[2025-12-08 00:49:20] [MAE] Starting pretraining: convnextv2_tiny_mae_mask0.8
[2025-12-08 00:49:37]   [MAE] Epoch 10/100, Loss: 0.024487
[2025-12-08 00:49:51]   [MAE] Epoch 20/100, Loss: 0.021943
[2025-12-08 00:50:06]   [MAE] Epoch 30/100, Loss: 0.020783
[2025-12-08 00:50:21]   [MAE] Epoch 40/100, Loss: 0.020224
[2025-12-08 00:50:36]   [MAE] Epoch 50/100, Loss: 0.019890
[2025-12-08 00:50:51]   [MAE] Epoch 60/100, Loss: 0.019667
[2025-12-08 00:51:05]   [MAE] Epoch 70/100, Loss: 0.019633
[2025-12-08 00:51:17]   [MAE] Epoch 80/100, Loss: 0.019553
[2025-12-08 00:51:32]   [MAE] Epoch 90/100, Loss: 0.019506
[2025-12-08 00:51:47]   [MAE] Epoch 100/100, Loss: 0.019486
[2025-12-08 00:51:47] [MAE] Completed convnextv2_tiny_mae_mask0.8: best_loss=0.019461
[2025-12-08 00:51:47] [SimCLR] Starting pretraining: convnextv2_tiny_simclr
