[2025-12-08 00:42:59] ================================================================================
[2025-12-08 00:42:59] TrafficKD 完整实验流程
[2025-12-08 00:42:59] Output: results/full_pipeline_20251208_004257/gpu2_extra
[2025-12-08 00:42:59] GPU: 2
[2025-12-08 00:42:59] ================================================================================
[2025-12-08 00:42:59] Loading dataset...
[2025-12-08 00:43:00] Dataset loaded: train=13281, val=1383, test=1384
[2025-12-08 00:43:00] 
================================================================================
[2025-12-08 00:43:00] PHASE 2: 教师模型训练
[2025-12-08 00:43:00] ================================================================================
[2025-12-08 00:43:00] [Finetune] Starting: convnextv2_tiny_scratch
[2025-12-08 00:43:33]   [Finetune] Epoch 5/50, Loss: 1.7533, Val: 28.85%
[2025-12-08 00:43:45]   [Finetune] Epoch 10/50, Loss: 1.7461, Val: 30.08%
[2025-12-08 00:43:58]   [Finetune] Epoch 15/50, Loss: 1.7520, Val: 28.85%
[2025-12-08 00:44:10]   [Finetune] Epoch 20/50, Loss: 1.6919, Val: 32.75%
[2025-12-08 00:44:23]   [Finetune] Epoch 25/50, Loss: 1.6583, Val: 32.75%
[2025-12-08 00:44:35]   [Finetune] Epoch 30/50, Loss: 1.6578, Val: 32.83%
[2025-12-08 00:44:47]   [Finetune] Epoch 35/50, Loss: 1.6515, Val: 33.04%
[2025-12-08 00:45:01]   [Finetune] Epoch 40/50, Loss: nan, Val: 33.04%
[2025-12-08 00:45:12]   [Finetune] Epoch 45/50, Loss: nan, Val: 33.04%
[2025-12-08 00:45:24]   [Finetune] Epoch 50/50, Loss: nan, Val: 33.04%
[2025-12-08 00:45:26] [Finetune] Completed convnextv2_tiny_scratch: Val=33.12%, Test=33.38%, F1=15.99%
[2025-12-08 00:45:26] [Finetune] Starting: convnextv2_tiny_scratch_eca
[2025-12-08 00:45:39]   [Finetune] Epoch 5/50, Loss: 1.7269, Val: 30.08%
[2025-12-08 00:45:53]   [Finetune] Epoch 10/50, Loss: 1.7655, Val: 28.85%
[2025-12-08 00:46:06]   [Finetune] Epoch 15/50, Loss: 1.3393, Val: 53.94%
[2025-12-08 00:46:19]   [Finetune] Epoch 20/50, Loss: 1.2161, Val: 62.33%
[2025-12-08 00:46:32]   [Finetune] Epoch 25/50, Loss: 0.9350, Val: 72.16%
[2025-12-08 00:46:46]   [Finetune] Epoch 30/50, Loss: 0.7559, Val: 79.25%
[2025-12-08 00:46:59]   [Finetune] Epoch 35/50, Loss: 0.5824, Val: 87.49%
[2025-12-08 00:47:11]   [Finetune] Epoch 40/50, Loss: 0.4630, Val: 90.96%
[2025-12-08 00:47:24]   [Finetune] Epoch 45/50, Loss: 0.4146, Val: 93.06%
[2025-12-08 00:47:36]   [Finetune] Epoch 50/50, Loss: 0.3974, Val: 93.13%
[2025-12-08 00:47:36] [Finetune] Completed convnextv2_tiny_scratch_eca: Val=93.13%, Test=92.85%, F1=90.79%
[2025-12-08 00:47:36] [Finetune] Starting: efficientnetv2_rw_s_scratch
[2025-12-08 00:47:56]   [Finetune] Epoch 5/50, Loss: 0.7582, Val: 83.30%
[2025-12-08 00:48:14]   [Finetune] Epoch 10/50, Loss: 0.4492, Val: 94.00%
[2025-12-08 00:48:34]   [Finetune] Epoch 15/50, Loss: 0.3902, Val: 94.79%
[2025-12-08 00:48:51]   [Finetune] Epoch 20/50, Loss: 0.3144, Val: 96.67%
[2025-12-08 00:49:08]   [Finetune] Epoch 25/50, Loss: 0.3023, Val: 96.82%
[2025-12-08 00:49:26]   [Finetune] Epoch 30/50, Loss: 0.2973, Val: 97.40%
[2025-12-08 00:49:45]   [Finetune] Epoch 35/50, Loss: 0.2792, Val: 97.98%
[2025-12-08 00:50:02]   [Finetune] Epoch 40/50, Loss: 0.2706, Val: 98.12%
[2025-12-08 00:50:20]   [Finetune] Epoch 45/50, Loss: 0.2690, Val: 98.19%
[2025-12-08 00:50:38]   [Finetune] Epoch 50/50, Loss: 0.2664, Val: 98.26%
[2025-12-08 00:50:38] [Finetune] Completed efficientnetv2_rw_s_scratch: Val=98.26%, Test=97.47%, F1=96.53%
[2025-12-08 00:50:38] [Finetune] Starting: efficientnetv2_rw_s_scratch_eca
[2025-12-08 00:50:56]   [Finetune] Epoch 5/50, Loss: 0.8530, Val: 64.14%
[2025-12-08 00:51:15]   [Finetune] Epoch 10/50, Loss: 0.5427, Val: 88.50%
[2025-12-08 00:51:32]   [Finetune] Epoch 15/50, Loss: 0.3832, Val: 95.23%
[2025-12-08 00:51:53]   [Finetune] Epoch 20/50, Loss: 0.3486, Val: 96.60%
[2025-12-08 00:52:16]   [Finetune] Epoch 25/50, Loss: 0.3018, Val: 96.96%
[2025-12-08 00:52:35]   [Finetune] Epoch 30/50, Loss: 0.3028, Val: 97.04%
[2025-12-08 00:52:55]   [Finetune] Epoch 35/50, Loss: 0.2807, Val: 97.76%
[2025-12-08 00:53:13]   [Finetune] Epoch 40/50, Loss: 0.2727, Val: 98.05%
[2025-12-08 00:53:32]   [Finetune] Epoch 45/50, Loss: 0.2672, Val: 98.34%
[2025-12-08 00:53:51]   [Finetune] Epoch 50/50, Loss: 0.2672, Val: 98.55%
[2025-12-08 00:53:52] [Finetune] Completed efficientnetv2_rw_s_scratch_eca: Val=98.55%, Test=97.62%, F1=96.73%
[2025-12-08 00:53:52] [Finetune] Starting: ghostnetv2_100_scratch
[2025-12-08 00:54:17]   [Finetune] Epoch 5/50, Loss: 0.4502, Val: 93.13%
[2025-12-08 00:54:35]   [Finetune] Epoch 10/50, Loss: 0.3384, Val: 96.02%
[2025-12-08 00:54:53]   [Finetune] Epoch 15/50, Loss: 0.2881, Val: 96.96%
[2025-12-08 00:55:09]   [Finetune] Epoch 20/50, Loss: 0.2740, Val: 97.76%
[2025-12-08 00:55:27]   [Finetune] Epoch 25/50, Loss: 0.2650, Val: 97.40%
[2025-12-08 00:55:45]   [Finetune] Epoch 30/50, Loss: 0.2591, Val: 97.83%
[2025-12-08 00:56:00]   [Finetune] Epoch 35/50, Loss: 0.2562, Val: 97.83%
[2025-12-08 00:56:18]   [Finetune] Epoch 40/50, Loss: 0.2557, Val: 97.90%
[2025-12-08 00:56:34]   [Finetune] Epoch 45/50, Loss: 0.2557, Val: 97.83%
[2025-12-08 00:56:50]   [Finetune] Epoch 50/50, Loss: 0.2555, Val: 97.83%
[2025-12-08 00:56:50] [Finetune] Completed ghostnetv2_100_scratch: Val=97.98%, Test=97.11%, F1=96.29%
[2025-12-08 00:56:50] [Finetune] Starting: ghostnetv2_100_scratch_eca
[2025-12-08 00:57:06]   [Finetune] Epoch 5/50, Loss: 0.4824, Val: 93.35%
[2025-12-08 00:57:23]   [Finetune] Epoch 10/50, Loss: 0.3257, Val: 96.46%
[2025-12-08 00:57:40]   [Finetune] Epoch 15/50, Loss: 0.2990, Val: 97.11%
[2025-12-08 00:57:57]   [Finetune] Epoch 20/50, Loss: 0.2797, Val: 97.76%
[2025-12-08 00:58:16]   [Finetune] Epoch 25/50, Loss: 0.2715, Val: 98.19%
[2025-12-08 00:58:36]   [Finetune] Epoch 30/50, Loss: 0.2659, Val: 98.05%
[2025-12-08 00:58:54]   [Finetune] Epoch 35/50, Loss: 0.2603, Val: 98.26%
[2025-12-08 00:59:11]   [Finetune] Epoch 40/50, Loss: 0.2574, Val: 98.34%
[2025-12-08 00:59:27]   [Finetune] Epoch 45/50, Loss: 0.2565, Val: 98.34%
[2025-12-08 00:59:45]   [Finetune] Epoch 50/50, Loss: 0.2564, Val: 98.34%
[2025-12-08 00:59:45] [Finetune] Completed ghostnetv2_100_scratch_eca: Val=98.41%, Test=97.40%, F1=96.47%
[2025-12-08 00:59:45] 
================================================================================
[2025-12-08 00:59:45] PHASE 3: Stacking集成
[2025-12-08 00:59:45] ================================================================================
[2025-12-08 00:59:45] [Stacking] Training with teachers: ['convnextv2_tiny_scratch_eca', 'efficientnetv2_rw_s_scratch_eca', 'ghostnetv2_100_scratch_eca']
[2025-12-08 01:00:50] [Stacking] Completed: Val=98.70%, Test=97.83%, F1=96.99%
[2025-12-08 01:00:50] 
================================================================================
[2025-12-08 01:00:50] PHASE 4: 知识蒸馏学生模型
[2025-12-08 01:00:50] ================================================================================
[2025-12-08 01:00:50] [Distill] Starting: ghostnet_100_T3_a0.3
[2025-12-08 01:01:28]   [Distill] Epoch 10/100, Val: 95.37%
[2025-12-08 01:02:08]   [Distill] Epoch 20/100, Val: 97.32%
[2025-12-08 01:02:48]   [Distill] Epoch 30/100, Val: 97.61%
[2025-12-08 01:03:27]   [Distill] Epoch 40/100, Val: 97.61%
[2025-12-08 01:04:05]   [Distill] Epoch 50/100, Val: 98.12%
[2025-12-08 01:04:44]   [Distill] Epoch 60/100, Val: 98.26%
[2025-12-08 01:05:24]   [Distill] Epoch 70/100, Val: 98.26%
[2025-12-08 01:06:02]   [Distill] Epoch 80/100, Val: 98.48%
[2025-12-08 01:06:41]   [Distill] Epoch 90/100, Val: 98.48%
[2025-12-08 01:07:19]   [Distill] Epoch 100/100, Val: 98.48%
[2025-12-08 01:07:20] [Distill] Completed ghostnet_100_T3_a0.3: Test=98.05%, F1=97.53%, Params=3.91M, FLOPs=7.82G
[2025-12-08 01:07:20] [Distill] Starting: ghostnet_100_T3_a0.5
[2025-12-08 01:07:59]   [Distill] Epoch 10/100, Val: 94.65%
[2025-12-08 01:08:39]   [Distill] Epoch 20/100, Val: 95.73%
[2025-12-08 01:09:19]   [Distill] Epoch 30/100, Val: 96.46%
[2025-12-08 01:09:58]   [Distill] Epoch 40/100, Val: 97.18%
[2025-12-08 01:10:38]   [Distill] Epoch 50/100, Val: 97.40%
[2025-12-08 01:11:17]   [Distill] Epoch 60/100, Val: 98.34%
[2025-12-08 01:11:56]   [Distill] Epoch 70/100, Val: 98.26%
[2025-12-08 01:12:34]   [Distill] Epoch 80/100, Val: 98.26%
[2025-12-08 01:13:13]   [Distill] Epoch 90/100, Val: 98.41%
[2025-12-08 01:13:52]   [Distill] Epoch 100/100, Val: 98.48%
[2025-12-08 01:13:52] [Distill] Completed ghostnet_100_T3_a0.5: Test=97.33%, F1=95.74%, Params=3.91M, FLOPs=7.82G
[2025-12-08 01:13:52] [Distill] Starting: ghostnet_100_T3_a0.7
[2025-12-08 01:14:33]   [Distill] Epoch 10/100, Val: 94.36%
[2025-12-08 01:15:11]   [Distill] Epoch 20/100, Val: 96.60%
[2025-12-08 01:15:52]   [Distill] Epoch 30/100, Val: 97.11%
[2025-12-08 01:16:31]   [Distill] Epoch 40/100, Val: 98.05%
[2025-12-08 01:17:10]   [Distill] Epoch 50/100, Val: 98.19%
[2025-12-08 01:17:49]   [Distill] Epoch 60/100, Val: 98.41%
[2025-12-08 01:18:27]   [Distill] Epoch 70/100, Val: 98.34%
[2025-12-08 01:19:06]   [Distill] Epoch 80/100, Val: 98.41%
[2025-12-08 01:19:45]   [Distill] Epoch 90/100, Val: 98.26%
[2025-12-08 01:20:25]   [Distill] Epoch 100/100, Val: 98.41%
[2025-12-08 01:20:25] [Distill] Completed ghostnet_100_T3_a0.7: Test=97.54%, F1=96.81%, Params=3.91M, FLOPs=7.82G
[2025-12-08 01:20:25] [Distill] Starting: ghostnet_100_T4_a0.3
[2025-12-08 01:21:05]   [Distill] Epoch 10/100, Val: 96.24%
[2025-12-08 01:21:44]   [Distill] Epoch 20/100, Val: 97.04%
[2025-12-08 01:22:23]   [Distill] Epoch 30/100, Val: 96.89%
[2025-12-08 01:23:03]   [Distill] Epoch 40/100, Val: 97.98%
[2025-12-08 01:23:44]   [Distill] Epoch 50/100, Val: 98.34%
[2025-12-08 01:24:24]   [Distill] Epoch 60/100, Val: 98.12%
[2025-12-08 01:25:03]   [Distill] Epoch 70/100, Val: 98.19%
[2025-12-08 01:25:42]   [Distill] Epoch 80/100, Val: 98.34%
[2025-12-08 01:26:22]   [Distill] Epoch 90/100, Val: 98.26%
[2025-12-08 01:27:02]   [Distill] Epoch 100/100, Val: 98.41%
[2025-12-08 01:27:02] [Distill] Completed ghostnet_100_T4_a0.3: Test=97.11%, F1=95.97%, Params=3.91M, FLOPs=7.82G
[2025-12-08 01:27:02] [Distill] Starting: ghostnet_100_T4_a0.5
[2025-12-08 01:27:41]   [Distill] Epoch 10/100, Val: 96.24%
[2025-12-08 01:28:20]   [Distill] Epoch 20/100, Val: 97.54%
[2025-12-08 01:28:59]   [Distill] Epoch 30/100, Val: 97.25%
[2025-12-08 01:29:39]   [Distill] Epoch 40/100, Val: 98.41%
[2025-12-08 01:30:20]   [Distill] Epoch 50/100, Val: 98.19%
[2025-12-08 01:30:59]   [Distill] Epoch 60/100, Val: 98.05%
[2025-12-08 01:31:39]   [Distill] Epoch 70/100, Val: 98.19%
[2025-12-08 01:32:19]   [Distill] Epoch 80/100, Val: 98.05%
[2025-12-08 01:33:01]   [Distill] Epoch 90/100, Val: 98.12%
[2025-12-08 01:33:42]   [Distill] Epoch 100/100, Val: 98.12%
[2025-12-08 01:33:42] [Distill] Completed ghostnet_100_T4_a0.5: Test=97.33%, F1=96.07%, Params=3.91M, FLOPs=7.82G
[2025-12-08 01:33:42] [Distill] Starting: ghostnet_100_T4_a0.7
[2025-12-08 01:34:22]   [Distill] Epoch 10/100, Val: 92.99%
[2025-12-08 01:35:03]   [Distill] Epoch 20/100, Val: 96.75%
[2025-12-08 01:35:44]   [Distill] Epoch 30/100, Val: 97.83%
[2025-12-08 01:36:23]   [Distill] Epoch 40/100, Val: 97.83%
[2025-12-08 01:37:01]   [Distill] Epoch 50/100, Val: 97.98%
[2025-12-08 01:37:40]   [Distill] Epoch 60/100, Val: 98.05%
[2025-12-08 01:38:21]   [Distill] Epoch 70/100, Val: 98.05%
[2025-12-08 01:39:03]   [Distill] Epoch 80/100, Val: 98.05%
[2025-12-08 01:39:45]   [Distill] Epoch 90/100, Val: 98.12%
[2025-12-08 01:40:23]   [Distill] Epoch 100/100, Val: 98.12%
[2025-12-08 01:40:24] [Distill] Completed ghostnet_100_T4_a0.7: Test=97.04%, F1=95.79%, Params=3.91M, FLOPs=7.82G
[2025-12-08 01:40:24] [Distill] Starting: ghostnet_100_T5_a0.3
[2025-12-08 01:41:05]   [Distill] Epoch 10/100, Val: 93.93%
[2025-12-08 01:41:42]   [Distill] Epoch 20/100, Val: 96.75%
[2025-12-08 01:42:22]   [Distill] Epoch 30/100, Val: 97.69%
[2025-12-08 01:43:01]   [Distill] Epoch 40/100, Val: 97.32%
[2025-12-08 01:43:40]   [Distill] Epoch 50/100, Val: 98.12%
[2025-12-08 01:44:21]   [Distill] Epoch 60/100, Val: 98.26%
[2025-12-08 01:45:00]   [Distill] Epoch 70/100, Val: 98.12%
[2025-12-08 01:45:39]   [Distill] Epoch 80/100, Val: 98.26%
[2025-12-08 01:46:19]   [Distill] Epoch 90/100, Val: 98.41%
[2025-12-08 01:46:59]   [Distill] Epoch 100/100, Val: 98.34%
[2025-12-08 01:46:59] [Distill] Completed ghostnet_100_T5_a0.3: Test=97.62%, F1=96.68%, Params=3.91M, FLOPs=7.82G
[2025-12-08 01:46:59] [Distill] Starting: ghostnet_100_T5_a0.5
[2025-12-08 01:47:39]   [Distill] Epoch 10/100, Val: 96.38%
[2025-12-08 01:48:18]   [Distill] Epoch 20/100, Val: 96.46%
[2025-12-08 01:48:58]   [Distill] Epoch 30/100, Val: 97.54%
[2025-12-08 01:49:38]   [Distill] Epoch 40/100, Val: 97.54%
[2025-12-08 01:50:17]   [Distill] Epoch 50/100, Val: 98.12%
[2025-12-08 01:50:57]   [Distill] Epoch 60/100, Val: 98.12%
[2025-12-08 01:51:34]   [Distill] Epoch 70/100, Val: 98.05%
[2025-12-08 01:52:13]   [Distill] Epoch 80/100, Val: 98.05%
[2025-12-08 01:52:53]   [Distill] Epoch 90/100, Val: 98.12%
[2025-12-08 01:53:34]   [Distill] Epoch 100/100, Val: 98.12%
[2025-12-08 01:53:34] [Distill] Completed ghostnet_100_T5_a0.5: Test=97.69%, F1=96.73%, Params=3.91M, FLOPs=7.82G
[2025-12-08 01:53:34] [Distill] Starting: ghostnet_100_T5_a0.7
[2025-12-08 01:54:13]   [Distill] Epoch 10/100, Val: 96.02%
[2025-12-08 01:54:53]   [Distill] Epoch 20/100, Val: 97.04%
[2025-12-08 01:55:33]   [Distill] Epoch 30/100, Val: 97.83%
[2025-12-08 01:56:13]   [Distill] Epoch 40/100, Val: 98.19%
[2025-12-08 01:56:52]   [Distill] Epoch 50/100, Val: 98.26%
[2025-12-08 01:57:32]   [Distill] Epoch 60/100, Val: 98.63%
[2025-12-08 01:58:11]   [Distill] Epoch 70/100, Val: 98.48%
[2025-12-08 01:58:49]   [Distill] Epoch 80/100, Val: 98.41%
[2025-12-08 01:59:29]   [Distill] Epoch 90/100, Val: 98.48%
[2025-12-08 02:00:08]   [Distill] Epoch 100/100, Val: 98.48%
[2025-12-08 02:00:08] [Distill] Completed ghostnet_100_T5_a0.7: Test=97.47%, F1=96.45%, Params=3.91M, FLOPs=7.82G
[2025-12-08 02:00:08] [Distill] Starting: mobilenetv3_small_075_T3_a0.3
[2025-12-08 02:00:38]   [Distill] Epoch 10/100, Val: 91.68%
[2025-12-08 02:01:07]   [Distill] Epoch 20/100, Val: 94.22%
[2025-12-08 02:01:35]   [Distill] Epoch 30/100, Val: 95.52%
[2025-12-08 02:02:04]   [Distill] Epoch 40/100, Val: 96.46%
[2025-12-08 02:02:33]   [Distill] Epoch 50/100, Val: 97.11%
[2025-12-08 02:03:01]   [Distill] Epoch 60/100, Val: 97.61%
[2025-12-08 02:03:30]   [Distill] Epoch 70/100, Val: 97.54%
[2025-12-08 02:03:58]   [Distill] Epoch 80/100, Val: 97.61%
[2025-12-08 02:04:28]   [Distill] Epoch 90/100, Val: 97.47%
[2025-12-08 02:04:57]   [Distill] Epoch 100/100, Val: 97.54%
[2025-12-08 02:04:57] [Distill] Completed mobilenetv3_small_075_T3_a0.3: Test=96.82%, F1=95.60%, Params=1.02M, FLOPs=2.05G
[2025-12-08 02:04:57] [Distill] Starting: mobilenetv3_small_075_T3_a0.5
[2025-12-08 02:05:26]   [Distill] Epoch 10/100, Val: 87.56%
[2025-12-08 02:05:54]   [Distill] Epoch 20/100, Val: 94.50%
[2025-12-08 02:06:23]   [Distill] Epoch 30/100, Val: 96.38%
[2025-12-08 02:06:52]   [Distill] Epoch 40/100, Val: 97.04%
[2025-12-08 02:07:21]   [Distill] Epoch 50/100, Val: 96.67%
[2025-12-08 02:07:50]   [Distill] Epoch 60/100, Val: 97.54%
[2025-12-08 02:08:18]   [Distill] Epoch 70/100, Val: 97.47%
[2025-12-08 02:08:47]   [Distill] Epoch 80/100, Val: 97.83%
[2025-12-08 02:09:16]   [Distill] Epoch 90/100, Val: 97.69%
[2025-12-08 02:09:45]   [Distill] Epoch 100/100, Val: 97.61%
[2025-12-08 02:09:45] [Distill] Completed mobilenetv3_small_075_T3_a0.5: Test=97.04%, F1=95.89%, Params=1.02M, FLOPs=2.05G
[2025-12-08 02:09:45] [Distill] Starting: mobilenetv3_small_075_T3_a0.7
[2025-12-08 02:10:14]   [Distill] Epoch 10/100, Val: 86.70%
[2025-12-08 02:10:43]   [Distill] Epoch 20/100, Val: 93.56%
[2025-12-08 02:11:12]   [Distill] Epoch 30/100, Val: 95.52%
[2025-12-08 02:11:41]   [Distill] Epoch 40/100, Val: 96.96%
[2025-12-08 02:12:10]   [Distill] Epoch 50/100, Val: 97.47%
[2025-12-08 02:12:38]   [Distill] Epoch 60/100, Val: 97.76%
[2025-12-08 02:13:07]   [Distill] Epoch 70/100, Val: 97.61%
[2025-12-08 02:13:35]   [Distill] Epoch 80/100, Val: 97.76%
[2025-12-08 02:14:03]   [Distill] Epoch 90/100, Val: 97.83%
[2025-12-08 02:14:32]   [Distill] Epoch 100/100, Val: 97.98%
[2025-12-08 02:14:33] [Distill] Completed mobilenetv3_small_075_T3_a0.7: Test=96.97%, F1=95.34%, Params=1.02M, FLOPs=2.05G
[2025-12-08 02:14:33] [Distill] Starting: mobilenetv3_small_075_T4_a0.3
[2025-12-08 02:15:02]   [Distill] Epoch 10/100, Val: 89.30%
[2025-12-08 02:15:32]   [Distill] Epoch 20/100, Val: 95.16%
[2025-12-08 02:16:00]   [Distill] Epoch 30/100, Val: 96.46%
[2025-12-08 02:16:29]   [Distill] Epoch 40/100, Val: 97.18%
[2025-12-08 02:16:58]   [Distill] Epoch 50/100, Val: 97.25%
[2025-12-08 02:17:27]   [Distill] Epoch 60/100, Val: 97.54%
[2025-12-08 02:17:55]   [Distill] Epoch 70/100, Val: 97.61%
[2025-12-08 02:18:24]   [Distill] Epoch 80/100, Val: 97.61%
[2025-12-08 02:18:53]   [Distill] Epoch 90/100, Val: 97.98%
[2025-12-08 02:19:21]   [Distill] Epoch 100/100, Val: 97.90%
[2025-12-08 02:19:21] [Distill] Completed mobilenetv3_small_075_T4_a0.3: Test=97.40%, F1=95.99%, Params=1.02M, FLOPs=2.05G
[2025-12-08 02:19:21] [Distill] Starting: mobilenetv3_small_075_T4_a0.5
[2025-12-08 02:19:49]   [Distill] Epoch 10/100, Val: 92.12%
[2025-12-08 02:20:18]   [Distill] Epoch 20/100, Val: 94.43%
[2025-12-08 02:20:47]   [Distill] Epoch 30/100, Val: 96.60%
[2025-12-08 02:21:15]   [Distill] Epoch 40/100, Val: 96.89%
[2025-12-08 02:21:44]   [Distill] Epoch 50/100, Val: 97.18%
[2025-12-08 02:22:13]   [Distill] Epoch 60/100, Val: 97.54%
[2025-12-08 02:22:42]   [Distill] Epoch 70/100, Val: 97.61%
[2025-12-08 02:23:11]   [Distill] Epoch 80/100, Val: 97.47%
[2025-12-08 02:23:39]   [Distill] Epoch 90/100, Val: 97.40%
[2025-12-08 02:24:08]   [Distill] Epoch 100/100, Val: 97.54%
[2025-12-08 02:24:09] [Distill] Completed mobilenetv3_small_075_T4_a0.5: Test=96.68%, F1=95.40%, Params=1.02M, FLOPs=2.05G
[2025-12-08 02:24:09] [Distill] Starting: mobilenetv3_small_075_T4_a0.7
[2025-12-08 02:24:37]   [Distill] Epoch 10/100, Val: 89.80%
[2025-12-08 02:25:07]   [Distill] Epoch 20/100, Val: 93.13%
[2025-12-08 02:25:37]   [Distill] Epoch 30/100, Val: 93.20%
[2025-12-08 02:26:06]   [Distill] Epoch 40/100, Val: 95.37%
[2025-12-08 02:26:34]   [Distill] Epoch 50/100, Val: 96.75%
[2025-12-08 02:27:03]   [Distill] Epoch 60/100, Val: 96.67%
[2025-12-08 02:27:31]   [Distill] Epoch 70/100, Val: 97.04%
[2025-12-08 02:27:59]   [Distill] Epoch 80/100, Val: 97.32%
[2025-12-08 02:28:29]   [Distill] Epoch 90/100, Val: 97.25%
[2025-12-08 02:28:58]   [Distill] Epoch 100/100, Val: 97.25%
[2025-12-08 02:28:58] [Distill] Completed mobilenetv3_small_075_T4_a0.7: Test=96.89%, F1=96.12%, Params=1.02M, FLOPs=2.05G
[2025-12-08 02:28:58] [Distill] Starting: mobilenetv3_small_075_T5_a0.3
[2025-12-08 02:29:27]   [Distill] Epoch 10/100, Val: 92.84%
[2025-12-08 02:29:55]   [Distill] Epoch 20/100, Val: 95.73%
[2025-12-08 02:30:24]   [Distill] Epoch 30/100, Val: 96.82%
[2025-12-08 02:30:53]   [Distill] Epoch 40/100, Val: 96.31%
[2025-12-08 02:31:22]   [Distill] Epoch 50/100, Val: 97.32%
[2025-12-08 02:31:50]   [Distill] Epoch 60/100, Val: 97.40%
[2025-12-08 02:32:19]   [Distill] Epoch 70/100, Val: 97.90%
[2025-12-08 02:32:47]   [Distill] Epoch 80/100, Val: 97.83%
[2025-12-08 02:33:16]   [Distill] Epoch 90/100, Val: 97.83%
[2025-12-08 02:33:46]   [Distill] Epoch 100/100, Val: 97.76%
[2025-12-08 02:33:46] [Distill] Completed mobilenetv3_small_075_T5_a0.3: Test=97.04%, F1=95.60%, Params=1.02M, FLOPs=2.05G
[2025-12-08 02:33:46] [Distill] Starting: mobilenetv3_small_075_T5_a0.5
[2025-12-08 02:34:15]   [Distill] Epoch 10/100, Val: 91.25%
[2025-12-08 02:34:44]   [Distill] Epoch 20/100, Val: 95.44%
[2025-12-08 02:35:12]   [Distill] Epoch 30/100, Val: 95.88%
[2025-12-08 02:35:42]   [Distill] Epoch 40/100, Val: 96.82%
[2025-12-08 02:36:10]   [Distill] Epoch 50/100, Val: 96.89%
[2025-12-08 02:36:39]   [Distill] Epoch 60/100, Val: 97.32%
[2025-12-08 02:37:08]   [Distill] Epoch 70/100, Val: 97.25%
[2025-12-08 02:37:36]   [Distill] Epoch 80/100, Val: 97.40%
[2025-12-08 02:38:05]   [Distill] Epoch 90/100, Val: 97.54%
[2025-12-08 02:38:34]   [Distill] Epoch 100/100, Val: 97.47%
[2025-12-08 02:38:34] [Distill] Completed mobilenetv3_small_075_T5_a0.5: Test=96.89%, F1=96.02%, Params=1.02M, FLOPs=2.05G
[2025-12-08 02:38:34] [Distill] Starting: mobilenetv3_small_075_T5_a0.7
[2025-12-08 02:39:02]   [Distill] Epoch 10/100, Val: 89.30%
[2025-12-08 02:39:31]   [Distill] Epoch 20/100, Val: 95.23%
[2025-12-08 02:40:00]   [Distill] Epoch 30/100, Val: 97.11%
[2025-12-08 02:40:29]   [Distill] Epoch 40/100, Val: 97.54%
[2025-12-08 02:40:58]   [Distill] Epoch 50/100, Val: 97.47%
[2025-12-08 02:41:26]   [Distill] Epoch 60/100, Val: 97.61%
[2025-12-08 02:41:54]   [Distill] Epoch 70/100, Val: 98.12%
[2025-12-08 02:42:22]   [Distill] Epoch 80/100, Val: 97.90%
[2025-12-08 02:42:51]   [Distill] Epoch 90/100, Val: 97.98%
[2025-12-08 02:43:20]   [Distill] Epoch 100/100, Val: 97.83%
[2025-12-08 02:43:20] [Distill] Completed mobilenetv3_small_075_T5_a0.7: Test=97.04%, F1=95.90%, Params=1.02M, FLOPs=2.05G
[2025-12-08 02:43:20] [Distill] Starting: repvit_m0_9_T3_a0.3
[2025-12-08 02:44:06]   [Distill] Epoch 10/100, Val: 97.18%
[2025-12-08 02:44:50]   [Distill] Epoch 20/100, Val: 97.90%
[2025-12-08 02:45:35]   [Distill] Epoch 30/100, Val: 97.98%
[2025-12-08 02:46:19]   [Distill] Epoch 40/100, Val: 98.34%
[2025-12-08 02:47:02]   [Distill] Epoch 50/100, Val: 98.48%
[2025-12-08 02:47:45]   [Distill] Epoch 60/100, Val: 98.55%
[2025-12-08 02:48:29]   [Distill] Epoch 70/100, Val: 98.48%
[2025-12-08 02:49:13]   [Distill] Epoch 80/100, Val: 98.48%
[2025-12-08 02:49:56]   [Distill] Epoch 90/100, Val: 98.48%
[2025-12-08 02:50:42]   [Distill] Epoch 100/100, Val: 98.48%
[2025-12-08 02:50:42] [Distill] Completed repvit_m0_9_T3_a0.3: Test=98.12%, F1=97.39%, Params=4.72M, FLOPs=9.45G
[2025-12-08 02:50:42] [Distill] Starting: repvit_m0_9_T3_a0.5
[2025-12-08 02:51:26]   [Distill] Epoch 10/100, Val: 97.40%
[2025-12-08 02:52:10]   [Distill] Epoch 20/100, Val: 97.40%
[2025-12-08 02:52:56]   [Distill] Epoch 30/100, Val: 98.12%
[2025-12-08 02:53:41]   [Distill] Epoch 40/100, Val: 97.98%
[2025-12-08 02:54:26]   [Distill] Epoch 50/100, Val: 98.19%
[2025-12-08 02:55:10]   [Distill] Epoch 60/100, Val: 98.19%
[2025-12-08 02:55:54]   [Distill] Epoch 70/100, Val: 98.12%
[2025-12-08 02:56:38]   [Distill] Epoch 80/100, Val: 98.26%
[2025-12-08 02:57:22]   [Distill] Epoch 90/100, Val: 98.34%
[2025-12-08 02:58:06]   [Distill] Epoch 100/100, Val: 98.19%
[2025-12-08 02:58:06] [Distill] Completed repvit_m0_9_T3_a0.5: Test=97.98%, F1=97.13%, Params=4.72M, FLOPs=9.45G
[2025-12-08 02:58:06] [Distill] Starting: repvit_m0_9_T3_a0.7
[2025-12-08 02:58:52]   [Distill] Epoch 10/100, Val: 96.75%
[2025-12-08 02:59:36]   [Distill] Epoch 20/100, Val: 98.12%
[2025-12-08 03:00:21]   [Distill] Epoch 30/100, Val: 98.12%
[2025-12-08 03:01:05]   [Distill] Epoch 40/100, Val: 97.90%
[2025-12-08 03:01:49]   [Distill] Epoch 50/100, Val: 98.55%
[2025-12-08 03:02:32]   [Distill] Epoch 60/100, Val: 98.48%
[2025-12-08 03:03:17]   [Distill] Epoch 70/100, Val: 98.63%
[2025-12-08 03:04:00]   [Distill] Epoch 80/100, Val: 98.70%
[2025-12-08 03:04:44]   [Distill] Epoch 90/100, Val: 98.70%
[2025-12-08 03:05:29]   [Distill] Epoch 100/100, Val: 98.63%
[2025-12-08 03:05:29] [Distill] Completed repvit_m0_9_T3_a0.7: Test=97.69%, F1=97.11%, Params=4.72M, FLOPs=9.45G
[2025-12-08 03:05:29] [Distill] Starting: repvit_m0_9_T4_a0.3
[2025-12-08 03:06:14]   [Distill] Epoch 10/100, Val: 95.73%
[2025-12-08 03:06:58]   [Distill] Epoch 20/100, Val: 97.98%
[2025-12-08 03:07:42]   [Distill] Epoch 30/100, Val: 97.83%
[2025-12-08 03:08:24]   [Distill] Epoch 40/100, Val: 98.12%
[2025-12-08 03:09:08]   [Distill] Epoch 50/100, Val: 98.12%
[2025-12-08 03:09:52]   [Distill] Epoch 60/100, Val: 98.12%
[2025-12-08 03:10:34]   [Distill] Epoch 70/100, Val: 98.12%
[2025-12-08 03:11:17]   [Distill] Epoch 80/100, Val: 98.19%
[2025-12-08 03:12:00]   [Distill] Epoch 90/100, Val: 98.19%
[2025-12-08 03:12:44]   [Distill] Epoch 100/100, Val: 98.19%
[2025-12-08 03:12:44] [Distill] Completed repvit_m0_9_T4_a0.3: Test=97.69%, F1=96.82%, Params=4.72M, FLOPs=9.45G
[2025-12-08 03:12:44] [Distill] Starting: repvit_m0_9_T4_a0.5
[2025-12-08 03:13:28]   [Distill] Epoch 10/100, Val: 95.88%
[2025-12-08 03:14:11]   [Distill] Epoch 20/100, Val: 98.05%
[2025-12-08 03:14:54]   [Distill] Epoch 30/100, Val: 97.76%
[2025-12-08 03:15:38]   [Distill] Epoch 40/100, Val: 98.26%
[2025-12-08 03:16:20]   [Distill] Epoch 50/100, Val: 98.41%
[2025-12-08 03:17:05]   [Distill] Epoch 60/100, Val: 98.48%
[2025-12-08 03:17:48]   [Distill] Epoch 70/100, Val: 98.48%
[2025-12-08 03:18:32]   [Distill] Epoch 80/100, Val: 98.48%
[2025-12-08 03:19:16]   [Distill] Epoch 90/100, Val: 98.48%
[2025-12-08 03:20:01]   [Distill] Epoch 100/100, Val: 98.41%
[2025-12-08 03:20:01] [Distill] Completed repvit_m0_9_T4_a0.5: Test=97.76%, F1=97.00%, Params=4.72M, FLOPs=9.45G
[2025-12-08 03:20:01] [Distill] Starting: repvit_m0_9_T4_a0.7
[2025-12-08 03:20:47]   [Distill] Epoch 10/100, Val: 97.04%
[2025-12-08 03:21:31]   [Distill] Epoch 20/100, Val: 97.32%
[2025-12-08 03:22:15]   [Distill] Epoch 30/100, Val: 97.90%
[2025-12-08 03:22:59]   [Distill] Epoch 40/100, Val: 98.48%
[2025-12-08 03:23:41]   [Distill] Epoch 50/100, Val: 98.41%
[2025-12-08 03:24:24]   [Distill] Epoch 60/100, Val: 98.34%
[2025-12-08 03:25:07]   [Distill] Epoch 70/100, Val: 98.41%
[2025-12-08 03:25:48]   [Distill] Epoch 80/100, Val: 98.41%
[2025-12-08 03:26:31]   [Distill] Epoch 90/100, Val: 98.41%
[2025-12-08 03:27:14]   [Distill] Epoch 100/100, Val: 98.41%
[2025-12-08 03:27:14] [Distill] Completed repvit_m0_9_T4_a0.7: Test=97.98%, F1=97.00%, Params=4.72M, FLOPs=9.45G
[2025-12-08 03:27:14] [Distill] Starting: repvit_m0_9_T5_a0.3
[2025-12-08 03:27:58]   [Distill] Epoch 10/100, Val: 97.32%
[2025-12-08 03:28:42]   [Distill] Epoch 20/100, Val: 96.82%
[2025-12-08 03:29:26]   [Distill] Epoch 30/100, Val: 98.34%
[2025-12-08 03:30:10]   [Distill] Epoch 40/100, Val: 98.41%
[2025-12-08 03:30:53]   [Distill] Epoch 50/100, Val: 98.70%
[2025-12-08 03:31:37]   [Distill] Epoch 60/100, Val: 98.48%
[2025-12-08 03:32:20]   [Distill] Epoch 70/100, Val: 98.55%
[2025-12-08 03:33:03]   [Distill] Epoch 80/100, Val: 98.48%
[2025-12-08 03:33:47]   [Distill] Epoch 90/100, Val: 98.48%
[2025-12-08 03:34:31]   [Distill] Epoch 100/100, Val: 98.48%
[2025-12-08 03:34:31] [Distill] Completed repvit_m0_9_T5_a0.3: Test=97.98%, F1=97.34%, Params=4.72M, FLOPs=9.45G
[2025-12-08 03:34:31] [Distill] Starting: repvit_m0_9_T5_a0.5
[2025-12-08 03:35:15]   [Distill] Epoch 10/100, Val: 96.67%
[2025-12-08 03:35:59]   [Distill] Epoch 20/100, Val: 97.69%
[2025-12-08 03:36:45]   [Distill] Epoch 30/100, Val: 98.26%
[2025-12-08 03:37:29]   [Distill] Epoch 40/100, Val: 98.63%
[2025-12-08 03:38:13]   [Distill] Epoch 50/100, Val: 98.12%
[2025-12-08 03:38:58]   [Distill] Epoch 60/100, Val: 98.41%
[2025-12-08 03:39:41]   [Distill] Epoch 70/100, Val: 98.48%
[2025-12-08 03:40:26]   [Distill] Epoch 80/100, Val: 98.41%
[2025-12-08 03:41:08]   [Distill] Epoch 90/100, Val: 98.55%
[2025-12-08 03:41:50]   [Distill] Epoch 100/100, Val: 98.48%
[2025-12-08 03:41:51] [Distill] Completed repvit_m0_9_T5_a0.5: Test=97.83%, F1=97.10%, Params=4.72M, FLOPs=9.45G
[2025-12-08 03:41:51] [Distill] Starting: repvit_m0_9_T5_a0.7
[2025-12-08 03:42:35]   [Distill] Epoch 10/100, Val: 96.89%
[2025-12-08 03:43:18]   [Distill] Epoch 20/100, Val: 97.61%
[2025-12-08 03:44:03]   [Distill] Epoch 30/100, Val: 97.76%
[2025-12-08 03:44:46]   [Distill] Epoch 40/100, Val: 98.05%
[2025-12-08 03:45:29]   [Distill] Epoch 50/100, Val: 98.34%
[2025-12-08 03:46:14]   [Distill] Epoch 60/100, Val: 98.34%
[2025-12-08 03:46:57]   [Distill] Epoch 70/100, Val: 98.55%
[2025-12-08 03:47:41]   [Distill] Epoch 80/100, Val: 98.48%
[2025-12-08 03:48:24]   [Distill] Epoch 90/100, Val: 98.48%
[2025-12-08 03:49:07]   [Distill] Epoch 100/100, Val: 98.48%
[2025-12-08 03:49:07] [Distill] Completed repvit_m0_9_T5_a0.7: Test=98.05%, F1=97.02%, Params=4.72M, FLOPs=9.45G
[2025-12-08 03:49:07] [Distill] Starting: mobilenetv2_050_T3_a0.3
[2025-12-08 03:49:37]   [Distill] Epoch 10/100, Val: 93.35%
[2025-12-08 03:50:06]   [Distill] Epoch 20/100, Val: 96.31%
[2025-12-08 03:50:35]   [Distill] Epoch 30/100, Val: 96.46%
[2025-12-08 03:51:04]   [Distill] Epoch 40/100, Val: 96.96%
[2025-12-08 03:51:32]   [Distill] Epoch 50/100, Val: 96.96%
[2025-12-08 03:52:00]   [Distill] Epoch 60/100, Val: 96.67%
[2025-12-08 03:52:29]   [Distill] Epoch 70/100, Val: 96.82%
[2025-12-08 03:52:57]   [Distill] Epoch 80/100, Val: 96.82%
[2025-12-08 03:53:26]   [Distill] Epoch 90/100, Val: 96.82%
[2025-12-08 03:53:54]   [Distill] Epoch 100/100, Val: 96.82%
[2025-12-08 03:53:55] [Distill] Completed mobilenetv2_050_T3_a0.3: Test=95.88%, F1=94.71%, Params=0.70M, FLOPs=1.39G
[2025-12-08 03:53:55] [Distill] Starting: mobilenetv2_050_T3_a0.5
[2025-12-08 03:54:24]   [Distill] Epoch 10/100, Val: 93.78%
[2025-12-08 03:54:53]   [Distill] Epoch 20/100, Val: 96.89%
[2025-12-08 03:55:21]   [Distill] Epoch 30/100, Val: 96.82%
[2025-12-08 03:55:49]   [Distill] Epoch 40/100, Val: 97.18%
[2025-12-08 03:56:18]   [Distill] Epoch 50/100, Val: 97.11%
[2025-12-08 03:56:46]   [Distill] Epoch 60/100, Val: 97.40%
[2025-12-08 03:57:14]   [Distill] Epoch 70/100, Val: 97.32%
[2025-12-08 03:57:43]   [Distill] Epoch 80/100, Val: 97.47%
[2025-12-08 03:58:11]   [Distill] Epoch 90/100, Val: 97.32%
[2025-12-08 03:58:40]   [Distill] Epoch 100/100, Val: 97.11%
[2025-12-08 03:58:40] [Distill] Completed mobilenetv2_050_T3_a0.5: Test=96.46%, F1=94.88%, Params=0.70M, FLOPs=1.39G
[2025-12-08 03:58:40] [Distill] Starting: mobilenetv2_050_T3_a0.7
[2025-12-08 03:59:09]   [Distill] Epoch 10/100, Val: 90.82%
[2025-12-08 03:59:38]   [Distill] Epoch 20/100, Val: 94.72%
[2025-12-08 04:00:07]   [Distill] Epoch 30/100, Val: 96.17%
[2025-12-08 04:00:35]   [Distill] Epoch 40/100, Val: 96.31%
[2025-12-08 04:01:04]   [Distill] Epoch 50/100, Val: 97.04%
[2025-12-08 04:01:33]   [Distill] Epoch 60/100, Val: 97.98%
[2025-12-08 04:02:01]   [Distill] Epoch 70/100, Val: 97.69%
[2025-12-08 04:02:30]   [Distill] Epoch 80/100, Val: 97.76%
[2025-12-08 04:02:59]   [Distill] Epoch 90/100, Val: 97.90%
[2025-12-08 04:03:27]   [Distill] Epoch 100/100, Val: 97.83%
[2025-12-08 04:03:27] [Distill] Completed mobilenetv2_050_T3_a0.7: Test=96.97%, F1=95.53%, Params=0.70M, FLOPs=1.39G
[2025-12-08 04:03:27] [Distill] Starting: mobilenetv2_050_T4_a0.3
[2025-12-08 04:03:55]   [Distill] Epoch 10/100, Val: 91.11%
[2025-12-08 04:04:23]   [Distill] Epoch 20/100, Val: 95.44%
[2025-12-08 04:04:53]   [Distill] Epoch 30/100, Val: 96.02%
[2025-12-08 04:05:21]   [Distill] Epoch 40/100, Val: 96.67%
[2025-12-08 04:05:49]   [Distill] Epoch 50/100, Val: 96.75%
[2025-12-08 04:06:18]   [Distill] Epoch 60/100, Val: 97.40%
[2025-12-08 04:06:47]   [Distill] Epoch 70/100, Val: 97.54%
[2025-12-08 04:07:16]   [Distill] Epoch 80/100, Val: 97.47%
[2025-12-08 04:07:44]   [Distill] Epoch 90/100, Val: 97.47%
[2025-12-08 04:08:12]   [Distill] Epoch 100/100, Val: 97.54%
[2025-12-08 04:08:12] [Distill] Completed mobilenetv2_050_T4_a0.3: Test=96.53%, F1=95.53%, Params=0.70M, FLOPs=1.39G
[2025-12-08 04:08:12] [Distill] Starting: mobilenetv2_050_T4_a0.5
[2025-12-08 04:08:40]   [Distill] Epoch 10/100, Val: 93.13%
[2025-12-08 04:09:09]   [Distill] Epoch 20/100, Val: 96.17%
[2025-12-08 04:09:37]   [Distill] Epoch 30/100, Val: 95.73%
[2025-12-08 04:10:05]   [Distill] Epoch 40/100, Val: 96.53%
[2025-12-08 04:10:34]   [Distill] Epoch 50/100, Val: 96.75%
[2025-12-08 04:11:02]   [Distill] Epoch 60/100, Val: 97.18%
[2025-12-08 04:11:31]   [Distill] Epoch 70/100, Val: 96.89%
[2025-12-08 04:11:59]   [Distill] Epoch 80/100, Val: 96.89%
[2025-12-08 04:12:27]   [Distill] Epoch 90/100, Val: 96.89%
[2025-12-08 04:12:54]   [Distill] Epoch 100/100, Val: 96.89%
[2025-12-08 04:12:55] [Distill] Completed mobilenetv2_050_T4_a0.5: Test=96.46%, F1=95.05%, Params=0.70M, FLOPs=1.39G
[2025-12-08 04:12:55] [Distill] Starting: mobilenetv2_050_T4_a0.7
[2025-12-08 04:13:23]   [Distill] Epoch 10/100, Val: 92.91%
[2025-12-08 04:13:51]   [Distill] Epoch 20/100, Val: 95.81%
[2025-12-08 04:14:18]   [Distill] Epoch 30/100, Val: 96.67%
[2025-12-08 04:14:46]   [Distill] Epoch 40/100, Val: 96.89%
[2025-12-08 04:15:14]   [Distill] Epoch 50/100, Val: 96.82%
[2025-12-08 04:15:42]   [Distill] Epoch 60/100, Val: 96.96%
[2025-12-08 04:16:10]   [Distill] Epoch 70/100, Val: 97.32%
[2025-12-08 04:16:37]   [Distill] Epoch 80/100, Val: 97.25%
[2025-12-08 04:17:05]   [Distill] Epoch 90/100, Val: 97.04%
[2025-12-08 04:17:34]   [Distill] Epoch 100/100, Val: 97.18%
[2025-12-08 04:17:34] [Distill] Completed mobilenetv2_050_T4_a0.7: Test=96.10%, F1=94.75%, Params=0.70M, FLOPs=1.39G
[2025-12-08 04:17:34] [Distill] Starting: mobilenetv2_050_T5_a0.3
[2025-12-08 04:18:02]   [Distill] Epoch 10/100, Val: 92.48%
[2025-12-08 04:18:31]   [Distill] Epoch 20/100, Val: 95.73%
[2025-12-08 04:18:59]   [Distill] Epoch 30/100, Val: 96.24%
[2025-12-08 04:19:28]   [Distill] Epoch 40/100, Val: 97.18%
[2025-12-08 04:19:56]   [Distill] Epoch 50/100, Val: 96.75%
[2025-12-08 04:20:24]   [Distill] Epoch 60/100, Val: 96.82%
[2025-12-08 04:20:53]   [Distill] Epoch 70/100, Val: 97.04%
[2025-12-08 04:21:21]   [Distill] Epoch 80/100, Val: 97.11%
[2025-12-08 04:21:49]   [Distill] Epoch 90/100, Val: 97.04%
[2025-12-08 04:22:18]   [Distill] Epoch 100/100, Val: 97.18%
[2025-12-08 04:22:18] [Distill] Completed mobilenetv2_050_T5_a0.3: Test=96.53%, F1=95.03%, Params=0.70M, FLOPs=1.39G
[2025-12-08 04:22:18] [Distill] Starting: mobilenetv2_050_T5_a0.5
[2025-12-08 04:22:46]   [Distill] Epoch 10/100, Val: 92.34%
[2025-12-08 04:23:15]   [Distill] Epoch 20/100, Val: 95.52%
[2025-12-08 04:23:44]   [Distill] Epoch 30/100, Val: 96.60%
[2025-12-08 04:24:12]   [Distill] Epoch 40/100, Val: 96.96%
[2025-12-08 04:24:41]   [Distill] Epoch 50/100, Val: 96.53%
[2025-12-08 04:25:09]   [Distill] Epoch 60/100, Val: 97.40%
[2025-12-08 04:25:38]   [Distill] Epoch 70/100, Val: 97.47%
[2025-12-08 04:26:07]   [Distill] Epoch 80/100, Val: 97.69%
[2025-12-08 04:26:35]   [Distill] Epoch 90/100, Val: 97.61%
[2025-12-08 04:27:03]   [Distill] Epoch 100/100, Val: 97.54%
[2025-12-08 04:27:03] [Distill] Completed mobilenetv2_050_T5_a0.5: Test=97.04%, F1=96.08%, Params=0.70M, FLOPs=1.39G
[2025-12-08 04:27:03] [Distill] Starting: mobilenetv2_050_T5_a0.7
[2025-12-08 04:27:31]   [Distill] Epoch 10/100, Val: 93.42%
[2025-12-08 04:28:00]   [Distill] Epoch 20/100, Val: 97.18%
[2025-12-08 04:28:28]   [Distill] Epoch 30/100, Val: 96.96%
[2025-12-08 04:28:56]   [Distill] Epoch 40/100, Val: 97.32%
[2025-12-08 04:29:25]   [Distill] Epoch 50/100, Val: 97.18%
[2025-12-08 04:29:53]   [Distill] Epoch 60/100, Val: 97.54%
[2025-12-08 04:30:21]   [Distill] Epoch 70/100, Val: 97.61%
[2025-12-08 04:30:49]   [Distill] Epoch 80/100, Val: 97.69%
[2025-12-08 04:31:19]   [Distill] Epoch 90/100, Val: 97.54%
[2025-12-08 04:31:47]   [Distill] Epoch 100/100, Val: 97.54%
[2025-12-08 04:31:48] [Distill] Completed mobilenetv2_050_T5_a0.7: Test=96.82%, F1=95.53%, Params=0.70M, FLOPs=1.39G
[2025-12-08 04:31:48] 
================================================================================
[2025-12-08 04:31:48] PHASE 5: 生成报告
[2025-12-08 04:31:48] ================================================================================
[2025-12-08 04:31:48] Report saved to results/full_pipeline_20251208_004257/gpu2_extra/FINAL_REPORT.md
[2025-12-08 04:31:48] 
================================================================================
[2025-12-08 04:31:48] 实验完成!
[2025-12-08 04:31:48] 结果保存在: results/full_pipeline_20251208_004257/gpu2_extra
[2025-12-08 04:31:48] ================================================================================
