nohup: ignoring input
Detected pre-split layout, using provided train/val/test folders under: /workspace/yqm/Dataset/ISCXVPN2016

Dataset split:
  Train: 13281 images (82.8%)
  Val:   1383 images (8.6%)
  Test:  1384 images (8.6%)

Image dimensions: 1 x 40 x 40
[Monitor] >>> Stage 'teacher_resnet50' started (30 epochs)
[Teacher resnet50] epoch=1 train_loss=1.6064 val_loss=0.8769 val_acc=0.7455
[Monitor][teacher_resnet50] epoch 1/30 | train_loss=1.6064 | val_loss=0.8769 | val_acc=0.7455
[Teacher resnet50] epoch=2 train_loss=1.0561 val_loss=1.0034 val_acc=0.7925
[Monitor][teacher_resnet50] epoch 2/30 | train_loss=1.0561 | val_loss=1.0034 | val_acc=0.7925 | Δacc=+0.0470
[Teacher resnet50] epoch=3 train_loss=0.9378 val_loss=0.6341 val_acc=0.8539
[Monitor][teacher_resnet50] epoch 3/30 | train_loss=0.9378 | val_loss=0.6341 | val_acc=0.8539 | Δacc=+0.0615
[Teacher resnet50] epoch=4 train_loss=0.7242 val_loss=0.5846 val_acc=0.8460
[Monitor][teacher_resnet50] epoch 4/30 | train_loss=0.7242 | val_loss=0.5846 | val_acc=0.8460 | Δacc=-0.0080
[Teacher resnet50] epoch=5 train_loss=0.6632 val_loss=0.5164 val_acc=0.8879
[Monitor][teacher_resnet50] epoch 5/30 | train_loss=0.6632 | val_loss=0.5164 | val_acc=0.8879 | Δacc=+0.0419
[Teacher resnet50] epoch=6 train_loss=0.5970 val_loss=0.4058 val_acc=0.9219
[Monitor][teacher_resnet50] epoch 6/30 | train_loss=0.5970 | val_loss=0.4058 | val_acc=0.9219 | Δacc=+0.0340
[Teacher resnet50] epoch=7 train_loss=0.5870 val_loss=0.3515 val_acc=0.9270
[Monitor][teacher_resnet50] epoch 7/30 | train_loss=0.5870 | val_loss=0.3515 | val_acc=0.9270 | Δacc=+0.0051
[Teacher resnet50] epoch=8 train_loss=0.5735 val_loss=0.2707 val_acc=0.9407
[Monitor][teacher_resnet50] epoch 8/30 | train_loss=0.5735 | val_loss=0.2707 | val_acc=0.9407 | Δacc=+0.0137
[Teacher resnet50] epoch=9 train_loss=0.5611 val_loss=0.2912 val_acc=0.9299
[Monitor][teacher_resnet50] epoch 9/30 | train_loss=0.5611 | val_loss=0.2912 | val_acc=0.9299 | Δacc=-0.0108
[Teacher resnet50] epoch=10 train_loss=0.5233 val_loss=0.3206 val_acc=0.9313
[Monitor][teacher_resnet50] epoch 10/30 | train_loss=0.5233 | val_loss=0.3206 | val_acc=0.9313 | Δacc=+0.0014
[Teacher resnet50] epoch=11 train_loss=0.5235 val_loss=0.3042 val_acc=0.9436
[Monitor][teacher_resnet50] epoch 11/30 | train_loss=0.5235 | val_loss=0.3042 | val_acc=0.9436 | Δacc=+0.0123
[Teacher resnet50] epoch=12 train_loss=0.4629 val_loss=0.2075 val_acc=0.9660
[Monitor][teacher_resnet50] epoch 12/30 | train_loss=0.4629 | val_loss=0.2075 | val_acc=0.9660 | Δacc=+0.0224
[Teacher resnet50] epoch=13 train_loss=0.4316 val_loss=0.1843 val_acc=0.9740
[Monitor][teacher_resnet50] epoch 13/30 | train_loss=0.4316 | val_loss=0.1843 | val_acc=0.9740 | Δacc=+0.0080
[Teacher resnet50] epoch=14 train_loss=0.4195 val_loss=0.2092 val_acc=0.9711
[Monitor][teacher_resnet50] epoch 14/30 | train_loss=0.4195 | val_loss=0.2092 | val_acc=0.9711 | Δacc=-0.0029
[Teacher resnet50] epoch=15 train_loss=0.4108 val_loss=0.1973 val_acc=0.9725
[Monitor][teacher_resnet50] epoch 15/30 | train_loss=0.4108 | val_loss=0.1973 | val_acc=0.9725 | Δacc=+0.0014
[Teacher resnet50] epoch=16 train_loss=0.4155 val_loss=0.1930 val_acc=0.9790
[Monitor][teacher_resnet50] epoch 16/30 | train_loss=0.4155 | val_loss=0.1930 | val_acc=0.9790 | Δacc=+0.0065
[Teacher resnet50] epoch=17 train_loss=0.4006 val_loss=0.1902 val_acc=0.9790
[Monitor][teacher_resnet50] epoch 17/30 | train_loss=0.4006 | val_loss=0.1902 | val_acc=0.9790 | Δacc=+0.0000
[Teacher resnet50] epoch=18 train_loss=0.3915 val_loss=0.1750 val_acc=0.9834
[Monitor][teacher_resnet50] epoch 18/30 | train_loss=0.3915 | val_loss=0.1750 | val_acc=0.9834 | Δacc=+0.0043
[Teacher resnet50] epoch=19 train_loss=0.3891 val_loss=0.1717 val_acc=0.9848
[Monitor][teacher_resnet50] epoch 19/30 | train_loss=0.3891 | val_loss=0.1717 | val_acc=0.9848 | Δacc=+0.0014
[Teacher resnet50] epoch=20 train_loss=0.3861 val_loss=0.1589 val_acc=0.9877
[Monitor][teacher_resnet50] epoch 20/30 | train_loss=0.3861 | val_loss=0.1589 | val_acc=0.9877 | Δacc=+0.0029
[Teacher resnet50] epoch=21 train_loss=0.3856 val_loss=0.1929 val_acc=0.9798
[Monitor][teacher_resnet50] epoch 21/30 | train_loss=0.3856 | val_loss=0.1929 | val_acc=0.9798 | Δacc=-0.0080
[Teacher resnet50] epoch=22 train_loss=0.3836 val_loss=0.1567 val_acc=0.9870
[Monitor][teacher_resnet50] epoch 22/30 | train_loss=0.3836 | val_loss=0.1567 | val_acc=0.9870 | Δacc=+0.0072
[Teacher resnet50] epoch=23 train_loss=0.3915 val_loss=0.1725 val_acc=0.9819
[Monitor][teacher_resnet50] epoch 23/30 | train_loss=0.3915 | val_loss=0.1725 | val_acc=0.9819 | Δacc=-0.0051
[Teacher resnet50] epoch=24 train_loss=0.3937 val_loss=0.1765 val_acc=0.9805
[Monitor][teacher_resnet50] epoch 24/30 | train_loss=0.3937 | val_loss=0.1765 | val_acc=0.9805 | Δacc=-0.0014
[Teacher resnet50] epoch=25 train_loss=0.3856 val_loss=0.1667 val_acc=0.9826
[Monitor][teacher_resnet50] epoch 25/30 | train_loss=0.3856 | val_loss=0.1667 | val_acc=0.9826 | Δacc=+0.0022
[Teacher resnet50] epoch=26 train_loss=0.3807 val_loss=0.1635 val_acc=0.9841
[Monitor][teacher_resnet50] epoch 26/30 | train_loss=0.3807 | val_loss=0.1635 | val_acc=0.9841 | Δacc=+0.0014
[Teacher resnet50] epoch=27 train_loss=0.3784 val_loss=0.1596 val_acc=0.9863
[Monitor][teacher_resnet50] epoch 27/30 | train_loss=0.3784 | val_loss=0.1596 | val_acc=0.9863 | Δacc=+0.0022
[Teacher resnet50] epoch=28 train_loss=0.3774 val_loss=0.1607 val_acc=0.9848
[Monitor][teacher_resnet50] epoch 28/30 | train_loss=0.3774 | val_loss=0.1607 | val_acc=0.9848 | Δacc=-0.0014
[Teacher resnet50] epoch=29 train_loss=0.3771 val_loss=0.1576 val_acc=0.9855
[Monitor][teacher_resnet50] epoch 29/30 | train_loss=0.3771 | val_loss=0.1576 | val_acc=0.9855 | Δacc=+0.0007
[Teacher resnet50] epoch=30 train_loss=0.3764 val_loss=0.1631 val_acc=0.9826
[Monitor][teacher_resnet50] epoch 30/30 | train_loss=0.3764 | val_loss=0.1631 | val_acc=0.9826 | Δacc=-0.0029
[Monitor] <<< Stage 'teacher_resnet50' finished after 30 epochs | final acc=0.9826
[Monitor] >>> Stage 'teacher_mbv3' started (30 epochs)
[Teacher mbv3] epoch=1 train_loss=1.4041 val_loss=1.8702 val_acc=0.2885
[Monitor][teacher_mbv3] epoch 1/30 | train_loss=1.4041 | val_loss=1.8702 | val_acc=0.2885
[Teacher mbv3] epoch=2 train_loss=0.9533 val_loss=1.8325 val_acc=0.2885
[Monitor][teacher_mbv3] epoch 2/30 | train_loss=0.9533 | val_loss=1.8325 | val_acc=0.2885 | Δacc=+0.0000
[Teacher mbv3] epoch=3 train_loss=0.8099 val_loss=1.8123 val_acc=0.3008
[Monitor][teacher_mbv3] epoch 3/30 | train_loss=0.8099 | val_loss=1.8123 | val_acc=0.3008 | Δacc=+0.0123
[Teacher mbv3] epoch=4 train_loss=0.7374 val_loss=1.7622 val_acc=0.2979
[Monitor][teacher_mbv3] epoch 4/30 | train_loss=0.7374 | val_loss=1.7622 | val_acc=0.2979 | Δacc=-0.0029
[Teacher mbv3] epoch=5 train_loss=0.6906 val_loss=1.7559 val_acc=0.2885
[Monitor][teacher_mbv3] epoch 5/30 | train_loss=0.6906 | val_loss=1.7559 | val_acc=0.2885 | Δacc=-0.0094
[Teacher mbv3] epoch=6 train_loss=0.6295 val_loss=1.3499 val_acc=0.5445
[Monitor][teacher_mbv3] epoch 6/30 | train_loss=0.6295 | val_loss=1.3499 | val_acc=0.5445 | Δacc=+0.2560
[Teacher mbv3] epoch=7 train_loss=0.6174 val_loss=0.5327 val_acc=0.8474
[Monitor][teacher_mbv3] epoch 7/30 | train_loss=0.6174 | val_loss=0.5327 | val_acc=0.8474 | Δacc=+0.3030
[Teacher mbv3] epoch=8 train_loss=0.5868 val_loss=0.4492 val_acc=0.8923
[Monitor][teacher_mbv3] epoch 8/30 | train_loss=0.5868 | val_loss=0.4492 | val_acc=0.8923 | Δacc=+0.0448
[Teacher mbv3] epoch=9 train_loss=0.5870 val_loss=0.4486 val_acc=0.9074
[Monitor][teacher_mbv3] epoch 9/30 | train_loss=0.5870 | val_loss=0.4486 | val_acc=0.9074 | Δacc=+0.0152
[Teacher mbv3] epoch=10 train_loss=0.5691 val_loss=0.3792 val_acc=0.9154
[Monitor][teacher_mbv3] epoch 10/30 | train_loss=0.5691 | val_loss=0.3792 | val_acc=0.9154 | Δacc=+0.0080
[Teacher mbv3] epoch=11 train_loss=0.5293 val_loss=0.6572 val_acc=0.8156
[Monitor][teacher_mbv3] epoch 11/30 | train_loss=0.5293 | val_loss=0.6572 | val_acc=0.8156 | Δacc=-0.0998
[Teacher mbv3] epoch=12 train_loss=0.5386 val_loss=0.3897 val_acc=0.9212
[Monitor][teacher_mbv3] epoch 12/30 | train_loss=0.5386 | val_loss=0.3897 | val_acc=0.9212 | Δacc=+0.1056
[Teacher mbv3] epoch=13 train_loss=0.5140 val_loss=0.2896 val_acc=0.9378
[Monitor][teacher_mbv3] epoch 13/30 | train_loss=0.5140 | val_loss=0.2896 | val_acc=0.9378 | Δacc=+0.0166
[Teacher mbv3] epoch=14 train_loss=0.4914 val_loss=0.4041 val_acc=0.9161
[Monitor][teacher_mbv3] epoch 14/30 | train_loss=0.4914 | val_loss=0.4041 | val_acc=0.9161 | Δacc=-0.0217
[Teacher mbv3] epoch=15 train_loss=0.4992 val_loss=0.4910 val_acc=0.8720
[Monitor][teacher_mbv3] epoch 15/30 | train_loss=0.4992 | val_loss=0.4910 | val_acc=0.8720 | Δacc=-0.0441
[Teacher mbv3] epoch=16 train_loss=0.4997 val_loss=0.3429 val_acc=0.9262
[Monitor][teacher_mbv3] epoch 16/30 | train_loss=0.4997 | val_loss=0.3429 | val_acc=0.9262 | Δacc=+0.0542
[Teacher mbv3] epoch=17 train_loss=0.4546 val_loss=0.2605 val_acc=0.9696
[Monitor][teacher_mbv3] epoch 17/30 | train_loss=0.4546 | val_loss=0.2605 | val_acc=0.9696 | Δacc=+0.0434
[Teacher mbv3] epoch=18 train_loss=0.4255 val_loss=0.2151 val_acc=0.9660
[Monitor][teacher_mbv3] epoch 18/30 | train_loss=0.4255 | val_loss=0.2151 | val_acc=0.9660 | Δacc=-0.0036
[Teacher mbv3] epoch=19 train_loss=0.4123 val_loss=0.2197 val_acc=0.9718
[Monitor][teacher_mbv3] epoch 19/30 | train_loss=0.4123 | val_loss=0.2197 | val_acc=0.9718 | Δacc=+0.0058
[Teacher mbv3] epoch=20 train_loss=0.4111 val_loss=0.2108 val_acc=0.9740
[Monitor][teacher_mbv3] epoch 20/30 | train_loss=0.4111 | val_loss=0.2108 | val_acc=0.9740 | Δacc=+0.0022
[Teacher mbv3] epoch=21 train_loss=0.4139 val_loss=0.2083 val_acc=0.9696
[Monitor][teacher_mbv3] epoch 21/30 | train_loss=0.4139 | val_loss=0.2083 | val_acc=0.9696 | Δacc=-0.0043
[Teacher mbv3] epoch=22 train_loss=0.4135 val_loss=0.2209 val_acc=0.9675
[Monitor][teacher_mbv3] epoch 22/30 | train_loss=0.4135 | val_loss=0.2209 | val_acc=0.9675 | Δacc=-0.0022
[Teacher mbv3] epoch=23 train_loss=0.4149 val_loss=0.2232 val_acc=0.9653
[Monitor][teacher_mbv3] epoch 23/30 | train_loss=0.4149 | val_loss=0.2232 | val_acc=0.9653 | Δacc=-0.0022
[Teacher mbv3] epoch=24 train_loss=0.4094 val_loss=0.2604 val_acc=0.9624
[Monitor][teacher_mbv3] epoch 24/30 | train_loss=0.4094 | val_loss=0.2604 | val_acc=0.9624 | Δacc=-0.0029
[Teacher mbv3] epoch=25 train_loss=0.3964 val_loss=0.2116 val_acc=0.9740
[Monitor][teacher_mbv3] epoch 25/30 | train_loss=0.3964 | val_loss=0.2116 | val_acc=0.9740 | Δacc=+0.0116
[Teacher mbv3] epoch=26 train_loss=0.3899 val_loss=0.1920 val_acc=0.9783
[Monitor][teacher_mbv3] epoch 26/30 | train_loss=0.3899 | val_loss=0.1920 | val_acc=0.9783 | Δacc=+0.0043
[Teacher mbv3] epoch=27 train_loss=0.3868 val_loss=0.2006 val_acc=0.9776
[Monitor][teacher_mbv3] epoch 27/30 | train_loss=0.3868 | val_loss=0.2006 | val_acc=0.9776 | Δacc=-0.0007
[Teacher mbv3] epoch=28 train_loss=0.3848 val_loss=0.1999 val_acc=0.9776
[Monitor][teacher_mbv3] epoch 28/30 | train_loss=0.3848 | val_loss=0.1999 | val_acc=0.9776 | Δacc=+0.0000
[Teacher mbv3] epoch=29 train_loss=0.3847 val_loss=0.1980 val_acc=0.9754
[Monitor][teacher_mbv3] epoch 29/30 | train_loss=0.3847 | val_loss=0.1980 | val_acc=0.9754 | Δacc=-0.0022
[Teacher mbv3] epoch=30 train_loss=0.3823 val_loss=0.1960 val_acc=0.9790
[Monitor][teacher_mbv3] epoch 30/30 | train_loss=0.3823 | val_loss=0.1960 | val_acc=0.9790 | Δacc=+0.0036
[Monitor] <<< Stage 'teacher_mbv3' finished after 30 epochs | final acc=0.9790
[Monitor] >>> Stage 'teacher_densenet121' started (30 epochs)
[Teacher densenet121] epoch=1 train_loss=1.1750 val_loss=0.7858 val_acc=0.7881
[Monitor][teacher_densenet121] epoch 1/30 | train_loss=1.1750 | val_loss=0.7858 | val_acc=0.7881
[Teacher densenet121] epoch=2 train_loss=0.8457 val_loss=0.5312 val_acc=0.8482
[Monitor][teacher_densenet121] epoch 2/30 | train_loss=0.8457 | val_loss=0.5312 | val_acc=0.8482 | Δacc=+0.0600
[Teacher densenet121] epoch=3 train_loss=0.7230 val_loss=0.6705 val_acc=0.8330
[Monitor][teacher_densenet121] epoch 3/30 | train_loss=0.7230 | val_loss=0.6705 | val_acc=0.8330 | Δacc=-0.0152
[Teacher densenet121] epoch=4 train_loss=0.6585 val_loss=0.4725 val_acc=0.8807
[Monitor][teacher_densenet121] epoch 4/30 | train_loss=0.6585 | val_loss=0.4725 | val_acc=0.8807 | Δacc=+0.0477
[Teacher densenet121] epoch=5 train_loss=0.6223 val_loss=0.3781 val_acc=0.9125
[Monitor][teacher_densenet121] epoch 5/30 | train_loss=0.6223 | val_loss=0.3781 | val_acc=0.9125 | Δacc=+0.0318
[Teacher densenet121] epoch=6 train_loss=0.5751 val_loss=0.4197 val_acc=0.9024
[Monitor][teacher_densenet121] epoch 6/30 | train_loss=0.5751 | val_loss=0.4197 | val_acc=0.9024 | Δacc=-0.0101
[Teacher densenet121] epoch=7 train_loss=0.5748 val_loss=0.3727 val_acc=0.9060
[Monitor][teacher_densenet121] epoch 7/30 | train_loss=0.5748 | val_loss=0.3727 | val_acc=0.9060 | Δacc=+0.0036
[Teacher densenet121] epoch=8 train_loss=0.5261 val_loss=0.2618 val_acc=0.9393
[Monitor][teacher_densenet121] epoch 8/30 | train_loss=0.5261 | val_loss=0.2618 | val_acc=0.9393 | Δacc=+0.0333
[Teacher densenet121] epoch=9 train_loss=0.5131 val_loss=0.3445 val_acc=0.9291
[Monitor][teacher_densenet121] epoch 9/30 | train_loss=0.5131 | val_loss=0.3445 | val_acc=0.9291 | Δacc=-0.0101
[Teacher densenet121] epoch=10 train_loss=0.5006 val_loss=0.4120 val_acc=0.9089
[Monitor][teacher_densenet121] epoch 10/30 | train_loss=0.5006 | val_loss=0.4120 | val_acc=0.9089 | Δacc=-0.0202
[Teacher densenet121] epoch=11 train_loss=0.4982 val_loss=0.3040 val_acc=0.9320
[Monitor][teacher_densenet121] epoch 11/30 | train_loss=0.4982 | val_loss=0.3040 | val_acc=0.9320 | Δacc=+0.0231
[Teacher densenet121] epoch=12 train_loss=0.4520 val_loss=0.1991 val_acc=0.9653
[Monitor][teacher_densenet121] epoch 12/30 | train_loss=0.4520 | val_loss=0.1991 | val_acc=0.9653 | Δacc=+0.0333
[Teacher densenet121] epoch=13 train_loss=0.4315 val_loss=0.2044 val_acc=0.9682
[Monitor][teacher_densenet121] epoch 13/30 | train_loss=0.4315 | val_loss=0.2044 | val_acc=0.9682 | Δacc=+0.0029
[Teacher densenet121] epoch=14 train_loss=0.4166 val_loss=0.2016 val_acc=0.9769
[Monitor][teacher_densenet121] epoch 14/30 | train_loss=0.4166 | val_loss=0.2016 | val_acc=0.9769 | Δacc=+0.0087
[Teacher densenet121] epoch=15 train_loss=0.4085 val_loss=0.1840 val_acc=0.9761
[Monitor][teacher_densenet121] epoch 15/30 | train_loss=0.4085 | val_loss=0.1840 | val_acc=0.9761 | Δacc=-0.0007
[Teacher densenet121] epoch=16 train_loss=0.4124 val_loss=0.2346 val_acc=0.9581
[Monitor][teacher_densenet121] epoch 16/30 | train_loss=0.4124 | val_loss=0.2346 | val_acc=0.9581 | Δacc=-0.0181
[Teacher densenet121] epoch=17 train_loss=0.4070 val_loss=0.2303 val_acc=0.9667
[Monitor][teacher_densenet121] epoch 17/30 | train_loss=0.4070 | val_loss=0.2303 | val_acc=0.9667 | Δacc=+0.0087
[Teacher densenet121] epoch=18 train_loss=0.4026 val_loss=0.2579 val_acc=0.9573
[Monitor][teacher_densenet121] epoch 18/30 | train_loss=0.4026 | val_loss=0.2579 | val_acc=0.9573 | Δacc=-0.0094
[Teacher densenet121] epoch=19 train_loss=0.3974 val_loss=0.1629 val_acc=0.9841
[Monitor][teacher_densenet121] epoch 19/30 | train_loss=0.3974 | val_loss=0.1629 | val_acc=0.9841 | Δacc=+0.0268
[Teacher densenet121] epoch=20 train_loss=0.3845 val_loss=0.1618 val_acc=0.9855
[Monitor][teacher_densenet121] epoch 20/30 | train_loss=0.3845 | val_loss=0.1618 | val_acc=0.9855 | Δacc=+0.0014
[Teacher densenet121] epoch=21 train_loss=0.3824 val_loss=0.1591 val_acc=0.9855
[Monitor][teacher_densenet121] epoch 21/30 | train_loss=0.3824 | val_loss=0.1591 | val_acc=0.9855 | Δacc=+0.0000
[Teacher densenet121] epoch=22 train_loss=0.3826 val_loss=0.1656 val_acc=0.9877
[Monitor][teacher_densenet121] epoch 22/30 | train_loss=0.3826 | val_loss=0.1656 | val_acc=0.9877 | Δacc=+0.0022
[Teacher densenet121] epoch=23 train_loss=0.3819 val_loss=0.1585 val_acc=0.9863
[Monitor][teacher_densenet121] epoch 23/30 | train_loss=0.3819 | val_loss=0.1585 | val_acc=0.9863 | Δacc=-0.0014
[Teacher densenet121] epoch=24 train_loss=0.3819 val_loss=0.1531 val_acc=0.9892
[Monitor][teacher_densenet121] epoch 24/30 | train_loss=0.3819 | val_loss=0.1531 | val_acc=0.9892 | Δacc=+0.0029
[Teacher densenet121] epoch=25 train_loss=0.3873 val_loss=0.1700 val_acc=0.9805
[Monitor][teacher_densenet121] epoch 25/30 | train_loss=0.3873 | val_loss=0.1700 | val_acc=0.9805 | Δacc=-0.0087
[Teacher densenet121] epoch=26 train_loss=0.3837 val_loss=0.1673 val_acc=0.9870
[Monitor][teacher_densenet121] epoch 26/30 | train_loss=0.3837 | val_loss=0.1673 | val_acc=0.9870 | Δacc=+0.0065
[Teacher densenet121] epoch=27 train_loss=0.3808 val_loss=0.1586 val_acc=0.9870
[Monitor][teacher_densenet121] epoch 27/30 | train_loss=0.3808 | val_loss=0.1586 | val_acc=0.9870 | Δacc=+0.0000
[Teacher densenet121] epoch=28 train_loss=0.3775 val_loss=0.1612 val_acc=0.9863
[Monitor][teacher_densenet121] epoch 28/30 | train_loss=0.3775 | val_loss=0.1612 | val_acc=0.9863 | Δacc=-0.0007
[Teacher densenet121] epoch=29 train_loss=0.3767 val_loss=0.1624 val_acc=0.9863
[Monitor][teacher_densenet121] epoch 29/30 | train_loss=0.3767 | val_loss=0.1624 | val_acc=0.9863 | Δacc=+0.0000
[Teacher densenet121] epoch=30 train_loss=0.3767 val_loss=0.1584 val_acc=0.9863
[Monitor][teacher_densenet121] epoch 30/30 | train_loss=0.3767 | val_loss=0.1584 | val_acc=0.9863 | Δacc=+0.0000
[Monitor] <<< Stage 'teacher_densenet121' finished after 30 epochs | final acc=0.9863
Traceback (most recent call last):
  File "/workspace/yqm/NetKD/training/train.py", line 793, in <module>
    main()
  File "/workspace/yqm/NetKD/training/train.py", line 745, in main
    run_real_pipeline(
  File "/workspace/yqm/NetKD/training/train.py", line 629, in run_real_pipeline
    stack_path = _ensure_stacking(teachers)
                 ^^^^^^^^^^^^^^^^^^^^^^^^^^
  File "/workspace/yqm/NetKD/training/train.py", line 604, in _ensure_stacking
    ckpt = train_stacking_model_stage(
           ^^^^^^^^^^^^^^^^^^^^^^^^^^^
  File "/workspace/yqm/NetKD/training/train.py", line 208, in train_stacking_model_stage
    t1.load_state_dict(torch.load(teacher_ckpts["resnet50"], map_location="cpu"))
  File "/root/miniconda3/lib/python3.12/site-packages/torch/nn/modules/module.py", line 2624, in load_state_dict
    raise RuntimeError(
RuntimeError: Error(s) in loading state_dict for ResNet50Teacher:
	size mismatch for model.fc.weight: copying a param with shape torch.Size([19, 2048]) from checkpoint, the shape in current model is torch.Size([7, 2048]).
	size mismatch for model.fc.bias: copying a param with shape torch.Size([19]) from checkpoint, the shape in current model is torch.Size([7]).
