nohup: ignoring input
Detected pre-split layout, using provided train/val/test folders under: /workspace/yqm/Dataset/USTC-TFC2016

Dataset split:
  Train: 37323 images (73.6%)
  Val:   6692 images (13.2%)
  Test:  6662 images (13.1%)

Image dimensions: 1 x 40 x 40
[Monitor] >>> Stage 'teacher_resnet50' started (30 epochs)
[Teacher resnet50] epoch=1 train_loss=1.5143 val_loss=0.3285 val_acc=0.9322
[Monitor][teacher_resnet50] epoch 1/30 | train_loss=1.5143 | val_loss=0.3285 | val_acc=0.9322
[Teacher resnet50] epoch=2 train_loss=0.9721 val_loss=0.3091 val_acc=0.9528
[Monitor][teacher_resnet50] epoch 2/30 | train_loss=0.9721 | val_loss=0.3091 | val_acc=0.9528 | Δacc=+0.0206
[Teacher resnet50] epoch=3 train_loss=0.9244 val_loss=0.2540 val_acc=0.9673
[Monitor][teacher_resnet50] epoch 3/30 | train_loss=0.9244 | val_loss=0.2540 | val_acc=0.9673 | Δacc=+0.0145
[Teacher resnet50] epoch=4 train_loss=1.0124 val_loss=0.2753 val_acc=0.9523
[Monitor][teacher_resnet50] epoch 4/30 | train_loss=1.0124 | val_loss=0.2753 | val_acc=0.9523 | Δacc=-0.0149
[Teacher resnet50] epoch=5 train_loss=1.0165 val_loss=0.2549 val_acc=0.9680
[Monitor][teacher_resnet50] epoch 5/30 | train_loss=1.0165 | val_loss=0.2549 | val_acc=0.9680 | Δacc=+0.0157
[Teacher resnet50] epoch=6 train_loss=0.8778 val_loss=0.2176 val_acc=0.9783
[Monitor][teacher_resnet50] epoch 6/30 | train_loss=0.8778 | val_loss=0.2176 | val_acc=0.9783 | Δacc=+0.0103
[Teacher resnet50] epoch=7 train_loss=0.8311 val_loss=0.2006 val_acc=0.9910
[Monitor][teacher_resnet50] epoch 7/30 | train_loss=0.8311 | val_loss=0.2006 | val_acc=0.9910 | Δacc=+0.0127
[Teacher resnet50] epoch=8 train_loss=0.8173 val_loss=0.2060 val_acc=0.9883
[Monitor][teacher_resnet50] epoch 8/30 | train_loss=0.8173 | val_loss=0.2060 | val_acc=0.9883 | Δacc=-0.0027
[Teacher resnet50] epoch=9 train_loss=0.8145 val_loss=0.2494 val_acc=0.9788
[Monitor][teacher_resnet50] epoch 9/30 | train_loss=0.8145 | val_loss=0.2494 | val_acc=0.9788 | Δacc=-0.0096
[Teacher resnet50] epoch=10 train_loss=0.8295 val_loss=0.2139 val_acc=0.9889
[Monitor][teacher_resnet50] epoch 10/30 | train_loss=0.8295 | val_loss=0.2139 | val_acc=0.9889 | Δacc=+0.0102
[Teacher resnet50] epoch=11 train_loss=0.7740 val_loss=0.1826 val_acc=0.9940
[Monitor][teacher_resnet50] epoch 11/30 | train_loss=0.7740 | val_loss=0.1826 | val_acc=0.9940 | Δacc=+0.0051
[Teacher resnet50] epoch=12 train_loss=0.7597 val_loss=0.1842 val_acc=0.9951
[Monitor][teacher_resnet50] epoch 12/30 | train_loss=0.7597 | val_loss=0.1842 | val_acc=0.9951 | Δacc=+0.0010
[Teacher resnet50] epoch=13 train_loss=0.7527 val_loss=0.1947 val_acc=0.9912
[Monitor][teacher_resnet50] epoch 13/30 | train_loss=0.7527 | val_loss=0.1947 | val_acc=0.9912 | Δacc=-0.0039
[Teacher resnet50] epoch=14 train_loss=0.7573 val_loss=0.1909 val_acc=0.9927
[Monitor][teacher_resnet50] epoch 14/30 | train_loss=0.7573 | val_loss=0.1909 | val_acc=0.9927 | Δacc=+0.0015
[Teacher resnet50] epoch=15 train_loss=0.7373 val_loss=0.1808 val_acc=0.9966
[Monitor][teacher_resnet50] epoch 15/30 | train_loss=0.7373 | val_loss=0.1808 | val_acc=0.9966 | Δacc=+0.0039
[Teacher resnet50] epoch=16 train_loss=0.7277 val_loss=0.1755 val_acc=0.9978
[Monitor][teacher_resnet50] epoch 16/30 | train_loss=0.7277 | val_loss=0.1755 | val_acc=0.9978 | Δacc=+0.0012
[Teacher resnet50] epoch=17 train_loss=0.7282 val_loss=0.1765 val_acc=0.9981
[Monitor][teacher_resnet50] epoch 17/30 | train_loss=0.7282 | val_loss=0.1765 | val_acc=0.9981 | Δacc=+0.0003
[Teacher resnet50] epoch=18 train_loss=0.7264 val_loss=0.1742 val_acc=0.9978
[Monitor][teacher_resnet50] epoch 18/30 | train_loss=0.7264 | val_loss=0.1742 | val_acc=0.9978 | Δacc=-0.0003
[Teacher resnet50] epoch=19 train_loss=0.7283 val_loss=0.1754 val_acc=0.9979
[Monitor][teacher_resnet50] epoch 19/30 | train_loss=0.7283 | val_loss=0.1754 | val_acc=0.9979 | Δacc=+0.0001
[Teacher resnet50] epoch=20 train_loss=0.7309 val_loss=0.1785 val_acc=0.9979
[Monitor][teacher_resnet50] epoch 20/30 | train_loss=0.7309 | val_loss=0.1785 | val_acc=0.9979 | Δacc=+0.0000
[Teacher resnet50] epoch=21 train_loss=0.7289 val_loss=0.1826 val_acc=0.9961
[Monitor][teacher_resnet50] epoch 21/30 | train_loss=0.7289 | val_loss=0.1826 | val_acc=0.9961 | Δacc=-0.0018
[Teacher resnet50] epoch=22 train_loss=0.7250 val_loss=0.1743 val_acc=0.9991
[Monitor][teacher_resnet50] epoch 22/30 | train_loss=0.7250 | val_loss=0.1743 | val_acc=0.9991 | Δacc=+0.0030
[Teacher resnet50] epoch=23 train_loss=0.7251 val_loss=0.1730 val_acc=0.9991
[Monitor][teacher_resnet50] epoch 23/30 | train_loss=0.7251 | val_loss=0.1730 | val_acc=0.9991 | Δacc=+0.0000
[Teacher resnet50] epoch=24 train_loss=0.7242 val_loss=0.1721 val_acc=0.9985
[Monitor][teacher_resnet50] epoch 24/30 | train_loss=0.7242 | val_loss=0.1721 | val_acc=0.9985 | Δacc=-0.0006
[Teacher resnet50] epoch=25 train_loss=0.7244 val_loss=0.1734 val_acc=0.9993
[Monitor][teacher_resnet50] epoch 25/30 | train_loss=0.7244 | val_loss=0.1734 | val_acc=0.9993 | Δacc=+0.0007
[Teacher resnet50] epoch=26 train_loss=0.7239 val_loss=0.1767 val_acc=0.9988
[Monitor][teacher_resnet50] epoch 26/30 | train_loss=0.7239 | val_loss=0.1767 | val_acc=0.9988 | Δacc=-0.0004
[Teacher resnet50] epoch=27 train_loss=0.7235 val_loss=0.1793 val_acc=0.9981
[Monitor][teacher_resnet50] epoch 27/30 | train_loss=0.7235 | val_loss=0.1793 | val_acc=0.9981 | Δacc=-0.0007
[Teacher resnet50] epoch=28 train_loss=0.7243 val_loss=0.1720 val_acc=0.9990
[Monitor][teacher_resnet50] epoch 28/30 | train_loss=0.7243 | val_loss=0.1720 | val_acc=0.9990 | Δacc=+0.0009
[Teacher resnet50] epoch=29 train_loss=0.7226 val_loss=0.1836 val_acc=0.9913
[Monitor][teacher_resnet50] epoch 29/30 | train_loss=0.7226 | val_loss=0.1836 | val_acc=0.9913 | Δacc=-0.0076
[Teacher resnet50] epoch=30 train_loss=0.7237 val_loss=0.1757 val_acc=0.9990
[Monitor][teacher_resnet50] epoch 30/30 | train_loss=0.7237 | val_loss=0.1757 | val_acc=0.9990 | Δacc=+0.0076
[Monitor] <<< Stage 'teacher_resnet50' finished after 30 epochs | final acc=0.9990
[Monitor] >>> Stage 'teacher_mbv3' started (30 epochs)
[Teacher mbv3] epoch=1 train_loss=1.5485 val_loss=3.4152 val_acc=0.0019
[Monitor][teacher_mbv3] epoch 1/30 | train_loss=1.5485 | val_loss=3.4152 | val_acc=0.0019
[Teacher mbv3] epoch=2 train_loss=1.0409 val_loss=3.6858 val_acc=0.1056
[Monitor][teacher_mbv3] epoch 2/30 | train_loss=1.0409 | val_loss=3.6858 | val_acc=0.1056 | Δacc=+0.1037
[Teacher mbv3] epoch=3 train_loss=0.9622 val_loss=0.3678 val_acc=0.9393
[Monitor][teacher_mbv3] epoch 3/30 | train_loss=0.9622 | val_loss=0.3678 | val_acc=0.9393 | Δacc=+0.8337
[Teacher mbv3] epoch=4 train_loss=0.9192 val_loss=0.3180 val_acc=0.9520
[Monitor][teacher_mbv3] epoch 4/30 | train_loss=0.9192 | val_loss=0.3180 | val_acc=0.9520 | Δacc=+0.0127
[Teacher mbv3] epoch=5 train_loss=0.8981 val_loss=0.3154 val_acc=0.9526
[Monitor][teacher_mbv3] epoch 5/30 | train_loss=0.8981 | val_loss=0.3154 | val_acc=0.9526 | Δacc=+0.0006
[Teacher mbv3] epoch=6 train_loss=0.8932 val_loss=0.3046 val_acc=0.9568
[Monitor][teacher_mbv3] epoch 6/30 | train_loss=0.8932 | val_loss=0.3046 | val_acc=0.9568 | Δacc=+0.0042
[Teacher mbv3] epoch=7 train_loss=0.8916 val_loss=0.2165 val_acc=0.9750
[Monitor][teacher_mbv3] epoch 7/30 | train_loss=0.8916 | val_loss=0.2165 | val_acc=0.9750 | Δacc=+0.0182
[Teacher mbv3] epoch=8 train_loss=0.8541 val_loss=0.3485 val_acc=0.9489
[Monitor][teacher_mbv3] epoch 8/30 | train_loss=0.8541 | val_loss=0.3485 | val_acc=0.9489 | Δacc=-0.0262
[Teacher mbv3] epoch=9 train_loss=0.8780 val_loss=0.2625 val_acc=0.9753
[Monitor][teacher_mbv3] epoch 9/30 | train_loss=0.8780 | val_loss=0.2625 | val_acc=0.9753 | Δacc=+0.0264
[Teacher mbv3] epoch=10 train_loss=0.8725 val_loss=0.2690 val_acc=0.9737
[Monitor][teacher_mbv3] epoch 10/30 | train_loss=0.8725 | val_loss=0.2690 | val_acc=0.9737 | Δacc=-0.0016
[Teacher mbv3] epoch=11 train_loss=0.8048 val_loss=0.1997 val_acc=0.9924
[Monitor][teacher_mbv3] epoch 11/30 | train_loss=0.8048 | val_loss=0.1997 | val_acc=0.9924 | Δacc=+0.0187
[Teacher mbv3] epoch=12 train_loss=0.7858 val_loss=0.1904 val_acc=0.9928
[Monitor][teacher_mbv3] epoch 12/30 | train_loss=0.7858 | val_loss=0.1904 | val_acc=0.9928 | Δacc=+0.0004
[Teacher mbv3] epoch=13 train_loss=0.7790 val_loss=0.1935 val_acc=0.9927
[Monitor][teacher_mbv3] epoch 13/30 | train_loss=0.7790 | val_loss=0.1935 | val_acc=0.9927 | Δacc=-0.0001
[Teacher mbv3] epoch=14 train_loss=0.7626 val_loss=0.2126 val_acc=0.9886
[Monitor][teacher_mbv3] epoch 14/30 | train_loss=0.7626 | val_loss=0.2126 | val_acc=0.9886 | Δacc=-0.0040
[Teacher mbv3] epoch=15 train_loss=0.7643 val_loss=0.1910 val_acc=0.9922
[Monitor][teacher_mbv3] epoch 15/30 | train_loss=0.7643 | val_loss=0.1910 | val_acc=0.9922 | Δacc=+0.0036
[Teacher mbv3] epoch=16 train_loss=0.7530 val_loss=0.1840 val_acc=0.9957
[Monitor][teacher_mbv3] epoch 16/30 | train_loss=0.7530 | val_loss=0.1840 | val_acc=0.9957 | Δacc=+0.0034
[Teacher mbv3] epoch=17 train_loss=0.7378 val_loss=0.1849 val_acc=0.9963
[Monitor][teacher_mbv3] epoch 17/30 | train_loss=0.7378 | val_loss=0.1849 | val_acc=0.9963 | Δacc=+0.0006
[Teacher mbv3] epoch=18 train_loss=0.7339 val_loss=0.1843 val_acc=0.9969
[Monitor][teacher_mbv3] epoch 18/30 | train_loss=0.7339 | val_loss=0.1843 | val_acc=0.9969 | Δacc=+0.0006
[Teacher mbv3] epoch=19 train_loss=0.7319 val_loss=0.1758 val_acc=0.9973
[Monitor][teacher_mbv3] epoch 19/30 | train_loss=0.7319 | val_loss=0.1758 | val_acc=0.9973 | Δacc=+0.0004
[Teacher mbv3] epoch=20 train_loss=0.7314 val_loss=0.1795 val_acc=0.9972
[Monitor][teacher_mbv3] epoch 20/30 | train_loss=0.7314 | val_loss=0.1795 | val_acc=0.9972 | Δacc=-0.0001
[Teacher mbv3] epoch=21 train_loss=0.7306 val_loss=0.1822 val_acc=0.9973
[Monitor][teacher_mbv3] epoch 21/30 | train_loss=0.7306 | val_loss=0.1822 | val_acc=0.9973 | Δacc=+0.0001
[Teacher mbv3] epoch=22 train_loss=0.7287 val_loss=0.1762 val_acc=0.9975
[Monitor][teacher_mbv3] epoch 22/30 | train_loss=0.7287 | val_loss=0.1762 | val_acc=0.9975 | Δacc=+0.0001
[Teacher mbv3] epoch=23 train_loss=0.7277 val_loss=0.1774 val_acc=0.9979
[Monitor][teacher_mbv3] epoch 23/30 | train_loss=0.7277 | val_loss=0.1774 | val_acc=0.9979 | Δacc=+0.0004
[Teacher mbv3] epoch=24 train_loss=0.7295 val_loss=0.1786 val_acc=0.9982
[Monitor][teacher_mbv3] epoch 24/30 | train_loss=0.7295 | val_loss=0.1786 | val_acc=0.9982 | Δacc=+0.0003
[Teacher mbv3] epoch=25 train_loss=0.7293 val_loss=0.1800 val_acc=0.9979
[Monitor][teacher_mbv3] epoch 25/30 | train_loss=0.7293 | val_loss=0.1800 | val_acc=0.9979 | Δacc=-0.0003
[Teacher mbv3] epoch=26 train_loss=0.7267 val_loss=0.1763 val_acc=0.9982
[Monitor][teacher_mbv3] epoch 26/30 | train_loss=0.7267 | val_loss=0.1763 | val_acc=0.9982 | Δacc=+0.0003
[Teacher mbv3] epoch=27 train_loss=0.7264 val_loss=0.1763 val_acc=0.9985
[Monitor][teacher_mbv3] epoch 27/30 | train_loss=0.7264 | val_loss=0.1763 | val_acc=0.9985 | Δacc=+0.0003
[Teacher mbv3] epoch=28 train_loss=0.7252 val_loss=0.1754 val_acc=0.9985
[Monitor][teacher_mbv3] epoch 28/30 | train_loss=0.7252 | val_loss=0.1754 | val_acc=0.9985 | Δacc=+0.0000
[Teacher mbv3] epoch=29 train_loss=0.7257 val_loss=0.1783 val_acc=0.9984
[Monitor][teacher_mbv3] epoch 29/30 | train_loss=0.7257 | val_loss=0.1783 | val_acc=0.9984 | Δacc=-0.0001
[Teacher mbv3] epoch=30 train_loss=0.7274 val_loss=0.1806 val_acc=0.9984
[Monitor][teacher_mbv3] epoch 30/30 | train_loss=0.7274 | val_loss=0.1806 | val_acc=0.9984 | Δacc=+0.0000
[Monitor] <<< Stage 'teacher_mbv3' finished after 30 epochs | final acc=0.9984
[Monitor] >>> Stage 'teacher_densenet121' started (30 epochs)
[Teacher densenet121] epoch=1 train_loss=1.2738 val_loss=0.3522 val_acc=0.9233
[Monitor][teacher_densenet121] epoch 1/30 | train_loss=1.2738 | val_loss=0.3522 | val_acc=0.9233
[Teacher densenet121] epoch=2 train_loss=0.9621 val_loss=0.2913 val_acc=0.9561
[Monitor][teacher_densenet121] epoch 2/30 | train_loss=0.9621 | val_loss=0.2913 | val_acc=0.9561 | Δacc=+0.0327
[Teacher densenet121] epoch=3 train_loss=0.9161 val_loss=0.2852 val_acc=0.9661
[Monitor][teacher_densenet121] epoch 3/30 | train_loss=0.9161 | val_loss=0.2852 | val_acc=0.9661 | Δacc=+0.0100
[Teacher densenet121] epoch=4 train_loss=0.8661 val_loss=0.2399 val_acc=0.9767
[Monitor][teacher_densenet121] epoch 4/30 | train_loss=0.8661 | val_loss=0.2399 | val_acc=0.9767 | Δacc=+0.0106
[Teacher densenet121] epoch=5 train_loss=0.8470 val_loss=0.2535 val_acc=0.9738
[Monitor][teacher_densenet121] epoch 5/30 | train_loss=0.8470 | val_loss=0.2535 | val_acc=0.9738 | Δacc=-0.0028
[Teacher densenet121] epoch=6 train_loss=0.8439 val_loss=0.2335 val_acc=0.9827
[Monitor][teacher_densenet121] epoch 6/30 | train_loss=0.8439 | val_loss=0.2335 | val_acc=0.9827 | Δacc=+0.0088
[Teacher densenet121] epoch=7 train_loss=0.8362 val_loss=0.1885 val_acc=0.9916
[Monitor][teacher_densenet121] epoch 7/30 | train_loss=0.8362 | val_loss=0.1885 | val_acc=0.9916 | Δacc=+0.0090
[Teacher densenet121] epoch=8 train_loss=0.8204 val_loss=0.2234 val_acc=0.9876
[Monitor][teacher_densenet121] epoch 8/30 | train_loss=0.8204 | val_loss=0.2234 | val_acc=0.9876 | Δacc=-0.0040
[Teacher densenet121] epoch=9 train_loss=0.8175 val_loss=0.2358 val_acc=0.9821
[Monitor][teacher_densenet121] epoch 9/30 | train_loss=0.8175 | val_loss=0.2358 | val_acc=0.9821 | Δacc=-0.0055
[Teacher densenet121] epoch=10 train_loss=0.8007 val_loss=0.2289 val_acc=0.9851
[Monitor][teacher_densenet121] epoch 10/30 | train_loss=0.8007 | val_loss=0.2289 | val_acc=0.9851 | Δacc=+0.0030
[Teacher densenet121] epoch=11 train_loss=0.7703 val_loss=0.1883 val_acc=0.9960
[Monitor][teacher_densenet121] epoch 11/30 | train_loss=0.7703 | val_loss=0.1883 | val_acc=0.9960 | Δacc=+0.0109
[Teacher densenet121] epoch=12 train_loss=0.7589 val_loss=0.1850 val_acc=0.9964
[Monitor][teacher_densenet121] epoch 12/30 | train_loss=0.7589 | val_loss=0.1850 | val_acc=0.9964 | Δacc=+0.0004
[Teacher densenet121] epoch=13 train_loss=0.7626 val_loss=0.1936 val_acc=0.9928
[Monitor][teacher_densenet121] epoch 13/30 | train_loss=0.7626 | val_loss=0.1936 | val_acc=0.9928 | Δacc=-0.0036
[Teacher densenet121] epoch=14 train_loss=0.7588 val_loss=0.1894 val_acc=0.9952
[Monitor][teacher_densenet121] epoch 14/30 | train_loss=0.7588 | val_loss=0.1894 | val_acc=0.9952 | Δacc=+0.0024
[Teacher densenet121] epoch=15 train_loss=0.7533 val_loss=0.1901 val_acc=0.9948
[Monitor][teacher_densenet121] epoch 15/30 | train_loss=0.7533 | val_loss=0.1901 | val_acc=0.9948 | Δacc=-0.0004
[Teacher densenet121] epoch=16 train_loss=0.7398 val_loss=0.1777 val_acc=0.9979
[Monitor][teacher_densenet121] epoch 16/30 | train_loss=0.7398 | val_loss=0.1777 | val_acc=0.9979 | Δacc=+0.0031
[Teacher densenet121] epoch=17 train_loss=0.7323 val_loss=0.1819 val_acc=0.9972
[Monitor][teacher_densenet121] epoch 17/30 | train_loss=0.7323 | val_loss=0.1819 | val_acc=0.9972 | Δacc=-0.0007
[Teacher densenet121] epoch=18 train_loss=0.7308 val_loss=0.1874 val_acc=0.9972
[Monitor][teacher_densenet121] epoch 18/30 | train_loss=0.7308 | val_loss=0.1874 | val_acc=0.9972 | Δacc=+0.0000
[Teacher densenet121] epoch=19 train_loss=0.7347 val_loss=0.1793 val_acc=0.9981
[Monitor][teacher_densenet121] epoch 19/30 | train_loss=0.7347 | val_loss=0.1793 | val_acc=0.9981 | Δacc=+0.0009
[Teacher densenet121] epoch=20 train_loss=0.7271 val_loss=0.1804 val_acc=0.9988
[Monitor][teacher_densenet121] epoch 20/30 | train_loss=0.7271 | val_loss=0.1804 | val_acc=0.9988 | Δacc=+0.0007
[Teacher densenet121] epoch=21 train_loss=0.7259 val_loss=0.1792 val_acc=0.9984
[Monitor][teacher_densenet121] epoch 21/30 | train_loss=0.7259 | val_loss=0.1792 | val_acc=0.9984 | Δacc=-0.0004
[Teacher densenet121] epoch=22 train_loss=0.7243 val_loss=0.1769 val_acc=0.9985
[Monitor][teacher_densenet121] epoch 22/30 | train_loss=0.7243 | val_loss=0.1769 | val_acc=0.9985 | Δacc=+0.0001
[Teacher densenet121] epoch=23 train_loss=0.7245 val_loss=0.1800 val_acc=0.9987
[Monitor][teacher_densenet121] epoch 23/30 | train_loss=0.7245 | val_loss=0.1800 | val_acc=0.9987 | Δacc=+0.0001
[Teacher densenet121] epoch=24 train_loss=0.7241 val_loss=0.1794 val_acc=0.9987
[Monitor][teacher_densenet121] epoch 24/30 | train_loss=0.7241 | val_loss=0.1794 | val_acc=0.9987 | Δacc=+0.0000
[Teacher densenet121] epoch=25 train_loss=0.7242 val_loss=0.1793 val_acc=0.9985
[Monitor][teacher_densenet121] epoch 25/30 | train_loss=0.7242 | val_loss=0.1793 | val_acc=0.9985 | Δacc=-0.0001
[Teacher densenet121] epoch=26 train_loss=0.7231 val_loss=0.1767 val_acc=0.9987
[Monitor][teacher_densenet121] epoch 26/30 | train_loss=0.7231 | val_loss=0.1767 | val_acc=0.9987 | Δacc=+0.0001
[Teacher densenet121] epoch=27 train_loss=0.7240 val_loss=0.1798 val_acc=0.9990
[Monitor][teacher_densenet121] epoch 27/30 | train_loss=0.7240 | val_loss=0.1798 | val_acc=0.9990 | Δacc=+0.0003
[Teacher densenet121] epoch=28 train_loss=0.7258 val_loss=0.1784 val_acc=0.9982
[Monitor][teacher_densenet121] epoch 28/30 | train_loss=0.7258 | val_loss=0.1784 | val_acc=0.9982 | Δacc=-0.0007
[Teacher densenet121] epoch=29 train_loss=0.7227 val_loss=0.1793 val_acc=0.9987
[Monitor][teacher_densenet121] epoch 29/30 | train_loss=0.7227 | val_loss=0.1793 | val_acc=0.9987 | Δacc=+0.0004
[Teacher densenet121] epoch=30 train_loss=0.7240 val_loss=0.1781 val_acc=0.9988
[Monitor][teacher_densenet121] epoch 30/30 | train_loss=0.7240 | val_loss=0.1781 | val_acc=0.9988 | Δacc=+0.0001
[Monitor] <<< Stage 'teacher_densenet121' finished after 30 epochs | final acc=0.9988
Traceback (most recent call last):
  File "/workspace/yqm/NetKD/training/train.py", line 793, in <module>
    main()
  File "/workspace/yqm/NetKD/training/train.py", line 745, in main
    run_real_pipeline(
  File "/workspace/yqm/NetKD/training/train.py", line 628, in run_real_pipeline
    teachers = _ensure_teachers()
               ^^^^^^^^^^^^^^^^^^
  File "/workspace/yqm/NetKD/training/train.py", line 596, in _ensure_teachers
    Path(src).replace(target)
  File "/root/miniconda3/lib/python3.12/pathlib.py", line 1376, in replace
    os.replace(self, target)
FileNotFoundError: [Errno 2] No such file or directory: 'resnet50_teacher.pth' -> 'runs/USTC-TFC2016/resnet50_teacher.pth'
