[2025-11-22 15:07:43] === 监控 Student bs=128 训练 ===
[2025-11-22 15:07:43] Student bs=128 训练中...
[2025-11-22 15:08:43] Student bs=128 训练中...
[2025-11-22 15:09:43] Student bs=128 训练中...
[2025-11-22 15:10:43] Student bs=128 训练中...
[2025-11-22 15:11:43] Student bs=128 训练中...
[2025-11-22 15:12:43] Student bs=128 完成,提取结果...
[2025-11-22 15:12:43] Student bs=128 - Acc: 0.9834, Loss: 0.1059
[2025-11-22 15:12:43] 启动 Student bs=256 训练...
[2025-11-22 15:12:53] Student bs=256 训练中...
[2025-11-22 15:13:53] Student bs=256 训练中...
[2025-11-22 15:14:53] Student bs=256 训练中...
[2025-11-22 15:15:53] Student bs=256 训练中...
[2025-11-22 15:16:54] Student bs=256 训练中...
[2025-11-22 15:17:54] Student bs=256 训练中...
[2025-11-22 15:18:54] Student bs=256 完成,提取结果...
[2025-11-22 15:18:54] Student bs=256 - Acc: 0.9761, Loss: 0.1438
[2025-11-22 15:18:54] 启动 Student bs=512 训练...
[2025-11-22 15:19:04] Student bs=512 训练中...
[2025-11-22 15:20:04] Student bs=512 训练中...
[2025-11-22 15:21:04] Student bs=512 训练中...
[2025-11-22 15:22:04] Student bs=512 训练中...
[2025-11-22 15:23:04] Student bs=512 完成,提取结果...
[2025-11-22 15:23:04] Student bs=512 - Acc: 0.9776, Loss: 0.1290
[2025-11-22 15:23:04] === 所有训练完成! ===
