nohup: ignoring input
Device: cuda:1

============================================================
Dataset: USTC-TFC2016 | Ratio: 100% | Run: 1
============================================================
Loading dataset...
Detected pre-split layout, using provided train/val/test folders under: /workspace/yqm/Dataset/USTC-TFC2016

Dataset split:
  Train: 37323 images (73.6%)
  Val:   6692 images (13.2%)
  Test:  6662 images (13.1%)

Image dimensions: 1 x 40 x 40

[Phase 1] Training Teachers...
  Training densenet121...
    ERROR: cannot import name 'EfficientNetV2Teacher' from 'models.teacher_models' (/workspace/yqm/NetKD/models/teacher_models.py)
  Training mobilenetv3...
    ERROR: cannot import name 'EfficientNetV2Teacher' from 'models.teacher_models' (/workspace/yqm/NetKD/models/teacher_models.py)
  Training convnextv2_tiny...
    ERROR: cannot import name 'EfficientNetV2Teacher' from 'models.teacher_models' (/workspace/yqm/NetKD/models/teacher_models.py)
No teachers trained successfully!

============================================================
Dataset: USTC-TFC2016 | Ratio: 100% | Run: 2
============================================================
Loading dataset...
Detected pre-split layout, using provided train/val/test folders under: /workspace/yqm/Dataset/USTC-TFC2016

Dataset split:
  Train: 37323 images (73.6%)
  Val:   6692 images (13.2%)
  Test:  6662 images (13.1%)

Image dimensions: 1 x 40 x 40

[Phase 1] Training Teachers...
  Training densenet121...
    ERROR: cannot import name 'EfficientNetV2Teacher' from 'models.teacher_models' (/workspace/yqm/NetKD/models/teacher_models.py)
  Training mobilenetv3...
    ERROR: cannot import name 'EfficientNetV2Teacher' from 'models.teacher_models' (/workspace/yqm/NetKD/models/teacher_models.py)
  Training convnextv2_tiny...
    ERROR: cannot import name 'EfficientNetV2Teacher' from 'models.teacher_models' (/workspace/yqm/NetKD/models/teacher_models.py)
No teachers trained successfully!

============================================================
Dataset: USTC-TFC2016 | Ratio: 100% | Run: 3
============================================================
Loading dataset...
Detected pre-split layout, using provided train/val/test folders under: /workspace/yqm/Dataset/USTC-TFC2016

Dataset split:
  Train: 37323 images (73.6%)
  Val:   6692 images (13.2%)
  Test:  6662 images (13.1%)

Image dimensions: 1 x 40 x 40

[Phase 1] Training Teachers...
  Training densenet121...
    ERROR: cannot import name 'EfficientNetV2Teacher' from 'models.teacher_models' (/workspace/yqm/NetKD/models/teacher_models.py)
  Training mobilenetv3...
    ERROR: cannot import name 'EfficientNetV2Teacher' from 'models.teacher_models' (/workspace/yqm/NetKD/models/teacher_models.py)
  Training convnextv2_tiny...
    ERROR: cannot import name 'EfficientNetV2Teacher' from 'models.teacher_models' (/workspace/yqm/NetKD/models/teacher_models.py)
No teachers trained successfully!

============================================================
Dataset: USTC-TFC2016 | Ratio: 75% | Run: 1
============================================================
Loading dataset...
Detected pre-split layout, using provided train/val/test folders under: /workspace/yqm/Dataset/USTC-TFC2016

Dataset split:
  Train: 37323 images (73.6%)
  Val:   6692 images (13.2%)
  Test:  6662 images (13.1%)

Image dimensions: 1 x 40 x 40

[Phase 1] Training Teachers...
  Training densenet121...
    ERROR: cannot import name 'EfficientNetV2Teacher' from 'models.teacher_models' (/workspace/yqm/NetKD/models/teacher_models.py)
  Training mobilenetv3...
    ERROR: cannot import name 'EfficientNetV2Teacher' from 'models.teacher_models' (/workspace/yqm/NetKD/models/teacher_models.py)
  Training convnextv2_tiny...
    ERROR: cannot import name 'EfficientNetV2Teacher' from 'models.teacher_models' (/workspace/yqm/NetKD/models/teacher_models.py)
No teachers trained successfully!

============================================================
Dataset: USTC-TFC2016 | Ratio: 75% | Run: 2
============================================================
Loading dataset...
Detected pre-split layout, using provided train/val/test folders under: /workspace/yqm/Dataset/USTC-TFC2016

Dataset split:
  Train: 37323 images (73.6%)
  Val:   6692 images (13.2%)
  Test:  6662 images (13.1%)

Image dimensions: 1 x 40 x 40

[Phase 1] Training Teachers...
  Training densenet121...
    ERROR: cannot import name 'EfficientNetV2Teacher' from 'models.teacher_models' (/workspace/yqm/NetKD/models/teacher_models.py)
  Training mobilenetv3...
    ERROR: cannot import name 'EfficientNetV2Teacher' from 'models.teacher_models' (/workspace/yqm/NetKD/models/teacher_models.py)
  Training convnextv2_tiny...
    ERROR: cannot import name 'EfficientNetV2Teacher' from 'models.teacher_models' (/workspace/yqm/NetKD/models/teacher_models.py)
No teachers trained successfully!

============================================================
Dataset: USTC-TFC2016 | Ratio: 75% | Run: 3
============================================================
Loading dataset...
Detected pre-split layout, using provided train/val/test folders under: /workspace/yqm/Dataset/USTC-TFC2016

Dataset split:
  Train: 37323 images (73.6%)
  Val:   6692 images (13.2%)
  Test:  6662 images (13.1%)

Image dimensions: 1 x 40 x 40

[Phase 1] Training Teachers...
  Training densenet121...
    ERROR: cannot import name 'EfficientNetV2Teacher' from 'models.teacher_models' (/workspace/yqm/NetKD/models/teacher_models.py)
  Training mobilenetv3...
    ERROR: cannot import name 'EfficientNetV2Teacher' from 'models.teacher_models' (/workspace/yqm/NetKD/models/teacher_models.py)
  Training convnextv2_tiny...
    ERROR: cannot import name 'EfficientNetV2Teacher' from 'models.teacher_models' (/workspace/yqm/NetKD/models/teacher_models.py)
No teachers trained successfully!

============================================================
Dataset: USTC-TFC2016 | Ratio: 50% | Run: 1
============================================================
Loading dataset...
Detected pre-split layout, using provided train/val/test folders under: /workspace/yqm/Dataset/USTC-TFC2016

Dataset split:
  Train: 37323 images (73.6%)
  Val:   6692 images (13.2%)
  Test:  6662 images (13.1%)

Image dimensions: 1 x 40 x 40

[Phase 1] Training Teachers...
  Training densenet121...
    ERROR: cannot import name 'EfficientNetV2Teacher' from 'models.teacher_models' (/workspace/yqm/NetKD/models/teacher_models.py)
  Training mobilenetv3...
    ERROR: cannot import name 'EfficientNetV2Teacher' from 'models.teacher_models' (/workspace/yqm/NetKD/models/teacher_models.py)
  Training convnextv2_tiny...
    ERROR: cannot import name 'EfficientNetV2Teacher' from 'models.teacher_models' (/workspace/yqm/NetKD/models/teacher_models.py)
No teachers trained successfully!

============================================================
Dataset: USTC-TFC2016 | Ratio: 50% | Run: 2
============================================================
Loading dataset...
Detected pre-split layout, using provided train/val/test folders under: /workspace/yqm/Dataset/USTC-TFC2016

Dataset split:
  Train: 37323 images (73.6%)
  Val:   6692 images (13.2%)
  Test:  6662 images (13.1%)

Image dimensions: 1 x 40 x 40

[Phase 1] Training Teachers...
  Training densenet121...
    ERROR: cannot import name 'EfficientNetV2Teacher' from 'models.teacher_models' (/workspace/yqm/NetKD/models/teacher_models.py)
  Training mobilenetv3...
    ERROR: cannot import name 'EfficientNetV2Teacher' from 'models.teacher_models' (/workspace/yqm/NetKD/models/teacher_models.py)
  Training convnextv2_tiny...
    ERROR: cannot import name 'EfficientNetV2Teacher' from 'models.teacher_models' (/workspace/yqm/NetKD/models/teacher_models.py)
No teachers trained successfully!

============================================================
Dataset: USTC-TFC2016 | Ratio: 50% | Run: 3
============================================================
Loading dataset...
Detected pre-split layout, using provided train/val/test folders under: /workspace/yqm/Dataset/USTC-TFC2016

Dataset split:
  Train: 37323 images (73.6%)
  Val:   6692 images (13.2%)
  Test:  6662 images (13.1%)

Image dimensions: 1 x 40 x 40

[Phase 1] Training Teachers...
  Training densenet121...
    ERROR: cannot import name 'EfficientNetV2Teacher' from 'models.teacher_models' (/workspace/yqm/NetKD/models/teacher_models.py)
  Training mobilenetv3...
    ERROR: cannot import name 'EfficientNetV2Teacher' from 'models.teacher_models' (/workspace/yqm/NetKD/models/teacher_models.py)
  Training convnextv2_tiny...
    ERROR: cannot import name 'EfficientNetV2Teacher' from 'models.teacher_models' (/workspace/yqm/NetKD/models/teacher_models.py)
No teachers trained successfully!

============================================================
Dataset: USTC-TFC2016 | Ratio: 25% | Run: 1
============================================================
Loading dataset...
Detected pre-split layout, using provided train/val/test folders under: /workspace/yqm/Dataset/USTC-TFC2016

Dataset split:
  Train: 37323 images (73.6%)
  Val:   6692 images (13.2%)
  Test:  6662 images (13.1%)

Image dimensions: 1 x 40 x 40

[Phase 1] Training Teachers...
  Training densenet121...
    ERROR: cannot import name 'EfficientNetV2Teacher' from 'models.teacher_models' (/workspace/yqm/NetKD/models/teacher_models.py)
  Training mobilenetv3...
    ERROR: cannot import name 'EfficientNetV2Teacher' from 'models.teacher_models' (/workspace/yqm/NetKD/models/teacher_models.py)
  Training convnextv2_tiny...
    ERROR: cannot import name 'EfficientNetV2Teacher' from 'models.teacher_models' (/workspace/yqm/NetKD/models/teacher_models.py)
No teachers trained successfully!

============================================================
Dataset: USTC-TFC2016 | Ratio: 25% | Run: 2
============================================================
Loading dataset...
Detected pre-split layout, using provided train/val/test folders under: /workspace/yqm/Dataset/USTC-TFC2016

Dataset split:
  Train: 37323 images (73.6%)
  Val:   6692 images (13.2%)
  Test:  6662 images (13.1%)

Image dimensions: 1 x 40 x 40

[Phase 1] Training Teachers...
  Training densenet121...
    ERROR: cannot import name 'EfficientNetV2Teacher' from 'models.teacher_models' (/workspace/yqm/NetKD/models/teacher_models.py)
  Training mobilenetv3...
    ERROR: cannot import name 'EfficientNetV2Teacher' from 'models.teacher_models' (/workspace/yqm/NetKD/models/teacher_models.py)
  Training convnextv2_tiny...
    ERROR: cannot import name 'EfficientNetV2Teacher' from 'models.teacher_models' (/workspace/yqm/NetKD/models/teacher_models.py)
No teachers trained successfully!

============================================================
Dataset: USTC-TFC2016 | Ratio: 25% | Run: 3
============================================================
Loading dataset...
Detected pre-split layout, using provided train/val/test folders under: /workspace/yqm/Dataset/USTC-TFC2016

Dataset split:
  Train: 37323 images (73.6%)
  Val:   6692 images (13.2%)
  Test:  6662 images (13.1%)

Image dimensions: 1 x 40 x 40

[Phase 1] Training Teachers...
  Training densenet121...
    ERROR: cannot import name 'EfficientNetV2Teacher' from 'models.teacher_models' (/workspace/yqm/NetKD/models/teacher_models.py)
  Training mobilenetv3...
    ERROR: cannot import name 'EfficientNetV2Teacher' from 'models.teacher_models' (/workspace/yqm/NetKD/models/teacher_models.py)
  Training convnextv2_tiny...
    ERROR: cannot import name 'EfficientNetV2Teacher' from 'models.teacher_models' (/workspace/yqm/NetKD/models/teacher_models.py)
No teachers trained successfully!

============================================================
Dataset: CICIoT2022 | Ratio: 100% | Run: 1
============================================================
Loading dataset...
Detected pre-split layout, using provided train/val/test folders under: /workspace/yqm/Dataset/CICIoT2022

Dataset split:
  Train: 18734 images (82.8%)
  Val:   1949 images (8.6%)
  Test:  1951 images (8.6%)

Image dimensions: 1 x 40 x 40

[Phase 1] Training Teachers...
  Training densenet121...
    ERROR: cannot import name 'EfficientNetV2Teacher' from 'models.teacher_models' (/workspace/yqm/NetKD/models/teacher_models.py)
  Training mobilenetv3...
    ERROR: cannot import name 'EfficientNetV2Teacher' from 'models.teacher_models' (/workspace/yqm/NetKD/models/teacher_models.py)
  Training convnextv2_tiny...
    ERROR: cannot import name 'EfficientNetV2Teacher' from 'models.teacher_models' (/workspace/yqm/NetKD/models/teacher_models.py)
No teachers trained successfully!

============================================================
Dataset: CICIoT2022 | Ratio: 100% | Run: 2
============================================================
Loading dataset...
Detected pre-split layout, using provided train/val/test folders under: /workspace/yqm/Dataset/CICIoT2022

Dataset split:
  Train: 18734 images (82.8%)
  Val:   1949 images (8.6%)
  Test:  1951 images (8.6%)

Image dimensions: 1 x 40 x 40

[Phase 1] Training Teachers...
  Training densenet121...
    ERROR: cannot import name 'EfficientNetV2Teacher' from 'models.teacher_models' (/workspace/yqm/NetKD/models/teacher_models.py)
  Training mobilenetv3...
    ERROR: cannot import name 'EfficientNetV2Teacher' from 'models.teacher_models' (/workspace/yqm/NetKD/models/teacher_models.py)
  Training convnextv2_tiny...
    ERROR: cannot import name 'EfficientNetV2Teacher' from 'models.teacher_models' (/workspace/yqm/NetKD/models/teacher_models.py)
No teachers trained successfully!

============================================================
Dataset: CICIoT2022 | Ratio: 100% | Run: 3
============================================================
Loading dataset...
Detected pre-split layout, using provided train/val/test folders under: /workspace/yqm/Dataset/CICIoT2022

Dataset split:
  Train: 18734 images (82.8%)
  Val:   1949 images (8.6%)
  Test:  1951 images (8.6%)

Image dimensions: 1 x 40 x 40

[Phase 1] Training Teachers...
  Training densenet121...
    ERROR: cannot import name 'EfficientNetV2Teacher' from 'models.teacher_models' (/workspace/yqm/NetKD/models/teacher_models.py)
  Training mobilenetv3...
    ERROR: cannot import name 'EfficientNetV2Teacher' from 'models.teacher_models' (/workspace/yqm/NetKD/models/teacher_models.py)
  Training convnextv2_tiny...
    ERROR: cannot import name 'EfficientNetV2Teacher' from 'models.teacher_models' (/workspace/yqm/NetKD/models/teacher_models.py)
No teachers trained successfully!

============================================================
Dataset: CICIoT2022 | Ratio: 75% | Run: 1
============================================================
Loading dataset...
Detected pre-split layout, using provided train/val/test folders under: /workspace/yqm/Dataset/CICIoT2022

Dataset split:
  Train: 18734 images (82.8%)
  Val:   1949 images (8.6%)
  Test:  1951 images (8.6%)

Image dimensions: 1 x 40 x 40

[Phase 1] Training Teachers...
  Training densenet121...
    ERROR: cannot import name 'EfficientNetV2Teacher' from 'models.teacher_models' (/workspace/yqm/NetKD/models/teacher_models.py)
  Training mobilenetv3...
    ERROR: cannot import name 'EfficientNetV2Teacher' from 'models.teacher_models' (/workspace/yqm/NetKD/models/teacher_models.py)
  Training convnextv2_tiny...
    ERROR: cannot import name 'EfficientNetV2Teacher' from 'models.teacher_models' (/workspace/yqm/NetKD/models/teacher_models.py)
No teachers trained successfully!

============================================================
Dataset: CICIoT2022 | Ratio: 75% | Run: 2
============================================================
Loading dataset...
Detected pre-split layout, using provided train/val/test folders under: /workspace/yqm/Dataset/CICIoT2022

Dataset split:
  Train: 18734 images (82.8%)
  Val:   1949 images (8.6%)
  Test:  1951 images (8.6%)

Image dimensions: 1 x 40 x 40

[Phase 1] Training Teachers...
  Training densenet121...
    ERROR: cannot import name 'EfficientNetV2Teacher' from 'models.teacher_models' (/workspace/yqm/NetKD/models/teacher_models.py)
  Training mobilenetv3...
    ERROR: cannot import name 'EfficientNetV2Teacher' from 'models.teacher_models' (/workspace/yqm/NetKD/models/teacher_models.py)
  Training convnextv2_tiny...
    ERROR: cannot import name 'EfficientNetV2Teacher' from 'models.teacher_models' (/workspace/yqm/NetKD/models/teacher_models.py)
No teachers trained successfully!

============================================================
Dataset: CICIoT2022 | Ratio: 75% | Run: 3
============================================================
Loading dataset...
Detected pre-split layout, using provided train/val/test folders under: /workspace/yqm/Dataset/CICIoT2022

Dataset split:
  Train: 18734 images (82.8%)
  Val:   1949 images (8.6%)
  Test:  1951 images (8.6%)

Image dimensions: 1 x 40 x 40

[Phase 1] Training Teachers...
  Training densenet121...
    ERROR: cannot import name 'EfficientNetV2Teacher' from 'models.teacher_models' (/workspace/yqm/NetKD/models/teacher_models.py)
  Training mobilenetv3...
    ERROR: cannot import name 'EfficientNetV2Teacher' from 'models.teacher_models' (/workspace/yqm/NetKD/models/teacher_models.py)
  Training convnextv2_tiny...
    ERROR: cannot import name 'EfficientNetV2Teacher' from 'models.teacher_models' (/workspace/yqm/NetKD/models/teacher_models.py)
No teachers trained successfully!

============================================================
Dataset: CICIoT2022 | Ratio: 50% | Run: 1
============================================================
Loading dataset...
Detected pre-split layout, using provided train/val/test folders under: /workspace/yqm/Dataset/CICIoT2022

Dataset split:
  Train: 18734 images (82.8%)
  Val:   1949 images (8.6%)
  Test:  1951 images (8.6%)

Image dimensions: 1 x 40 x 40

[Phase 1] Training Teachers...
  Training densenet121...
    ERROR: cannot import name 'EfficientNetV2Teacher' from 'models.teacher_models' (/workspace/yqm/NetKD/models/teacher_models.py)
  Training mobilenetv3...
    ERROR: cannot import name 'EfficientNetV2Teacher' from 'models.teacher_models' (/workspace/yqm/NetKD/models/teacher_models.py)
  Training convnextv2_tiny...
    ERROR: cannot import name 'EfficientNetV2Teacher' from 'models.teacher_models' (/workspace/yqm/NetKD/models/teacher_models.py)
No teachers trained successfully!

============================================================
Dataset: CICIoT2022 | Ratio: 50% | Run: 2
============================================================
Loading dataset...
Detected pre-split layout, using provided train/val/test folders under: /workspace/yqm/Dataset/CICIoT2022

Dataset split:
  Train: 18734 images (82.8%)
  Val:   1949 images (8.6%)
  Test:  1951 images (8.6%)

Image dimensions: 1 x 40 x 40

[Phase 1] Training Teachers...
  Training densenet121...
    ERROR: cannot import name 'EfficientNetV2Teacher' from 'models.teacher_models' (/workspace/yqm/NetKD/models/teacher_models.py)
  Training mobilenetv3...
    ERROR: cannot import name 'EfficientNetV2Teacher' from 'models.teacher_models' (/workspace/yqm/NetKD/models/teacher_models.py)
  Training convnextv2_tiny...
    ERROR: cannot import name 'EfficientNetV2Teacher' from 'models.teacher_models' (/workspace/yqm/NetKD/models/teacher_models.py)
No teachers trained successfully!

============================================================
Dataset: CICIoT2022 | Ratio: 50% | Run: 3
============================================================
Loading dataset...
Detected pre-split layout, using provided train/val/test folders under: /workspace/yqm/Dataset/CICIoT2022

Dataset split:
  Train: 18734 images (82.8%)
  Val:   1949 images (8.6%)
  Test:  1951 images (8.6%)

Image dimensions: 1 x 40 x 40

[Phase 1] Training Teachers...
  Training densenet121...
    ERROR: cannot import name 'EfficientNetV2Teacher' from 'models.teacher_models' (/workspace/yqm/NetKD/models/teacher_models.py)
  Training mobilenetv3...
    ERROR: cannot import name 'EfficientNetV2Teacher' from 'models.teacher_models' (/workspace/yqm/NetKD/models/teacher_models.py)
  Training convnextv2_tiny...
    ERROR: cannot import name 'EfficientNetV2Teacher' from 'models.teacher_models' (/workspace/yqm/NetKD/models/teacher_models.py)
No teachers trained successfully!

============================================================
Dataset: CICIoT2022 | Ratio: 25% | Run: 1
============================================================
Loading dataset...
Detected pre-split layout, using provided train/val/test folders under: /workspace/yqm/Dataset/CICIoT2022

Dataset split:
  Train: 18734 images (82.8%)
  Val:   1949 images (8.6%)
  Test:  1951 images (8.6%)

Image dimensions: 1 x 40 x 40

[Phase 1] Training Teachers...
  Training densenet121...
    ERROR: cannot import name 'EfficientNetV2Teacher' from 'models.teacher_models' (/workspace/yqm/NetKD/models/teacher_models.py)
  Training mobilenetv3...
    ERROR: cannot import name 'EfficientNetV2Teacher' from 'models.teacher_models' (/workspace/yqm/NetKD/models/teacher_models.py)
  Training convnextv2_tiny...
    ERROR: cannot import name 'EfficientNetV2Teacher' from 'models.teacher_models' (/workspace/yqm/NetKD/models/teacher_models.py)
No teachers trained successfully!

============================================================
Dataset: CICIoT2022 | Ratio: 25% | Run: 2
============================================================
Loading dataset...
Detected pre-split layout, using provided train/val/test folders under: /workspace/yqm/Dataset/CICIoT2022

Dataset split:
  Train: 18734 images (82.8%)
  Val:   1949 images (8.6%)
  Test:  1951 images (8.6%)

Image dimensions: 1 x 40 x 40

[Phase 1] Training Teachers...
  Training densenet121...
    ERROR: cannot import name 'EfficientNetV2Teacher' from 'models.teacher_models' (/workspace/yqm/NetKD/models/teacher_models.py)
  Training mobilenetv3...
    ERROR: cannot import name 'EfficientNetV2Teacher' from 'models.teacher_models' (/workspace/yqm/NetKD/models/teacher_models.py)
  Training convnextv2_tiny...
    ERROR: cannot import name 'EfficientNetV2Teacher' from 'models.teacher_models' (/workspace/yqm/NetKD/models/teacher_models.py)
No teachers trained successfully!

============================================================
Dataset: CICIoT2022 | Ratio: 25% | Run: 3
============================================================
Loading dataset...
Detected pre-split layout, using provided train/val/test folders under: /workspace/yqm/Dataset/CICIoT2022

Dataset split:
  Train: 18734 images (82.8%)
  Val:   1949 images (8.6%)
  Test:  1951 images (8.6%)

Image dimensions: 1 x 40 x 40

[Phase 1] Training Teachers...
  Training densenet121...
    ERROR: cannot import name 'EfficientNetV2Teacher' from 'models.teacher_models' (/workspace/yqm/NetKD/models/teacher_models.py)
  Training mobilenetv3...
    ERROR: cannot import name 'EfficientNetV2Teacher' from 'models.teacher_models' (/workspace/yqm/NetKD/models/teacher_models.py)
  Training convnextv2_tiny...
    ERROR: cannot import name 'EfficientNetV2Teacher' from 'models.teacher_models' (/workspace/yqm/NetKD/models/teacher_models.py)
No teachers trained successfully!

============================================================
SUMMARY
============================================================

USTC-TFC2016:

CICIoT2022:

Results: /workspace/yqm/NetKD/results/complete_experiment/20251210_211735
