设备: cuda

================================================================================
阶段1: 数据准备
================================================================================
训练集: 13281

================================================================================
阶段2: 加载预训练教师模型
================================================================================

================================================================================
加载预训练教师模型
================================================================================

加载 ResNet50+ECA...
Traceback (most recent call last):
  File "/walnut_data/yqm/NetKD/train_complete_pipeline.py", line 295, in <module>
    main()
  File "/walnut_data/yqm/NetKD/train_complete_pipeline.py", line 258, in main
    teacher_models = load_pretrained_teachers(device)
                     ^^^^^^^^^^^^^^^^^^^^^^^^^^^^^^^^
  File "/walnut_data/yqm/NetKD/train_complete_pipeline.py", line 64, in load_pretrained_teachers
    model.load_state_dict(checkpoint)
  File "/root/miniconda3/lib/python3.12/site-packages/torch/nn/modules/module.py", line 2624, in load_state_dict
    raise RuntimeError(
RuntimeError: Error(s) in loading state_dict for ResNet50Teacher:
	Missing key(s) in state_dict: "model.layer1.0.eca.conv.weight", "model.layer1.1.eca.conv.weight", "model.layer1.2.eca.conv.weight", "model.layer2.0.eca.conv.weight", "model.layer2.1.eca.conv.weight", "model.layer2.2.eca.conv.weight", "model.layer2.3.eca.conv.weight", "model.layer3.0.eca.conv.weight", "model.layer3.1.eca.conv.weight", "model.layer3.2.eca.conv.weight", "model.layer3.3.eca.conv.weight", "model.layer3.4.eca.conv.weight", "model.layer3.5.eca.conv.weight", "model.layer4.0.eca.conv.weight", "model.layer4.1.eca.conv.weight", "model.layer4.2.eca.conv.weight". 
