/walnut_data/yqm/NetKD/training/train.py:329: FutureWarning: `torch.cuda.amp.GradScaler(args...)` is deprecated. Please use `torch.amp.GradScaler('cuda', args...)` instead.
  scaler = torch.cuda.amp.GradScaler(enabled=use_amp)
Detected pre-split layout, using provided train/val/test folders under: /walnut_data/yqm/Dataset/ISCXVPN2016

Dataset split:
  Train: 13281 images (82.8%)
  Val:   1383 images (8.6%)
  Test:  1384 images (8.6%)

Image dimensions: 1 x 40 x 40
[Info] Found existing teacher checkpoints, skipping retrain.
[Monitor] >>> Stage 'student' started (100 epochs)
/walnut_data/yqm/NetKD/training/train.py:344: FutureWarning: `torch.cuda.amp.autocast(args...)` is deprecated. Please use `torch.amp.autocast('cuda', args...)` instead.
  with torch.cuda.amp.autocast(enabled=use_amp):
[Student] epoch=1 train_loss=1.7152 val_loss=1.0749 val_acc=0.6276
[Monitor][student] epoch 1/100 | train_loss=1.7152 | val_loss=1.0749 | val_acc=0.6276
[Student] epoch=2 train_loss=1.3415 val_loss=0.9012 val_acc=0.6674
[Monitor][student] epoch 2/100 | train_loss=1.3415 | val_loss=0.9012 | val_acc=0.6674 | Δacc=+0.0398
[Student] epoch=3 train_loss=1.4053 val_loss=1.1604 val_acc=0.5886
[Monitor][student] epoch 3/100 | train_loss=1.4053 | val_loss=1.1604 | val_acc=0.5886 | Δacc=-0.0788
[Student] epoch=4 train_loss=1.7164 val_loss=5.4330 val_acc=0.1663
[Monitor][student] epoch 4/100 | train_loss=1.7164 | val_loss=5.4330 | val_acc=0.1663 | Δacc=-0.4223
[Student] epoch=5 train_loss=5.3645 val_loss=8.8589 val_acc=0.1591
[Monitor][student] epoch 5/100 | train_loss=5.3645 | val_loss=8.8589 | val_acc=0.1591 | Δacc=-0.0072
[Student] epoch=6 train_loss=2.2449 val_loss=1.1967 val_acc=0.6081
[Monitor][student] epoch 6/100 | train_loss=2.2449 | val_loss=1.1967 | val_acc=0.6081 | Δacc=+0.4490
[Student] epoch=7 train_loss=1.3873 val_loss=0.8824 val_acc=0.6840
[Monitor][student] epoch 7/100 | train_loss=1.3873 | val_loss=0.8824 | val_acc=0.6840 | Δacc=+0.0759
[Student] epoch=8 train_loss=1.1963 val_loss=0.7566 val_acc=0.7404
[Monitor][student] epoch 8/100 | train_loss=1.1963 | val_loss=0.7566 | val_acc=0.7404 | Δacc=+0.0564
[Student] epoch=9 train_loss=1.0301 val_loss=0.7966 val_acc=0.7346
[Monitor][student] epoch 9/100 | train_loss=1.0301 | val_loss=0.7966 | val_acc=0.7346 | Δacc=-0.0058
[Student] epoch=10 train_loss=0.9742 val_loss=0.6307 val_acc=0.7686
[Monitor][student] epoch 10/100 | train_loss=0.9742 | val_loss=0.6307 | val_acc=0.7686 | Δacc=+0.0340
[Student] epoch=11 train_loss=0.8885 val_loss=0.5932 val_acc=0.8019
[Monitor][student] epoch 11/100 | train_loss=0.8885 | val_loss=0.5932 | val_acc=0.8019 | Δacc=+0.0333
[Student] epoch=12 train_loss=0.8423 val_loss=0.6036 val_acc=0.7968
[Monitor][student] epoch 12/100 | train_loss=0.8423 | val_loss=0.6036 | val_acc=0.7968 | Δacc=-0.0051
[Student] epoch=13 train_loss=0.7795 val_loss=0.5660 val_acc=0.8084
[Monitor][student] epoch 13/100 | train_loss=0.7795 | val_loss=0.5660 | val_acc=0.8084 | Δacc=+0.0116
[Student] epoch=14 train_loss=0.7378 val_loss=0.4945 val_acc=0.8301
[Monitor][student] epoch 14/100 | train_loss=0.7378 | val_loss=0.4945 | val_acc=0.8301 | Δacc=+0.0217
[Student] epoch=15 train_loss=0.6911 val_loss=0.5145 val_acc=0.8142
[Monitor][student] epoch 15/100 | train_loss=0.6911 | val_loss=0.5145 | val_acc=0.8142 | Δacc=-0.0159
[Student] epoch=16 train_loss=0.6663 val_loss=0.4499 val_acc=0.8525
[Monitor][student] epoch 16/100 | train_loss=0.6663 | val_loss=0.4499 | val_acc=0.8525 | Δacc=+0.0383
[Student] epoch=17 train_loss=0.6426 val_loss=0.4421 val_acc=0.8510
[Monitor][student] epoch 17/100 | train_loss=0.6426 | val_loss=0.4421 | val_acc=0.8510 | Δacc=-0.0014
[Student] epoch=18 train_loss=0.6217 val_loss=0.4046 val_acc=0.8568
[Monitor][student] epoch 18/100 | train_loss=0.6217 | val_loss=0.4046 | val_acc=0.8568 | Δacc=+0.0058
[Student] epoch=19 train_loss=0.5657 val_loss=0.3633 val_acc=0.8756
[Monitor][student] epoch 19/100 | train_loss=0.5657 | val_loss=0.3633 | val_acc=0.8756 | Δacc=+0.0188
[Student] epoch=20 train_loss=0.5047 val_loss=0.3258 val_acc=0.9046
[Monitor][student] epoch 20/100 | train_loss=0.5047 | val_loss=0.3258 | val_acc=0.9046 | Δacc=+0.0289
[Student] epoch=21 train_loss=0.4783 val_loss=0.3627 val_acc=0.8886
[Monitor][student] epoch 21/100 | train_loss=0.4783 | val_loss=0.3627 | val_acc=0.8886 | Δacc=-0.0159
[Student] epoch=22 train_loss=0.4495 val_loss=0.2948 val_acc=0.9067
[Monitor][student] epoch 22/100 | train_loss=0.4495 | val_loss=0.2948 | val_acc=0.9067 | Δacc=+0.0181
[Student] epoch=23 train_loss=0.4236 val_loss=0.3644 val_acc=0.8908
[Monitor][student] epoch 23/100 | train_loss=0.4236 | val_loss=0.3644 | val_acc=0.8908 | Δacc=-0.0159
[Student] epoch=24 train_loss=0.3871 val_loss=0.2657 val_acc=0.9241
[Monitor][student] epoch 24/100 | train_loss=0.3871 | val_loss=0.2657 | val_acc=0.9241 | Δacc=+0.0333
[Student] epoch=25 train_loss=0.3614 val_loss=0.2910 val_acc=0.9089
[Monitor][student] epoch 25/100 | train_loss=0.3614 | val_loss=0.2910 | val_acc=0.9089 | Δacc=-0.0152
[Student] epoch=26 train_loss=0.3357 val_loss=0.3725 val_acc=0.8988
[Monitor][student] epoch 26/100 | train_loss=0.3357 | val_loss=0.3725 | val_acc=0.8988 | Δacc=-0.0101
[Student] epoch=27 train_loss=0.3371 val_loss=0.2731 val_acc=0.9168
[Monitor][student] epoch 27/100 | train_loss=0.3371 | val_loss=0.2731 | val_acc=0.9168 | Δacc=+0.0181
[Student] epoch=28 train_loss=0.2383 val_loss=0.1969 val_acc=0.9479
[Monitor][student] epoch 28/100 | train_loss=0.2383 | val_loss=0.1969 | val_acc=0.9479 | Δacc=+0.0311
[Student] epoch=29 train_loss=0.1950 val_loss=0.1656 val_acc=0.9537
[Monitor][student] epoch 29/100 | train_loss=0.1950 | val_loss=0.1656 | val_acc=0.9537 | Δacc=+0.0058
[Student] epoch=30 train_loss=0.1738 val_loss=0.1687 val_acc=0.9530
[Monitor][student] epoch 30/100 | train_loss=0.1738 | val_loss=0.1687 | val_acc=0.9530 | Δacc=-0.0007
[Student] epoch=31 train_loss=0.1588 val_loss=0.1422 val_acc=0.9646
[Monitor][student] epoch 31/100 | train_loss=0.1588 | val_loss=0.1422 | val_acc=0.9646 | Δacc=+0.0116
[Student] epoch=32 train_loss=0.1462 val_loss=0.1481 val_acc=0.9631
[Monitor][student] epoch 32/100 | train_loss=0.1462 | val_loss=0.1481 | val_acc=0.9631 | Δacc=-0.0014
[Student] epoch=33 train_loss=0.1288 val_loss=0.1382 val_acc=0.9696
[Monitor][student] epoch 33/100 | train_loss=0.1288 | val_loss=0.1382 | val_acc=0.9696 | Δacc=+0.0065
[Student] epoch=34 train_loss=0.1297 val_loss=0.1377 val_acc=0.9711
[Monitor][student] epoch 34/100 | train_loss=0.1297 | val_loss=0.1377 | val_acc=0.9711 | Δacc=+0.0014
[Student] epoch=35 train_loss=0.1109 val_loss=0.1414 val_acc=0.9682
[Monitor][student] epoch 35/100 | train_loss=0.1109 | val_loss=0.1414 | val_acc=0.9682 | Δacc=-0.0029
[Student] epoch=36 train_loss=0.1182 val_loss=0.1402 val_acc=0.9725
[Monitor][student] epoch 36/100 | train_loss=0.1182 | val_loss=0.1402 | val_acc=0.9725 | Δacc=+0.0043
[Student] epoch=37 train_loss=0.1129 val_loss=0.1431 val_acc=0.9704
[Monitor][student] epoch 37/100 | train_loss=0.1129 | val_loss=0.1431 | val_acc=0.9704 | Δacc=-0.0022
[Student] epoch=38 train_loss=0.0796 val_loss=0.1246 val_acc=0.9747
[Monitor][student] epoch 38/100 | train_loss=0.0796 | val_loss=0.1246 | val_acc=0.9747 | Δacc=+0.0043
[Student] epoch=39 train_loss=0.0669 val_loss=0.1252 val_acc=0.9776
[Monitor][student] epoch 39/100 | train_loss=0.0669 | val_loss=0.1252 | val_acc=0.9776 | Δacc=+0.0029
[Student] epoch=40 train_loss=0.0652 val_loss=0.1256 val_acc=0.9732
[Monitor][student] epoch 40/100 | train_loss=0.0652 | val_loss=0.1256 | val_acc=0.9732 | Δacc=-0.0043
[Student] epoch=41 train_loss=0.0552 val_loss=0.1275 val_acc=0.9747
[Monitor][student] epoch 41/100 | train_loss=0.0552 | val_loss=0.1275 | val_acc=0.9747 | Δacc=+0.0014
[Student] epoch=42 train_loss=0.0501 val_loss=0.1072 val_acc=0.9783
[Monitor][student] epoch 42/100 | train_loss=0.0501 | val_loss=0.1072 | val_acc=0.9783 | Δacc=+0.0036
[Student] epoch=43 train_loss=0.0445 val_loss=0.1112 val_acc=0.9798
[Monitor][student] epoch 43/100 | train_loss=0.0445 | val_loss=0.1112 | val_acc=0.9798 | Δacc=+0.0014
[Student] epoch=44 train_loss=0.0402 val_loss=0.1170 val_acc=0.9805
[Monitor][student] epoch 44/100 | train_loss=0.0402 | val_loss=0.1170 | val_acc=0.9805 | Δacc=+0.0007
[Student] epoch=45 train_loss=0.0420 val_loss=0.1127 val_acc=0.9805
[Monitor][student] epoch 45/100 | train_loss=0.0420 | val_loss=0.1127 | val_acc=0.9805 | Δacc=+0.0000
[Student] epoch=46 train_loss=0.0355 val_loss=0.1100 val_acc=0.9812
[Monitor][student] epoch 46/100 | train_loss=0.0355 | val_loss=0.1100 | val_acc=0.9812 | Δacc=+0.0007
[Student] epoch=47 train_loss=0.0337 val_loss=0.1059 val_acc=0.9834
[Monitor][student] epoch 47/100 | train_loss=0.0337 | val_loss=0.1059 | val_acc=0.9834 | Δacc=+0.0022
[Student] epoch=48 train_loss=0.0332 val_loss=0.1095 val_acc=0.9805
[Monitor][student] epoch 48/100 | train_loss=0.0332 | val_loss=0.1095 | val_acc=0.9805 | Δacc=-0.0029
[Student] epoch=49 train_loss=0.0338 val_loss=0.1050 val_acc=0.9812
[Monitor][student] epoch 49/100 | train_loss=0.0338 | val_loss=0.1050 | val_acc=0.9812 | Δacc=+0.0007
[Student] epoch=50 train_loss=0.0325 val_loss=0.1083 val_acc=0.9812
[Monitor][student] epoch 50/100 | train_loss=0.0325 | val_loss=0.1083 | val_acc=0.9812 | Δacc=+0.0000
[Student] epoch=51 train_loss=0.0293 val_loss=0.1074 val_acc=0.9790
[Monitor][student] epoch 51/100 | train_loss=0.0293 | val_loss=0.1074 | val_acc=0.9790 | Δacc=-0.0022
[Student] epoch=52 train_loss=0.0296 val_loss=0.1119 val_acc=0.9819
[Monitor][student] epoch 52/100 | train_loss=0.0296 | val_loss=0.1119 | val_acc=0.9819 | Δacc=+0.0029
[Student] epoch=53 train_loss=0.0307 val_loss=0.1094 val_acc=0.9812
[Monitor][student] epoch 53/100 | train_loss=0.0307 | val_loss=0.1094 | val_acc=0.9812 | Δacc=-0.0007
[Student] epoch=54 train_loss=0.0300 val_loss=0.1032 val_acc=0.9834
[Monitor][student] epoch 54/100 | train_loss=0.0300 | val_loss=0.1032 | val_acc=0.9834 | Δacc=+0.0022
[Student] epoch=55 train_loss=0.0271 val_loss=0.1088 val_acc=0.9834
[Monitor][student] epoch 55/100 | train_loss=0.0271 | val_loss=0.1088 | val_acc=0.9834 | Δacc=+0.0000
[Student] epoch=56 train_loss=0.0276 val_loss=0.1077 val_acc=0.9819
[Monitor][student] epoch 56/100 | train_loss=0.0276 | val_loss=0.1077 | val_acc=0.9819 | Δacc=-0.0014
[Student] epoch=57 train_loss=0.0272 val_loss=0.1028 val_acc=0.9841
[Monitor][student] epoch 57/100 | train_loss=0.0272 | val_loss=0.1028 | val_acc=0.9841 | Δacc=+0.0022
[Student] epoch=58 train_loss=0.0264 val_loss=0.1076 val_acc=0.9841
[Monitor][student] epoch 58/100 | train_loss=0.0264 | val_loss=0.1076 | val_acc=0.9841 | Δacc=+0.0000
[Student] epoch=59 train_loss=0.0254 val_loss=0.1038 val_acc=0.9841
[Monitor][student] epoch 59/100 | train_loss=0.0254 | val_loss=0.1038 | val_acc=0.9841 | Δacc=+0.0000
[Student] epoch=60 train_loss=0.0260 val_loss=0.1049 val_acc=0.9834
[Monitor][student] epoch 60/100 | train_loss=0.0260 | val_loss=0.1049 | val_acc=0.9834 | Δacc=-0.0007
[Student] epoch=61 train_loss=0.0296 val_loss=0.1034 val_acc=0.9834
[Monitor][student] epoch 61/100 | train_loss=0.0296 | val_loss=0.1034 | val_acc=0.9834 | Δacc=+0.0000
[Student] epoch=62 train_loss=0.0264 val_loss=0.1014 val_acc=0.9834
[Monitor][student] epoch 62/100 | train_loss=0.0264 | val_loss=0.1014 | val_acc=0.9834 | Δacc=+0.0000
[Student] epoch=63 train_loss=0.0263 val_loss=0.1072 val_acc=0.9819
[Monitor][student] epoch 63/100 | train_loss=0.0263 | val_loss=0.1072 | val_acc=0.9819 | Δacc=-0.0014
[Student] epoch=64 train_loss=0.0266 val_loss=0.1040 val_acc=0.9848
[Monitor][student] epoch 64/100 | train_loss=0.0266 | val_loss=0.1040 | val_acc=0.9848 | Δacc=+0.0029
[Student] epoch=65 train_loss=0.0235 val_loss=0.1025 val_acc=0.9834
[Monitor][student] epoch 65/100 | train_loss=0.0235 | val_loss=0.1025 | val_acc=0.9834 | Δacc=-0.0014
[Student] epoch=66 train_loss=0.0255 val_loss=0.1091 val_acc=0.9826
[Monitor][student] epoch 66/100 | train_loss=0.0255 | val_loss=0.1091 | val_acc=0.9826 | Δacc=-0.0007
[Student] epoch=67 train_loss=0.0227 val_loss=0.1013 val_acc=0.9826
[Monitor][student] epoch 67/100 | train_loss=0.0227 | val_loss=0.1013 | val_acc=0.9826 | Δacc=+0.0000
[Student] epoch=68 train_loss=0.0217 val_loss=0.1026 val_acc=0.9834
[Monitor][student] epoch 68/100 | train_loss=0.0217 | val_loss=0.1026 | val_acc=0.9834 | Δacc=+0.0007
[Student] epoch=69 train_loss=0.0231 val_loss=0.1082 val_acc=0.9819
[Monitor][student] epoch 69/100 | train_loss=0.0231 | val_loss=0.1082 | val_acc=0.9819 | Δacc=-0.0014
[Student] epoch=70 train_loss=0.0243 val_loss=0.1011 val_acc=0.9819
[Monitor][student] epoch 70/100 | train_loss=0.0243 | val_loss=0.1011 | val_acc=0.9819 | Δacc=+0.0000
[Student] epoch=71 train_loss=0.0226 val_loss=0.1052 val_acc=0.9826
[Monitor][student] epoch 71/100 | train_loss=0.0226 | val_loss=0.1052 | val_acc=0.9826 | Δacc=+0.0007
[Student] epoch=72 train_loss=0.0235 val_loss=0.1091 val_acc=0.9819
[Monitor][student] epoch 72/100 | train_loss=0.0235 | val_loss=0.1091 | val_acc=0.9819 | Δacc=-0.0007
[Student] epoch=73 train_loss=0.0234 val_loss=0.0999 val_acc=0.9841
[Monitor][student] epoch 73/100 | train_loss=0.0234 | val_loss=0.0999 | val_acc=0.9841 | Δacc=+0.0022
[Student] epoch=74 train_loss=0.0224 val_loss=0.1108 val_acc=0.9819
[Monitor][student] epoch 74/100 | train_loss=0.0224 | val_loss=0.1108 | val_acc=0.9819 | Δacc=-0.0022
[Student] epoch=75 train_loss=0.0210 val_loss=0.1037 val_acc=0.9812
[Monitor][student] epoch 75/100 | train_loss=0.0210 | val_loss=0.1037 | val_acc=0.9812 | Δacc=-0.0007
[Student] epoch=76 train_loss=0.0223 val_loss=0.1073 val_acc=0.9834
[Monitor][student] epoch 76/100 | train_loss=0.0223 | val_loss=0.1073 | val_acc=0.9834 | Δacc=+0.0022
[Student] epoch=77 train_loss=0.0232 val_loss=0.1015 val_acc=0.9834
[Monitor][student] epoch 77/100 | train_loss=0.0232 | val_loss=0.1015 | val_acc=0.9834 | Δacc=+0.0000
[Student] epoch=78 train_loss=0.0207 val_loss=0.1046 val_acc=0.9834
[Monitor][student] epoch 78/100 | train_loss=0.0207 | val_loss=0.1046 | val_acc=0.9834 | Δacc=+0.0000
[Student] epoch=79 train_loss=0.0212 val_loss=0.1054 val_acc=0.9841
[Monitor][student] epoch 79/100 | train_loss=0.0212 | val_loss=0.1054 | val_acc=0.9841 | Δacc=+0.0007
[Student] epoch=80 train_loss=0.0198 val_loss=0.1083 val_acc=0.9819
[Monitor][student] epoch 80/100 | train_loss=0.0198 | val_loss=0.1083 | val_acc=0.9819 | Δacc=-0.0022
[Student] epoch=81 train_loss=0.0219 val_loss=0.1053 val_acc=0.9826
[Monitor][student] epoch 81/100 | train_loss=0.0219 | val_loss=0.1053 | val_acc=0.9826 | Δacc=+0.0007
[Student] epoch=82 train_loss=0.0202 val_loss=0.1106 val_acc=0.9834
[Monitor][student] epoch 82/100 | train_loss=0.0202 | val_loss=0.1106 | val_acc=0.9834 | Δacc=+0.0007
[Student] epoch=83 train_loss=0.0199 val_loss=0.1056 val_acc=0.9834
[Monitor][student] epoch 83/100 | train_loss=0.0199 | val_loss=0.1056 | val_acc=0.9834 | Δacc=+0.0000
[Student] epoch=84 train_loss=0.0218 val_loss=0.1105 val_acc=0.9826
[Monitor][student] epoch 84/100 | train_loss=0.0218 | val_loss=0.1105 | val_acc=0.9826 | Δacc=-0.0007
[Student] epoch=85 train_loss=0.0212 val_loss=0.1044 val_acc=0.9834
[Monitor][student] epoch 85/100 | train_loss=0.0212 | val_loss=0.1044 | val_acc=0.9834 | Δacc=+0.0007
[Student] epoch=86 train_loss=0.0210 val_loss=0.1092 val_acc=0.9834
[Monitor][student] epoch 86/100 | train_loss=0.0210 | val_loss=0.1092 | val_acc=0.9834 | Δacc=+0.0000
[Student] epoch=87 train_loss=0.0195 val_loss=0.1038 val_acc=0.9834
[Monitor][student] epoch 87/100 | train_loss=0.0195 | val_loss=0.1038 | val_acc=0.9834 | Δacc=+0.0000
[Student] epoch=88 train_loss=0.0191 val_loss=0.1071 val_acc=0.9826
[Monitor][student] epoch 88/100 | train_loss=0.0191 | val_loss=0.1071 | val_acc=0.9826 | Δacc=-0.0007
[Student] epoch=89 train_loss=0.0173 val_loss=0.1088 val_acc=0.9819
[Monitor][student] epoch 89/100 | train_loss=0.0173 | val_loss=0.1088 | val_acc=0.9819 | Δacc=-0.0007
[Student] epoch=90 train_loss=0.0186 val_loss=0.1039 val_acc=0.9826
[Monitor][student] epoch 90/100 | train_loss=0.0186 | val_loss=0.1039 | val_acc=0.9826 | Δacc=+0.0007
[Student] epoch=91 train_loss=0.0172 val_loss=0.1069 val_acc=0.9834
[Monitor][student] epoch 91/100 | train_loss=0.0172 | val_loss=0.1069 | val_acc=0.9834 | Δacc=+0.0007
[Student] epoch=92 train_loss=0.0171 val_loss=0.1059 val_acc=0.9819
[Monitor][student] epoch 92/100 | train_loss=0.0171 | val_loss=0.1059 | val_acc=0.9819 | Δacc=-0.0014
[Student] epoch=93 train_loss=0.0174 val_loss=0.1063 val_acc=0.9841
[Monitor][student] epoch 93/100 | train_loss=0.0174 | val_loss=0.1063 | val_acc=0.9841 | Δacc=+0.0022
[Student] epoch=94 train_loss=0.0176 val_loss=0.1018 val_acc=0.9841
[Monitor][student] epoch 94/100 | train_loss=0.0176 | val_loss=0.1018 | val_acc=0.9841 | Δacc=+0.0000
[Student] epoch=95 train_loss=0.0179 val_loss=0.1086 val_acc=0.9834
[Monitor][student] epoch 95/100 | train_loss=0.0179 | val_loss=0.1086 | val_acc=0.9834 | Δacc=-0.0007
[Student] epoch=96 train_loss=0.0176 val_loss=0.1059 val_acc=0.9834
[Monitor][student] epoch 96/100 | train_loss=0.0176 | val_loss=0.1059 | val_acc=0.9834 | Δacc=+0.0000
[Student] epoch=97 train_loss=0.0188 val_loss=0.0994 val_acc=0.9841
[Monitor][student] epoch 97/100 | train_loss=0.0188 | val_loss=0.0994 | val_acc=0.9841 | Δacc=+0.0007
[Student] epoch=98 train_loss=0.0188 val_loss=0.1078 val_acc=0.9826
[Monitor][student] epoch 98/100 | train_loss=0.0188 | val_loss=0.1078 | val_acc=0.9826 | Δacc=-0.0014
[Student] epoch=99 train_loss=0.0176 val_loss=0.1059 val_acc=0.9819
[Monitor][student] epoch 99/100 | train_loss=0.0176 | val_loss=0.1059 | val_acc=0.9819 | Δacc=-0.0007
[Student] epoch=100 train_loss=0.0190 val_loss=0.1059 val_acc=0.9834
[Monitor][student] epoch 100/100 | train_loss=0.0190 | val_loss=0.1059 | val_acc=0.9834 | Δacc=+0.0014
[Monitor] <<< Stage 'student' finished after 100 epochs | final acc=0.9834
