/walnut_data/yqm/NetKD/training/train.py:329: FutureWarning: `torch.cuda.amp.GradScaler(args...)` is deprecated. Please use `torch.amp.GradScaler('cuda', args...)` instead.
  scaler = torch.cuda.amp.GradScaler(enabled=use_amp)
Detected pre-split layout, using provided train/val/test folders under: /walnut_data/yqm/Dataset/ISCXVPN2016

Dataset split:
  Train: 13281 images (82.8%)
  Val:   1383 images (8.6%)
  Test:  1384 images (8.6%)

Image dimensions: 1 x 40 x 40
[Info] Found existing teacher checkpoints, skipping retrain.
[Monitor] >>> Stage 'student' started (100 epochs)
/walnut_data/yqm/NetKD/training/train.py:344: FutureWarning: `torch.cuda.amp.autocast(args...)` is deprecated. Please use `torch.amp.autocast('cuda', args...)` instead.
  with torch.cuda.amp.autocast(enabled=use_amp):
[Student] epoch=1 train_loss=1.8312 val_loss=1.7869 val_acc=0.3268
[Monitor][student] epoch 1/100 | train_loss=1.8312 | val_loss=1.7869 | val_acc=0.3268
[Student] epoch=2 train_loss=1.2644 val_loss=0.8288 val_acc=0.7158
[Monitor][student] epoch 2/100 | train_loss=1.2644 | val_loss=0.8288 | val_acc=0.7158 | Δacc=+0.3890
[Student] epoch=3 train_loss=1.0590 val_loss=0.7891 val_acc=0.7108
[Monitor][student] epoch 3/100 | train_loss=1.0590 | val_loss=0.7891 | val_acc=0.7108 | Δacc=-0.0051
[Student] epoch=4 train_loss=0.9408 val_loss=0.8064 val_acc=0.7202
[Monitor][student] epoch 4/100 | train_loss=0.9408 | val_loss=0.8064 | val_acc=0.7202 | Δacc=+0.0094
[Student] epoch=5 train_loss=0.9332 val_loss=0.6896 val_acc=0.7513
[Monitor][student] epoch 5/100 | train_loss=0.9332 | val_loss=0.6896 | val_acc=0.7513 | Δacc=+0.0311
[Student] epoch=6 train_loss=0.9451 val_loss=0.8495 val_acc=0.7296
[Monitor][student] epoch 6/100 | train_loss=0.9451 | val_loss=0.8495 | val_acc=0.7296 | Δacc=-0.0217
[Student] epoch=7 train_loss=1.0075 val_loss=0.7142 val_acc=0.7491
[Monitor][student] epoch 7/100 | train_loss=1.0075 | val_loss=0.7142 | val_acc=0.7491 | Δacc=+0.0195
[Student] epoch=8 train_loss=0.9375 val_loss=0.7436 val_acc=0.7498
[Monitor][student] epoch 8/100 | train_loss=0.9375 | val_loss=0.7436 | val_acc=0.7498 | Δacc=+0.0007
[Student] epoch=9 train_loss=0.8391 val_loss=0.6005 val_acc=0.7990
[Monitor][student] epoch 9/100 | train_loss=0.8391 | val_loss=0.6005 | val_acc=0.7990 | Δacc=+0.0492
[Student] epoch=10 train_loss=0.7125 val_loss=0.5220 val_acc=0.8221
[Monitor][student] epoch 10/100 | train_loss=0.7125 | val_loss=0.5220 | val_acc=0.8221 | Δacc=+0.0231
[Student] epoch=11 train_loss=0.6594 val_loss=0.4657 val_acc=0.8474
[Monitor][student] epoch 11/100 | train_loss=0.6594 | val_loss=0.4657 | val_acc=0.8474 | Δacc=+0.0253
[Student] epoch=12 train_loss=0.5885 val_loss=0.4133 val_acc=0.8583
[Monitor][student] epoch 12/100 | train_loss=0.5885 | val_loss=0.4133 | val_acc=0.8583 | Δacc=+0.0108
[Student] epoch=13 train_loss=0.5438 val_loss=0.4183 val_acc=0.8713
[Monitor][student] epoch 13/100 | train_loss=0.5438 | val_loss=0.4183 | val_acc=0.8713 | Δacc=+0.0130
[Student] epoch=14 train_loss=0.4892 val_loss=0.3310 val_acc=0.8980
[Monitor][student] epoch 14/100 | train_loss=0.4892 | val_loss=0.3310 | val_acc=0.8980 | Δacc=+0.0268
[Student] epoch=15 train_loss=0.4534 val_loss=0.3254 val_acc=0.9009
[Monitor][student] epoch 15/100 | train_loss=0.4534 | val_loss=0.3254 | val_acc=0.9009 | Δacc=+0.0029
[Student] epoch=16 train_loss=0.4261 val_loss=0.3705 val_acc=0.8959
[Monitor][student] epoch 16/100 | train_loss=0.4261 | val_loss=0.3705 | val_acc=0.8959 | Δacc=-0.0051
[Student] epoch=17 train_loss=0.3666 val_loss=0.2441 val_acc=0.9349
[Monitor][student] epoch 17/100 | train_loss=0.3666 | val_loss=0.2441 | val_acc=0.9349 | Δacc=+0.0390
[Student] epoch=18 train_loss=0.3233 val_loss=0.2666 val_acc=0.9241
[Monitor][student] epoch 18/100 | train_loss=0.3233 | val_loss=0.2666 | val_acc=0.9241 | Δacc=-0.0108
[Student] epoch=19 train_loss=0.2925 val_loss=0.2310 val_acc=0.9371
[Monitor][student] epoch 19/100 | train_loss=0.2925 | val_loss=0.2310 | val_acc=0.9371 | Δacc=+0.0130
[Student] epoch=20 train_loss=0.2802 val_loss=0.2427 val_acc=0.9356
[Monitor][student] epoch 20/100 | train_loss=0.2802 | val_loss=0.2427 | val_acc=0.9356 | Δacc=-0.0014
[Student] epoch=21 train_loss=0.2642 val_loss=0.2004 val_acc=0.9422
[Monitor][student] epoch 21/100 | train_loss=0.2642 | val_loss=0.2004 | val_acc=0.9422 | Δacc=+0.0065
[Student] epoch=22 train_loss=0.2399 val_loss=0.1955 val_acc=0.9523
[Monitor][student] epoch 22/100 | train_loss=0.2399 | val_loss=0.1955 | val_acc=0.9523 | Δacc=+0.0101
[Student] epoch=23 train_loss=0.2159 val_loss=0.1825 val_acc=0.9544
[Monitor][student] epoch 23/100 | train_loss=0.2159 | val_loss=0.1825 | val_acc=0.9544 | Δacc=+0.0022
[Student] epoch=24 train_loss=0.1875 val_loss=0.1815 val_acc=0.9581
[Monitor][student] epoch 24/100 | train_loss=0.1875 | val_loss=0.1815 | val_acc=0.9581 | Δacc=+0.0036
[Student] epoch=25 train_loss=0.1749 val_loss=0.1964 val_acc=0.9566
[Monitor][student] epoch 25/100 | train_loss=0.1749 | val_loss=0.1964 | val_acc=0.9566 | Δacc=-0.0014
[Student] epoch=26 train_loss=0.1738 val_loss=0.1573 val_acc=0.9617
[Monitor][student] epoch 26/100 | train_loss=0.1738 | val_loss=0.1573 | val_acc=0.9617 | Δacc=+0.0051
[Student] epoch=27 train_loss=0.1665 val_loss=0.1602 val_acc=0.9624
[Monitor][student] epoch 27/100 | train_loss=0.1665 | val_loss=0.1602 | val_acc=0.9624 | Δacc=+0.0007
[Student] epoch=28 train_loss=0.1520 val_loss=0.1638 val_acc=0.9631
[Monitor][student] epoch 28/100 | train_loss=0.1520 | val_loss=0.1638 | val_acc=0.9631 | Δacc=+0.0007
[Student] epoch=29 train_loss=0.1453 val_loss=0.1934 val_acc=0.9617
[Monitor][student] epoch 29/100 | train_loss=0.1453 | val_loss=0.1934 | val_acc=0.9617 | Δacc=-0.0014
[Student] epoch=30 train_loss=0.0967 val_loss=0.1541 val_acc=0.9682
[Monitor][student] epoch 30/100 | train_loss=0.0967 | val_loss=0.1541 | val_acc=0.9682 | Δacc=+0.0065
[Student] epoch=31 train_loss=0.0799 val_loss=0.1481 val_acc=0.9725
[Monitor][student] epoch 31/100 | train_loss=0.0799 | val_loss=0.1481 | val_acc=0.9725 | Δacc=+0.0043
[Student] epoch=32 train_loss=0.0710 val_loss=0.1379 val_acc=0.9747
[Monitor][student] epoch 32/100 | train_loss=0.0710 | val_loss=0.1379 | val_acc=0.9747 | Δacc=+0.0022
[Student] epoch=33 train_loss=0.0641 val_loss=0.1379 val_acc=0.9718
[Monitor][student] epoch 33/100 | train_loss=0.0641 | val_loss=0.1379 | val_acc=0.9718 | Δacc=-0.0029
[Student] epoch=34 train_loss=0.0567 val_loss=0.1485 val_acc=0.9725
[Monitor][student] epoch 34/100 | train_loss=0.0567 | val_loss=0.1485 | val_acc=0.9725 | Δacc=+0.0007
[Student] epoch=35 train_loss=0.0582 val_loss=0.1429 val_acc=0.9740
[Monitor][student] epoch 35/100 | train_loss=0.0582 | val_loss=0.1429 | val_acc=0.9740 | Δacc=+0.0014
[Student] epoch=36 train_loss=0.0433 val_loss=0.1490 val_acc=0.9769
[Monitor][student] epoch 36/100 | train_loss=0.0433 | val_loss=0.1490 | val_acc=0.9769 | Δacc=+0.0029
[Student] epoch=37 train_loss=0.0374 val_loss=0.1436 val_acc=0.9761
[Monitor][student] epoch 37/100 | train_loss=0.0374 | val_loss=0.1436 | val_acc=0.9761 | Δacc=-0.0007
[Student] epoch=38 train_loss=0.0349 val_loss=0.1437 val_acc=0.9732
[Monitor][student] epoch 38/100 | train_loss=0.0349 | val_loss=0.1437 | val_acc=0.9732 | Δacc=-0.0029
[Student] epoch=39 train_loss=0.0311 val_loss=0.1408 val_acc=0.9769
[Monitor][student] epoch 39/100 | train_loss=0.0311 | val_loss=0.1408 | val_acc=0.9769 | Δacc=+0.0036
[Student] epoch=40 train_loss=0.0261 val_loss=0.1445 val_acc=0.9747
[Monitor][student] epoch 40/100 | train_loss=0.0261 | val_loss=0.1445 | val_acc=0.9747 | Δacc=-0.0022
[Student] epoch=41 train_loss=0.0272 val_loss=0.1379 val_acc=0.9761
[Monitor][student] epoch 41/100 | train_loss=0.0272 | val_loss=0.1379 | val_acc=0.9761 | Δacc=+0.0014
[Student] epoch=42 train_loss=0.0231 val_loss=0.1374 val_acc=0.9776
[Monitor][student] epoch 42/100 | train_loss=0.0231 | val_loss=0.1374 | val_acc=0.9776 | Δacc=+0.0014
[Student] epoch=43 train_loss=0.0223 val_loss=0.1446 val_acc=0.9761
[Monitor][student] epoch 43/100 | train_loss=0.0223 | val_loss=0.1446 | val_acc=0.9761 | Δacc=-0.0014
[Student] epoch=44 train_loss=0.0201 val_loss=0.1427 val_acc=0.9761
[Monitor][student] epoch 44/100 | train_loss=0.0201 | val_loss=0.1427 | val_acc=0.9761 | Δacc=+0.0000
[Student] epoch=45 train_loss=0.0203 val_loss=0.1420 val_acc=0.9769
[Monitor][student] epoch 45/100 | train_loss=0.0203 | val_loss=0.1420 | val_acc=0.9769 | Δacc=+0.0007
[Student] epoch=46 train_loss=0.0191 val_loss=0.1412 val_acc=0.9776
[Monitor][student] epoch 46/100 | train_loss=0.0191 | val_loss=0.1412 | val_acc=0.9776 | Δacc=+0.0007
[Student] epoch=47 train_loss=0.0192 val_loss=0.1427 val_acc=0.9754
[Monitor][student] epoch 47/100 | train_loss=0.0192 | val_loss=0.1427 | val_acc=0.9754 | Δacc=-0.0022
[Student] epoch=48 train_loss=0.0185 val_loss=0.1464 val_acc=0.9769
[Monitor][student] epoch 48/100 | train_loss=0.0185 | val_loss=0.1464 | val_acc=0.9769 | Δacc=+0.0014
[Student] epoch=49 train_loss=0.0169 val_loss=0.1436 val_acc=0.9769
[Monitor][student] epoch 49/100 | train_loss=0.0169 | val_loss=0.1436 | val_acc=0.9769 | Δacc=+0.0000
[Student] epoch=50 train_loss=0.0173 val_loss=0.1409 val_acc=0.9769
[Monitor][student] epoch 50/100 | train_loss=0.0173 | val_loss=0.1409 | val_acc=0.9769 | Δacc=+0.0000
[Student] epoch=51 train_loss=0.0179 val_loss=0.1449 val_acc=0.9769
[Monitor][student] epoch 51/100 | train_loss=0.0179 | val_loss=0.1449 | val_acc=0.9769 | Δacc=+0.0000
[Student] epoch=52 train_loss=0.0174 val_loss=0.1415 val_acc=0.9769
[Monitor][student] epoch 52/100 | train_loss=0.0174 | val_loss=0.1415 | val_acc=0.9769 | Δacc=+0.0000
[Student] epoch=53 train_loss=0.0161 val_loss=0.1446 val_acc=0.9761
[Monitor][student] epoch 53/100 | train_loss=0.0161 | val_loss=0.1446 | val_acc=0.9761 | Δacc=-0.0007
[Student] epoch=54 train_loss=0.0177 val_loss=0.1406 val_acc=0.9769
[Monitor][student] epoch 54/100 | train_loss=0.0177 | val_loss=0.1406 | val_acc=0.9769 | Δacc=+0.0007
[Student] epoch=55 train_loss=0.0173 val_loss=0.1434 val_acc=0.9761
[Monitor][student] epoch 55/100 | train_loss=0.0173 | val_loss=0.1434 | val_acc=0.9761 | Δacc=-0.0007
[Student] epoch=56 train_loss=0.0168 val_loss=0.1406 val_acc=0.9776
[Monitor][student] epoch 56/100 | train_loss=0.0168 | val_loss=0.1406 | val_acc=0.9776 | Δacc=+0.0014
[Student] epoch=57 train_loss=0.0167 val_loss=0.1409 val_acc=0.9776
[Monitor][student] epoch 57/100 | train_loss=0.0167 | val_loss=0.1409 | val_acc=0.9776 | Δacc=+0.0000
[Student] epoch=58 train_loss=0.0170 val_loss=0.1424 val_acc=0.9769
[Monitor][student] epoch 58/100 | train_loss=0.0170 | val_loss=0.1424 | val_acc=0.9769 | Δacc=-0.0007
[Student] epoch=59 train_loss=0.0157 val_loss=0.1419 val_acc=0.9776
[Monitor][student] epoch 59/100 | train_loss=0.0157 | val_loss=0.1419 | val_acc=0.9776 | Δacc=+0.0007
[Student] epoch=60 train_loss=0.0163 val_loss=0.1407 val_acc=0.9769
[Monitor][student] epoch 60/100 | train_loss=0.0163 | val_loss=0.1407 | val_acc=0.9769 | Δacc=-0.0007
[Student] epoch=61 train_loss=0.0147 val_loss=0.1456 val_acc=0.9776
[Monitor][student] epoch 61/100 | train_loss=0.0147 | val_loss=0.1456 | val_acc=0.9776 | Δacc=+0.0007
[Student] epoch=62 train_loss=0.0161 val_loss=0.1443 val_acc=0.9769
[Monitor][student] epoch 62/100 | train_loss=0.0161 | val_loss=0.1443 | val_acc=0.9769 | Δacc=-0.0007
[Student] epoch=63 train_loss=0.0155 val_loss=0.1438 val_acc=0.9776
[Monitor][student] epoch 63/100 | train_loss=0.0155 | val_loss=0.1438 | val_acc=0.9776 | Δacc=+0.0007
[Student] epoch=64 train_loss=0.0149 val_loss=0.1399 val_acc=0.9790
[Monitor][student] epoch 64/100 | train_loss=0.0149 | val_loss=0.1399 | val_acc=0.9790 | Δacc=+0.0014
[Student] epoch=65 train_loss=0.0144 val_loss=0.1428 val_acc=0.9776
[Monitor][student] epoch 65/100 | train_loss=0.0144 | val_loss=0.1428 | val_acc=0.9776 | Δacc=-0.0014
[Student] epoch=66 train_loss=0.0162 val_loss=0.1444 val_acc=0.9783
[Monitor][student] epoch 66/100 | train_loss=0.0162 | val_loss=0.1444 | val_acc=0.9783 | Δacc=+0.0007
[Student] epoch=67 train_loss=0.0151 val_loss=0.1417 val_acc=0.9776
[Monitor][student] epoch 67/100 | train_loss=0.0151 | val_loss=0.1417 | val_acc=0.9776 | Δacc=-0.0007
[Student] epoch=68 train_loss=0.0137 val_loss=0.1401 val_acc=0.9776
[Monitor][student] epoch 68/100 | train_loss=0.0137 | val_loss=0.1401 | val_acc=0.9776 | Δacc=+0.0000
[Student] epoch=69 train_loss=0.0138 val_loss=0.1422 val_acc=0.9776
[Monitor][student] epoch 69/100 | train_loss=0.0138 | val_loss=0.1422 | val_acc=0.9776 | Δacc=+0.0000
[Student] epoch=70 train_loss=0.0167 val_loss=0.1402 val_acc=0.9776
[Monitor][student] epoch 70/100 | train_loss=0.0167 | val_loss=0.1402 | val_acc=0.9776 | Δacc=+0.0000
[Student] epoch=71 train_loss=0.0129 val_loss=0.1436 val_acc=0.9769
[Monitor][student] epoch 71/100 | train_loss=0.0129 | val_loss=0.1436 | val_acc=0.9769 | Δacc=-0.0007
[Student] epoch=72 train_loss=0.0132 val_loss=0.1448 val_acc=0.9769
[Monitor][student] epoch 72/100 | train_loss=0.0132 | val_loss=0.1448 | val_acc=0.9769 | Δacc=+0.0000
[Student] epoch=73 train_loss=0.0143 val_loss=0.1445 val_acc=0.9769
[Monitor][student] epoch 73/100 | train_loss=0.0143 | val_loss=0.1445 | val_acc=0.9769 | Δacc=+0.0000
[Student] epoch=74 train_loss=0.0146 val_loss=0.1441 val_acc=0.9776
[Monitor][student] epoch 74/100 | train_loss=0.0146 | val_loss=0.1441 | val_acc=0.9776 | Δacc=+0.0007
[Student] epoch=75 train_loss=0.0139 val_loss=0.1399 val_acc=0.9783
[Monitor][student] epoch 75/100 | train_loss=0.0139 | val_loss=0.1399 | val_acc=0.9783 | Δacc=+0.0007
[Student] epoch=76 train_loss=0.0136 val_loss=0.1435 val_acc=0.9776
[Monitor][student] epoch 76/100 | train_loss=0.0136 | val_loss=0.1435 | val_acc=0.9776 | Δacc=-0.0007
[Student] epoch=77 train_loss=0.0144 val_loss=0.1410 val_acc=0.9769
[Monitor][student] epoch 77/100 | train_loss=0.0144 | val_loss=0.1410 | val_acc=0.9769 | Δacc=-0.0007
[Student] epoch=78 train_loss=0.0131 val_loss=0.1428 val_acc=0.9776
[Monitor][student] epoch 78/100 | train_loss=0.0131 | val_loss=0.1428 | val_acc=0.9776 | Δacc=+0.0007
[Student] epoch=79 train_loss=0.0135 val_loss=0.1435 val_acc=0.9769
[Monitor][student] epoch 79/100 | train_loss=0.0135 | val_loss=0.1435 | val_acc=0.9769 | Δacc=-0.0007
[Student] epoch=80 train_loss=0.0133 val_loss=0.1478 val_acc=0.9776
[Monitor][student] epoch 80/100 | train_loss=0.0133 | val_loss=0.1478 | val_acc=0.9776 | Δacc=+0.0007
[Student] epoch=81 train_loss=0.0131 val_loss=0.1456 val_acc=0.9776
[Monitor][student] epoch 81/100 | train_loss=0.0131 | val_loss=0.1456 | val_acc=0.9776 | Δacc=+0.0000
[Student] epoch=82 train_loss=0.0132 val_loss=0.1455 val_acc=0.9769
[Monitor][student] epoch 82/100 | train_loss=0.0132 | val_loss=0.1455 | val_acc=0.9769 | Δacc=-0.0007
[Student] epoch=83 train_loss=0.0132 val_loss=0.1435 val_acc=0.9776
[Monitor][student] epoch 83/100 | train_loss=0.0132 | val_loss=0.1435 | val_acc=0.9776 | Δacc=+0.0007
[Student] epoch=84 train_loss=0.0124 val_loss=0.1458 val_acc=0.9776
[Monitor][student] epoch 84/100 | train_loss=0.0124 | val_loss=0.1458 | val_acc=0.9776 | Δacc=+0.0000
[Student] epoch=85 train_loss=0.0121 val_loss=0.1466 val_acc=0.9776
[Monitor][student] epoch 85/100 | train_loss=0.0121 | val_loss=0.1466 | val_acc=0.9776 | Δacc=+0.0000
[Student] epoch=86 train_loss=0.0114 val_loss=0.1464 val_acc=0.9776
[Monitor][student] epoch 86/100 | train_loss=0.0114 | val_loss=0.1464 | val_acc=0.9776 | Δacc=+0.0000
[Student] epoch=87 train_loss=0.0136 val_loss=0.1453 val_acc=0.9769
[Monitor][student] epoch 87/100 | train_loss=0.0136 | val_loss=0.1453 | val_acc=0.9769 | Δacc=-0.0007
[Student] epoch=88 train_loss=0.0122 val_loss=0.1448 val_acc=0.9776
[Monitor][student] epoch 88/100 | train_loss=0.0122 | val_loss=0.1448 | val_acc=0.9776 | Δacc=+0.0007
[Student] epoch=89 train_loss=0.0117 val_loss=0.1477 val_acc=0.9769
[Monitor][student] epoch 89/100 | train_loss=0.0117 | val_loss=0.1477 | val_acc=0.9769 | Δacc=-0.0007
[Student] epoch=90 train_loss=0.0128 val_loss=0.1444 val_acc=0.9761
[Monitor][student] epoch 90/100 | train_loss=0.0128 | val_loss=0.1444 | val_acc=0.9761 | Δacc=-0.0007
[Student] epoch=91 train_loss=0.0107 val_loss=0.1445 val_acc=0.9761
[Monitor][student] epoch 91/100 | train_loss=0.0107 | val_loss=0.1445 | val_acc=0.9761 | Δacc=+0.0000
[Student] epoch=92 train_loss=0.0118 val_loss=0.1413 val_acc=0.9776
[Monitor][student] epoch 92/100 | train_loss=0.0118 | val_loss=0.1413 | val_acc=0.9776 | Δacc=+0.0014
[Student] epoch=93 train_loss=0.0106 val_loss=0.1436 val_acc=0.9783
[Monitor][student] epoch 93/100 | train_loss=0.0106 | val_loss=0.1436 | val_acc=0.9783 | Δacc=+0.0007
[Student] epoch=94 train_loss=0.0114 val_loss=0.1463 val_acc=0.9761
[Monitor][student] epoch 94/100 | train_loss=0.0114 | val_loss=0.1463 | val_acc=0.9761 | Δacc=-0.0022
[Student] epoch=95 train_loss=0.0114 val_loss=0.1464 val_acc=0.9761
[Monitor][student] epoch 95/100 | train_loss=0.0114 | val_loss=0.1464 | val_acc=0.9761 | Δacc=+0.0000
[Student] epoch=96 train_loss=0.0111 val_loss=0.1485 val_acc=0.9769
[Monitor][student] epoch 96/100 | train_loss=0.0111 | val_loss=0.1485 | val_acc=0.9769 | Δacc=+0.0007
[Student] epoch=97 train_loss=0.0106 val_loss=0.1473 val_acc=0.9761
[Monitor][student] epoch 97/100 | train_loss=0.0106 | val_loss=0.1473 | val_acc=0.9761 | Δacc=-0.0007
[Student] epoch=98 train_loss=0.0109 val_loss=0.1434 val_acc=0.9761
[Monitor][student] epoch 98/100 | train_loss=0.0109 | val_loss=0.1434 | val_acc=0.9761 | Δacc=+0.0000
[Student] epoch=99 train_loss=0.0113 val_loss=0.1463 val_acc=0.9761
[Monitor][student] epoch 99/100 | train_loss=0.0113 | val_loss=0.1463 | val_acc=0.9761 | Δacc=+0.0000
[Student] epoch=100 train_loss=0.0111 val_loss=0.1438 val_acc=0.9761
[Monitor][student] epoch 100/100 | train_loss=0.0111 | val_loss=0.1438 | val_acc=0.9761 | Δacc=+0.0000
[Monitor] <<< Stage 'student' finished after 100 epochs | final acc=0.9761
