/walnut_data/yqm/NetKD/training/train.py:329: FutureWarning: `torch.cuda.amp.GradScaler(args...)` is deprecated. Please use `torch.amp.GradScaler('cuda', args...)` instead.
  scaler = torch.cuda.amp.GradScaler(enabled=use_amp)
Detected pre-split layout, using provided train/val/test folders under: /walnut_data/yqm/Dataset/ISCXVPN2016

Dataset split:
  Train: 13281 images (82.8%)
  Val:   1383 images (8.6%)
  Test:  1384 images (8.6%)

Image dimensions: 1 x 40 x 40
[Info] Found existing teacher checkpoints, skipping retrain.
[Monitor] >>> Stage 'student' started (100 epochs)
/walnut_data/yqm/NetKD/training/train.py:344: FutureWarning: `torch.cuda.amp.autocast(args...)` is deprecated. Please use `torch.amp.autocast('cuda', args...)` instead.
  with torch.cuda.amp.autocast(enabled=use_amp):
[Student] epoch=1 train_loss=2.3725 val_loss=2.1720 val_acc=0.3008
[Monitor][student] epoch 1/100 | train_loss=2.3725 | val_loss=2.1720 | val_acc=0.3008
[Student] epoch=2 train_loss=1.2992 val_loss=1.6152 val_acc=0.3406
[Monitor][student] epoch 2/100 | train_loss=1.2992 | val_loss=1.6152 | val_acc=0.3406 | Δacc=+0.0398
[Student] epoch=3 train_loss=1.0808 val_loss=1.1003 val_acc=0.5944
[Monitor][student] epoch 3/100 | train_loss=1.0808 | val_loss=1.1003 | val_acc=0.5944 | Δacc=+0.2538
[Student] epoch=4 train_loss=0.9282 val_loss=0.6161 val_acc=0.7570
[Monitor][student] epoch 4/100 | train_loss=0.9282 | val_loss=0.6161 | val_acc=0.7570 | Δacc=+0.1627
[Student] epoch=5 train_loss=0.8295 val_loss=0.6305 val_acc=0.7874
[Monitor][student] epoch 5/100 | train_loss=0.8295 | val_loss=0.6305 | val_acc=0.7874 | Δacc=+0.0304
[Student] epoch=6 train_loss=0.7222 val_loss=0.4682 val_acc=0.8388
[Monitor][student] epoch 6/100 | train_loss=0.7222 | val_loss=0.4682 | val_acc=0.8388 | Δacc=+0.0513
[Student] epoch=7 train_loss=0.6731 val_loss=0.4981 val_acc=0.8286
[Monitor][student] epoch 7/100 | train_loss=0.6731 | val_loss=0.4981 | val_acc=0.8286 | Δacc=-0.0101
[Student] epoch=8 train_loss=0.6126 val_loss=0.4634 val_acc=0.8445
[Monitor][student] epoch 8/100 | train_loss=0.6126 | val_loss=0.4634 | val_acc=0.8445 | Δacc=+0.0159
[Student] epoch=9 train_loss=0.5776 val_loss=0.4404 val_acc=0.8482
[Monitor][student] epoch 9/100 | train_loss=0.5776 | val_loss=0.4404 | val_acc=0.8482 | Δacc=+0.0036
[Student] epoch=10 train_loss=0.5535 val_loss=0.4144 val_acc=0.8626
[Monitor][student] epoch 10/100 | train_loss=0.5535 | val_loss=0.4144 | val_acc=0.8626 | Δacc=+0.0145
[Student] epoch=11 train_loss=0.5085 val_loss=0.3808 val_acc=0.8756
[Monitor][student] epoch 11/100 | train_loss=0.5085 | val_loss=0.3808 | val_acc=0.8756 | Δacc=+0.0130
[Student] epoch=12 train_loss=0.5079 val_loss=0.3783 val_acc=0.8807
[Monitor][student] epoch 12/100 | train_loss=0.5079 | val_loss=0.3783 | val_acc=0.8807 | Δacc=+0.0051
[Student] epoch=13 train_loss=0.4673 val_loss=0.3431 val_acc=0.8865
[Monitor][student] epoch 13/100 | train_loss=0.4673 | val_loss=0.3431 | val_acc=0.8865 | Δacc=+0.0058
[Student] epoch=14 train_loss=0.4463 val_loss=0.3246 val_acc=0.8915
[Monitor][student] epoch 14/100 | train_loss=0.4463 | val_loss=0.3246 | val_acc=0.8915 | Δacc=+0.0051
[Student] epoch=15 train_loss=0.4124 val_loss=0.3385 val_acc=0.8988
[Monitor][student] epoch 15/100 | train_loss=0.4124 | val_loss=0.3385 | val_acc=0.8988 | Δacc=+0.0072
[Student] epoch=16 train_loss=0.3897 val_loss=0.2616 val_acc=0.9147
[Monitor][student] epoch 16/100 | train_loss=0.3897 | val_loss=0.2616 | val_acc=0.9147 | Δacc=+0.0159
[Student] epoch=17 train_loss=0.3753 val_loss=0.3378 val_acc=0.8952
[Monitor][student] epoch 17/100 | train_loss=0.3753 | val_loss=0.3378 | val_acc=0.8952 | Δacc=-0.0195
[Student] epoch=18 train_loss=0.3680 val_loss=0.3144 val_acc=0.8923
[Monitor][student] epoch 18/100 | train_loss=0.3680 | val_loss=0.3144 | val_acc=0.8923 | Δacc=-0.0029
[Student] epoch=19 train_loss=0.3503 val_loss=0.2893 val_acc=0.9154
[Monitor][student] epoch 19/100 | train_loss=0.3503 | val_loss=0.2893 | val_acc=0.9154 | Δacc=+0.0231
[Student] epoch=20 train_loss=0.2647 val_loss=0.2367 val_acc=0.9306
[Monitor][student] epoch 20/100 | train_loss=0.2647 | val_loss=0.2367 | val_acc=0.9306 | Δacc=+0.0152
[Student] epoch=21 train_loss=0.2059 val_loss=0.1702 val_acc=0.9581
[Monitor][student] epoch 21/100 | train_loss=0.2059 | val_loss=0.1702 | val_acc=0.9581 | Δacc=+0.0275
[Student] epoch=22 train_loss=0.1697 val_loss=0.1868 val_acc=0.9494
[Monitor][student] epoch 22/100 | train_loss=0.1697 | val_loss=0.1868 | val_acc=0.9494 | Δacc=-0.0087
[Student] epoch=23 train_loss=0.1517 val_loss=0.1660 val_acc=0.9508
[Monitor][student] epoch 23/100 | train_loss=0.1517 | val_loss=0.1660 | val_acc=0.9508 | Δacc=+0.0014
[Student] epoch=24 train_loss=0.1421 val_loss=0.1721 val_acc=0.9552
[Monitor][student] epoch 24/100 | train_loss=0.1421 | val_loss=0.1721 | val_acc=0.9552 | Δacc=+0.0043
[Student] epoch=25 train_loss=0.1309 val_loss=0.2057 val_acc=0.9465
[Monitor][student] epoch 25/100 | train_loss=0.1309 | val_loss=0.2057 | val_acc=0.9465 | Δacc=-0.0087
[Student] epoch=26 train_loss=0.1125 val_loss=0.1582 val_acc=0.9588
[Monitor][student] epoch 26/100 | train_loss=0.1125 | val_loss=0.1582 | val_acc=0.9588 | Δacc=+0.0123
[Student] epoch=27 train_loss=0.1109 val_loss=0.1354 val_acc=0.9624
[Monitor][student] epoch 27/100 | train_loss=0.1109 | val_loss=0.1354 | val_acc=0.9624 | Δacc=+0.0036
[Student] epoch=28 train_loss=0.1004 val_loss=0.1391 val_acc=0.9660
[Monitor][student] epoch 28/100 | train_loss=0.1004 | val_loss=0.1391 | val_acc=0.9660 | Δacc=+0.0036
[Student] epoch=29 train_loss=0.0896 val_loss=0.1379 val_acc=0.9638
[Monitor][student] epoch 29/100 | train_loss=0.0896 | val_loss=0.1379 | val_acc=0.9638 | Δacc=-0.0022
[Student] epoch=30 train_loss=0.1004 val_loss=0.1687 val_acc=0.9588
[Monitor][student] epoch 30/100 | train_loss=0.1004 | val_loss=0.1687 | val_acc=0.9588 | Δacc=-0.0051
[Student] epoch=31 train_loss=0.0830 val_loss=0.1409 val_acc=0.9718
[Monitor][student] epoch 31/100 | train_loss=0.0830 | val_loss=0.1409 | val_acc=0.9718 | Δacc=+0.0130
[Student] epoch=32 train_loss=0.0543 val_loss=0.1381 val_acc=0.9718
[Monitor][student] epoch 32/100 | train_loss=0.0543 | val_loss=0.1381 | val_acc=0.9718 | Δacc=+0.0000
[Student] epoch=33 train_loss=0.0487 val_loss=0.1454 val_acc=0.9667
[Monitor][student] epoch 33/100 | train_loss=0.0487 | val_loss=0.1454 | val_acc=0.9667 | Δacc=-0.0051
[Student] epoch=34 train_loss=0.0354 val_loss=0.1284 val_acc=0.9732
[Monitor][student] epoch 34/100 | train_loss=0.0354 | val_loss=0.1284 | val_acc=0.9732 | Δacc=+0.0065
[Student] epoch=35 train_loss=0.0304 val_loss=0.1253 val_acc=0.9776
[Monitor][student] epoch 35/100 | train_loss=0.0304 | val_loss=0.1253 | val_acc=0.9776 | Δacc=+0.0043
[Student] epoch=36 train_loss=0.0259 val_loss=0.1280 val_acc=0.9761
[Monitor][student] epoch 36/100 | train_loss=0.0259 | val_loss=0.1280 | val_acc=0.9761 | Δacc=-0.0014
[Student] epoch=37 train_loss=0.0224 val_loss=0.1264 val_acc=0.9747
[Monitor][student] epoch 37/100 | train_loss=0.0224 | val_loss=0.1264 | val_acc=0.9747 | Δacc=-0.0014
[Student] epoch=38 train_loss=0.0201 val_loss=0.1341 val_acc=0.9754
[Monitor][student] epoch 38/100 | train_loss=0.0201 | val_loss=0.1341 | val_acc=0.9754 | Δacc=+0.0007
[Student] epoch=39 train_loss=0.0180 val_loss=0.1287 val_acc=0.9761
[Monitor][student] epoch 39/100 | train_loss=0.0180 | val_loss=0.1287 | val_acc=0.9761 | Δacc=+0.0007
[Student] epoch=40 train_loss=0.0165 val_loss=0.1307 val_acc=0.9754
[Monitor][student] epoch 40/100 | train_loss=0.0165 | val_loss=0.1307 | val_acc=0.9754 | Δacc=-0.0007
[Student] epoch=41 train_loss=0.0170 val_loss=0.1322 val_acc=0.9761
[Monitor][student] epoch 41/100 | train_loss=0.0170 | val_loss=0.1322 | val_acc=0.9761 | Δacc=+0.0007
[Student] epoch=42 train_loss=0.0156 val_loss=0.1311 val_acc=0.9769
[Monitor][student] epoch 42/100 | train_loss=0.0156 | val_loss=0.1311 | val_acc=0.9769 | Δacc=+0.0007
[Student] epoch=43 train_loss=0.0146 val_loss=0.1298 val_acc=0.9769
[Monitor][student] epoch 43/100 | train_loss=0.0146 | val_loss=0.1298 | val_acc=0.9769 | Δacc=+0.0000
[Student] epoch=44 train_loss=0.0162 val_loss=0.1293 val_acc=0.9769
[Monitor][student] epoch 44/100 | train_loss=0.0162 | val_loss=0.1293 | val_acc=0.9769 | Δacc=+0.0000
[Student] epoch=45 train_loss=0.0148 val_loss=0.1301 val_acc=0.9769
[Monitor][student] epoch 45/100 | train_loss=0.0148 | val_loss=0.1301 | val_acc=0.9769 | Δacc=+0.0000
[Student] epoch=46 train_loss=0.0135 val_loss=0.1294 val_acc=0.9776
[Monitor][student] epoch 46/100 | train_loss=0.0135 | val_loss=0.1294 | val_acc=0.9776 | Δacc=+0.0007
[Student] epoch=47 train_loss=0.0144 val_loss=0.1287 val_acc=0.9776
[Monitor][student] epoch 47/100 | train_loss=0.0144 | val_loss=0.1287 | val_acc=0.9776 | Δacc=+0.0000
[Student] epoch=48 train_loss=0.0137 val_loss=0.1287 val_acc=0.9769
[Monitor][student] epoch 48/100 | train_loss=0.0137 | val_loss=0.1287 | val_acc=0.9769 | Δacc=-0.0007
[Student] epoch=49 train_loss=0.0146 val_loss=0.1292 val_acc=0.9769
[Monitor][student] epoch 49/100 | train_loss=0.0146 | val_loss=0.1292 | val_acc=0.9769 | Δacc=+0.0000
[Student] epoch=50 train_loss=0.0133 val_loss=0.1295 val_acc=0.9769
[Monitor][student] epoch 50/100 | train_loss=0.0133 | val_loss=0.1295 | val_acc=0.9769 | Δacc=+0.0000
[Student] epoch=51 train_loss=0.0135 val_loss=0.1300 val_acc=0.9769
[Monitor][student] epoch 51/100 | train_loss=0.0135 | val_loss=0.1300 | val_acc=0.9769 | Δacc=+0.0000
[Student] epoch=52 train_loss=0.0136 val_loss=0.1283 val_acc=0.9769
[Monitor][student] epoch 52/100 | train_loss=0.0136 | val_loss=0.1283 | val_acc=0.9769 | Δacc=+0.0000
[Student] epoch=53 train_loss=0.0135 val_loss=0.1308 val_acc=0.9754
[Monitor][student] epoch 53/100 | train_loss=0.0135 | val_loss=0.1308 | val_acc=0.9754 | Δacc=-0.0014
[Student] epoch=54 train_loss=0.0132 val_loss=0.1306 val_acc=0.9776
[Monitor][student] epoch 54/100 | train_loss=0.0132 | val_loss=0.1306 | val_acc=0.9776 | Δacc=+0.0022
[Student] epoch=55 train_loss=0.0135 val_loss=0.1309 val_acc=0.9769
[Monitor][student] epoch 55/100 | train_loss=0.0135 | val_loss=0.1309 | val_acc=0.9769 | Δacc=-0.0007
[Student] epoch=56 train_loss=0.0135 val_loss=0.1301 val_acc=0.9776
[Monitor][student] epoch 56/100 | train_loss=0.0135 | val_loss=0.1301 | val_acc=0.9776 | Δacc=+0.0007
[Student] epoch=57 train_loss=0.0134 val_loss=0.1280 val_acc=0.9776
[Monitor][student] epoch 57/100 | train_loss=0.0134 | val_loss=0.1280 | val_acc=0.9776 | Δacc=+0.0000
[Student] epoch=58 train_loss=0.0134 val_loss=0.1280 val_acc=0.9776
[Monitor][student] epoch 58/100 | train_loss=0.0134 | val_loss=0.1280 | val_acc=0.9776 | Δacc=+0.0000
[Student] epoch=59 train_loss=0.0131 val_loss=0.1284 val_acc=0.9776
[Monitor][student] epoch 59/100 | train_loss=0.0131 | val_loss=0.1284 | val_acc=0.9776 | Δacc=+0.0000
[Student] epoch=60 train_loss=0.0121 val_loss=0.1299 val_acc=0.9769
[Monitor][student] epoch 60/100 | train_loss=0.0121 | val_loss=0.1299 | val_acc=0.9769 | Δacc=-0.0007
[Student] epoch=61 train_loss=0.0132 val_loss=0.1274 val_acc=0.9776
[Monitor][student] epoch 61/100 | train_loss=0.0132 | val_loss=0.1274 | val_acc=0.9776 | Δacc=+0.0007
[Student] epoch=62 train_loss=0.0128 val_loss=0.1301 val_acc=0.9776
[Monitor][student] epoch 62/100 | train_loss=0.0128 | val_loss=0.1301 | val_acc=0.9776 | Δacc=+0.0000
[Student] epoch=63 train_loss=0.0121 val_loss=0.1289 val_acc=0.9769
[Monitor][student] epoch 63/100 | train_loss=0.0121 | val_loss=0.1289 | val_acc=0.9769 | Δacc=-0.0007
[Student] epoch=64 train_loss=0.0135 val_loss=0.1295 val_acc=0.9776
[Monitor][student] epoch 64/100 | train_loss=0.0135 | val_loss=0.1295 | val_acc=0.9776 | Δacc=+0.0007
[Student] epoch=65 train_loss=0.0136 val_loss=0.1275 val_acc=0.9776
[Monitor][student] epoch 65/100 | train_loss=0.0136 | val_loss=0.1275 | val_acc=0.9776 | Δacc=+0.0000
[Student] epoch=66 train_loss=0.0126 val_loss=0.1294 val_acc=0.9776
[Monitor][student] epoch 66/100 | train_loss=0.0126 | val_loss=0.1294 | val_acc=0.9776 | Δacc=+0.0000
[Student] epoch=67 train_loss=0.0132 val_loss=0.1286 val_acc=0.9769
[Monitor][student] epoch 67/100 | train_loss=0.0132 | val_loss=0.1286 | val_acc=0.9769 | Δacc=-0.0007
[Student] epoch=68 train_loss=0.0124 val_loss=0.1293 val_acc=0.9776
[Monitor][student] epoch 68/100 | train_loss=0.0124 | val_loss=0.1293 | val_acc=0.9776 | Δacc=+0.0007
[Student] epoch=69 train_loss=0.0118 val_loss=0.1299 val_acc=0.9776
[Monitor][student] epoch 69/100 | train_loss=0.0118 | val_loss=0.1299 | val_acc=0.9776 | Δacc=+0.0000
[Student] epoch=70 train_loss=0.0130 val_loss=0.1297 val_acc=0.9769
[Monitor][student] epoch 70/100 | train_loss=0.0130 | val_loss=0.1297 | val_acc=0.9769 | Δacc=-0.0007
[Student] epoch=71 train_loss=0.0116 val_loss=0.1304 val_acc=0.9776
[Monitor][student] epoch 71/100 | train_loss=0.0116 | val_loss=0.1304 | val_acc=0.9776 | Δacc=+0.0007
[Student] epoch=72 train_loss=0.0123 val_loss=0.1299 val_acc=0.9769
[Monitor][student] epoch 72/100 | train_loss=0.0123 | val_loss=0.1299 | val_acc=0.9769 | Δacc=-0.0007
[Student] epoch=73 train_loss=0.0119 val_loss=0.1283 val_acc=0.9776
[Monitor][student] epoch 73/100 | train_loss=0.0119 | val_loss=0.1283 | val_acc=0.9776 | Δacc=+0.0007
[Student] epoch=74 train_loss=0.0128 val_loss=0.1291 val_acc=0.9776
[Monitor][student] epoch 74/100 | train_loss=0.0128 | val_loss=0.1291 | val_acc=0.9776 | Δacc=+0.0000
[Student] epoch=75 train_loss=0.0117 val_loss=0.1303 val_acc=0.9776
[Monitor][student] epoch 75/100 | train_loss=0.0117 | val_loss=0.1303 | val_acc=0.9776 | Δacc=+0.0000
[Student] epoch=76 train_loss=0.0125 val_loss=0.1295 val_acc=0.9776
[Monitor][student] epoch 76/100 | train_loss=0.0125 | val_loss=0.1295 | val_acc=0.9776 | Δacc=+0.0000
[Student] epoch=77 train_loss=0.0119 val_loss=0.1296 val_acc=0.9769
[Monitor][student] epoch 77/100 | train_loss=0.0119 | val_loss=0.1296 | val_acc=0.9769 | Δacc=-0.0007
[Student] epoch=78 train_loss=0.0109 val_loss=0.1305 val_acc=0.9761
[Monitor][student] epoch 78/100 | train_loss=0.0109 | val_loss=0.1305 | val_acc=0.9761 | Δacc=-0.0007
[Student] epoch=79 train_loss=0.0119 val_loss=0.1298 val_acc=0.9761
[Monitor][student] epoch 79/100 | train_loss=0.0119 | val_loss=0.1298 | val_acc=0.9761 | Δacc=+0.0000
[Student] epoch=80 train_loss=0.0118 val_loss=0.1295 val_acc=0.9769
[Monitor][student] epoch 80/100 | train_loss=0.0118 | val_loss=0.1295 | val_acc=0.9769 | Δacc=+0.0007
[Student] epoch=81 train_loss=0.0111 val_loss=0.1300 val_acc=0.9769
[Monitor][student] epoch 81/100 | train_loss=0.0111 | val_loss=0.1300 | val_acc=0.9769 | Δacc=+0.0000
[Student] epoch=82 train_loss=0.0114 val_loss=0.1301 val_acc=0.9769
[Monitor][student] epoch 82/100 | train_loss=0.0114 | val_loss=0.1301 | val_acc=0.9769 | Δacc=+0.0000
[Student] epoch=83 train_loss=0.0111 val_loss=0.1278 val_acc=0.9769
[Monitor][student] epoch 83/100 | train_loss=0.0111 | val_loss=0.1278 | val_acc=0.9769 | Δacc=+0.0000
[Student] epoch=84 train_loss=0.0113 val_loss=0.1266 val_acc=0.9776
[Monitor][student] epoch 84/100 | train_loss=0.0113 | val_loss=0.1266 | val_acc=0.9776 | Δacc=+0.0007
[Student] epoch=85 train_loss=0.0125 val_loss=0.1302 val_acc=0.9776
[Monitor][student] epoch 85/100 | train_loss=0.0125 | val_loss=0.1302 | val_acc=0.9776 | Δacc=+0.0000
[Student] epoch=86 train_loss=0.0111 val_loss=0.1296 val_acc=0.9769
[Monitor][student] epoch 86/100 | train_loss=0.0111 | val_loss=0.1296 | val_acc=0.9769 | Δacc=-0.0007
[Student] epoch=87 train_loss=0.0109 val_loss=0.1267 val_acc=0.9776
[Monitor][student] epoch 87/100 | train_loss=0.0109 | val_loss=0.1267 | val_acc=0.9776 | Δacc=+0.0007
[Student] epoch=88 train_loss=0.0110 val_loss=0.1287 val_acc=0.9776
[Monitor][student] epoch 88/100 | train_loss=0.0110 | val_loss=0.1287 | val_acc=0.9776 | Δacc=+0.0000
[Student] epoch=89 train_loss=0.0109 val_loss=0.1292 val_acc=0.9776
[Monitor][student] epoch 89/100 | train_loss=0.0109 | val_loss=0.1292 | val_acc=0.9776 | Δacc=+0.0000
[Student] epoch=90 train_loss=0.0109 val_loss=0.1278 val_acc=0.9769
[Monitor][student] epoch 90/100 | train_loss=0.0109 | val_loss=0.1278 | val_acc=0.9769 | Δacc=-0.0007
[Student] epoch=91 train_loss=0.0102 val_loss=0.1309 val_acc=0.9776
[Monitor][student] epoch 91/100 | train_loss=0.0102 | val_loss=0.1309 | val_acc=0.9776 | Δacc=+0.0007
[Student] epoch=92 train_loss=0.0114 val_loss=0.1281 val_acc=0.9776
[Monitor][student] epoch 92/100 | train_loss=0.0114 | val_loss=0.1281 | val_acc=0.9776 | Δacc=+0.0000
[Student] epoch=93 train_loss=0.0110 val_loss=0.1272 val_acc=0.9769
[Monitor][student] epoch 93/100 | train_loss=0.0110 | val_loss=0.1272 | val_acc=0.9769 | Δacc=-0.0007
[Student] epoch=94 train_loss=0.0103 val_loss=0.1276 val_acc=0.9776
[Monitor][student] epoch 94/100 | train_loss=0.0103 | val_loss=0.1276 | val_acc=0.9776 | Δacc=+0.0007
[Student] epoch=95 train_loss=0.0106 val_loss=0.1273 val_acc=0.9776
[Monitor][student] epoch 95/100 | train_loss=0.0106 | val_loss=0.1273 | val_acc=0.9776 | Δacc=+0.0000
[Student] epoch=96 train_loss=0.0102 val_loss=0.1273 val_acc=0.9783
[Monitor][student] epoch 96/100 | train_loss=0.0102 | val_loss=0.1273 | val_acc=0.9783 | Δacc=+0.0007
[Student] epoch=97 train_loss=0.0110 val_loss=0.1301 val_acc=0.9769
[Monitor][student] epoch 97/100 | train_loss=0.0110 | val_loss=0.1301 | val_acc=0.9769 | Δacc=-0.0014
[Student] epoch=98 train_loss=0.0100 val_loss=0.1288 val_acc=0.9776
[Monitor][student] epoch 98/100 | train_loss=0.0100 | val_loss=0.1288 | val_acc=0.9776 | Δacc=+0.0007
[Student] epoch=99 train_loss=0.0104 val_loss=0.1277 val_acc=0.9776
[Monitor][student] epoch 99/100 | train_loss=0.0104 | val_loss=0.1277 | val_acc=0.9776 | Δacc=+0.0000
[Student] epoch=100 train_loss=0.0107 val_loss=0.1290 val_acc=0.9776
[Monitor][student] epoch 100/100 | train_loss=0.0107 | val_loss=0.1290 | val_acc=0.9776 | Δacc=+0.0000
[Monitor] <<< Stage 'student' finished after 100 epochs | final acc=0.9776
