nohup: ignoring input
/workspace/yqm/NetKD/scripts/exp1_student_baseline.py:171: FutureWarning: `torch.cuda.amp.GradScaler(args...)` is deprecated. Please use `torch.amp.GradScaler('cuda', args...)` instead.
  scaler = GradScaler()
Using device: cuda:0
Loading data...
Classes: ['browsing', 'chat', 'email', 'ftp', 'p2p', 'streaming', 'voip']
Train samples: 13281, Val: 1383, Test: 1384
Number of classes: 7

Training MobileNetV2
  Parameters: 2.23M (trainable: 2.23M)
/workspace/yqm/NetKD/scripts/exp1_student_baseline.py:115: FutureWarning: `torch.cuda.amp.autocast(args...)` is deprecated. Please use `torch.amp.autocast('cuda', args...)` instead.
  with autocast():
  Epoch 1/50: Loss=2.1183, Train Acc=52.01%, Val Acc=69.41%
  Epoch 2/50: Loss=1.0726, Train Acc=71.63%, Val Acc=79.32%
  Epoch 3/50: Loss=0.9260, Train Acc=78.57%, Val Acc=84.38%
  Epoch 4/50: Loss=0.8266, Train Acc=83.77%, Val Acc=88.21%
  Epoch 5/50: Loss=0.7617, Train Acc=87.12%, Val Acc=87.49%
  Epoch 6/50: Loss=0.7170, Train Acc=88.94%, Val Acc=91.90%
  Epoch 7/50: Loss=0.6610, Train Acc=91.84%, Val Acc=94.14%
  Epoch 8/50: Loss=0.6201, Train Acc=93.79%, Val Acc=94.50%
  Epoch 9/50: Loss=0.5924, Train Acc=94.86%, Val Acc=94.29%
  Epoch 10/50: Loss=0.5783, Train Acc=95.69%, Val Acc=94.07%
  Epoch 11/50: Loss=0.5547, Train Acc=96.65%, Val Acc=96.17%
  Epoch 12/50: Loss=0.5404, Train Acc=97.13%, Val Acc=95.08%
  Epoch 13/50: Loss=0.5466, Train Acc=96.83%, Val Acc=95.30%
  Epoch 14/50: Loss=0.5263, Train Acc=97.59%, Val Acc=96.46%
  Epoch 15/50: Loss=0.5160, Train Acc=97.96%, Val Acc=96.96%
  Epoch 16/50: Loss=0.5155, Train Acc=97.96%, Val Acc=95.16%
  Epoch 17/50: Loss=0.5113, Train Acc=98.09%, Val Acc=96.75%
  Epoch 18/50: Loss=0.5070, Train Acc=98.16%, Val Acc=96.82%
  Epoch 19/50: Loss=0.5030, Train Acc=98.25%, Val Acc=96.10%
  Epoch 20/50: Loss=0.5066, Train Acc=98.10%, Val Acc=96.46%
  Epoch 21/50: Loss=0.4970, Train Acc=98.35%, Val Acc=96.82%
  Epoch 22/50: Loss=0.4970, Train Acc=98.33%, Val Acc=96.60%
  Epoch 23/50: Loss=0.4925, Train Acc=98.46%, Val Acc=96.82%
  Epoch 24/50: Loss=0.4877, Train Acc=98.74%, Val Acc=96.96%
  Epoch 25/50: Loss=0.4782, Train Acc=98.97%, Val Acc=97.11%
  Epoch 26/50: Loss=0.4798, Train Acc=98.95%, Val Acc=96.46%
  Epoch 27/50: Loss=0.4740, Train Acc=99.11%, Val Acc=97.04%
  Epoch 28/50: Loss=0.4719, Train Acc=99.14%, Val Acc=97.61%
  Epoch 29/50: Loss=0.4645, Train Acc=99.54%, Val Acc=97.40%
  Epoch 30/50: Loss=0.4664, Train Acc=99.39%, Val Acc=97.54%
  Epoch 31/50: Loss=0.4587, Train Acc=99.68%, Val Acc=97.25%
  Epoch 32/50: Loss=0.4603, Train Acc=99.62%, Val Acc=97.32%
  Epoch 33/50: Loss=0.4596, Train Acc=99.61%, Val Acc=97.47%
  Epoch 34/50: Loss=0.4633, Train Acc=99.47%, Val Acc=97.32%
  Epoch 35/50: Loss=0.4552, Train Acc=99.78%, Val Acc=97.25%
  Epoch 36/50: Loss=0.4527, Train Acc=99.87%, Val Acc=97.54%
  Epoch 37/50: Loss=0.4529, Train Acc=99.86%, Val Acc=97.47%
  Epoch 38/50: Loss=0.4519, Train Acc=99.92%, Val Acc=97.32%
  Epoch 39/50: Loss=0.4504, Train Acc=99.96%, Val Acc=97.47%
  Epoch 40/50: Loss=0.4502, Train Acc=99.93%, Val Acc=97.90%
  Epoch 41/50: Loss=0.4497, Train Acc=99.96%, Val Acc=97.54%
  Epoch 42/50: Loss=0.4504, Train Acc=99.92%, Val Acc=97.54%
  Epoch 43/50: Loss=0.4496, Train Acc=99.98%, Val Acc=97.61%
  Epoch 44/50: Loss=0.4496, Train Acc=99.96%, Val Acc=97.69%
  Epoch 45/50: Loss=0.4486, Train Acc=99.99%, Val Acc=97.76%
  Epoch 46/50: Loss=0.4482, Train Acc=100.00%, Val Acc=97.69%
  Epoch 47/50: Loss=0.4486, Train Acc=99.98%, Val Acc=97.54%
  Epoch 48/50: Loss=0.4488, Train Acc=99.98%, Val Acc=97.61%
  Epoch 49/50: Loss=0.4484, Train Acc=99.99%, Val Acc=97.69%
  Epoch 50/50: Loss=0.4482, Train Acc=99.99%, Val Acc=97.61%
  Best Val Acc: 97.90%, Test Acc: 96.68%
  Training Time: 3.5 minutes

Training MobileNetV3-Small
  Parameters: 1.52M (trainable: 1.52M)
  Epoch 1/50: Loss=1.9201, Train Acc=51.25%, Val Acc=61.17%
  Epoch 2/50: Loss=1.1840, Train Acc=67.34%, Val Acc=71.58%
  Epoch 3/50: Loss=1.0494, Train Acc=72.95%, Val Acc=75.13%
  Epoch 4/50: Loss=0.9456, Train Acc=77.85%, Val Acc=80.26%
  Epoch 5/50: Loss=0.8849, Train Acc=79.72%, Val Acc=81.85%
  Epoch 6/50: Loss=0.8391, Train Acc=82.26%, Val Acc=79.68%
  Epoch 7/50: Loss=0.7820, Train Acc=85.41%, Val Acc=87.13%
  Epoch 8/50: Loss=0.7564, Train Acc=86.51%, Val Acc=88.14%
  Epoch 9/50: Loss=0.7274, Train Acc=88.03%, Val Acc=86.84%
  Epoch 10/50: Loss=0.7044, Train Acc=89.26%, Val Acc=85.76%
  Epoch 11/50: Loss=0.6909, Train Acc=89.44%, Val Acc=90.31%
  Epoch 12/50: Loss=0.6574, Train Acc=91.45%, Val Acc=87.78%
  Epoch 13/50: Loss=0.6442, Train Acc=92.15%, Val Acc=92.99%
  Epoch 14/50: Loss=0.6324, Train Acc=92.62%, Val Acc=92.84%
  Epoch 15/50: Loss=0.6199, Train Acc=92.96%, Val Acc=93.49%
  Epoch 16/50: Loss=0.5962, Train Acc=94.38%, Val Acc=93.49%
  Epoch 17/50: Loss=0.5943, Train Acc=94.26%, Val Acc=93.35%
  Epoch 18/50: Loss=0.5808, Train Acc=94.91%, Val Acc=94.14%
  Epoch 19/50: Loss=0.5631, Train Acc=95.54%, Val Acc=95.01%
  Epoch 20/50: Loss=0.5631, Train Acc=95.56%, Val Acc=95.16%
  Epoch 21/50: Loss=0.5571, Train Acc=95.90%, Val Acc=95.23%
  Epoch 22/50: Loss=0.5432, Train Acc=96.45%, Val Acc=95.66%
  Epoch 23/50: Loss=0.5493, Train Acc=96.27%, Val Acc=95.66%
  Epoch 24/50: Loss=0.5288, Train Acc=96.91%, Val Acc=95.44%
  Epoch 25/50: Loss=0.5229, Train Acc=97.22%, Val Acc=96.10%
  Epoch 26/50: Loss=0.5214, Train Acc=97.11%, Val Acc=95.37%
  Epoch 27/50: Loss=0.5197, Train Acc=97.37%, Val Acc=95.95%
  Epoch 28/50: Loss=0.5078, Train Acc=97.78%, Val Acc=95.73%
  Epoch 29/50: Loss=0.5044, Train Acc=98.00%, Val Acc=96.67%
  Epoch 30/50: Loss=0.4977, Train Acc=98.23%, Val Acc=96.67%
  Epoch 31/50: Loss=0.4954, Train Acc=98.34%, Val Acc=96.89%
  Epoch 32/50: Loss=0.4898, Train Acc=98.61%, Val Acc=96.96%
  Epoch 33/50: Loss=0.4900, Train Acc=98.50%, Val Acc=97.32%
  Epoch 34/50: Loss=0.4852, Train Acc=98.77%, Val Acc=97.32%
  Epoch 35/50: Loss=0.4776, Train Acc=99.05%, Val Acc=97.54%
  Epoch 36/50: Loss=0.4748, Train Acc=99.13%, Val Acc=97.11%
  Epoch 37/50: Loss=0.4704, Train Acc=99.28%, Val Acc=97.54%
  Epoch 38/50: Loss=0.4723, Train Acc=99.07%, Val Acc=97.83%
  Epoch 39/50: Loss=0.4683, Train Acc=99.31%, Val Acc=97.83%
  Epoch 40/50: Loss=0.4703, Train Acc=99.28%, Val Acc=97.54%
  Epoch 41/50: Loss=0.4675, Train Acc=99.29%, Val Acc=97.76%
  Epoch 42/50: Loss=0.4645, Train Acc=99.53%, Val Acc=97.54%
  Epoch 43/50: Loss=0.4626, Train Acc=99.60%, Val Acc=97.83%
  Epoch 44/50: Loss=0.4642, Train Acc=99.41%, Val Acc=97.90%
  Epoch 45/50: Loss=0.4604, Train Acc=99.60%, Val Acc=97.76%
  Epoch 46/50: Loss=0.4600, Train Acc=99.70%, Val Acc=97.69%
  Epoch 47/50: Loss=0.4599, Train Acc=99.68%, Val Acc=97.83%
  Epoch 48/50: Loss=0.4602, Train Acc=99.65%, Val Acc=97.76%
  Epoch 49/50: Loss=0.4604, Train Acc=99.68%, Val Acc=97.83%
  Epoch 50/50: Loss=0.4594, Train Acc=99.68%, Val Acc=97.76%
  Best Val Acc: 97.90%, Test Acc: 97.25%
  Training Time: 3.3 minutes

Training MobileNetV3-Large
  Parameters: 4.21M (trainable: 4.21M)
  Epoch 1/50: Loss=2.0728, Train Acc=55.91%, Val Acc=68.19%
  Epoch 2/50: Loss=1.1184, Train Acc=72.08%, Val Acc=80.26%
  Epoch 3/50: Loss=0.9657, Train Acc=78.78%, Val Acc=85.97%
  Epoch 4/50: Loss=0.8521, Train Acc=83.51%, Val Acc=87.20%
  Epoch 5/50: Loss=0.7763, Train Acc=86.68%, Val Acc=90.67%
  Epoch 6/50: Loss=0.7055, Train Acc=90.39%, Val Acc=92.34%
  Epoch 7/50: Loss=0.6805, Train Acc=91.39%, Val Acc=92.70%
  Epoch 8/50: Loss=0.6391, Train Acc=93.35%, Val Acc=94.14%
  Epoch 9/50: Loss=0.6336, Train Acc=93.45%, Val Acc=93.56%
  Epoch 10/50: Loss=0.6116, Train Acc=94.52%, Val Acc=95.44%
  Epoch 11/50: Loss=0.5843, Train Acc=95.29%, Val Acc=95.23%
  Epoch 12/50: Loss=0.5585, Train Acc=96.27%, Val Acc=96.31%
  Epoch 13/50: Loss=0.5413, Train Acc=96.94%, Val Acc=96.53%
  Epoch 14/50: Loss=0.5235, Train Acc=97.42%, Val Acc=95.88%
  Epoch 15/50: Loss=0.5239, Train Acc=97.36%, Val Acc=96.38%
  Epoch 16/50: Loss=0.5040, Train Acc=98.17%, Val Acc=97.18%
  Epoch 17/50: Loss=0.5001, Train Acc=98.23%, Val Acc=96.67%
  Epoch 18/50: Loss=0.5030, Train Acc=98.03%, Val Acc=96.75%
  Epoch 19/50: Loss=0.5040, Train Acc=98.10%, Val Acc=97.04%
  Epoch 20/50: Loss=0.4965, Train Acc=98.25%, Val Acc=96.89%
  Epoch 21/50: Loss=0.4921, Train Acc=98.41%, Val Acc=97.25%
  Epoch 22/50: Loss=0.4838, Train Acc=98.77%, Val Acc=97.18%
  Epoch 23/50: Loss=0.4814, Train Acc=98.95%, Val Acc=97.76%
  Epoch 24/50: Loss=0.4823, Train Acc=98.72%, Val Acc=97.25%
  Epoch 25/50: Loss=0.4861, Train Acc=98.61%, Val Acc=97.32%
  Epoch 26/50: Loss=0.4785, Train Acc=99.00%, Val Acc=97.69%
  Epoch 27/50: Loss=0.4705, Train Acc=99.29%, Val Acc=97.69%
  Epoch 28/50: Loss=0.4718, Train Acc=99.17%, Val Acc=97.76%
  Epoch 29/50: Loss=0.4680, Train Acc=99.32%, Val Acc=97.83%
  Epoch 30/50: Loss=0.4645, Train Acc=99.46%, Val Acc=97.69%
  Epoch 31/50: Loss=0.4589, Train Acc=99.64%, Val Acc=98.19%
  Epoch 32/50: Loss=0.4585, Train Acc=99.65%, Val Acc=97.76%
  Epoch 33/50: Loss=0.4570, Train Acc=99.74%, Val Acc=97.69%
  Epoch 34/50: Loss=0.4563, Train Acc=99.71%, Val Acc=98.19%
  Epoch 35/50: Loss=0.4545, Train Acc=99.77%, Val Acc=98.26%
  Epoch 36/50: Loss=0.4535, Train Acc=99.81%, Val Acc=98.19%
  Epoch 37/50: Loss=0.4515, Train Acc=99.90%, Val Acc=98.12%
  Epoch 38/50: Loss=0.4512, Train Acc=99.88%, Val Acc=98.12%
  Epoch 39/50: Loss=0.4505, Train Acc=99.93%, Val Acc=97.98%
  Epoch 40/50: Loss=0.4500, Train Acc=99.93%, Val Acc=97.98%
  Epoch 41/50: Loss=0.4505, Train Acc=99.91%, Val Acc=98.12%
  Epoch 42/50: Loss=0.4505, Train Acc=99.90%, Val Acc=98.12%
  Epoch 43/50: Loss=0.4496, Train Acc=99.96%, Val Acc=98.19%
  Epoch 44/50: Loss=0.4487, Train Acc=99.97%, Val Acc=97.98%
  Epoch 45/50: Loss=0.4491, Train Acc=99.97%, Val Acc=97.90%
  Epoch 46/50: Loss=0.4490, Train Acc=99.97%, Val Acc=97.98%
  Epoch 47/50: Loss=0.4492, Train Acc=99.96%, Val Acc=97.83%
  Epoch 48/50: Loss=0.4492, Train Acc=99.95%, Val Acc=98.12%
  Epoch 49/50: Loss=0.4500, Train Acc=99.91%, Val Acc=98.05%
  Epoch 50/50: Loss=0.4487, Train Acc=99.97%, Val Acc=97.90%
  Best Val Acc: 98.26%, Test Acc: 96.97%
  Training Time: 3.8 minutes

Training GhostNet
  Parameters: 3.91M (trainable: 3.91M)
  Epoch 1/50: Loss=1.0692, Train Acc=70.83%, Val Acc=78.67%
  Epoch 2/50: Loss=0.8428, Train Acc=81.87%, Val Acc=82.50%
  Epoch 3/50: Loss=0.7852, Train Acc=84.61%, Val Acc=86.77%
  Epoch 4/50: Loss=0.7302, Train Acc=87.37%, Val Acc=88.07%
  Epoch 5/50: Loss=0.6764, Train Acc=90.44%, Val Acc=88.00%
  Epoch 6/50: Loss=0.6420, Train Acc=91.97%, Val Acc=92.41%
  Epoch 7/50: Loss=0.6109, Train Acc=93.40%, Val Acc=93.42%
  Epoch 8/50: Loss=0.5812, Train Acc=94.52%, Val Acc=94.87%
  Epoch 9/50: Loss=0.5719, Train Acc=95.19%, Val Acc=93.64%
  Epoch 10/50: Loss=0.5587, Train Acc=95.69%, Val Acc=94.79%
  Epoch 11/50: Loss=0.5337, Train Acc=96.93%, Val Acc=96.02%
  Epoch 12/50: Loss=0.5268, Train Acc=96.88%, Val Acc=95.59%
  Epoch 13/50: Loss=0.5295, Train Acc=97.00%, Val Acc=91.47%
  Epoch 14/50: Loss=0.5201, Train Acc=97.33%, Val Acc=96.53%
  Epoch 15/50: Loss=0.5115, Train Acc=97.58%, Val Acc=96.75%
  Epoch 16/50: Loss=0.4998, Train Acc=98.15%, Val Acc=96.67%
  Epoch 17/50: Loss=0.5022, Train Acc=98.09%, Val Acc=96.67%
  Epoch 18/50: Loss=0.5046, Train Acc=97.90%, Val Acc=96.67%
  Epoch 19/50: Loss=0.4916, Train Acc=98.40%, Val Acc=97.18%
  Epoch 20/50: Loss=0.4861, Train Acc=98.58%, Val Acc=96.82%
  Epoch 21/50: Loss=0.4856, Train Acc=98.59%, Val Acc=97.54%
  Epoch 22/50: Loss=0.4820, Train Acc=98.80%, Val Acc=97.32%
  Epoch 23/50: Loss=0.4867, Train Acc=98.52%, Val Acc=97.40%
  Epoch 24/50: Loss=0.4780, Train Acc=98.92%, Val Acc=97.40%
  Epoch 25/50: Loss=0.4801, Train Acc=98.88%, Val Acc=97.32%
  Epoch 26/50: Loss=0.4771, Train Acc=98.99%, Val Acc=97.11%
  Epoch 27/50: Loss=0.4698, Train Acc=99.28%, Val Acc=97.90%
  Epoch 28/50: Loss=0.4666, Train Acc=99.39%, Val Acc=98.05%
  Epoch 29/50: Loss=0.4659, Train Acc=99.44%, Val Acc=97.76%
  Epoch 30/50: Loss=0.4622, Train Acc=99.59%, Val Acc=97.98%
  Epoch 31/50: Loss=0.4597, Train Acc=99.65%, Val Acc=97.90%
  Epoch 32/50: Loss=0.4597, Train Acc=99.65%, Val Acc=97.98%
  Epoch 33/50: Loss=0.4588, Train Acc=99.66%, Val Acc=98.26%
  Epoch 34/50: Loss=0.4581, Train Acc=99.67%, Val Acc=98.26%
  Epoch 35/50: Loss=0.4580, Train Acc=99.66%, Val Acc=98.05%
  Epoch 36/50: Loss=0.4565, Train Acc=99.74%, Val Acc=97.98%
  Epoch 37/50: Loss=0.4553, Train Acc=99.77%, Val Acc=98.19%
  Epoch 38/50: Loss=0.4547, Train Acc=99.78%, Val Acc=98.12%
  Epoch 39/50: Loss=0.4541, Train Acc=99.80%, Val Acc=98.12%
  Epoch 40/50: Loss=0.4542, Train Acc=99.80%, Val Acc=98.34%
  Epoch 41/50: Loss=0.4535, Train Acc=99.82%, Val Acc=98.41%
  Epoch 42/50: Loss=0.4527, Train Acc=99.86%, Val Acc=98.34%
  Epoch 43/50: Loss=0.4524, Train Acc=99.89%, Val Acc=98.34%
  Epoch 44/50: Loss=0.4519, Train Acc=99.91%, Val Acc=98.34%
  Epoch 45/50: Loss=0.4515, Train Acc=99.92%, Val Acc=98.26%
  Epoch 46/50: Loss=0.4514, Train Acc=99.92%, Val Acc=98.34%
  Epoch 47/50: Loss=0.4512, Train Acc=99.93%, Val Acc=98.34%
  Epoch 48/50: Loss=0.4509, Train Acc=99.93%, Val Acc=98.41%
  Epoch 49/50: Loss=0.4513, Train Acc=99.93%, Val Acc=98.26%
  Epoch 50/50: Loss=0.4511, Train Acc=99.95%, Val Acc=98.34%
  Best Val Acc: 98.41%, Test Acc: 97.11%
  Training Time: 5.5 minutes

Training EfficientNet-Lite0
  Parameters: 3.38M (trainable: 3.38M)
  Epoch 1/50: Loss=2.0576, Train Acc=55.21%, Val Acc=72.09%
  Epoch 2/50: Loss=1.0100, Train Acc=75.80%, Val Acc=81.49%
  Epoch 3/50: Loss=0.8364, Train Acc=83.19%, Val Acc=89.15%
  Epoch 4/50: Loss=0.7631, Train Acc=87.22%, Val Acc=91.54%
  Epoch 5/50: Loss=0.6909, Train Acc=90.53%, Val Acc=92.84%
  Epoch 6/50: Loss=0.6417, Train Acc=92.87%, Val Acc=93.85%
  Epoch 7/50: Loss=0.5901, Train Acc=95.21%, Val Acc=94.14%
  Epoch 8/50: Loss=0.5685, Train Acc=96.20%, Val Acc=95.37%
  Epoch 9/50: Loss=0.5550, Train Acc=96.82%, Val Acc=92.12%
  Epoch 10/50: Loss=0.5336, Train Acc=97.44%, Val Acc=95.73%
  Epoch 11/50: Loss=0.5368, Train Acc=97.16%, Val Acc=95.95%
  Epoch 12/50: Loss=0.5136, Train Acc=98.03%, Val Acc=96.67%
  Epoch 13/50: Loss=0.5117, Train Acc=98.13%, Val Acc=96.46%
  Epoch 14/50: Loss=0.5131, Train Acc=98.18%, Val Acc=96.53%
  Epoch 15/50: Loss=0.5093, Train Acc=97.95%, Val Acc=96.89%
  Epoch 16/50: Loss=0.5011, Train Acc=98.40%, Val Acc=96.67%
  Epoch 17/50: Loss=0.4986, Train Acc=98.42%, Val Acc=96.53%
  Epoch 18/50: Loss=0.4943, Train Acc=98.52%, Val Acc=96.96%
  Epoch 19/50: Loss=0.4922, Train Acc=98.43%, Val Acc=96.17%
  Epoch 20/50: Loss=0.4873, Train Acc=98.74%, Val Acc=97.40%
  Epoch 21/50: Loss=0.4840, Train Acc=98.85%, Val Acc=97.11%
  Epoch 22/50: Loss=0.4805, Train Acc=98.89%, Val Acc=97.40%
  Epoch 23/50: Loss=0.4760, Train Acc=99.13%, Val Acc=97.32%
  Epoch 24/50: Loss=0.4744, Train Acc=99.15%, Val Acc=96.82%
  Epoch 25/50: Loss=0.4644, Train Acc=99.47%, Val Acc=97.69%
  Epoch 26/50: Loss=0.4597, Train Acc=99.74%, Val Acc=97.61%
  Epoch 27/50: Loss=0.4562, Train Acc=99.74%, Val Acc=97.54%
  Epoch 28/50: Loss=0.4556, Train Acc=99.80%, Val Acc=97.98%
  Epoch 29/50: Loss=0.4564, Train Acc=99.76%, Val Acc=97.90%
  Epoch 30/50: Loss=0.4551, Train Acc=99.76%, Val Acc=97.61%
  Epoch 31/50: Loss=0.4531, Train Acc=99.87%, Val Acc=97.90%
  Epoch 32/50: Loss=0.4541, Train Acc=99.78%, Val Acc=97.90%
  Epoch 33/50: Loss=0.4537, Train Acc=99.81%, Val Acc=97.83%
  Epoch 34/50: Loss=0.4502, Train Acc=99.93%, Val Acc=97.69%
  Epoch 35/50: Loss=0.4500, Train Acc=99.94%, Val Acc=97.69%
  Epoch 36/50: Loss=0.4501, Train Acc=99.92%, Val Acc=97.98%
  Epoch 37/50: Loss=0.4495, Train Acc=99.95%, Val Acc=97.83%
  Epoch 38/50: Loss=0.4484, Train Acc=99.98%, Val Acc=97.83%
  Epoch 39/50: Loss=0.4485, Train Acc=99.98%, Val Acc=97.76%
  Epoch 40/50: Loss=0.4477, Train Acc=99.99%, Val Acc=97.90%
  Epoch 41/50: Loss=0.4488, Train Acc=99.96%, Val Acc=97.83%
  Epoch 42/50: Loss=0.4479, Train Acc=99.98%, Val Acc=97.83%
  Epoch 43/50: Loss=0.4477, Train Acc=100.00%, Val Acc=97.83%
  Epoch 44/50: Loss=0.4475, Train Acc=99.99%, Val Acc=97.69%
  Epoch 45/50: Loss=0.4476, Train Acc=99.99%, Val Acc=97.90%
  Epoch 46/50: Loss=0.4473, Train Acc=100.00%, Val Acc=97.90%
  Epoch 47/50: Loss=0.4476, Train Acc=99.98%, Val Acc=97.76%
  Epoch 48/50: Loss=0.4478, Train Acc=99.97%, Val Acc=97.90%
  Epoch 49/50: Loss=0.4477, Train Acc=99.98%, Val Acc=97.76%
  Epoch 50/50: Loss=0.4473, Train Acc=100.00%, Val Acc=97.54%
  Best Val Acc: 97.98%, Test Acc: 97.11%
  Training Time: 3.0 minutes

Training RepVit-M0.9
  Parameters: 4.72M (trainable: 4.72M)
  Epoch 1/50: Loss=1.1106, Train Acc=71.15%, Val Acc=79.46%
  Epoch 2/50: Loss=0.8418, Train Acc=82.40%, Val Acc=80.62%
  Epoch 3/50: Loss=0.7468, Train Acc=85.96%, Val Acc=87.20%
  Epoch 4/50: Loss=0.6846, Train Acc=89.38%, Val Acc=91.54%
  Epoch 5/50: Loss=0.5864, Train Acc=94.41%, Val Acc=95.95%
  Epoch 6/50: Loss=0.5456, Train Acc=96.24%, Val Acc=95.81%
  Epoch 7/50: Loss=0.5303, Train Acc=96.84%, Val Acc=96.31%
  Epoch 8/50: Loss=0.5136, Train Acc=97.49%, Val Acc=96.82%
  Epoch 9/50: Loss=0.5067, Train Acc=97.78%, Val Acc=96.67%
  Epoch 10/50: Loss=0.5065, Train Acc=97.72%, Val Acc=97.11%
  Epoch 11/50: Loss=0.5030, Train Acc=97.89%, Val Acc=96.89%
  Epoch 12/50: Loss=0.4947, Train Acc=98.22%, Val Acc=96.24%
  Epoch 13/50: Loss=0.4917, Train Acc=98.31%, Val Acc=97.25%
  Epoch 14/50: Loss=0.4884, Train Acc=98.34%, Val Acc=96.82%
  Epoch 15/50: Loss=0.4802, Train Acc=98.83%, Val Acc=97.32%
  Epoch 16/50: Loss=0.4753, Train Acc=98.97%, Val Acc=96.89%
  Epoch 17/50: Loss=0.4770, Train Acc=98.85%, Val Acc=97.32%
  Epoch 18/50: Loss=0.4757, Train Acc=99.02%, Val Acc=97.54%
  Epoch 19/50: Loss=0.4719, Train Acc=99.13%, Val Acc=97.83%
  Epoch 20/50: Loss=0.4666, Train Acc=99.26%, Val Acc=97.47%
  Epoch 21/50: Loss=0.4656, Train Acc=99.35%, Val Acc=97.69%
  Epoch 22/50: Loss=0.4647, Train Acc=99.34%, Val Acc=97.40%
  Epoch 23/50: Loss=0.4609, Train Acc=99.49%, Val Acc=97.69%
  Epoch 24/50: Loss=0.4618, Train Acc=99.43%, Val Acc=97.83%
  Epoch 25/50: Loss=0.4609, Train Acc=99.50%, Val Acc=98.26%
  Epoch 26/50: Loss=0.4590, Train Acc=99.56%, Val Acc=98.26%
  Epoch 27/50: Loss=0.4595, Train Acc=99.51%, Val Acc=98.12%
  Epoch 28/50: Loss=0.4572, Train Acc=99.63%, Val Acc=98.12%
  Epoch 29/50: Loss=0.4567, Train Acc=99.67%, Val Acc=98.12%
  Epoch 30/50: Loss=0.4555, Train Acc=99.71%, Val Acc=97.90%
  Epoch 31/50: Loss=0.4557, Train Acc=99.66%, Val Acc=98.05%
  Epoch 32/50: Loss=0.4543, Train Acc=99.72%, Val Acc=98.26%
  Epoch 33/50: Loss=0.4539, Train Acc=99.72%, Val Acc=98.48%
  Epoch 34/50: Loss=0.4521, Train Acc=99.80%, Val Acc=98.41%
  Epoch 35/50: Loss=0.4507, Train Acc=99.89%, Val Acc=98.55%
  Epoch 36/50: Loss=0.4502, Train Acc=99.89%, Val Acc=98.34%
  Epoch 37/50: Loss=0.4496, Train Acc=99.92%, Val Acc=98.48%
  Epoch 38/50: Loss=0.4489, Train Acc=99.97%, Val Acc=98.55%
  Epoch 39/50: Loss=0.4486, Train Acc=99.96%, Val Acc=98.55%
  Epoch 40/50: Loss=0.4485, Train Acc=99.98%, Val Acc=98.55%
  Epoch 41/50: Loss=0.4482, Train Acc=99.98%, Val Acc=98.55%
  Epoch 42/50: Loss=0.4481, Train Acc=99.98%, Val Acc=98.55%
  Epoch 43/50: Loss=0.4479, Train Acc=99.98%, Val Acc=98.63%
  Epoch 44/50: Loss=0.4480, Train Acc=99.99%, Val Acc=98.41%
  Epoch 45/50: Loss=0.4477, Train Acc=99.99%, Val Acc=98.55%
  Epoch 46/50: Loss=0.4476, Train Acc=100.00%, Val Acc=98.55%
  Epoch 47/50: Loss=0.4479, Train Acc=100.00%, Val Acc=98.55%
  Epoch 48/50: Loss=0.4479, Train Acc=100.00%, Val Acc=98.55%
  Epoch 49/50: Loss=0.4478, Train Acc=100.00%, Val Acc=98.55%
  Epoch 50/50: Loss=0.4477, Train Acc=100.00%, Val Acc=98.48%
  Best Val Acc: 98.63%, Test Acc: 97.98%
  Training Time: 6.0 minutes

Results saved to: results/student_baseline/baseline_results.json
Report saved to: results/student_baseline/baseline_report.md
