nohup: ignoring input
/workspace/yqm/NetKD/scripts/exp2_teacher_ablation.py:104: FutureWarning: `torch.cuda.amp.GradScaler(args...)` is deprecated. Please use `torch.amp.GradScaler('cuda', args...)` instead.
  scaler = GradScaler()
Using device: cuda:0
Loading data...
Classes: ['browsing', 'chat', 'email', 'ftp', 'p2p', 'streaming', 'voip']
Train samples: 13281, Val: 1383, Test: 1384
Number of classes: 7

============================================================
Running combination: full_3teachers
Teachers: ['DenseNet121-ECA', 'MobileNetV3-Large-ECA', 'ConvNeXtV2-Tiny-ECA']
============================================================

Training DenseNet121-ECA...
/workspace/yqm/NetKD/scripts/exp2_teacher_ablation.py:119: FutureWarning: `torch.cuda.amp.autocast(args...)` is deprecated. Please use `torch.amp.autocast('cuda', args...)` instead.
  with autocast():
  Epoch 1/30: Train Acc=68.47%, Val Acc=81.92%
  Epoch 2/30: Train Acc=84.97%, Val Acc=88.07%
  Epoch 3/30: Train Acc=88.19%, Val Acc=90.89%
  Epoch 4/30: Train Acc=90.32%, Val Acc=81.78%
  Epoch 5/30: Train Acc=91.75%, Val Acc=90.02%
  Epoch 6/30: Train Acc=92.70%, Val Acc=92.99%
  Epoch 7/30: Train Acc=93.48%, Val Acc=92.77%
  Epoch 8/30: Train Acc=94.81%, Val Acc=93.85%
  Epoch 9/30: Train Acc=94.95%, Val Acc=95.73%
  Epoch 10/30: Train Acc=95.41%, Val Acc=95.88%
  Epoch 11/30: Train Acc=96.50%, Val Acc=95.52%
  Epoch 12/30: Train Acc=97.07%, Val Acc=96.75%
  Epoch 13/30: Train Acc=97.10%, Val Acc=96.17%
  Epoch 14/30: Train Acc=97.51%, Val Acc=96.75%
  Epoch 15/30: Train Acc=98.14%, Val Acc=97.40%
  Epoch 16/30: Train Acc=98.35%, Val Acc=97.98%
  Epoch 17/30: Train Acc=98.67%, Val Acc=97.83%
  Epoch 18/30: Train Acc=99.12%, Val Acc=97.83%
  Epoch 19/30: Train Acc=99.19%, Val Acc=98.19%
  Epoch 20/30: Train Acc=99.31%, Val Acc=98.26%
  Epoch 21/30: Train Acc=99.48%, Val Acc=98.12%
  Epoch 22/30: Train Acc=99.41%, Val Acc=98.41%
  Epoch 23/30: Train Acc=99.61%, Val Acc=98.34%
  Epoch 24/30: Train Acc=99.77%, Val Acc=98.63%
  Epoch 25/30: Train Acc=99.71%, Val Acc=98.77%
  Epoch 26/30: Train Acc=99.83%, Val Acc=98.55%
  Epoch 27/30: Train Acc=99.89%, Val Acc=98.70%
  Epoch 28/30: Train Acc=99.89%, Val Acc=98.70%
  Epoch 29/30: Train Acc=99.95%, Val Acc=98.63%
  Epoch 30/30: Train Acc=99.89%, Val Acc=98.63%
DenseNet121-ECA - Best Val Acc: 98.77%

Training MobileNetV3-Large-ECA...
  Epoch 1/30: Train Acc=73.68%, Val Acc=38.47%
  Epoch 2/30: Train Acc=86.14%, Val Acc=20.03%
  Epoch 3/30: Train Acc=88.99%, Val Acc=41.72%
  Epoch 4/30: Train Acc=91.08%, Val Acc=58.93%
  Epoch 5/30: Train Acc=91.88%, Val Acc=63.63%
  Epoch 6/30: Train Acc=93.67%, Val Acc=92.26%
  Epoch 7/30: Train Acc=94.10%, Val Acc=73.68%
  Epoch 8/30: Train Acc=94.87%, Val Acc=90.60%
  Epoch 9/30: Train Acc=95.69%, Val Acc=94.94%
  Epoch 10/30: Train Acc=96.77%, Val Acc=95.23%
  Epoch 11/30: Train Acc=96.88%, Val Acc=94.72%
  Epoch 12/30: Train Acc=97.28%, Val Acc=96.24%
  Epoch 13/30: Train Acc=97.66%, Val Acc=96.31%
  Epoch 14/30: Train Acc=97.94%, Val Acc=96.75%
  Epoch 15/30: Train Acc=98.22%, Val Acc=88.94%
  Epoch 16/30: Train Acc=98.34%, Val Acc=91.83%
  Epoch 17/30: Train Acc=98.67%, Val Acc=97.47%
  Epoch 18/30: Train Acc=99.04%, Val Acc=97.69%
  Epoch 19/30: Train Acc=99.20%, Val Acc=98.19%
  Epoch 20/30: Train Acc=99.19%, Val Acc=98.48%
  Epoch 21/30: Train Acc=99.34%, Val Acc=98.12%
  Epoch 22/30: Train Acc=99.43%, Val Acc=98.63%
  Epoch 23/30: Train Acc=99.55%, Val Acc=98.63%
  Epoch 24/30: Train Acc=99.62%, Val Acc=97.98%
  Epoch 25/30: Train Acc=99.66%, Val Acc=98.84%
  Epoch 26/30: Train Acc=99.71%, Val Acc=98.70%
  Epoch 27/30: Train Acc=99.83%, Val Acc=98.77%
  Epoch 28/30: Train Acc=99.84%, Val Acc=98.92%
  Epoch 29/30: Train Acc=99.85%, Val Acc=98.77%
  Epoch 30/30: Train Acc=99.87%, Val Acc=98.84%
MobileNetV3-Large-ECA - Best Val Acc: 98.92%

Training ConvNeXtV2-Tiny-ECA...
  Epoch 1/30: Train Acc=46.10%, Val Acc=59.00%
  Epoch 2/30: Train Acc=66.25%, Val Acc=74.77%
  Epoch 3/30: Train Acc=77.49%, Val Acc=84.89%
  Epoch 4/30: Train Acc=86.82%, Val Acc=89.23%
  Epoch 5/30: Train Acc=89.55%, Val Acc=90.60%
  Epoch 6/30: Train Acc=92.33%, Val Acc=92.99%
  Epoch 7/30: Train Acc=93.13%, Val Acc=94.36%
  Epoch 8/30: Train Acc=94.70%, Val Acc=94.14%
  Epoch 9/30: Train Acc=95.19%, Val Acc=94.58%
  Epoch 10/30: Train Acc=95.98%, Val Acc=96.02%
  Epoch 11/30: Train Acc=96.66%, Val Acc=95.88%
  Epoch 12/30: Train Acc=97.10%, Val Acc=96.60%
  Epoch 13/30: Train Acc=97.34%, Val Acc=96.89%
  Epoch 14/30: Train Acc=97.53%, Val Acc=96.75%
  Epoch 15/30: Train Acc=97.61%, Val Acc=97.32%
  Epoch 16/30: Train Acc=98.04%, Val Acc=97.40%
  Epoch 17/30: Train Acc=98.34%, Val Acc=97.32%
  Epoch 18/30: Train Acc=98.48%, Val Acc=97.32%
  Epoch 19/30: Train Acc=98.64%, Val Acc=97.90%
  Epoch 20/30: Train Acc=98.89%, Val Acc=98.05%
  Epoch 21/30: Train Acc=99.00%, Val Acc=98.12%
  Epoch 22/30: Train Acc=99.15%, Val Acc=98.05%
  Epoch 23/30: Train Acc=99.17%, Val Acc=98.05%
  Epoch 24/30: Train Acc=99.22%, Val Acc=98.19%
  Epoch 25/30: Train Acc=99.23%, Val Acc=98.34%
  Epoch 26/30: Train Acc=99.37%, Val Acc=98.12%
  Epoch 27/30: Train Acc=99.34%, Val Acc=98.26%
  Epoch 28/30: Train Acc=99.38%, Val Acc=98.19%
  Epoch 29/30: Train Acc=99.46%, Val Acc=98.12%
  Epoch 30/30: Train Acc=99.50%, Val Acc=98.12%
ConvNeXtV2-Tiny-ECA - Best Val Acc: 98.34%

Evaluating ensemble...

full_3teachers Results:
  Ensemble Test Accuracy: 98.55%
  Training Time: 15.0 minutes

============================================================
Running combination: remove_densenet
Teachers: ['MobileNetV3-Large-ECA', 'ConvNeXtV2-Tiny-ECA']
============================================================

Training MobileNetV3-Large-ECA...
  Epoch 1/30: Train Acc=73.60%, Val Acc=32.25%
  Epoch 2/30: Train Acc=86.03%, Val Acc=47.43%
  Epoch 3/30: Train Acc=88.89%, Val Acc=51.34%
  Epoch 4/30: Train Acc=91.27%, Val Acc=51.12%
  Epoch 5/30: Train Acc=92.87%, Val Acc=88.14%
  Epoch 6/30: Train Acc=93.42%, Val Acc=92.84%
  Epoch 7/30: Train Acc=94.10%, Val Acc=92.34%
  Epoch 8/30: Train Acc=95.38%, Val Acc=92.99%
  Epoch 9/30: Train Acc=95.96%, Val Acc=96.10%
  Epoch 10/30: Train Acc=96.74%, Val Acc=95.81%
  Epoch 11/30: Train Acc=97.17%, Val Acc=81.85%
  Epoch 12/30: Train Acc=96.33%, Val Acc=96.60%
  Epoch 13/30: Train Acc=97.77%, Val Acc=97.69%
  Epoch 14/30: Train Acc=98.31%, Val Acc=97.04%
  Epoch 15/30: Train Acc=98.46%, Val Acc=96.82%
  Epoch 16/30: Train Acc=98.57%, Val Acc=97.54%
  Epoch 17/30: Train Acc=98.59%, Val Acc=94.43%
  Epoch 18/30: Train Acc=98.89%, Val Acc=97.83%
  Epoch 19/30: Train Acc=99.04%, Val Acc=97.76%
  Epoch 20/30: Train Acc=99.08%, Val Acc=98.26%
  Epoch 21/30: Train Acc=99.33%, Val Acc=98.12%
  Epoch 22/30: Train Acc=99.38%, Val Acc=98.41%
  Epoch 23/30: Train Acc=99.48%, Val Acc=98.48%
  Epoch 24/30: Train Acc=99.55%, Val Acc=98.48%
  Epoch 25/30: Train Acc=99.63%, Val Acc=98.63%
  Epoch 26/30: Train Acc=99.67%, Val Acc=98.48%
  Epoch 27/30: Train Acc=99.74%, Val Acc=98.63%
  Epoch 28/30: Train Acc=99.74%, Val Acc=98.63%
  Epoch 29/30: Train Acc=99.77%, Val Acc=98.63%
  Epoch 30/30: Train Acc=99.80%, Val Acc=98.63%
MobileNetV3-Large-ECA - Best Val Acc: 98.63%

Training ConvNeXtV2-Tiny-ECA...
  Epoch 1/30: Train Acc=40.40%, Val Acc=41.43%
  Epoch 2/30: Train Acc=49.45%, Val Acc=62.83%
  Epoch 3/30: Train Acc=66.87%, Val Acc=71.73%
  Epoch 4/30: Train Acc=73.83%, Val Acc=79.10%
  Epoch 5/30: Train Acc=82.14%, Val Acc=85.25%
  Epoch 6/30: Train Acc=87.15%, Val Acc=89.95%
  Epoch 7/30: Train Acc=89.34%, Val Acc=89.23%
  Epoch 8/30: Train Acc=90.17%, Val Acc=89.95%
  Epoch 9/30: Train Acc=91.89%, Val Acc=92.41%
  Epoch 10/30: Train Acc=92.74%, Val Acc=92.19%
  Epoch 11/30: Train Acc=93.74%, Val Acc=93.93%
  Epoch 12/30: Train Acc=94.42%, Val Acc=94.36%
  Epoch 13/30: Train Acc=95.09%, Val Acc=93.93%
  Epoch 14/30: Train Acc=95.80%, Val Acc=95.52%
  Epoch 15/30: Train Acc=96.46%, Val Acc=95.66%
  Epoch 16/30: Train Acc=96.85%, Val Acc=95.73%
  Epoch 17/30: Train Acc=96.83%, Val Acc=96.10%
  Epoch 18/30: Train Acc=97.46%, Val Acc=96.31%
  Epoch 19/30: Train Acc=97.89%, Val Acc=96.46%
  Epoch 20/30: Train Acc=98.14%, Val Acc=96.53%
  Epoch 21/30: Train Acc=98.39%, Val Acc=97.11%
  Epoch 22/30: Train Acc=98.51%, Val Acc=97.25%
  Epoch 23/30: Train Acc=98.66%, Val Acc=97.04%
  Epoch 24/30: Train Acc=98.77%, Val Acc=97.61%
  Epoch 25/30: Train Acc=98.97%, Val Acc=97.54%
  Epoch 26/30: Train Acc=99.04%, Val Acc=97.76%
  Epoch 27/30: Train Acc=99.14%, Val Acc=97.69%
  Epoch 28/30: Train Acc=99.28%, Val Acc=97.83%
  Epoch 29/30: Train Acc=99.34%, Val Acc=97.98%
  Epoch 30/30: Train Acc=99.31%, Val Acc=97.98%
ConvNeXtV2-Tiny-ECA - Best Val Acc: 97.98%

Evaluating ensemble...

remove_densenet Results:
  Ensemble Test Accuracy: 98.19%
  Training Time: 9.0 minutes

============================================================
Running combination: remove_mobilenet
Teachers: ['DenseNet121-ECA', 'ConvNeXtV2-Tiny-ECA']
============================================================

Training DenseNet121-ECA...
  Epoch 1/30: Train Acc=64.72%, Val Acc=76.07%
  Epoch 2/30: Train Acc=82.21%, Val Acc=85.10%
  Epoch 3/30: Train Acc=87.62%, Val Acc=90.24%
  Epoch 4/30: Train Acc=90.35%, Val Acc=90.89%
  Epoch 5/30: Train Acc=92.18%, Val Acc=93.49%
  Epoch 6/30: Train Acc=93.31%, Val Acc=88.14%
  Epoch 7/30: Train Acc=93.36%, Val Acc=93.56%
  Epoch 8/30: Train Acc=94.83%, Val Acc=95.30%
  Epoch 9/30: Train Acc=95.69%, Val Acc=95.52%
  Epoch 10/30: Train Acc=96.09%, Val Acc=93.20%
  Epoch 11/30: Train Acc=96.42%, Val Acc=95.16%
  Epoch 12/30: Train Acc=96.96%, Val Acc=96.89%
  Epoch 13/30: Train Acc=97.23%, Val Acc=97.61%
  Epoch 14/30: Train Acc=97.78%, Val Acc=97.61%
  Epoch 15/30: Train Acc=98.12%, Val Acc=98.05%
  Epoch 16/30: Train Acc=98.37%, Val Acc=97.83%
  Epoch 17/30: Train Acc=98.57%, Val Acc=97.40%
  Epoch 18/30: Train Acc=98.95%, Val Acc=97.90%
  Epoch 19/30: Train Acc=99.22%, Val Acc=98.19%
  Epoch 20/30: Train Acc=99.41%, Val Acc=98.26%
  Epoch 21/30: Train Acc=99.53%, Val Acc=98.41%
  Epoch 22/30: Train Acc=99.56%, Val Acc=98.70%
  Epoch 23/30: Train Acc=99.67%, Val Acc=98.63%
  Epoch 24/30: Train Acc=99.72%, Val Acc=98.70%
  Epoch 25/30: Train Acc=99.80%, Val Acc=98.92%
  Epoch 26/30: Train Acc=99.89%, Val Acc=98.84%
  Epoch 27/30: Train Acc=99.91%, Val Acc=98.92%
  Epoch 28/30: Train Acc=99.93%, Val Acc=98.84%
  Epoch 29/30: Train Acc=99.92%, Val Acc=98.84%
  Epoch 30/30: Train Acc=99.95%, Val Acc=98.77%
DenseNet121-ECA - Best Val Acc: 98.92%

Training ConvNeXtV2-Tiny-ECA...
  Epoch 1/30: Train Acc=54.46%, Val Acc=69.63%
  Epoch 2/30: Train Acc=72.40%, Val Acc=76.36%
  Epoch 3/30: Train Acc=78.35%, Val Acc=81.06%
  Epoch 4/30: Train Acc=81.92%, Val Acc=82.72%
  Epoch 5/30: Train Acc=84.75%, Val Acc=85.39%
  Epoch 6/30: Train Acc=86.91%, Val Acc=85.61%
  Epoch 7/30: Train Acc=90.26%, Val Acc=93.85%
  Epoch 8/30: Train Acc=94.01%, Val Acc=95.08%
  Epoch 9/30: Train Acc=95.96%, Val Acc=95.66%
  Epoch 10/30: Train Acc=96.21%, Val Acc=95.88%
  Epoch 11/30: Train Acc=96.72%, Val Acc=96.75%
  Epoch 12/30: Train Acc=97.49%, Val Acc=96.96%
  Epoch 13/30: Train Acc=97.61%, Val Acc=96.96%
  Epoch 14/30: Train Acc=97.91%, Val Acc=96.96%
  Epoch 15/30: Train Acc=97.94%, Val Acc=96.82%
  Epoch 16/30: Train Acc=98.30%, Val Acc=97.32%
  Epoch 17/30: Train Acc=98.50%, Val Acc=96.89%
  Epoch 18/30: Train Acc=98.50%, Val Acc=97.69%
  Epoch 19/30: Train Acc=98.80%, Val Acc=97.76%
  Epoch 20/30: Train Acc=98.95%, Val Acc=97.90%
  Epoch 21/30: Train Acc=99.09%, Val Acc=98.05%
  Epoch 22/30: Train Acc=99.20%, Val Acc=98.26%
  Epoch 23/30: Train Acc=99.44%, Val Acc=98.41%
  Epoch 24/30: Train Acc=99.41%, Val Acc=98.41%
  Epoch 25/30: Train Acc=99.46%, Val Acc=98.48%
  Epoch 26/30: Train Acc=99.55%, Val Acc=98.63%
  Epoch 27/30: Train Acc=99.56%, Val Acc=98.55%
  Epoch 28/30: Train Acc=99.57%, Val Acc=98.63%
  Epoch 29/30: Train Acc=99.68%, Val Acc=98.63%
  Epoch 30/30: Train Acc=99.68%, Val Acc=98.63%
ConvNeXtV2-Tiny-ECA - Best Val Acc: 98.63%

Evaluating ensemble...

remove_mobilenet Results:
  Ensemble Test Accuracy: 97.90%
  Training Time: 14.0 minutes

============================================================
Running combination: remove_convnext
Teachers: ['DenseNet121-ECA', 'MobileNetV3-Large-ECA']
============================================================

Training DenseNet121-ECA...
  Epoch 1/30: Train Acc=66.26%, Val Acc=75.13%
  Epoch 2/30: Train Acc=83.43%, Val Acc=84.53%
  Epoch 3/30: Train Acc=87.40%, Val Acc=88.79%
  Epoch 4/30: Train Acc=90.11%, Val Acc=47.65%
  Epoch 5/30: Train Acc=91.10%, Val Acc=93.20%
  Epoch 6/30: Train Acc=92.82%, Val Acc=92.84%
  Epoch 7/30: Train Acc=93.55%, Val Acc=93.93%
  Epoch 8/30: Train Acc=94.35%, Val Acc=91.76%
  Epoch 9/30: Train Acc=95.05%, Val Acc=94.29%
  Epoch 10/30: Train Acc=95.39%, Val Acc=95.08%
  Epoch 11/30: Train Acc=96.38%, Val Acc=96.46%
  Epoch 12/30: Train Acc=96.82%, Val Acc=96.17%
  Epoch 13/30: Train Acc=97.15%, Val Acc=96.46%
  Epoch 14/30: Train Acc=97.50%, Val Acc=96.31%
  Epoch 15/30: Train Acc=97.82%, Val Acc=97.83%
  Epoch 16/30: Train Acc=98.31%, Val Acc=97.69%
  Epoch 17/30: Train Acc=98.31%, Val Acc=97.18%
  Epoch 18/30: Train Acc=98.79%, Val Acc=98.26%
  Epoch 19/30: Train Acc=99.10%, Val Acc=97.83%
  Epoch 20/30: Train Acc=99.34%, Val Acc=98.26%
  Epoch 21/30: Train Acc=99.48%, Val Acc=98.19%
  Epoch 22/30: Train Acc=99.45%, Val Acc=98.41%
  Epoch 23/30: Train Acc=99.65%, Val Acc=98.48%
  Epoch 24/30: Train Acc=99.68%, Val Acc=98.48%
  Epoch 25/30: Train Acc=99.74%, Val Acc=98.41%
  Epoch 26/30: Train Acc=99.77%, Val Acc=98.41%
  Epoch 27/30: Train Acc=99.82%, Val Acc=98.70%
  Epoch 28/30: Train Acc=99.86%, Val Acc=98.55%
  Epoch 29/30: Train Acc=99.86%, Val Acc=98.55%
  Epoch 30/30: Train Acc=99.86%, Val Acc=98.55%
DenseNet121-ECA - Best Val Acc: 98.70%

Training MobileNetV3-Large-ECA...
  Epoch 1/30: Train Acc=72.62%, Val Acc=15.26%
  Epoch 2/30: Train Acc=86.02%, Val Acc=18.73%
  Epoch 3/30: Train Acc=89.32%, Val Acc=57.27%
  Epoch 4/30: Train Acc=90.82%, Val Acc=62.04%
  Epoch 5/30: Train Acc=92.13%, Val Acc=92.55%
  Epoch 6/30: Train Acc=93.46%, Val Acc=83.88%
  Epoch 7/30: Train Acc=94.55%, Val Acc=85.32%
  Epoch 8/30: Train Acc=95.02%, Val Acc=92.77%
  Epoch 9/30: Train Acc=95.50%, Val Acc=94.07%
  Epoch 10/30: Train Acc=96.48%, Val Acc=87.85%
  Epoch 11/30: Train Acc=96.85%, Val Acc=89.80%
  Epoch 12/30: Train Acc=97.02%, Val Acc=94.87%
  Epoch 13/30: Train Acc=97.95%, Val Acc=96.67%
  Epoch 14/30: Train Acc=97.88%, Val Acc=97.54%
  Epoch 15/30: Train Acc=98.11%, Val Acc=97.32%
  Epoch 16/30: Train Acc=98.61%, Val Acc=98.19%
  Epoch 17/30: Train Acc=98.95%, Val Acc=97.61%
  Epoch 18/30: Train Acc=98.95%, Val Acc=97.47%
  Epoch 19/30: Train Acc=99.25%, Val Acc=98.19%
  Epoch 20/30: Train Acc=99.32%, Val Acc=98.26%
  Epoch 21/30: Train Acc=99.46%, Val Acc=96.38%
  Epoch 22/30: Train Acc=99.58%, Val Acc=98.05%
  Epoch 23/30: Train Acc=99.58%, Val Acc=98.77%
  Epoch 24/30: Train Acc=99.67%, Val Acc=98.99%
  Epoch 25/30: Train Acc=99.65%, Val Acc=98.84%
  Epoch 26/30: Train Acc=99.74%, Val Acc=98.92%
  Epoch 27/30: Train Acc=99.80%, Val Acc=98.99%
  Epoch 28/30: Train Acc=99.80%, Val Acc=99.13%
  Epoch 29/30: Train Acc=99.80%, Val Acc=99.06%
  Epoch 30/30: Train Acc=99.85%, Val Acc=99.06%
MobileNetV3-Large-ECA - Best Val Acc: 99.13%

Evaluating ensemble...

remove_convnext Results:
  Ensemble Test Accuracy: 98.34%
  Training Time: 13.4 minutes

============================================================
Running combination: only_densenet
Teachers: ['DenseNet121-ECA']
============================================================

Training DenseNet121-ECA...
  Epoch 1/30: Train Acc=65.11%, Val Acc=73.83%
  Epoch 2/30: Train Acc=76.91%, Val Acc=83.37%
  Epoch 3/30: Train Acc=83.79%, Val Acc=65.87%
  Epoch 4/30: Train Acc=88.17%, Val Acc=86.62%
  Epoch 5/30: Train Acc=89.83%, Val Acc=91.40%
  Epoch 6/30: Train Acc=91.52%, Val Acc=90.60%
  Epoch 7/30: Train Acc=92.79%, Val Acc=93.28%
  Epoch 8/30: Train Acc=93.49%, Val Acc=94.72%
  Epoch 9/30: Train Acc=94.63%, Val Acc=95.81%
  Epoch 10/30: Train Acc=95.86%, Val Acc=95.37%
  Epoch 11/30: Train Acc=95.95%, Val Acc=96.10%
  Epoch 12/30: Train Acc=96.68%, Val Acc=95.95%
  Epoch 13/30: Train Acc=97.32%, Val Acc=96.82%
  Epoch 14/30: Train Acc=98.13%, Val Acc=97.32%
  Epoch 15/30: Train Acc=97.97%, Val Acc=96.89%
  Epoch 16/30: Train Acc=98.46%, Val Acc=97.47%
  Epoch 17/30: Train Acc=98.55%, Val Acc=97.54%
  Epoch 18/30: Train Acc=98.91%, Val Acc=97.76%
  Epoch 19/30: Train Acc=99.16%, Val Acc=97.98%
  Epoch 20/30: Train Acc=99.34%, Val Acc=97.98%
  Epoch 21/30: Train Acc=99.56%, Val Acc=98.05%
  Epoch 22/30: Train Acc=99.57%, Val Acc=98.41%
  Epoch 23/30: Train Acc=99.60%, Val Acc=98.70%
  Epoch 24/30: Train Acc=99.68%, Val Acc=98.48%
  Epoch 25/30: Train Acc=99.72%, Val Acc=98.63%
  Epoch 26/30: Train Acc=99.80%, Val Acc=98.55%
  Epoch 27/30: Train Acc=99.83%, Val Acc=98.55%
  Epoch 28/30: Train Acc=99.86%, Val Acc=98.63%
  Epoch 29/30: Train Acc=99.89%, Val Acc=98.55%
  Epoch 30/30: Train Acc=99.90%, Val Acc=98.70%
DenseNet121-ECA - Best Val Acc: 98.70%

Evaluating ensemble...

only_densenet Results:
  Ensemble Test Accuracy: 98.27%
  Training Time: 8.8 minutes

============================================================
Running combination: only_mobilenet
Teachers: ['MobileNetV3-Large-ECA']
============================================================

Training MobileNetV3-Large-ECA...
  Epoch 1/30: Train Acc=75.30%, Val Acc=24.80%
  Epoch 2/30: Train Acc=86.45%, Val Acc=38.32%
  Epoch 3/30: Train Acc=89.13%, Val Acc=47.29%
  Epoch 4/30: Train Acc=91.19%, Val Acc=66.88%
  Epoch 5/30: Train Acc=92.91%, Val Acc=89.73%
  Epoch 6/30: Train Acc=93.75%, Val Acc=93.49%
  Epoch 7/30: Train Acc=94.65%, Val Acc=93.64%
  Epoch 8/30: Train Acc=95.41%, Val Acc=92.62%
  Epoch 9/30: Train Acc=95.88%, Val Acc=94.87%
  Epoch 10/30: Train Acc=96.26%, Val Acc=94.87%
  Epoch 11/30: Train Acc=97.14%, Val Acc=95.16%
  Epoch 12/30: Train Acc=97.09%, Val Acc=83.95%
  Epoch 13/30: Train Acc=97.70%, Val Acc=97.18%
  Epoch 14/30: Train Acc=98.06%, Val Acc=94.00%
  Epoch 15/30: Train Acc=98.30%, Val Acc=97.11%
  Epoch 16/30: Train Acc=98.71%, Val Acc=96.46%
  Epoch 17/30: Train Acc=98.63%, Val Acc=94.07%
  Epoch 18/30: Train Acc=98.97%, Val Acc=97.83%
  Epoch 19/30: Train Acc=99.10%, Val Acc=97.98%
  Epoch 20/30: Train Acc=99.11%, Val Acc=97.98%
  Epoch 21/30: Train Acc=99.36%, Val Acc=98.19%
  Epoch 22/30: Train Acc=99.41%, Val Acc=98.41%
  Epoch 23/30: Train Acc=99.38%, Val Acc=98.26%
  Epoch 24/30: Train Acc=99.56%, Val Acc=98.41%
  Epoch 25/30: Train Acc=99.65%, Val Acc=98.70%
  Epoch 26/30: Train Acc=99.62%, Val Acc=98.63%
  Epoch 27/30: Train Acc=99.69%, Val Acc=98.77%
  Epoch 28/30: Train Acc=99.78%, Val Acc=98.77%
  Epoch 29/30: Train Acc=99.77%, Val Acc=98.77%
  Epoch 30/30: Train Acc=99.74%, Val Acc=98.77%
MobileNetV3-Large-ECA - Best Val Acc: 98.77%

Evaluating ensemble...

only_mobilenet Results:
  Ensemble Test Accuracy: 97.98%
  Training Time: 5.1 minutes

============================================================
Running combination: only_convnext
Teachers: ['ConvNeXtV2-Tiny-ECA']
============================================================

Training ConvNeXtV2-Tiny-ECA...
  Epoch 1/30: Train Acc=43.14%, Val Acc=49.17%
  Epoch 2/30: Train Acc=49.83%, Val Acc=52.28%
  Epoch 3/30: Train Acc=53.20%, Val Acc=53.87%
  Epoch 4/30: Train Acc=59.06%, Val Acc=65.58%
  Epoch 5/30: Train Acc=68.79%, Val Acc=76.86%
  Epoch 6/30: Train Acc=78.16%, Val Acc=83.01%
  Epoch 7/30: Train Acc=83.89%, Val Acc=86.91%
  Epoch 8/30: Train Acc=89.44%, Val Acc=91.61%
  Epoch 9/30: Train Acc=92.21%, Val Acc=92.70%
  Epoch 10/30: Train Acc=94.19%, Val Acc=94.58%
  Epoch 11/30: Train Acc=94.48%, Val Acc=94.79%
  Epoch 12/30: Train Acc=95.81%, Val Acc=95.59%
  Epoch 13/30: Train Acc=96.22%, Val Acc=96.17%
  Epoch 14/30: Train Acc=96.89%, Val Acc=96.46%
  Epoch 15/30: Train Acc=97.37%, Val Acc=97.04%
  Epoch 16/30: Train Acc=97.77%, Val Acc=97.32%
  Epoch 17/30: Train Acc=97.75%, Val Acc=97.32%
  Epoch 18/30: Train Acc=98.09%, Val Acc=97.47%
  Epoch 19/30: Train Acc=98.30%, Val Acc=97.25%
  Epoch 20/30: Train Acc=98.59%, Val Acc=98.05%
  Epoch 21/30: Train Acc=98.75%, Val Acc=98.05%
  Epoch 22/30: Train Acc=98.88%, Val Acc=97.98%
  Epoch 23/30: Train Acc=98.95%, Val Acc=97.83%
  Epoch 24/30: Train Acc=99.10%, Val Acc=98.26%
  Epoch 25/30: Train Acc=99.28%, Val Acc=98.26%
  Epoch 26/30: Train Acc=99.42%, Val Acc=98.41%
  Epoch 27/30: Train Acc=99.44%, Val Acc=98.55%
  Epoch 28/30: Train Acc=99.52%, Val Acc=98.55%
  Epoch 29/30: Train Acc=99.53%, Val Acc=98.55%
  Epoch 30/30: Train Acc=99.51%, Val Acc=98.55%
ConvNeXtV2-Tiny-ECA - Best Val Acc: 98.55%

Evaluating ensemble...

only_convnext Results:
  Ensemble Test Accuracy: 97.98%
  Training Time: 5.3 minutes

Results saved to: results/teacher_ablation/ablation_results.json
Report saved to: results/teacher_ablation/ablation_report.md
