Detected pre-split layout, using provided train/val/test folders under: /workspace/yqm/Dataset/ISCXVPN2016

Dataset split:
  Train: 13281 images (82.8%)
  Val:   1383 images (8.6%)
  Test:  1384 images (8.6%)

Image dimensions: 1 x 40 x 40
[Monitor] >>> Stage 'teacher_resnet50' started (30 epochs)
[Teacher resnet50] epoch=1 train_loss=1.6958 val_loss=0.9609 val_acc=0.7296
[Monitor][teacher_resnet50] epoch 1/30 | train_loss=1.6958 | val_loss=0.9609 | val_acc=0.7296
[Teacher resnet50] epoch=2 train_loss=0.9724 val_loss=0.5777 val_acc=0.8366
[Monitor][teacher_resnet50] epoch 2/30 | train_loss=0.9724 | val_loss=0.5777 | val_acc=0.8366 | Δacc=+0.1070
[Teacher resnet50] epoch=3 train_loss=0.8203 val_loss=0.5831 val_acc=0.8626
[Monitor][teacher_resnet50] epoch 3/30 | train_loss=0.8203 | val_loss=0.5831 | val_acc=0.8626 | Δacc=+0.0260
[Teacher resnet50] epoch=4 train_loss=0.7618 val_loss=0.4300 val_acc=0.8959
[Monitor][teacher_resnet50] epoch 4/30 | train_loss=0.7618 | val_loss=0.4300 | val_acc=0.8959 | Δacc=+0.0333
[Teacher resnet50] epoch=5 train_loss=0.6943 val_loss=0.5204 val_acc=0.8894
[Monitor][teacher_resnet50] epoch 5/30 | train_loss=0.6943 | val_loss=0.5204 | val_acc=0.8894 | Δacc=-0.0065
[Teacher resnet50] epoch=6 train_loss=0.6482 val_loss=1.1265 val_acc=0.6515
[Monitor][teacher_resnet50] epoch 6/30 | train_loss=0.6482 | val_loss=1.1265 | val_acc=0.6515 | Δacc=-0.2379
[Teacher resnet50] epoch=7 train_loss=0.7064 val_loss=0.4026 val_acc=0.9067
[Monitor][teacher_resnet50] epoch 7/30 | train_loss=0.7064 | val_loss=0.4026 | val_acc=0.9067 | Δacc=+0.2552
[Teacher resnet50] epoch=8 train_loss=0.6044 val_loss=0.3692 val_acc=0.9212
[Monitor][teacher_resnet50] epoch 8/30 | train_loss=0.6044 | val_loss=0.3692 | val_acc=0.9212 | Δacc=+0.0145
[Teacher resnet50] epoch=9 train_loss=0.5472 val_loss=0.3356 val_acc=0.9284
[Monitor][teacher_resnet50] epoch 9/30 | train_loss=0.5472 | val_loss=0.3356 | val_acc=0.9284 | Δacc=+0.0072
[Teacher resnet50] epoch=10 train_loss=0.5241 val_loss=0.4065 val_acc=0.9168
[Monitor][teacher_resnet50] epoch 10/30 | train_loss=0.5241 | val_loss=0.4065 | val_acc=0.9168 | Δacc=-0.0116
[Teacher resnet50] epoch=11 train_loss=0.5124 val_loss=0.2673 val_acc=0.9479
[Monitor][teacher_resnet50] epoch 11/30 | train_loss=0.5124 | val_loss=0.2673 | val_acc=0.9479 | Δacc=+0.0311
[Teacher resnet50] epoch=12 train_loss=0.4894 val_loss=0.2663 val_acc=0.9487
[Monitor][teacher_resnet50] epoch 12/30 | train_loss=0.4894 | val_loss=0.2663 | val_acc=0.9487 | Δacc=+0.0007
[Teacher resnet50] epoch=13 train_loss=0.4998 val_loss=0.3118 val_acc=0.9393
[Monitor][teacher_resnet50] epoch 13/30 | train_loss=0.4998 | val_loss=0.3118 | val_acc=0.9393 | Δacc=-0.0094
[Teacher resnet50] epoch=14 train_loss=0.4715 val_loss=0.2829 val_acc=0.9544
[Monitor][teacher_resnet50] epoch 14/30 | train_loss=0.4715 | val_loss=0.2829 | val_acc=0.9544 | Δacc=+0.0152
[Teacher resnet50] epoch=15 train_loss=0.4953 val_loss=0.3075 val_acc=0.9364
[Monitor][teacher_resnet50] epoch 15/30 | train_loss=0.4953 | val_loss=0.3075 | val_acc=0.9364 | Δacc=-0.0181
[Teacher resnet50] epoch=16 train_loss=0.4442 val_loss=0.2111 val_acc=0.9718
[Monitor][teacher_resnet50] epoch 16/30 | train_loss=0.4442 | val_loss=0.2111 | val_acc=0.9718 | Δacc=+0.0354
[Teacher resnet50] epoch=17 train_loss=0.4148 val_loss=0.1783 val_acc=0.9798
[Monitor][teacher_resnet50] epoch 17/30 | train_loss=0.4148 | val_loss=0.1783 | val_acc=0.9798 | Δacc=+0.0080
[Teacher resnet50] epoch=18 train_loss=0.4039 val_loss=0.1834 val_acc=0.9805
[Monitor][teacher_resnet50] epoch 18/30 | train_loss=0.4039 | val_loss=0.1834 | val_acc=0.9805 | Δacc=+0.0007
[Teacher resnet50] epoch=19 train_loss=0.4010 val_loss=0.1828 val_acc=0.9769
[Monitor][teacher_resnet50] epoch 19/30 | train_loss=0.4010 | val_loss=0.1828 | val_acc=0.9769 | Δacc=-0.0036
[Teacher resnet50] epoch=20 train_loss=0.3984 val_loss=0.1852 val_acc=0.9848
[Monitor][teacher_resnet50] epoch 20/30 | train_loss=0.3984 | val_loss=0.1852 | val_acc=0.9848 | Δacc=+0.0080
[Teacher resnet50] epoch=21 train_loss=0.3875 val_loss=0.1624 val_acc=0.9855
[Monitor][teacher_resnet50] epoch 21/30 | train_loss=0.3875 | val_loss=0.1624 | val_acc=0.9855 | Δacc=+0.0007
[Teacher resnet50] epoch=22 train_loss=0.3842 val_loss=0.1572 val_acc=0.9870
[Monitor][teacher_resnet50] epoch 22/30 | train_loss=0.3842 | val_loss=0.1572 | val_acc=0.9870 | Δacc=+0.0014
[Teacher resnet50] epoch=23 train_loss=0.3818 val_loss=0.1635 val_acc=0.9855
[Monitor][teacher_resnet50] epoch 23/30 | train_loss=0.3818 | val_loss=0.1635 | val_acc=0.9855 | Δacc=-0.0014
[Teacher resnet50] epoch=24 train_loss=0.3822 val_loss=0.1643 val_acc=0.9899
[Monitor][teacher_resnet50] epoch 24/30 | train_loss=0.3822 | val_loss=0.1643 | val_acc=0.9899 | Δacc=+0.0043
[Teacher resnet50] epoch=25 train_loss=0.3801 val_loss=0.1697 val_acc=0.9855
[Monitor][teacher_resnet50] epoch 25/30 | train_loss=0.3801 | val_loss=0.1697 | val_acc=0.9855 | Δacc=-0.0043
[Teacher resnet50] epoch=26 train_loss=0.3790 val_loss=0.1604 val_acc=0.9863
[Monitor][teacher_resnet50] epoch 26/30 | train_loss=0.3790 | val_loss=0.1604 | val_acc=0.9863 | Δacc=+0.0007
[Teacher resnet50] epoch=27 train_loss=0.3769 val_loss=0.1615 val_acc=0.9870
[Monitor][teacher_resnet50] epoch 27/30 | train_loss=0.3769 | val_loss=0.1615 | val_acc=0.9870 | Δacc=+0.0007
[Teacher resnet50] epoch=28 train_loss=0.3761 val_loss=0.1620 val_acc=0.9870
[Monitor][teacher_resnet50] epoch 28/30 | train_loss=0.3761 | val_loss=0.1620 | val_acc=0.9870 | Δacc=+0.0000
[Teacher resnet50] epoch=29 train_loss=0.3756 val_loss=0.1600 val_acc=0.9877
[Monitor][teacher_resnet50] epoch 29/30 | train_loss=0.3756 | val_loss=0.1600 | val_acc=0.9877 | Δacc=+0.0007
[Teacher resnet50] epoch=30 train_loss=0.3758 val_loss=0.1613 val_acc=0.9870
[Monitor][teacher_resnet50] epoch 30/30 | train_loss=0.3758 | val_loss=0.1613 | val_acc=0.9870 | Δacc=-0.0007
[Monitor] <<< Stage 'teacher_resnet50' finished after 30 epochs | final acc=0.9870
[Monitor] >>> Stage 'teacher_mbv3' started (30 epochs)
[Teacher mbv3] epoch=1 train_loss=1.4564 val_loss=1.8882 val_acc=0.2885
[Monitor][teacher_mbv3] epoch 1/30 | train_loss=1.4564 | val_loss=1.8882 | val_acc=0.2885
[Teacher mbv3] epoch=2 train_loss=0.9358 val_loss=1.8313 val_acc=0.2885
[Monitor][teacher_mbv3] epoch 2/30 | train_loss=0.9358 | val_loss=1.8313 | val_acc=0.2885 | Δacc=+0.0000
[Teacher mbv3] epoch=3 train_loss=0.7962 val_loss=1.7719 val_acc=0.3008
[Monitor][teacher_mbv3] epoch 3/30 | train_loss=0.7962 | val_loss=1.7719 | val_acc=0.3008 | Δacc=+0.0123
[Teacher mbv3] epoch=4 train_loss=0.7278 val_loss=1.7703 val_acc=0.2885
[Monitor][teacher_mbv3] epoch 4/30 | train_loss=0.7278 | val_loss=1.7703 | val_acc=0.2885 | Δacc=-0.0123
[Teacher mbv3] epoch=5 train_loss=0.6898 val_loss=1.7277 val_acc=0.2871
[Monitor][teacher_mbv3] epoch 5/30 | train_loss=0.6898 | val_loss=1.7277 | val_acc=0.2871 | Δacc=-0.0014
[Teacher mbv3] epoch=6 train_loss=0.6608 val_loss=1.3276 val_acc=0.5184
[Monitor][teacher_mbv3] epoch 6/30 | train_loss=0.6608 | val_loss=1.3276 | val_acc=0.5184 | Δacc=+0.2314
[Teacher mbv3] epoch=7 train_loss=0.6301 val_loss=0.8715 val_acc=0.6797
[Monitor][teacher_mbv3] epoch 7/30 | train_loss=0.6301 | val_loss=0.8715 | val_acc=0.6797 | Δacc=+0.1612
[Teacher mbv3] epoch=8 train_loss=0.6073 val_loss=0.6504 val_acc=0.8171
[Monitor][teacher_mbv3] epoch 8/30 | train_loss=0.6073 | val_loss=0.6504 | val_acc=0.8171 | Δacc=+0.1374
[Teacher mbv3] epoch=9 train_loss=0.5909 val_loss=0.5900 val_acc=0.8330
[Monitor][teacher_mbv3] epoch 9/30 | train_loss=0.5909 | val_loss=0.5900 | val_acc=0.8330 | Δacc=+0.0159
[Teacher mbv3] epoch=10 train_loss=0.5910 val_loss=0.5865 val_acc=0.8482
[Monitor][teacher_mbv3] epoch 10/30 | train_loss=0.5910 | val_loss=0.5865 | val_acc=0.8482 | Δacc=+0.0152
[Teacher mbv3] epoch=11 train_loss=0.5686 val_loss=0.5358 val_acc=0.8691
[Monitor][teacher_mbv3] epoch 11/30 | train_loss=0.5686 | val_loss=0.5358 | val_acc=0.8691 | Δacc=+0.0210
[Teacher mbv3] epoch=12 train_loss=0.5305 val_loss=0.3630 val_acc=0.9234
[Monitor][teacher_mbv3] epoch 12/30 | train_loss=0.5305 | val_loss=0.3630 | val_acc=0.9234 | Δacc=+0.0542
[Teacher mbv3] epoch=13 train_loss=0.5527 val_loss=0.6155 val_acc=0.8373
[Monitor][teacher_mbv3] epoch 13/30 | train_loss=0.5527 | val_loss=0.6155 | val_acc=0.8373 | Δacc=-0.0860
[Teacher mbv3] epoch=14 train_loss=0.5585 val_loss=0.4335 val_acc=0.8923
[Monitor][teacher_mbv3] epoch 14/30 | train_loss=0.5585 | val_loss=0.4335 | val_acc=0.8923 | Δacc=+0.0550
[Teacher mbv3] epoch=15 train_loss=0.5340 val_loss=0.3910 val_acc=0.9176
[Monitor][teacher_mbv3] epoch 15/30 | train_loss=0.5340 | val_loss=0.3910 | val_acc=0.9176 | Δacc=+0.0253
[Teacher mbv3] epoch=16 train_loss=0.4733 val_loss=0.2793 val_acc=0.9530
[Monitor][teacher_mbv3] epoch 16/30 | train_loss=0.4733 | val_loss=0.2793 | val_acc=0.9530 | Δacc=+0.0354
[Teacher mbv3] epoch=17 train_loss=0.4434 val_loss=0.2608 val_acc=0.9581
[Monitor][teacher_mbv3] epoch 17/30 | train_loss=0.4434 | val_loss=0.2608 | val_acc=0.9581 | Δacc=+0.0051
[Teacher mbv3] epoch=18 train_loss=0.4366 val_loss=0.2642 val_acc=0.9552
[Monitor][teacher_mbv3] epoch 18/30 | train_loss=0.4366 | val_loss=0.2642 | val_acc=0.9552 | Δacc=-0.0029
[Teacher mbv3] epoch=19 train_loss=0.4340 val_loss=0.2514 val_acc=0.9573
[Monitor][teacher_mbv3] epoch 19/30 | train_loss=0.4340 | val_loss=0.2514 | val_acc=0.9573 | Δacc=+0.0022
[Teacher mbv3] epoch=20 train_loss=0.4313 val_loss=0.2544 val_acc=0.9559
[Monitor][teacher_mbv3] epoch 20/30 | train_loss=0.4313 | val_loss=0.2544 | val_acc=0.9559 | Δacc=-0.0014
[Teacher mbv3] epoch=21 train_loss=0.4224 val_loss=0.2476 val_acc=0.9675
[Monitor][teacher_mbv3] epoch 21/30 | train_loss=0.4224 | val_loss=0.2476 | val_acc=0.9675 | Δacc=+0.0116
[Teacher mbv3] epoch=22 train_loss=0.4221 val_loss=0.2443 val_acc=0.9631
[Monitor][teacher_mbv3] epoch 22/30 | train_loss=0.4221 | val_loss=0.2443 | val_acc=0.9631 | Δacc=-0.0043
[Teacher mbv3] epoch=23 train_loss=0.4329 val_loss=0.2486 val_acc=0.9646
[Monitor][teacher_mbv3] epoch 23/30 | train_loss=0.4329 | val_loss=0.2486 | val_acc=0.9646 | Δacc=+0.0014
[Teacher mbv3] epoch=24 train_loss=0.4342 val_loss=0.2377 val_acc=0.9631
[Monitor][teacher_mbv3] epoch 24/30 | train_loss=0.4342 | val_loss=0.2377 | val_acc=0.9631 | Δacc=-0.0014
[Teacher mbv3] epoch=25 train_loss=0.4416 val_loss=0.2864 val_acc=0.9508
[Monitor][teacher_mbv3] epoch 25/30 | train_loss=0.4416 | val_loss=0.2864 | val_acc=0.9508 | Δacc=-0.0123
[Teacher mbv3] epoch=26 train_loss=0.4478 val_loss=0.2912 val_acc=0.9494
[Monitor][teacher_mbv3] epoch 26/30 | train_loss=0.4478 | val_loss=0.2912 | val_acc=0.9494 | Δacc=-0.0014
[Teacher mbv3] epoch=27 train_loss=0.4287 val_loss=0.2639 val_acc=0.9523
[Monitor][teacher_mbv3] epoch 27/30 | train_loss=0.4287 | val_loss=0.2639 | val_acc=0.9523 | Δacc=+0.0029
[Teacher mbv3] epoch=28 train_loss=0.4059 val_loss=0.2246 val_acc=0.9704
[Monitor][teacher_mbv3] epoch 28/30 | train_loss=0.4059 | val_loss=0.2246 | val_acc=0.9704 | Δacc=+0.0181
[Teacher mbv3] epoch=29 train_loss=0.3962 val_loss=0.2180 val_acc=0.9776
[Monitor][teacher_mbv3] epoch 29/30 | train_loss=0.3962 | val_loss=0.2180 | val_acc=0.9776 | Δacc=+0.0072
[Teacher mbv3] epoch=30 train_loss=0.3937 val_loss=0.2056 val_acc=0.9761
[Monitor][teacher_mbv3] epoch 30/30 | train_loss=0.3937 | val_loss=0.2056 | val_acc=0.9761 | Δacc=-0.0014
[Monitor] <<< Stage 'teacher_mbv3' finished after 30 epochs | final acc=0.9761
[Monitor] >>> Stage 'teacher_densenet121' started (30 epochs)
[Teacher densenet121] epoch=1 train_loss=1.1859 val_loss=0.8673 val_acc=0.6819
[Monitor][teacher_densenet121] epoch 1/30 | train_loss=1.1859 | val_loss=0.8673 | val_acc=0.6819
[Teacher densenet121] epoch=2 train_loss=0.8603 val_loss=0.7367 val_acc=0.8120
[Monitor][teacher_densenet121] epoch 2/30 | train_loss=0.8603 | val_loss=0.7367 | val_acc=0.8120 | Δacc=+0.1302
[Teacher densenet121] epoch=3 train_loss=0.7179 val_loss=0.5831 val_acc=0.8655
[Monitor][teacher_densenet121] epoch 3/30 | train_loss=0.7179 | val_loss=0.5831 | val_acc=0.8655 | Δacc=+0.0535
[Teacher densenet121] epoch=4 train_loss=0.6671 val_loss=0.4569 val_acc=0.8923
[Monitor][teacher_densenet121] epoch 4/30 | train_loss=0.6671 | val_loss=0.4569 | val_acc=0.8923 | Δacc=+0.0268
[Teacher densenet121] epoch=5 train_loss=0.6127 val_loss=0.5444 val_acc=0.8792
[Monitor][teacher_densenet121] epoch 5/30 | train_loss=0.6127 | val_loss=0.5444 | val_acc=0.8792 | Δacc=-0.0130
[Teacher densenet121] epoch=6 train_loss=0.5868 val_loss=0.3905 val_acc=0.9017
[Monitor][teacher_densenet121] epoch 6/30 | train_loss=0.5868 | val_loss=0.3905 | val_acc=0.9017 | Δacc=+0.0224
[Teacher densenet121] epoch=7 train_loss=0.5629 val_loss=0.3762 val_acc=0.9038
[Monitor][teacher_densenet121] epoch 7/30 | train_loss=0.5629 | val_loss=0.3762 | val_acc=0.9038 | Δacc=+0.0022
[Teacher densenet121] epoch=8 train_loss=0.5449 val_loss=0.3014 val_acc=0.9393
[Monitor][teacher_densenet121] epoch 8/30 | train_loss=0.5449 | val_loss=0.3014 | val_acc=0.9393 | Δacc=+0.0354
[Teacher densenet121] epoch=9 train_loss=0.5138 val_loss=0.3801 val_acc=0.9103
[Monitor][teacher_densenet121] epoch 9/30 | train_loss=0.5138 | val_loss=0.3801 | val_acc=0.9103 | Δacc=-0.0289
[Teacher densenet121] epoch=10 train_loss=0.5245 val_loss=0.3661 val_acc=0.9154
[Monitor][teacher_densenet121] epoch 10/30 | train_loss=0.5245 | val_loss=0.3661 | val_acc=0.9154 | Δacc=+0.0051
[Teacher densenet121] epoch=11 train_loss=0.5026 val_loss=0.3287 val_acc=0.9299
[Monitor][teacher_densenet121] epoch 11/30 | train_loss=0.5026 | val_loss=0.3287 | val_acc=0.9299 | Δacc=+0.0145
[Teacher densenet121] epoch=12 train_loss=0.4491 val_loss=0.2160 val_acc=0.9602
[Monitor][teacher_densenet121] epoch 12/30 | train_loss=0.4491 | val_loss=0.2160 | val_acc=0.9602 | Δacc=+0.0304
[Teacher densenet121] epoch=13 train_loss=0.4295 val_loss=0.2057 val_acc=0.9732
[Monitor][teacher_densenet121] epoch 13/30 | train_loss=0.4295 | val_loss=0.2057 | val_acc=0.9732 | Δacc=+0.0130
[Teacher densenet121] epoch=14 train_loss=0.4154 val_loss=0.2260 val_acc=0.9617
[Monitor][teacher_densenet121] epoch 14/30 | train_loss=0.4154 | val_loss=0.2260 | val_acc=0.9617 | Δacc=-0.0116
[Teacher densenet121] epoch=15 train_loss=0.4119 val_loss=0.1874 val_acc=0.9776
[Monitor][teacher_densenet121] epoch 15/30 | train_loss=0.4119 | val_loss=0.1874 | val_acc=0.9776 | Δacc=+0.0159
[Teacher densenet121] epoch=16 train_loss=0.4078 val_loss=0.1844 val_acc=0.9732
[Monitor][teacher_densenet121] epoch 16/30 | train_loss=0.4078 | val_loss=0.1844 | val_acc=0.9732 | Δacc=-0.0043
[Teacher densenet121] epoch=17 train_loss=0.4029 val_loss=0.1812 val_acc=0.9776
[Monitor][teacher_densenet121] epoch 17/30 | train_loss=0.4029 | val_loss=0.1812 | val_acc=0.9776 | Δacc=+0.0043
[Teacher densenet121] epoch=18 train_loss=0.4013 val_loss=0.1795 val_acc=0.9783
[Monitor][teacher_densenet121] epoch 18/30 | train_loss=0.4013 | val_loss=0.1795 | val_acc=0.9783 | Δacc=+0.0007
[Teacher densenet121] epoch=19 train_loss=0.4093 val_loss=0.2270 val_acc=0.9631
[Monitor][teacher_densenet121] epoch 19/30 | train_loss=0.4093 | val_loss=0.2270 | val_acc=0.9631 | Δacc=-0.0152
[Teacher densenet121] epoch=20 train_loss=0.4197 val_loss=0.1897 val_acc=0.9783
[Monitor][teacher_densenet121] epoch 20/30 | train_loss=0.4197 | val_loss=0.1897 | val_acc=0.9783 | Δacc=+0.0152
[Teacher densenet121] epoch=21 train_loss=0.4257 val_loss=0.2176 val_acc=0.9631
[Monitor][teacher_densenet121] epoch 21/30 | train_loss=0.4257 | val_loss=0.2176 | val_acc=0.9631 | Δacc=-0.0152
[Teacher densenet121] epoch=22 train_loss=0.3998 val_loss=0.1665 val_acc=0.9841
[Monitor][teacher_densenet121] epoch 22/30 | train_loss=0.3998 | val_loss=0.1665 | val_acc=0.9841 | Δacc=+0.0210
[Teacher densenet121] epoch=23 train_loss=0.3872 val_loss=0.1693 val_acc=0.9841
[Monitor][teacher_densenet121] epoch 23/30 | train_loss=0.3872 | val_loss=0.1693 | val_acc=0.9841 | Δacc=+0.0000
[Teacher densenet121] epoch=24 train_loss=0.3846 val_loss=0.1636 val_acc=0.9877
[Monitor][teacher_densenet121] epoch 24/30 | train_loss=0.3846 | val_loss=0.1636 | val_acc=0.9877 | Δacc=+0.0036
[Teacher densenet121] epoch=25 train_loss=0.3833 val_loss=0.1593 val_acc=0.9884
[Monitor][teacher_densenet121] epoch 25/30 | train_loss=0.3833 | val_loss=0.1593 | val_acc=0.9884 | Δacc=+0.0007
[Teacher densenet121] epoch=26 train_loss=0.3821 val_loss=0.1583 val_acc=0.9863
[Monitor][teacher_densenet121] epoch 26/30 | train_loss=0.3821 | val_loss=0.1583 | val_acc=0.9863 | Δacc=-0.0022
[Teacher densenet121] epoch=27 train_loss=0.3790 val_loss=0.1721 val_acc=0.9877
[Monitor][teacher_densenet121] epoch 27/30 | train_loss=0.3790 | val_loss=0.1721 | val_acc=0.9877 | Δacc=+0.0014
[Teacher densenet121] epoch=28 train_loss=0.3823 val_loss=0.1674 val_acc=0.9855
[Monitor][teacher_densenet121] epoch 28/30 | train_loss=0.3823 | val_loss=0.1674 | val_acc=0.9855 | Δacc=-0.0022
[Teacher densenet121] epoch=29 train_loss=0.3806 val_loss=0.1655 val_acc=0.9870
[Monitor][teacher_densenet121] epoch 29/30 | train_loss=0.3806 | val_loss=0.1655 | val_acc=0.9870 | Δacc=+0.0014
[Teacher densenet121] epoch=30 train_loss=0.3799 val_loss=0.1645 val_acc=0.9877
[Monitor][teacher_densenet121] epoch 30/30 | train_loss=0.3799 | val_loss=0.1645 | val_acc=0.9877 | Δacc=+0.0007
[Monitor] <<< Stage 'teacher_densenet121' finished after 30 epochs | final acc=0.9877
Detected pre-split layout, using provided train/val/test folders under: /workspace/yqm/Dataset/ISCXVPN2016

Dataset split:
  Train: 13281 images (82.8%)
  Val:   1383 images (8.6%)
  Test:  1384 images (8.6%)

Image dimensions: 1 x 40 x 40
[Info] Found existing teacher checkpoints, skipping retrain.
Traceback (most recent call last):
  File "/workspace/yqm/NetKD/training/train.py", line 793, in <module>
    main()
  File "/workspace/yqm/NetKD/training/train.py", line 745, in main
    run_real_pipeline(
  File "/workspace/yqm/NetKD/training/train.py", line 625, in run_real_pipeline
    stack_path = _ensure_stacking(teachers)
                 ^^^^^^^^^^^^^^^^^^^^^^^^^^
  File "/workspace/yqm/NetKD/training/train.py", line 604, in _ensure_stacking
    ckpt = train_stacking_model_stage(
           ^^^^^^^^^^^^^^^^^^^^^^^^^^^
  File "/workspace/yqm/NetKD/training/train.py", line 208, in train_stacking_model_stage
    t1.load_state_dict(torch.load(teacher_ckpts["resnet50"], map_location="cpu"))
  File "/root/miniconda3/lib/python3.12/site-packages/torch/nn/modules/module.py", line 2624, in load_state_dict
    raise RuntimeError(
RuntimeError: Error(s) in loading state_dict for ResNet50Teacher:
	size mismatch for model.fc.weight: copying a param with shape torch.Size([19, 2048]) from checkpoint, the shape in current model is torch.Size([7, 2048]).
	size mismatch for model.fc.bias: copying a param with shape torch.Size([19]) from checkpoint, the shape in current model is torch.Size([7]).
Detected pre-split layout, using provided train/val/test folders under: /workspace/yqm/Dataset/ISCXVPN2016

Dataset split:
  Train: 13281 images (82.8%)
  Val:   1383 images (8.6%)
  Test:  1384 images (8.6%)

Image dimensions: 1 x 40 x 40
[Info] Found existing teacher checkpoints, skipping retrain.
Traceback (most recent call last):
  File "/workspace/yqm/NetKD/training/train.py", line 793, in <module>
    main()
  File "/workspace/yqm/NetKD/training/train.py", line 745, in main
    run_real_pipeline(
  File "/workspace/yqm/NetKD/training/train.py", line 629, in run_real_pipeline
    stack_path = _ensure_stacking(teachers)
                 ^^^^^^^^^^^^^^^^^^^^^^^^^^
  File "/workspace/yqm/NetKD/training/train.py", line 604, in _ensure_stacking
    ckpt = train_stacking_model_stage(
           ^^^^^^^^^^^^^^^^^^^^^^^^^^^
  File "/workspace/yqm/NetKD/training/train.py", line 208, in train_stacking_model_stage
    t1.load_state_dict(torch.load(teacher_ckpts["resnet50"], map_location="cpu"))
  File "/root/miniconda3/lib/python3.12/site-packages/torch/nn/modules/module.py", line 2624, in load_state_dict
    raise RuntimeError(
RuntimeError: Error(s) in loading state_dict for ResNet50Teacher:
	size mismatch for model.fc.weight: copying a param with shape torch.Size([19, 2048]) from checkpoint, the shape in current model is torch.Size([7, 2048]).
	size mismatch for model.fc.bias: copying a param with shape torch.Size([19]) from checkpoint, the shape in current model is torch.Size([7]).
