Detected pre-split layout, using provided train/val/test folders under: /workspace/yqm/Dataset/ISCXTor2016

Dataset split:
  Train: 11655 images (80.0%)
  Val:   1456 images (10.0%)
  Test:  1458 images (10.0%)

Image dimensions: 1 x 40 x 40
[Monitor] >>> Stage 'teacher_resnet50' started (30 epochs)
[Teacher resnet50] epoch=1 train_loss=1.9749 val_loss=1.8629 val_acc=0.3352
[Monitor][teacher_resnet50] epoch 1/30 | train_loss=1.9749 | val_loss=1.8629 | val_acc=0.3352
[Teacher resnet50] epoch=2 train_loss=1.3791 val_loss=1.3456 val_acc=0.5192
[Monitor][teacher_resnet50] epoch 2/30 | train_loss=1.3791 | val_loss=1.3456 | val_acc=0.5192 | Δacc=+0.1841
[Teacher resnet50] epoch=3 train_loss=0.8902 val_loss=1.4971 val_acc=0.6236
[Monitor][teacher_resnet50] epoch 3/30 | train_loss=0.8902 | val_loss=1.4971 | val_acc=0.6236 | Δacc=+0.1044
[Teacher resnet50] epoch=4 train_loss=0.6755 val_loss=0.3345 val_acc=0.8880
[Monitor][teacher_resnet50] epoch 4/30 | train_loss=0.6755 | val_loss=0.3345 | val_acc=0.8880 | Δacc=+0.2644
[Teacher resnet50] epoch=5 train_loss=0.3912 val_loss=0.2822 val_acc=0.9183
[Monitor][teacher_resnet50] epoch 5/30 | train_loss=0.3912 | val_loss=0.2822 | val_acc=0.9183 | Δacc=+0.0302
[Teacher resnet50] epoch=6 train_loss=0.3827 val_loss=0.4259 val_acc=0.8832
[Monitor][teacher_resnet50] epoch 6/30 | train_loss=0.3827 | val_loss=0.4259 | val_acc=0.8832 | Δacc=-0.0350
[Teacher resnet50] epoch=7 train_loss=0.4169 val_loss=0.2925 val_acc=0.9169
[Monitor][teacher_resnet50] epoch 7/30 | train_loss=0.4169 | val_loss=0.2925 | val_acc=0.9169 | Δacc=+0.0337
[Teacher resnet50] epoch=8 train_loss=0.3928 val_loss=0.3397 val_acc=0.8970
[Monitor][teacher_resnet50] epoch 8/30 | train_loss=0.3928 | val_loss=0.3397 | val_acc=0.8970 | Δacc=-0.0199
[Teacher resnet50] epoch=9 train_loss=0.3889 val_loss=0.1050 val_acc=0.9801
[Monitor][teacher_resnet50] epoch 9/30 | train_loss=0.3889 | val_loss=0.1050 | val_acc=0.9801 | Δacc=+0.0831
[Teacher resnet50] epoch=10 train_loss=0.3255 val_loss=0.0846 val_acc=0.9883
[Monitor][teacher_resnet50] epoch 10/30 | train_loss=0.3255 | val_loss=0.0846 | val_acc=0.9883 | Δacc=+0.0082
[Teacher resnet50] epoch=11 train_loss=0.2868 val_loss=0.0688 val_acc=0.9938
[Monitor][teacher_resnet50] epoch 11/30 | train_loss=0.2868 | val_loss=0.0688 | val_acc=0.9938 | Δacc=+0.0055
[Teacher resnet50] epoch=12 train_loss=0.3007 val_loss=0.6616 val_acc=0.9265
[Monitor][teacher_resnet50] epoch 12/30 | train_loss=0.3007 | val_loss=0.6616 | val_acc=0.9265 | Δacc=-0.0673
[Teacher resnet50] epoch=13 train_loss=0.3535 val_loss=0.0765 val_acc=0.9904
[Monitor][teacher_resnet50] epoch 13/30 | train_loss=0.3535 | val_loss=0.0765 | val_acc=0.9904 | Δacc=+0.0639
[Teacher resnet50] epoch=14 train_loss=0.3068 val_loss=0.0779 val_acc=0.9897
[Monitor][teacher_resnet50] epoch 14/30 | train_loss=0.3068 | val_loss=0.0779 | val_acc=0.9897 | Δacc=-0.0007
[Teacher resnet50] epoch=15 train_loss=0.2834 val_loss=0.0623 val_acc=0.9952
[Monitor][teacher_resnet50] epoch 15/30 | train_loss=0.2834 | val_loss=0.0623 | val_acc=0.9952 | Δacc=+0.0055
[Teacher resnet50] epoch=16 train_loss=0.2832 val_loss=0.1087 val_acc=0.9732
[Monitor][teacher_resnet50] epoch 16/30 | train_loss=0.2832 | val_loss=0.1087 | val_acc=0.9732 | Δacc=-0.0220
[Teacher resnet50] epoch=17 train_loss=0.2967 val_loss=0.0713 val_acc=0.9924
[Monitor][teacher_resnet50] epoch 17/30 | train_loss=0.2967 | val_loss=0.0713 | val_acc=0.9924 | Δacc=+0.0192
[Teacher resnet50] epoch=18 train_loss=0.2817 val_loss=0.0639 val_acc=0.9938
[Monitor][teacher_resnet50] epoch 18/30 | train_loss=0.2817 | val_loss=0.0639 | val_acc=0.9938 | Δacc=+0.0014
[Teacher resnet50] epoch=19 train_loss=0.2800 val_loss=0.0626 val_acc=0.9952
[Monitor][teacher_resnet50] epoch 19/30 | train_loss=0.2800 | val_loss=0.0626 | val_acc=0.9952 | Δacc=+0.0014
[Teacher resnet50] epoch=20 train_loss=0.2801 val_loss=0.0610 val_acc=0.9952
[Monitor][teacher_resnet50] epoch 20/30 | train_loss=0.2801 | val_loss=0.0610 | val_acc=0.9952 | Δacc=+0.0000
[Teacher resnet50] epoch=21 train_loss=0.2801 val_loss=0.0643 val_acc=0.9945
[Monitor][teacher_resnet50] epoch 21/30 | train_loss=0.2801 | val_loss=0.0643 | val_acc=0.9945 | Δacc=-0.0007
[Teacher resnet50] epoch=22 train_loss=0.2802 val_loss=0.0646 val_acc=0.9952
[Monitor][teacher_resnet50] epoch 22/30 | train_loss=0.2802 | val_loss=0.0646 | val_acc=0.9952 | Δacc=+0.0007
[Teacher resnet50] epoch=23 train_loss=0.2806 val_loss=0.0686 val_acc=0.9924
[Monitor][teacher_resnet50] epoch 23/30 | train_loss=0.2806 | val_loss=0.0686 | val_acc=0.9924 | Δacc=-0.0027
[Teacher resnet50] epoch=24 train_loss=0.2801 val_loss=0.0612 val_acc=0.9959
[Monitor][teacher_resnet50] epoch 24/30 | train_loss=0.2801 | val_loss=0.0612 | val_acc=0.9959 | Δacc=+0.0034
[Teacher resnet50] epoch=25 train_loss=0.2797 val_loss=0.0654 val_acc=0.9938
[Monitor][teacher_resnet50] epoch 25/30 | train_loss=0.2797 | val_loss=0.0654 | val_acc=0.9938 | Δacc=-0.0021
[Teacher resnet50] epoch=26 train_loss=0.2801 val_loss=0.0632 val_acc=0.9959
[Monitor][teacher_resnet50] epoch 26/30 | train_loss=0.2801 | val_loss=0.0632 | val_acc=0.9959 | Δacc=+0.0021
[Teacher resnet50] epoch=27 train_loss=0.2796 val_loss=0.0632 val_acc=0.9966
[Monitor][teacher_resnet50] epoch 27/30 | train_loss=0.2796 | val_loss=0.0632 | val_acc=0.9966 | Δacc=+0.0007
[Teacher resnet50] epoch=28 train_loss=0.2811 val_loss=0.0641 val_acc=0.9959
[Monitor][teacher_resnet50] epoch 28/30 | train_loss=0.2811 | val_loss=0.0641 | val_acc=0.9959 | Δacc=-0.0007
[Teacher resnet50] epoch=29 train_loss=0.2812 val_loss=0.0617 val_acc=0.9979
[Monitor][teacher_resnet50] epoch 29/30 | train_loss=0.2812 | val_loss=0.0617 | val_acc=0.9979 | Δacc=+0.0021
[Teacher resnet50] epoch=30 train_loss=0.2798 val_loss=0.0626 val_acc=0.9952
[Monitor][teacher_resnet50] epoch 30/30 | train_loss=0.2798 | val_loss=0.0626 | val_acc=0.9952 | Δacc=-0.0027
[Monitor] <<< Stage 'teacher_resnet50' finished after 30 epochs | final acc=0.9952
[Monitor] >>> Stage 'teacher_mbv3' started (30 epochs)
[Teacher mbv3] epoch=1 train_loss=1.8096 val_loss=2.0806 val_acc=0.1374
[Monitor][teacher_mbv3] epoch 1/30 | train_loss=1.8096 | val_loss=2.0806 | val_acc=0.1374
[Teacher mbv3] epoch=2 train_loss=1.1934 val_loss=2.1043 val_acc=0.1120
[Monitor][teacher_mbv3] epoch 2/30 | train_loss=1.1934 | val_loss=2.1043 | val_acc=0.1120 | Δacc=-0.0254
[Teacher mbv3] epoch=3 train_loss=0.7448 val_loss=2.1241 val_acc=0.1120
[Monitor][teacher_mbv3] epoch 3/30 | train_loss=0.7448 | val_loss=2.1241 | val_acc=0.1120 | Δacc=+0.0000
[Teacher mbv3] epoch=4 train_loss=0.5519 val_loss=2.1699 val_acc=0.1120
[Monitor][teacher_mbv3] epoch 4/30 | train_loss=0.5519 | val_loss=2.1699 | val_acc=0.1120 | Δacc=+0.0000
[Teacher mbv3] epoch=5 train_loss=0.3814 val_loss=2.1333 val_acc=0.1120
[Monitor][teacher_mbv3] epoch 5/30 | train_loss=0.3814 | val_loss=2.1333 | val_acc=0.1120 | Δacc=+0.0000
[Teacher mbv3] epoch=6 train_loss=0.3290 val_loss=1.9091 val_acc=0.2960
[Monitor][teacher_mbv3] epoch 6/30 | train_loss=0.3290 | val_loss=1.9091 | val_acc=0.2960 | Δacc=+0.1841
[Teacher mbv3] epoch=7 train_loss=0.3602 val_loss=1.0980 val_acc=0.5872
[Monitor][teacher_mbv3] epoch 7/30 | train_loss=0.3602 | val_loss=1.0980 | val_acc=0.5872 | Δacc=+0.2912
[Teacher mbv3] epoch=8 train_loss=0.3550 val_loss=0.3129 val_acc=0.9100
[Monitor][teacher_mbv3] epoch 8/30 | train_loss=0.3550 | val_loss=0.3129 | val_acc=0.9100 | Δacc=+0.3228
[Teacher mbv3] epoch=9 train_loss=0.3266 val_loss=0.1294 val_acc=0.9691
[Monitor][teacher_mbv3] epoch 9/30 | train_loss=0.3266 | val_loss=0.1294 | val_acc=0.9691 | Δacc=+0.0591
[Teacher mbv3] epoch=10 train_loss=0.3338 val_loss=0.1157 val_acc=0.9787
[Monitor][teacher_mbv3] epoch 10/30 | train_loss=0.3338 | val_loss=0.1157 | val_acc=0.9787 | Δacc=+0.0096
[Teacher mbv3] epoch=11 train_loss=0.3248 val_loss=0.1152 val_acc=0.9766
[Monitor][teacher_mbv3] epoch 11/30 | train_loss=0.3248 | val_loss=0.1152 | val_acc=0.9766 | Δacc=-0.0021
[Teacher mbv3] epoch=12 train_loss=0.3408 val_loss=0.0986 val_acc=0.9856
[Monitor][teacher_mbv3] epoch 12/30 | train_loss=0.3408 | val_loss=0.0986 | val_acc=0.9856 | Δacc=+0.0089
[Teacher mbv3] epoch=13 train_loss=0.3450 val_loss=0.1033 val_acc=0.9821
[Monitor][teacher_mbv3] epoch 13/30 | train_loss=0.3450 | val_loss=0.1033 | val_acc=0.9821 | Δacc=-0.0034
[Teacher mbv3] epoch=14 train_loss=0.3108 val_loss=0.0964 val_acc=0.9828
[Monitor][teacher_mbv3] epoch 14/30 | train_loss=0.3108 | val_loss=0.0964 | val_acc=0.9828 | Δacc=+0.0007
[Teacher mbv3] epoch=15 train_loss=0.2980 val_loss=0.0956 val_acc=0.9890
[Monitor][teacher_mbv3] epoch 15/30 | train_loss=0.2980 | val_loss=0.0956 | val_acc=0.9890 | Δacc=+0.0062
[Teacher mbv3] epoch=16 train_loss=0.2950 val_loss=0.0722 val_acc=0.9924
[Monitor][teacher_mbv3] epoch 16/30 | train_loss=0.2950 | val_loss=0.0722 | val_acc=0.9924 | Δacc=+0.0034
[Teacher mbv3] epoch=17 train_loss=0.3051 val_loss=0.0914 val_acc=0.9870
[Monitor][teacher_mbv3] epoch 17/30 | train_loss=0.3051 | val_loss=0.0914 | val_acc=0.9870 | Δacc=-0.0055
[Teacher mbv3] epoch=18 train_loss=0.3107 val_loss=0.1001 val_acc=0.9863
[Monitor][teacher_mbv3] epoch 18/30 | train_loss=0.3107 | val_loss=0.1001 | val_acc=0.9863 | Δacc=-0.0007
[Teacher mbv3] epoch=19 train_loss=0.3711 val_loss=0.1811 val_acc=0.9547
[Monitor][teacher_mbv3] epoch 19/30 | train_loss=0.3711 | val_loss=0.1811 | val_acc=0.9547 | Δacc=-0.0316
[Teacher mbv3] epoch=20 train_loss=0.3332 val_loss=0.0781 val_acc=0.9904
[Monitor][teacher_mbv3] epoch 20/30 | train_loss=0.3332 | val_loss=0.0781 | val_acc=0.9904 | Δacc=+0.0357
[Teacher mbv3] epoch=21 train_loss=0.2977 val_loss=0.0721 val_acc=0.9938
[Monitor][teacher_mbv3] epoch 21/30 | train_loss=0.2977 | val_loss=0.0721 | val_acc=0.9938 | Δacc=+0.0034
[Teacher mbv3] epoch=22 train_loss=0.3040 val_loss=0.0689 val_acc=0.9938
[Monitor][teacher_mbv3] epoch 22/30 | train_loss=0.3040 | val_loss=0.0689 | val_acc=0.9938 | Δacc=+0.0000
[Teacher mbv3] epoch=23 train_loss=0.3054 val_loss=0.0660 val_acc=0.9952
[Monitor][teacher_mbv3] epoch 23/30 | train_loss=0.3054 | val_loss=0.0660 | val_acc=0.9952 | Δacc=+0.0014
[Teacher mbv3] epoch=24 train_loss=0.2952 val_loss=0.0713 val_acc=0.9931
[Monitor][teacher_mbv3] epoch 24/30 | train_loss=0.2952 | val_loss=0.0713 | val_acc=0.9931 | Δacc=-0.0021
[Teacher mbv3] epoch=25 train_loss=0.2861 val_loss=0.0661 val_acc=0.9945
[Monitor][teacher_mbv3] epoch 25/30 | train_loss=0.2861 | val_loss=0.0661 | val_acc=0.9945 | Δacc=+0.0014
[Teacher mbv3] epoch=26 train_loss=0.2983 val_loss=0.0661 val_acc=0.9938
[Monitor][teacher_mbv3] epoch 26/30 | train_loss=0.2983 | val_loss=0.0661 | val_acc=0.9938 | Δacc=-0.0007
[Teacher mbv3] epoch=27 train_loss=0.2893 val_loss=0.0608 val_acc=0.9938
[Monitor][teacher_mbv3] epoch 27/30 | train_loss=0.2893 | val_loss=0.0608 | val_acc=0.9938 | Δacc=+0.0000
[Teacher mbv3] epoch=28 train_loss=0.2866 val_loss=0.0614 val_acc=0.9952
[Monitor][teacher_mbv3] epoch 28/30 | train_loss=0.2866 | val_loss=0.0614 | val_acc=0.9952 | Δacc=+0.0014
[Teacher mbv3] epoch=29 train_loss=0.2948 val_loss=0.0625 val_acc=0.9952
[Monitor][teacher_mbv3] epoch 29/30 | train_loss=0.2948 | val_loss=0.0625 | val_acc=0.9952 | Δacc=+0.0000
[Teacher mbv3] epoch=30 train_loss=0.2917 val_loss=0.0605 val_acc=0.9966
[Monitor][teacher_mbv3] epoch 30/30 | train_loss=0.2917 | val_loss=0.0605 | val_acc=0.9966 | Δacc=+0.0014
[Monitor] <<< Stage 'teacher_mbv3' finished after 30 epochs | final acc=0.9966
[Monitor] >>> Stage 'teacher_densenet121' started (30 epochs)
[Teacher densenet121] epoch=1 train_loss=1.6823 val_loss=1.3280 val_acc=0.5295
[Monitor][teacher_densenet121] epoch 1/30 | train_loss=1.6823 | val_loss=1.3280 | val_acc=0.5295
[Teacher densenet121] epoch=2 train_loss=0.8984 val_loss=0.6596 val_acc=0.7685
[Monitor][teacher_densenet121] epoch 2/30 | train_loss=0.8984 | val_loss=0.6596 | val_acc=0.7685 | Δacc=+0.2390
[Teacher densenet121] epoch=3 train_loss=0.4790 val_loss=0.4515 val_acc=0.8695
[Monitor][teacher_densenet121] epoch 3/30 | train_loss=0.4790 | val_loss=0.4515 | val_acc=0.8695 | Δacc=+0.1010
[Teacher densenet121] epoch=4 train_loss=0.4051 val_loss=0.3001 val_acc=0.9306
[Monitor][teacher_densenet121] epoch 4/30 | train_loss=0.4051 | val_loss=0.3001 | val_acc=0.9306 | Δacc=+0.0611
[Teacher densenet121] epoch=5 train_loss=0.3428 val_loss=0.1351 val_acc=0.9698
[Monitor][teacher_densenet121] epoch 5/30 | train_loss=0.3428 | val_loss=0.1351 | val_acc=0.9698 | Δacc=+0.0391
[Teacher densenet121] epoch=6 train_loss=0.4037 val_loss=0.1741 val_acc=0.9547
[Monitor][teacher_densenet121] epoch 6/30 | train_loss=0.4037 | val_loss=0.1741 | val_acc=0.9547 | Δacc=-0.0151
[Teacher densenet121] epoch=7 train_loss=0.3214 val_loss=0.1428 val_acc=0.9636
[Monitor][teacher_densenet121] epoch 7/30 | train_loss=0.3214 | val_loss=0.1428 | val_acc=0.9636 | Δacc=+0.0089
[Teacher densenet121] epoch=8 train_loss=0.3202 val_loss=0.2926 val_acc=0.9141
[Monitor][teacher_densenet121] epoch 8/30 | train_loss=0.3202 | val_loss=0.2926 | val_acc=0.9141 | Δacc=-0.0495
[Teacher densenet121] epoch=9 train_loss=0.3617 val_loss=0.0917 val_acc=0.9856
[Monitor][teacher_densenet121] epoch 9/30 | train_loss=0.3617 | val_loss=0.0917 | val_acc=0.9856 | Δacc=+0.0714
[Teacher densenet121] epoch=10 train_loss=0.2981 val_loss=0.0629 val_acc=0.9966
[Monitor][teacher_densenet121] epoch 10/30 | train_loss=0.2981 | val_loss=0.0629 | val_acc=0.9966 | Δacc=+0.0110
[Teacher densenet121] epoch=11 train_loss=0.2957 val_loss=0.0690 val_acc=0.9945
[Monitor][teacher_densenet121] epoch 11/30 | train_loss=0.2957 | val_loss=0.0690 | val_acc=0.9945 | Δacc=-0.0021
[Teacher densenet121] epoch=12 train_loss=0.3028 val_loss=0.0604 val_acc=0.9986
[Monitor][teacher_densenet121] epoch 12/30 | train_loss=0.3028 | val_loss=0.0604 | val_acc=0.9986 | Δacc=+0.0041
[Teacher densenet121] epoch=13 train_loss=0.2934 val_loss=0.0745 val_acc=0.9931
[Monitor][teacher_densenet121] epoch 13/30 | train_loss=0.2934 | val_loss=0.0745 | val_acc=0.9931 | Δacc=-0.0055
[Teacher densenet121] epoch=14 train_loss=0.3051 val_loss=0.0902 val_acc=0.9904
[Monitor][teacher_densenet121] epoch 14/30 | train_loss=0.3051 | val_loss=0.0902 | val_acc=0.9904 | Δacc=-0.0027
[Teacher densenet121] epoch=15 train_loss=0.3282 val_loss=0.0981 val_acc=0.9890
[Monitor][teacher_densenet121] epoch 15/30 | train_loss=0.3282 | val_loss=0.0981 | val_acc=0.9890 | Δacc=-0.0014
[Teacher densenet121] epoch=16 train_loss=0.2919 val_loss=0.0593 val_acc=0.9986
[Monitor][teacher_densenet121] epoch 16/30 | train_loss=0.2919 | val_loss=0.0593 | val_acc=0.9986 | Δacc=+0.0096
[Teacher densenet121] epoch=17 train_loss=0.2860 val_loss=0.0606 val_acc=0.9966
[Monitor][teacher_densenet121] epoch 17/30 | train_loss=0.2860 | val_loss=0.0606 | val_acc=0.9966 | Δacc=-0.0021
[Teacher densenet121] epoch=18 train_loss=0.2937 val_loss=0.0580 val_acc=0.9993
[Monitor][teacher_densenet121] epoch 18/30 | train_loss=0.2937 | val_loss=0.0580 | val_acc=0.9993 | Δacc=+0.0027
[Teacher densenet121] epoch=19 train_loss=0.2911 val_loss=0.0621 val_acc=0.9952
[Monitor][teacher_densenet121] epoch 19/30 | train_loss=0.2911 | val_loss=0.0621 | val_acc=0.9952 | Δacc=-0.0041
[Teacher densenet121] epoch=20 train_loss=0.2824 val_loss=0.0569 val_acc=0.9979
[Monitor][teacher_densenet121] epoch 20/30 | train_loss=0.2824 | val_loss=0.0569 | val_acc=0.9979 | Δacc=+0.0027
[Teacher densenet121] epoch=21 train_loss=0.2816 val_loss=0.0597 val_acc=0.9966
[Monitor][teacher_densenet121] epoch 21/30 | train_loss=0.2816 | val_loss=0.0597 | val_acc=0.9966 | Δacc=-0.0014
[Teacher densenet121] epoch=22 train_loss=0.2833 val_loss=0.0653 val_acc=0.9938
[Monitor][teacher_densenet121] epoch 22/30 | train_loss=0.2833 | val_loss=0.0653 | val_acc=0.9938 | Δacc=-0.0027
[Teacher densenet121] epoch=23 train_loss=0.2880 val_loss=0.0596 val_acc=0.9973
[Monitor][teacher_densenet121] epoch 23/30 | train_loss=0.2880 | val_loss=0.0596 | val_acc=0.9973 | Δacc=+0.0034
[Teacher densenet121] epoch=24 train_loss=0.2956 val_loss=0.0589 val_acc=0.9973
[Monitor][teacher_densenet121] epoch 24/30 | train_loss=0.2956 | val_loss=0.0589 | val_acc=0.9973 | Δacc=+0.0000
[Teacher densenet121] epoch=25 train_loss=0.2897 val_loss=0.0570 val_acc=0.9986
[Monitor][teacher_densenet121] epoch 25/30 | train_loss=0.2897 | val_loss=0.0570 | val_acc=0.9986 | Δacc=+0.0014
[Teacher densenet121] epoch=26 train_loss=0.2829 val_loss=0.0561 val_acc=0.9986
[Monitor][teacher_densenet121] epoch 26/30 | train_loss=0.2829 | val_loss=0.0561 | val_acc=0.9986 | Δacc=+0.0000
[Teacher densenet121] epoch=27 train_loss=0.2833 val_loss=0.0623 val_acc=0.9959
[Monitor][teacher_densenet121] epoch 27/30 | train_loss=0.2833 | val_loss=0.0623 | val_acc=0.9959 | Δacc=-0.0027
[Teacher densenet121] epoch=28 train_loss=0.2912 val_loss=0.0565 val_acc=0.9979
[Monitor][teacher_densenet121] epoch 28/30 | train_loss=0.2912 | val_loss=0.0565 | val_acc=0.9979 | Δacc=+0.0021
[Teacher densenet121] epoch=29 train_loss=0.2827 val_loss=0.0554 val_acc=0.9979
[Monitor][teacher_densenet121] epoch 29/30 | train_loss=0.2827 | val_loss=0.0554 | val_acc=0.9979 | Δacc=+0.0000
[Teacher densenet121] epoch=30 train_loss=0.2862 val_loss=0.0551 val_acc=0.9993
[Monitor][teacher_densenet121] epoch 30/30 | train_loss=0.2862 | val_loss=0.0551 | val_acc=0.9993 | Δacc=+0.0014
[Monitor] <<< Stage 'teacher_densenet121' finished after 30 epochs | final acc=0.9993
Detected pre-split layout, using provided train/val/test folders under: /workspace/yqm/Dataset/ISCXTor2016

Dataset split:
  Train: 11655 images (80.0%)
  Val:   1456 images (10.0%)
  Test:  1458 images (10.0%)

Image dimensions: 1 x 40 x 40
[Info] Found existing teacher checkpoints, skipping retrain.
[Monitor] >>> Stage 'stacking' started (20 epochs)
[Stacking] epoch=1 train_loss=0.1663 val_loss=0.0088 val_acc=0.9986
[Monitor][stacking] epoch 1/20 | train_loss=0.1663 | val_loss=0.0088 | val_acc=0.9986
[Stacking] epoch=2 train_loss=0.0025 val_loss=0.0070 val_acc=0.9986
[Monitor][stacking] epoch 2/20 | train_loss=0.0025 | val_loss=0.0070 | val_acc=0.9986 | Δacc=+0.0000
[Stacking] epoch=3 train_loss=0.0013 val_loss=0.0064 val_acc=0.9986
[Monitor][stacking] epoch 3/20 | train_loss=0.0013 | val_loss=0.0064 | val_acc=0.9986 | Δacc=+0.0000
[Stacking] epoch=4 train_loss=0.0008 val_loss=0.0062 val_acc=0.9986
[Monitor][stacking] epoch 4/20 | train_loss=0.0008 | val_loss=0.0062 | val_acc=0.9986 | Δacc=+0.0000
[Stacking] epoch=5 train_loss=0.0005 val_loss=0.0062 val_acc=0.9986
[Monitor][stacking] epoch 5/20 | train_loss=0.0005 | val_loss=0.0062 | val_acc=0.9986 | Δacc=+0.0000
[Stacking] epoch=6 train_loss=0.0004 val_loss=0.0062 val_acc=0.9986
[Monitor][stacking] epoch 6/20 | train_loss=0.0004 | val_loss=0.0062 | val_acc=0.9986 | Δacc=+0.0000
[Stacking] epoch=7 train_loss=0.0003 val_loss=0.0062 val_acc=0.9986
[Monitor][stacking] epoch 7/20 | train_loss=0.0003 | val_loss=0.0062 | val_acc=0.9986 | Δacc=+0.0000
[Stacking] epoch=8 train_loss=0.0002 val_loss=0.0062 val_acc=0.9986
[Monitor][stacking] epoch 8/20 | train_loss=0.0002 | val_loss=0.0062 | val_acc=0.9986 | Δacc=+0.0000
[Stacking] epoch=9 train_loss=0.0002 val_loss=0.0063 val_acc=0.9986
[Monitor][stacking] epoch 9/20 | train_loss=0.0002 | val_loss=0.0063 | val_acc=0.9986 | Δacc=+0.0000
[Stacking] epoch=10 train_loss=0.0001 val_loss=0.0064 val_acc=0.9986
[Monitor][stacking] epoch 10/20 | train_loss=0.0001 | val_loss=0.0064 | val_acc=0.9986 | Δacc=+0.0000
[Stacking] epoch=11 train_loss=0.0001 val_loss=0.0064 val_acc=0.9986
[Monitor][stacking] epoch 11/20 | train_loss=0.0001 | val_loss=0.0064 | val_acc=0.9986 | Δacc=+0.0000
[Stacking] epoch=12 train_loss=0.0001 val_loss=0.0065 val_acc=0.9986
[Monitor][stacking] epoch 12/20 | train_loss=0.0001 | val_loss=0.0065 | val_acc=0.9986 | Δacc=+0.0000
[Stacking] epoch=13 train_loss=0.0001 val_loss=0.0065 val_acc=0.9986
[Monitor][stacking] epoch 13/20 | train_loss=0.0001 | val_loss=0.0065 | val_acc=0.9986 | Δacc=+0.0000
[Stacking] epoch=14 train_loss=0.0001 val_loss=0.0066 val_acc=0.9986
[Monitor][stacking] epoch 14/20 | train_loss=0.0001 | val_loss=0.0066 | val_acc=0.9986 | Δacc=+0.0000
[Stacking] epoch=15 train_loss=0.0001 val_loss=0.0066 val_acc=0.9986
[Monitor][stacking] epoch 15/20 | train_loss=0.0001 | val_loss=0.0066 | val_acc=0.9986 | Δacc=+0.0000
[Stacking] epoch=16 train_loss=0.0001 val_loss=0.0067 val_acc=0.9986
[Monitor][stacking] epoch 16/20 | train_loss=0.0001 | val_loss=0.0067 | val_acc=0.9986 | Δacc=+0.0000
[Stacking] epoch=17 train_loss=0.0001 val_loss=0.0067 val_acc=0.9986
[Monitor][stacking] epoch 17/20 | train_loss=0.0001 | val_loss=0.0067 | val_acc=0.9986 | Δacc=+0.0000
[Stacking] epoch=18 train_loss=0.0000 val_loss=0.0068 val_acc=0.9986
[Monitor][stacking] epoch 18/20 | train_loss=0.0000 | val_loss=0.0068 | val_acc=0.9986 | Δacc=+0.0000
[Stacking] epoch=19 train_loss=0.0000 val_loss=0.0068 val_acc=0.9986
[Monitor][stacking] epoch 19/20 | train_loss=0.0000 | val_loss=0.0068 | val_acc=0.9986 | Δacc=+0.0000
[Stacking] epoch=20 train_loss=0.0000 val_loss=0.0069 val_acc=0.9986
[Monitor][stacking] epoch 20/20 | train_loss=0.0000 | val_loss=0.0069 | val_acc=0.9986 | Δacc=+0.0000
[Monitor] <<< Stage 'stacking' finished after 20 epochs | final acc=0.9986
/workspace/yqm/NetKD/training/train.py:330: FutureWarning: `torch.cuda.amp.GradScaler(args...)` is deprecated. Please use `torch.amp.GradScaler('cuda', args...)` instead.
  scaler = torch.cuda.amp.GradScaler(enabled=use_amp)
Detected pre-split layout, using provided train/val/test folders under: /workspace/yqm/Dataset/ISCXTor2016

Dataset split:
  Train: 11655 images (80.0%)
  Val:   1456 images (10.0%)
  Test:  1458 images (10.0%)

Image dimensions: 1 x 40 x 40
[Info] Found existing teacher checkpoints, skipping retrain.
[Monitor] >>> Stage 'student' started (50 epochs)
/workspace/yqm/NetKD/training/train.py:345: FutureWarning: `torch.cuda.amp.autocast(args...)` is deprecated. Please use `torch.amp.autocast('cuda', args...)` instead.
  with torch.cuda.amp.autocast(enabled=use_amp):
[Student] epoch=1 train_loss=3.1235 val_loss=2.0560 val_acc=0.2047
[Monitor][student] epoch 1/50 | train_loss=3.1235 | val_loss=2.0560 | val_acc=0.2047
[Student] epoch=2 train_loss=3.0918 val_loss=2.1514 val_acc=0.1786
[Monitor][student] epoch 2/50 | train_loss=3.0918 | val_loss=2.1514 | val_acc=0.1786 | Δacc=-0.0261
[Student] epoch=3 train_loss=3.0101 val_loss=2.1119 val_acc=0.1710
[Monitor][student] epoch 3/50 | train_loss=3.0101 | val_loss=2.1119 | val_acc=0.1710 | Δacc=-0.0076
[Student] epoch=4 train_loss=3.0661 val_loss=2.2744 val_acc=0.1964
[Monitor][student] epoch 4/50 | train_loss=3.0661 | val_loss=2.2744 | val_acc=0.1964 | Δacc=+0.0254
[Student] epoch=5 train_loss=2.9716 val_loss=1.9568 val_acc=0.2198
[Monitor][student] epoch 5/50 | train_loss=2.9716 | val_loss=1.9568 | val_acc=0.2198 | Δacc=+0.0234
[Student] epoch=6 train_loss=2.9189 val_loss=1.9823 val_acc=0.2054
[Monitor][student] epoch 6/50 | train_loss=2.9189 | val_loss=1.9823 | val_acc=0.2054 | Δacc=-0.0144
[Student] epoch=7 train_loss=2.8693 val_loss=1.9425 val_acc=0.2521
[Monitor][student] epoch 7/50 | train_loss=2.8693 | val_loss=1.9425 | val_acc=0.2521 | Δacc=+0.0467
[Student] epoch=8 train_loss=2.8590 val_loss=1.8939 val_acc=0.2527
[Monitor][student] epoch 8/50 | train_loss=2.8590 | val_loss=1.8939 | val_acc=0.2527 | Δacc=+0.0007
[Student] epoch=9 train_loss=2.8021 val_loss=1.9307 val_acc=0.2617
[Monitor][student] epoch 9/50 | train_loss=2.8021 | val_loss=1.9307 | val_acc=0.2617 | Δacc=+0.0089
[Student] epoch=10 train_loss=2.7791 val_loss=1.8874 val_acc=0.2603
[Monitor][student] epoch 10/50 | train_loss=2.7791 | val_loss=1.8874 | val_acc=0.2603 | Δacc=-0.0014
[Student] epoch=11 train_loss=2.7390 val_loss=1.8152 val_acc=0.2637
[Monitor][student] epoch 11/50 | train_loss=2.7390 | val_loss=1.8152 | val_acc=0.2637 | Δacc=+0.0034
[Student] epoch=12 train_loss=2.7105 val_loss=1.8213 val_acc=0.3043
[Monitor][student] epoch 12/50 | train_loss=2.7105 | val_loss=1.8213 | val_acc=0.3043 | Δacc=+0.0405
[Student] epoch=13 train_loss=2.6874 val_loss=1.7997 val_acc=0.3221
[Monitor][student] epoch 13/50 | train_loss=2.6874 | val_loss=1.7997 | val_acc=0.3221 | Δacc=+0.0179
[Student] epoch=14 train_loss=2.6667 val_loss=1.7816 val_acc=0.2974
[Monitor][student] epoch 14/50 | train_loss=2.6667 | val_loss=1.7816 | val_acc=0.2974 | Δacc=-0.0247
[Student] epoch=15 train_loss=2.6482 val_loss=1.7782 val_acc=0.3297
[Monitor][student] epoch 15/50 | train_loss=2.6482 | val_loss=1.7782 | val_acc=0.3297 | Δacc=+0.0323
[Student] epoch=16 train_loss=2.6142 val_loss=1.9625 val_acc=0.2988
[Monitor][student] epoch 16/50 | train_loss=2.6142 | val_loss=1.9625 | val_acc=0.2988 | Δacc=-0.0309
[Student] epoch=17 train_loss=2.5526 val_loss=1.7427 val_acc=0.3510
[Monitor][student] epoch 17/50 | train_loss=2.5526 | val_loss=1.7427 | val_acc=0.3510 | Δacc=+0.0522
[Student] epoch=18 train_loss=2.5194 val_loss=1.7945 val_acc=0.3235
[Monitor][student] epoch 18/50 | train_loss=2.5194 | val_loss=1.7945 | val_acc=0.3235 | Δacc=-0.0275
[Student] epoch=19 train_loss=2.4653 val_loss=1.6865 val_acc=0.3812
[Monitor][student] epoch 19/50 | train_loss=2.4653 | val_loss=1.6865 | val_acc=0.3812 | Δacc=+0.0577
[Student] epoch=20 train_loss=2.3561 val_loss=1.6180 val_acc=0.3990
[Monitor][student] epoch 20/50 | train_loss=2.3561 | val_loss=1.6180 | val_acc=0.3990 | Δacc=+0.0179
[Student] epoch=21 train_loss=2.3181 val_loss=1.6144 val_acc=0.4100
[Monitor][student] epoch 21/50 | train_loss=2.3181 | val_loss=1.6144 | val_acc=0.4100 | Δacc=+0.0110
[Student] epoch=22 train_loss=2.2636 val_loss=1.5872 val_acc=0.4299
[Monitor][student] epoch 22/50 | train_loss=2.2636 | val_loss=1.5872 | val_acc=0.4299 | Δacc=+0.0199
[Student] epoch=23 train_loss=2.1849 val_loss=1.6099 val_acc=0.4279
[Monitor][student] epoch 23/50 | train_loss=2.1849 | val_loss=1.6099 | val_acc=0.4279 | Δacc=-0.0021
[Student] epoch=24 train_loss=2.0964 val_loss=1.5105 val_acc=0.4815
[Monitor][student] epoch 24/50 | train_loss=2.0964 | val_loss=1.5105 | val_acc=0.4815 | Δacc=+0.0536
[Student] epoch=25 train_loss=1.9827 val_loss=1.4339 val_acc=0.4705
[Monitor][student] epoch 25/50 | train_loss=1.9827 | val_loss=1.4339 | val_acc=0.4705 | Δacc=-0.0110
[Student] epoch=26 train_loss=1.9197 val_loss=1.3885 val_acc=0.5041
[Monitor][student] epoch 26/50 | train_loss=1.9197 | val_loss=1.3885 | val_acc=0.5041 | Δacc=+0.0337
[Student] epoch=27 train_loss=1.8751 val_loss=1.3653 val_acc=0.5378
[Monitor][student] epoch 27/50 | train_loss=1.8751 | val_loss=1.3653 | val_acc=0.5378 | Δacc=+0.0337
[Student] epoch=28 train_loss=1.7784 val_loss=1.3633 val_acc=0.5227
[Monitor][student] epoch 28/50 | train_loss=1.7784 | val_loss=1.3633 | val_acc=0.5227 | Δacc=-0.0151
[Student] epoch=29 train_loss=1.7220 val_loss=1.3462 val_acc=0.5460
[Monitor][student] epoch 29/50 | train_loss=1.7220 | val_loss=1.3462 | val_acc=0.5460 | Δacc=+0.0234
[Student] epoch=30 train_loss=1.6984 val_loss=1.3749 val_acc=0.5254
[Monitor][student] epoch 30/50 | train_loss=1.6984 | val_loss=1.3749 | val_acc=0.5254 | Δacc=-0.0206
[Student] epoch=31 train_loss=1.6545 val_loss=1.2725 val_acc=0.5694
[Monitor][student] epoch 31/50 | train_loss=1.6545 | val_loss=1.2725 | val_acc=0.5694 | Δacc=+0.0440
[Student] epoch=32 train_loss=1.6119 val_loss=1.1985 val_acc=0.5817
[Monitor][student] epoch 32/50 | train_loss=1.6119 | val_loss=1.1985 | val_acc=0.5817 | Δacc=+0.0124
[Student] epoch=33 train_loss=1.5209 val_loss=1.1269 val_acc=0.6168
[Monitor][student] epoch 33/50 | train_loss=1.5209 | val_loss=1.1269 | val_acc=0.6168 | Δacc=+0.0350
[Student] epoch=34 train_loss=1.4677 val_loss=1.1277 val_acc=0.6243
[Monitor][student] epoch 34/50 | train_loss=1.4677 | val_loss=1.1277 | val_acc=0.6243 | Δacc=+0.0076
[Student] epoch=35 train_loss=1.4047 val_loss=1.1031 val_acc=0.6470
[Monitor][student] epoch 35/50 | train_loss=1.4047 | val_loss=1.1031 | val_acc=0.6470 | Δacc=+0.0227
[Student] epoch=36 train_loss=1.2811 val_loss=1.0564 val_acc=0.6669
[Monitor][student] epoch 36/50 | train_loss=1.2811 | val_loss=1.0564 | val_acc=0.6669 | Δacc=+0.0199
[Student] epoch=37 train_loss=1.1699 val_loss=1.0274 val_acc=0.6923
[Monitor][student] epoch 37/50 | train_loss=1.1699 | val_loss=1.0274 | val_acc=0.6923 | Δacc=+0.0254
[Student] epoch=38 train_loss=1.1235 val_loss=1.0189 val_acc=0.6868
[Monitor][student] epoch 38/50 | train_loss=1.1235 | val_loss=1.0189 | val_acc=0.6868 | Δacc=-0.0055
[Student] epoch=39 train_loss=1.0424 val_loss=1.0024 val_acc=0.7074
[Monitor][student] epoch 39/50 | train_loss=1.0424 | val_loss=1.0024 | val_acc=0.7074 | Δacc=+0.0206
[Student] epoch=40 train_loss=0.9368 val_loss=1.0796 val_acc=0.6964
[Monitor][student] epoch 40/50 | train_loss=0.9368 | val_loss=1.0796 | val_acc=0.6964 | Δacc=-0.0110
[Student] epoch=41 train_loss=0.9337 val_loss=0.9679 val_acc=0.7060
[Monitor][student] epoch 41/50 | train_loss=0.9337 | val_loss=0.9679 | val_acc=0.7060 | Δacc=+0.0096
[Student] epoch=42 train_loss=0.8671 val_loss=0.9146 val_acc=0.7466
[Monitor][student] epoch 42/50 | train_loss=0.8671 | val_loss=0.9146 | val_acc=0.7466 | Δacc=+0.0405
[Student] epoch=43 train_loss=0.8014 val_loss=0.8752 val_acc=0.7534
[Monitor][student] epoch 43/50 | train_loss=0.8014 | val_loss=0.8752 | val_acc=0.7534 | Δacc=+0.0069
[Student] epoch=44 train_loss=0.7406 val_loss=0.9049 val_acc=0.7589
[Monitor][student] epoch 44/50 | train_loss=0.7406 | val_loss=0.9049 | val_acc=0.7589 | Δacc=+0.0055
[Student] epoch=45 train_loss=0.6990 val_loss=0.8982 val_acc=0.7740
[Monitor][student] epoch 45/50 | train_loss=0.6990 | val_loss=0.8982 | val_acc=0.7740 | Δacc=+0.0151
[Student] epoch=46 train_loss=0.6955 val_loss=0.8419 val_acc=0.7637
[Monitor][student] epoch 46/50 | train_loss=0.6955 | val_loss=0.8419 | val_acc=0.7637 | Δacc=-0.0103
[Student] epoch=47 train_loss=0.5928 val_loss=0.8085 val_acc=0.7926
[Monitor][student] epoch 47/50 | train_loss=0.5928 | val_loss=0.8085 | val_acc=0.7926 | Δacc=+0.0288
[Student] epoch=48 train_loss=0.5133 val_loss=0.7959 val_acc=0.8015
[Monitor][student] epoch 48/50 | train_loss=0.5133 | val_loss=0.7959 | val_acc=0.8015 | Δacc=+0.0089
[Student] epoch=49 train_loss=0.4850 val_loss=0.7315 val_acc=0.8077
[Monitor][student] epoch 49/50 | train_loss=0.4850 | val_loss=0.7315 | val_acc=0.8077 | Δacc=+0.0062
[Student] epoch=50 train_loss=0.4223 val_loss=0.7435 val_acc=0.8214
[Monitor][student] epoch 50/50 | train_loss=0.4223 | val_loss=0.7435 | val_acc=0.8214 | Δacc=+0.0137
[Monitor] <<< Stage 'student' finished after 50 epochs | final acc=0.8214
