usage: train.py [-h] [--mode {train_teachers,train_stacking,train_student}]
                [--use_real_data] [--dataset DATASET]
                [--dataset_root DATASET_ROOT] [--batch_size BATCH_SIZE]
                [--num_workers NUM_WORKERS] [--val_ratio VAL_RATIO]
                [--test_ratio TEST_RATIO]
                [--max_samples_per_class MAX_SAMPLES_PER_CLASS]
                [--epochs_teacher EPOCHS_TEACHER]
                [--epochs_stacking EPOCHS_STACKING]
                [--epochs_student EPOCHS_STUDENT] [--lr LR]
                [--weight_decay WEIGHT_DECAY]
                [--student_grad_clip STUDENT_GRAD_CLIP]
                [--student_min_lr STUDENT_MIN_LR]
                [--student_lr_patience STUDENT_LR_PATIENCE]
                [--student_lr_factor STUDENT_LR_FACTOR]
                [--temperature TEMPERATURE] [--lamb_ce LAMB_CE]
                [--lamb_f LAMB_F] [--lamb_r LAMB_R] [--lamb_s LAMB_S]
                [--lamb_hard LAMB_HARD] [--lamb_s_adapt LAMB_S_ADAPT]
                [--distill_mode {ce,kl,kl2,full}]
                [--adaptive_sinkhorn_tau ADAPTIVE_SINKHORN_TAU]
                [--output_dir OUTPUT_DIR] [--allow_data_parallel]
                [--resnet_use_eca] [--mbv3_use_eca]
                [--load_pretrain_ckpt LOAD_PRETRAIN_CKPT]
                [--teacher_pretrained] [--no_teacher_pretrained]
                [--no_class_weights] [--force_retrain_teachers]
train.py: error: unrecognized arguments: --dataset_A ISCXVPN2016 --dataset_B ISCXVPN2016 --num_epochs_teacher 30 --num_epochs_stacking 20 --num_epochs_student 50
