Detected pre-split layout, using provided train/val/test folders under: /walnut_data/yqm/Dataset/ISCXVPN2016

Dataset split:
  Train: 13281 images (82.8%)
  Val:   1383 images (8.6%)
  Test:  1384 images (8.6%)

Image dimensions: 1 x 40 x 40
[Monitor] >>> Stage 'teacher_resnet50' started (25 epochs)
[Teacher resnet50] epoch=1 train_loss=1.1527 val_loss=0.9675 val_acc=0.6999
[Monitor][teacher_resnet50] epoch 1/25 | train_loss=1.1527 | val_loss=0.9675 | val_acc=0.6999
[Teacher resnet50] epoch=2 train_loss=0.8183 val_loss=2.1017 val_acc=0.6847
[Monitor][teacher_resnet50] epoch 2/25 | train_loss=0.8183 | val_loss=2.1017 | val_acc=0.6847 | Δacc=-0.0152
[Teacher resnet50] epoch=3 train_loss=0.7274 val_loss=0.4607 val_acc=0.8785
[Monitor][teacher_resnet50] epoch 3/25 | train_loss=0.7274 | val_loss=0.4607 | val_acc=0.8785 | Δacc=+0.1938
[Teacher resnet50] epoch=4 train_loss=0.6228 val_loss=0.4914 val_acc=0.8858
[Monitor][teacher_resnet50] epoch 4/25 | train_loss=0.6228 | val_loss=0.4914 | val_acc=0.8858 | Δacc=+0.0072
[Teacher resnet50] epoch=5 train_loss=0.5682 val_loss=0.7033 val_acc=0.8012
[Monitor][teacher_resnet50] epoch 5/25 | train_loss=0.5682 | val_loss=0.7033 | val_acc=0.8012 | Δacc=-0.0846
[Teacher resnet50] epoch=6 train_loss=0.5535 val_loss=0.2933 val_acc=0.9342
[Monitor][teacher_resnet50] epoch 6/25 | train_loss=0.5535 | val_loss=0.2933 | val_acc=0.9342 | Δacc=+0.1330
[Teacher resnet50] epoch=7 train_loss=0.5296 val_loss=0.3449 val_acc=0.9262
[Monitor][teacher_resnet50] epoch 7/25 | train_loss=0.5296 | val_loss=0.3449 | val_acc=0.9262 | Δacc=-0.0080
[Teacher resnet50] epoch=8 train_loss=0.5227 val_loss=0.3304 val_acc=0.9313
[Monitor][teacher_resnet50] epoch 8/25 | train_loss=0.5227 | val_loss=0.3304 | val_acc=0.9313 | Δacc=+0.0051
[Teacher resnet50] epoch=9 train_loss=0.4936 val_loss=0.3324 val_acc=0.9248
[Monitor][teacher_resnet50] epoch 9/25 | train_loss=0.4936 | val_loss=0.3324 | val_acc=0.9248 | Δacc=-0.0065
[Teacher resnet50] epoch=10 train_loss=0.4506 val_loss=0.2034 val_acc=0.9754
[Monitor][teacher_resnet50] epoch 10/25 | train_loss=0.4506 | val_loss=0.2034 | val_acc=0.9754 | Δacc=+0.0506
[Teacher resnet50] epoch=11 train_loss=0.4281 val_loss=0.2142 val_acc=0.9689
[Monitor][teacher_resnet50] epoch 11/25 | train_loss=0.4281 | val_loss=0.2142 | val_acc=0.9689 | Δacc=-0.0065
[Teacher resnet50] epoch=12 train_loss=0.4182 val_loss=0.1922 val_acc=0.9783
[Monitor][teacher_resnet50] epoch 12/25 | train_loss=0.4182 | val_loss=0.1922 | val_acc=0.9783 | Δacc=+0.0094
[Teacher resnet50] epoch=13 train_loss=0.4109 val_loss=0.1889 val_acc=0.9754
[Monitor][teacher_resnet50] epoch 13/25 | train_loss=0.4109 | val_loss=0.1889 | val_acc=0.9754 | Δacc=-0.0029
[Teacher resnet50] epoch=14 train_loss=0.4090 val_loss=0.1996 val_acc=0.9812
[Monitor][teacher_resnet50] epoch 14/25 | train_loss=0.4090 | val_loss=0.1996 | val_acc=0.9812 | Δacc=+0.0058
[Teacher resnet50] epoch=15 train_loss=0.4037 val_loss=0.1909 val_acc=0.9790
[Monitor][teacher_resnet50] epoch 15/25 | train_loss=0.4037 | val_loss=0.1909 | val_acc=0.9790 | Δacc=-0.0022
[Teacher resnet50] epoch=16 train_loss=0.4088 val_loss=0.2196 val_acc=0.9638
[Monitor][teacher_resnet50] epoch 16/25 | train_loss=0.4088 | val_loss=0.2196 | val_acc=0.9638 | Δacc=-0.0152
[Teacher resnet50] epoch=17 train_loss=0.4027 val_loss=0.1732 val_acc=0.9805
[Monitor][teacher_resnet50] epoch 17/25 | train_loss=0.4027 | val_loss=0.1732 | val_acc=0.9805 | Δacc=+0.0166
[Teacher resnet50] epoch=18 train_loss=0.3905 val_loss=0.1752 val_acc=0.9812
[Monitor][teacher_resnet50] epoch 18/25 | train_loss=0.3905 | val_loss=0.1752 | val_acc=0.9812 | Δacc=+0.0007
[Teacher resnet50] epoch=19 train_loss=0.3881 val_loss=0.1732 val_acc=0.9848
[Monitor][teacher_resnet50] epoch 19/25 | train_loss=0.3881 | val_loss=0.1732 | val_acc=0.9848 | Δacc=+0.0036
[Teacher resnet50] epoch=20 train_loss=0.3859 val_loss=0.1678 val_acc=0.9841
[Monitor][teacher_resnet50] epoch 20/25 | train_loss=0.3859 | val_loss=0.1678 | val_acc=0.9841 | Δacc=-0.0007
[Teacher resnet50] epoch=21 train_loss=0.3846 val_loss=0.1753 val_acc=0.9826
[Monitor][teacher_resnet50] epoch 21/25 | train_loss=0.3846 | val_loss=0.1753 | val_acc=0.9826 | Δacc=-0.0014
[Teacher resnet50] epoch=22 train_loss=0.3850 val_loss=0.1682 val_acc=0.9841
[Monitor][teacher_resnet50] epoch 22/25 | train_loss=0.3850 | val_loss=0.1682 | val_acc=0.9841 | Δacc=+0.0014
[Teacher resnet50] epoch=23 train_loss=0.3828 val_loss=0.1651 val_acc=0.9848
[Monitor][teacher_resnet50] epoch 23/25 | train_loss=0.3828 | val_loss=0.1651 | val_acc=0.9848 | Δacc=+0.0007
[Teacher resnet50] epoch=24 train_loss=0.3807 val_loss=0.1704 val_acc=0.9841
[Monitor][teacher_resnet50] epoch 24/25 | train_loss=0.3807 | val_loss=0.1704 | val_acc=0.9841 | Δacc=-0.0007
[Teacher resnet50] epoch=25 train_loss=0.3816 val_loss=0.1673 val_acc=0.9841
[Monitor][teacher_resnet50] epoch 25/25 | train_loss=0.3816 | val_loss=0.1673 | val_acc=0.9841 | Δacc=+0.0000
[Monitor] <<< Stage 'teacher_resnet50' finished after 25 epochs | final acc=0.9841
[Monitor] >>> Stage 'teacher_mbv3' started (25 epochs)
[Teacher mbv3] epoch=1 train_loss=1.1507 val_loss=2.5100 val_acc=0.1273
[Monitor][teacher_mbv3] epoch 1/25 | train_loss=1.1507 | val_loss=2.5100 | val_acc=0.1273
[Teacher mbv3] epoch=2 train_loss=0.7662 val_loss=2.0862 val_acc=0.1620
[Monitor][teacher_mbv3] epoch 2/25 | train_loss=0.7662 | val_loss=2.0862 | val_acc=0.1620 | Δacc=+0.0347
[Teacher mbv3] epoch=3 train_loss=0.6837 val_loss=1.8347 val_acc=0.2336
[Monitor][teacher_mbv3] epoch 3/25 | train_loss=0.6837 | val_loss=1.8347 | val_acc=0.2336 | Δacc=+0.0716
[Teacher mbv3] epoch=4 train_loss=0.6266 val_loss=1.8869 val_acc=0.1786
[Monitor][teacher_mbv3] epoch 4/25 | train_loss=0.6266 | val_loss=1.8869 | val_acc=0.1786 | Δacc=-0.0550
[Teacher mbv3] epoch=5 train_loss=0.5882 val_loss=1.5449 val_acc=0.3203
[Monitor][teacher_mbv3] epoch 5/25 | train_loss=0.5882 | val_loss=1.5449 | val_acc=0.3203 | Δacc=+0.1417
[Teacher mbv3] epoch=6 train_loss=0.5473 val_loss=0.9613 val_acc=0.7252
[Monitor][teacher_mbv3] epoch 6/25 | train_loss=0.5473 | val_loss=0.9613 | val_acc=0.7252 | Δacc=+0.4049
[Teacher mbv3] epoch=7 train_loss=0.5318 val_loss=1.3693 val_acc=0.6226
[Monitor][teacher_mbv3] epoch 7/25 | train_loss=0.5318 | val_loss=1.3693 | val_acc=0.6226 | Δacc=-0.1027
[Teacher mbv3] epoch=8 train_loss=0.5054 val_loss=1.0348 val_acc=0.6298
[Monitor][teacher_mbv3] epoch 8/25 | train_loss=0.5054 | val_loss=1.0348 | val_acc=0.6298 | Δacc=+0.0072
[Teacher mbv3] epoch=9 train_loss=0.5086 val_loss=0.9153 val_acc=0.7730
[Monitor][teacher_mbv3] epoch 9/25 | train_loss=0.5086 | val_loss=0.9153 | val_acc=0.7730 | Δacc=+0.1432
[Teacher mbv3] epoch=10 train_loss=0.4940 val_loss=1.1735 val_acc=0.5987
[Monitor][teacher_mbv3] epoch 10/25 | train_loss=0.4940 | val_loss=1.1735 | val_acc=0.5987 | Δacc=-0.1743
[Teacher mbv3] epoch=11 train_loss=0.4779 val_loss=0.6352 val_acc=0.8496
[Monitor][teacher_mbv3] epoch 11/25 | train_loss=0.4779 | val_loss=0.6352 | val_acc=0.8496 | Δacc=+0.2509
[Teacher mbv3] epoch=12 train_loss=0.4783 val_loss=0.3914 val_acc=0.9234
[Monitor][teacher_mbv3] epoch 12/25 | train_loss=0.4783 | val_loss=0.3914 | val_acc=0.9234 | Δacc=+0.0738
[Teacher mbv3] epoch=13 train_loss=0.4696 val_loss=0.5329 val_acc=0.8677
[Monitor][teacher_mbv3] epoch 13/25 | train_loss=0.4696 | val_loss=0.5329 | val_acc=0.8677 | Δacc=-0.0557
[Teacher mbv3] epoch=14 train_loss=0.4700 val_loss=0.5082 val_acc=0.8713
[Monitor][teacher_mbv3] epoch 14/25 | train_loss=0.4700 | val_loss=0.5082 | val_acc=0.8713 | Δacc=+0.0036
[Teacher mbv3] epoch=15 train_loss=0.4741 val_loss=0.4679 val_acc=0.8850
[Monitor][teacher_mbv3] epoch 15/25 | train_loss=0.4741 | val_loss=0.4679 | val_acc=0.8850 | Δacc=+0.0137
[Teacher mbv3] epoch=16 train_loss=0.4277 val_loss=0.3412 val_acc=0.9183
[Monitor][teacher_mbv3] epoch 16/25 | train_loss=0.4277 | val_loss=0.3412 | val_acc=0.9183 | Δacc=+0.0333
[Teacher mbv3] epoch=17 train_loss=0.4054 val_loss=0.2026 val_acc=0.9740
[Monitor][teacher_mbv3] epoch 17/25 | train_loss=0.4054 | val_loss=0.2026 | val_acc=0.9740 | Δacc=+0.0557
[Teacher mbv3] epoch=18 train_loss=0.4051 val_loss=0.2657 val_acc=0.9436
[Monitor][teacher_mbv3] epoch 18/25 | train_loss=0.4051 | val_loss=0.2657 | val_acc=0.9436 | Δacc=-0.0304
[Teacher mbv3] epoch=19 train_loss=0.3970 val_loss=0.1943 val_acc=0.9769
[Monitor][teacher_mbv3] epoch 19/25 | train_loss=0.3970 | val_loss=0.1943 | val_acc=0.9769 | Δacc=+0.0333
[Teacher mbv3] epoch=20 train_loss=0.3939 val_loss=0.1797 val_acc=0.9776
[Monitor][teacher_mbv3] epoch 20/25 | train_loss=0.3939 | val_loss=0.1797 | val_acc=0.9776 | Δacc=+0.0007
[Teacher mbv3] epoch=21 train_loss=0.3922 val_loss=0.1925 val_acc=0.9740
[Monitor][teacher_mbv3] epoch 21/25 | train_loss=0.3922 | val_loss=0.1925 | val_acc=0.9740 | Δacc=-0.0036
[Teacher mbv3] epoch=22 train_loss=0.3909 val_loss=0.1717 val_acc=0.9819
[Monitor][teacher_mbv3] epoch 22/25 | train_loss=0.3909 | val_loss=0.1717 | val_acc=0.9819 | Δacc=+0.0080
[Teacher mbv3] epoch=23 train_loss=0.3916 val_loss=0.1925 val_acc=0.9754
[Monitor][teacher_mbv3] epoch 23/25 | train_loss=0.3916 | val_loss=0.1925 | val_acc=0.9754 | Δacc=-0.0065
[Teacher mbv3] epoch=24 train_loss=0.3952 val_loss=0.1861 val_acc=0.9776
[Monitor][teacher_mbv3] epoch 24/25 | train_loss=0.3952 | val_loss=0.1861 | val_acc=0.9776 | Δacc=+0.0022
[Teacher mbv3] epoch=25 train_loss=0.3983 val_loss=0.1932 val_acc=0.9761
[Monitor][teacher_mbv3] epoch 25/25 | train_loss=0.3983 | val_loss=0.1932 | val_acc=0.9761 | Δacc=-0.0014
[Monitor] <<< Stage 'teacher_mbv3' finished after 25 epochs | final acc=0.9761
[Monitor] >>> Stage 'teacher_densenet121' started (25 epochs)
[Teacher densenet121] epoch=1 train_loss=1.2804 val_loss=0.9233 val_acc=0.6927
[Monitor][teacher_densenet121] epoch 1/25 | train_loss=1.2804 | val_loss=0.9233 | val_acc=0.6927
[Teacher densenet121] epoch=2 train_loss=0.9444 val_loss=1.2711 val_acc=0.5510
[Monitor][teacher_densenet121] epoch 2/25 | train_loss=0.9444 | val_loss=1.2711 | val_acc=0.5510 | Δacc=-0.1417
[Teacher densenet121] epoch=3 train_loss=0.8308 val_loss=1.3749 val_acc=0.5423
[Monitor][teacher_densenet121] epoch 3/25 | train_loss=0.8308 | val_loss=1.3749 | val_acc=0.5423 | Δacc=-0.0087
[Teacher densenet121] epoch=4 train_loss=0.6979 val_loss=0.8642 val_acc=0.7296
[Monitor][teacher_densenet121] epoch 4/25 | train_loss=0.6979 | val_loss=0.8642 | val_acc=0.7296 | Δacc=+0.1873
[Teacher densenet121] epoch=5 train_loss=0.6744 val_loss=0.6181 val_acc=0.8380
[Monitor][teacher_densenet121] epoch 5/25 | train_loss=0.6744 | val_loss=0.6181 | val_acc=0.8380 | Δacc=+0.1085
[Teacher densenet121] epoch=6 train_loss=0.6378 val_loss=0.4472 val_acc=0.8959
[Monitor][teacher_densenet121] epoch 6/25 | train_loss=0.6378 | val_loss=0.4472 | val_acc=0.8959 | Δacc=+0.0578
[Teacher densenet121] epoch=7 train_loss=0.5785 val_loss=0.3975 val_acc=0.9060
[Monitor][teacher_densenet121] epoch 7/25 | train_loss=0.5785 | val_loss=0.3975 | val_acc=0.9060 | Δacc=+0.0101
[Teacher densenet121] epoch=8 train_loss=0.5530 val_loss=0.4339 val_acc=0.8944
[Monitor][teacher_densenet121] epoch 8/25 | train_loss=0.5530 | val_loss=0.4339 | val_acc=0.8944 | Δacc=-0.0116
[Teacher densenet121] epoch=9 train_loss=0.5207 val_loss=0.3334 val_acc=0.9299
[Monitor][teacher_densenet121] epoch 9/25 | train_loss=0.5207 | val_loss=0.3334 | val_acc=0.9299 | Δacc=+0.0354
[Teacher densenet121] epoch=10 train_loss=0.5120 val_loss=0.7727 val_acc=0.7693
[Monitor][teacher_densenet121] epoch 10/25 | train_loss=0.5120 | val_loss=0.7727 | val_acc=0.7693 | Δacc=-0.1605
[Teacher densenet121] epoch=11 train_loss=0.5229 val_loss=0.3933 val_acc=0.9017
[Monitor][teacher_densenet121] epoch 11/25 | train_loss=0.5229 | val_loss=0.3933 | val_acc=0.9017 | Δacc=+0.1323
[Teacher densenet121] epoch=12 train_loss=0.5219 val_loss=0.3037 val_acc=0.9407
[Monitor][teacher_densenet121] epoch 12/25 | train_loss=0.5219 | val_loss=0.3037 | val_acc=0.9407 | Δacc=+0.0390
[Teacher densenet121] epoch=13 train_loss=0.4757 val_loss=0.2803 val_acc=0.9508
[Monitor][teacher_densenet121] epoch 13/25 | train_loss=0.4757 | val_loss=0.2803 | val_acc=0.9508 | Δacc=+0.0101
[Teacher densenet121] epoch=14 train_loss=0.4820 val_loss=0.2660 val_acc=0.9450
[Monitor][teacher_densenet121] epoch 14/25 | train_loss=0.4820 | val_loss=0.2660 | val_acc=0.9450 | Δacc=-0.0058
[Teacher densenet121] epoch=15 train_loss=0.4723 val_loss=0.2752 val_acc=0.9494
[Monitor][teacher_densenet121] epoch 15/25 | train_loss=0.4723 | val_loss=0.2752 | val_acc=0.9494 | Δacc=+0.0043
[Teacher densenet121] epoch=16 train_loss=0.4680 val_loss=0.2510 val_acc=0.9581
[Monitor][teacher_densenet121] epoch 16/25 | train_loss=0.4680 | val_loss=0.2510 | val_acc=0.9581 | Δacc=+0.0087
[Teacher densenet121] epoch=17 train_loss=0.4455 val_loss=0.2252 val_acc=0.9682
[Monitor][teacher_densenet121] epoch 17/25 | train_loss=0.4455 | val_loss=0.2252 | val_acc=0.9682 | Δacc=+0.0101
[Teacher densenet121] epoch=18 train_loss=0.4484 val_loss=0.3613 val_acc=0.9320
[Monitor][teacher_densenet121] epoch 18/25 | train_loss=0.4484 | val_loss=0.3613 | val_acc=0.9320 | Δacc=-0.0362
[Teacher densenet121] epoch=19 train_loss=0.4641 val_loss=0.3341 val_acc=0.9349
[Monitor][teacher_densenet121] epoch 19/25 | train_loss=0.4641 | val_loss=0.3341 | val_acc=0.9349 | Δacc=+0.0029
[Teacher densenet121] epoch=20 train_loss=0.4596 val_loss=0.2154 val_acc=0.9696
[Monitor][teacher_densenet121] epoch 20/25 | train_loss=0.4596 | val_loss=0.2154 | val_acc=0.9696 | Δacc=+0.0347
[Teacher densenet121] epoch=21 train_loss=0.4508 val_loss=0.2185 val_acc=0.9653
[Monitor][teacher_densenet121] epoch 21/25 | train_loss=0.4508 | val_loss=0.2185 | val_acc=0.9653 | Δacc=-0.0043
[Teacher densenet121] epoch=22 train_loss=0.4392 val_loss=0.2257 val_acc=0.9660
[Monitor][teacher_densenet121] epoch 22/25 | train_loss=0.4392 | val_loss=0.2257 | val_acc=0.9660 | Δacc=+0.0007
[Teacher densenet121] epoch=23 train_loss=0.6517 val_loss=0.5606 val_acc=0.8467
[Monitor][teacher_densenet121] epoch 23/25 | train_loss=0.6517 | val_loss=0.5606 | val_acc=0.8467 | Δacc=-0.1193
[Teacher densenet121] epoch=24 train_loss=0.5679 val_loss=0.2470 val_acc=0.9494
[Monitor][teacher_densenet121] epoch 24/25 | train_loss=0.5679 | val_loss=0.2470 | val_acc=0.9494 | Δacc=+0.1027
[Teacher densenet121] epoch=25 train_loss=0.4620 val_loss=0.2318 val_acc=0.9588
[Monitor][teacher_densenet121] epoch 25/25 | train_loss=0.4620 | val_loss=0.2318 | val_acc=0.9588 | Δacc=+0.0094
[Monitor] <<< Stage 'teacher_densenet121' finished after 25 epochs | final acc=0.9588
