Detected pre-split layout, using provided train/val/test folders under: /walnut_data/yqm/Dataset/ISCXVPN2016

Dataset split:
  Train: 13281 images (82.8%)
  Val:   1383 images (8.6%)
  Test:  1384 images (8.6%)

Image dimensions: 1 x 40 x 40
[Monitor] >>> Stage 'teacher_resnet50' started (25 epochs)
[Teacher resnet50] epoch=1 train_loss=1.2963 val_loss=2.4365 val_acc=0.1598
[Monitor][teacher_resnet50] epoch 1/25 | train_loss=1.2963 | val_loss=2.4365 | val_acc=0.1598
[Teacher resnet50] epoch=2 train_loss=0.8083 val_loss=1.8375 val_acc=0.3319
[Monitor][teacher_resnet50] epoch 2/25 | train_loss=0.8083 | val_loss=1.8375 | val_acc=0.3319 | Δacc=+0.1721
[Teacher resnet50] epoch=3 train_loss=0.6818 val_loss=1.0875 val_acc=0.6312
[Monitor][teacher_resnet50] epoch 3/25 | train_loss=0.6818 | val_loss=1.0875 | val_acc=0.6312 | Δacc=+0.2993
[Teacher resnet50] epoch=4 train_loss=0.6412 val_loss=0.5400 val_acc=0.8583
[Monitor][teacher_resnet50] epoch 4/25 | train_loss=0.6412 | val_loss=0.5400 | val_acc=0.8583 | Δacc=+0.2270
[Teacher resnet50] epoch=5 train_loss=0.5912 val_loss=0.4556 val_acc=0.8800
[Monitor][teacher_resnet50] epoch 5/25 | train_loss=0.5912 | val_loss=0.4556 | val_acc=0.8800 | Δacc=+0.0217
[Teacher resnet50] epoch=6 train_loss=0.5420 val_loss=0.3463 val_acc=0.9255
[Monitor][teacher_resnet50] epoch 6/25 | train_loss=0.5420 | val_loss=0.3463 | val_acc=0.9255 | Δacc=+0.0456
[Teacher resnet50] epoch=7 train_loss=0.5016 val_loss=0.4062 val_acc=0.9096
[Monitor][teacher_resnet50] epoch 7/25 | train_loss=0.5016 | val_loss=0.4062 | val_acc=0.9096 | Δacc=-0.0159
[Teacher resnet50] epoch=8 train_loss=0.4860 val_loss=0.3309 val_acc=0.9407
[Monitor][teacher_resnet50] epoch 8/25 | train_loss=0.4860 | val_loss=0.3309 | val_acc=0.9407 | Δacc=+0.0311
[Teacher resnet50] epoch=9 train_loss=0.4660 val_loss=0.3425 val_acc=0.9284
[Monitor][teacher_resnet50] epoch 9/25 | train_loss=0.4660 | val_loss=0.3425 | val_acc=0.9284 | Δacc=-0.0123
[Teacher resnet50] epoch=10 train_loss=0.4531 val_loss=0.3741 val_acc=0.9219
[Monitor][teacher_resnet50] epoch 10/25 | train_loss=0.4531 | val_loss=0.3741 | val_acc=0.9219 | Δacc=-0.0065
[Teacher resnet50] epoch=11 train_loss=0.4576 val_loss=0.2566 val_acc=0.9573
[Monitor][teacher_resnet50] epoch 11/25 | train_loss=0.4576 | val_loss=0.2566 | val_acc=0.9573 | Δacc=+0.0354
[Teacher resnet50] epoch=12 train_loss=0.4624 val_loss=0.2675 val_acc=0.9581
[Monitor][teacher_resnet50] epoch 12/25 | train_loss=0.4624 | val_loss=0.2675 | val_acc=0.9581 | Δacc=+0.0007
[Teacher resnet50] epoch=13 train_loss=0.4401 val_loss=0.2308 val_acc=0.9646
[Monitor][teacher_resnet50] epoch 13/25 | train_loss=0.4401 | val_loss=0.2308 | val_acc=0.9646 | Δacc=+0.0065
[Teacher resnet50] epoch=14 train_loss=0.4328 val_loss=0.2168 val_acc=0.9740
[Monitor][teacher_resnet50] epoch 14/25 | train_loss=0.4328 | val_loss=0.2168 | val_acc=0.9740 | Δacc=+0.0094
[Teacher resnet50] epoch=15 train_loss=0.4295 val_loss=0.2464 val_acc=0.9610
[Monitor][teacher_resnet50] epoch 15/25 | train_loss=0.4295 | val_loss=0.2464 | val_acc=0.9610 | Δacc=-0.0130
[Teacher resnet50] epoch=16 train_loss=0.4248 val_loss=0.2513 val_acc=0.9617
[Monitor][teacher_resnet50] epoch 16/25 | train_loss=0.4248 | val_loss=0.2513 | val_acc=0.9617 | Δacc=+0.0007
[Teacher resnet50] epoch=17 train_loss=0.4378 val_loss=0.2571 val_acc=0.9494
[Monitor][teacher_resnet50] epoch 17/25 | train_loss=0.4378 | val_loss=0.2571 | val_acc=0.9494 | Δacc=-0.0123
[Teacher resnet50] epoch=18 train_loss=0.4067 val_loss=0.1721 val_acc=0.9834
[Monitor][teacher_resnet50] epoch 18/25 | train_loss=0.4067 | val_loss=0.1721 | val_acc=0.9834 | Δacc=+0.0340
[Teacher resnet50] epoch=19 train_loss=0.3907 val_loss=0.1863 val_acc=0.9848
[Monitor][teacher_resnet50] epoch 19/25 | train_loss=0.3907 | val_loss=0.1863 | val_acc=0.9848 | Δacc=+0.0014
[Teacher resnet50] epoch=20 train_loss=0.3856 val_loss=0.1759 val_acc=0.9841
[Monitor][teacher_resnet50] epoch 20/25 | train_loss=0.3856 | val_loss=0.1759 | val_acc=0.9841 | Δacc=-0.0007
[Teacher resnet50] epoch=21 train_loss=0.3839 val_loss=0.1624 val_acc=0.9877
[Monitor][teacher_resnet50] epoch 21/25 | train_loss=0.3839 | val_loss=0.1624 | val_acc=0.9877 | Δacc=+0.0036
[Teacher resnet50] epoch=22 train_loss=0.3801 val_loss=0.1629 val_acc=0.9863
[Monitor][teacher_resnet50] epoch 22/25 | train_loss=0.3801 | val_loss=0.1629 | val_acc=0.9863 | Δacc=-0.0014
[Teacher resnet50] epoch=23 train_loss=0.3790 val_loss=0.1628 val_acc=0.9877
[Monitor][teacher_resnet50] epoch 23/25 | train_loss=0.3790 | val_loss=0.1628 | val_acc=0.9877 | Δacc=+0.0014
[Teacher resnet50] epoch=24 train_loss=0.3787 val_loss=0.1686 val_acc=0.9863
[Monitor][teacher_resnet50] epoch 24/25 | train_loss=0.3787 | val_loss=0.1686 | val_acc=0.9863 | Δacc=-0.0014
[Teacher resnet50] epoch=25 train_loss=0.3780 val_loss=0.1655 val_acc=0.9870
[Monitor][teacher_resnet50] epoch 25/25 | train_loss=0.3780 | val_loss=0.1655 | val_acc=0.9870 | Δacc=+0.0007
[Monitor] <<< Stage 'teacher_resnet50' finished after 25 epochs | final acc=0.9870
[Monitor] >>> Stage 'teacher_mbv3' started (25 epochs)
[Teacher mbv3] epoch=1 train_loss=1.2518 val_loss=2.3553 val_acc=0.1236
[Monitor][teacher_mbv3] epoch 1/25 | train_loss=1.2518 | val_loss=2.3553 | val_acc=0.1236
[Teacher mbv3] epoch=2 train_loss=0.8047 val_loss=2.2183 val_acc=0.1186
[Monitor][teacher_mbv3] epoch 2/25 | train_loss=0.8047 | val_loss=2.2183 | val_acc=0.1186 | Δacc=-0.0051
[Teacher mbv3] epoch=3 train_loss=0.6598 val_loss=2.4316 val_acc=0.1092
[Monitor][teacher_mbv3] epoch 3/25 | train_loss=0.6598 | val_loss=2.4316 | val_acc=0.1092 | Δacc=-0.0094
[Teacher mbv3] epoch=4 train_loss=0.5800 val_loss=2.3740 val_acc=0.1352
[Monitor][teacher_mbv3] epoch 4/25 | train_loss=0.5800 | val_loss=2.3740 | val_acc=0.1352 | Δacc=+0.0260
[Teacher mbv3] epoch=5 train_loss=0.5410 val_loss=2.5063 val_acc=0.1150
[Monitor][teacher_mbv3] epoch 5/25 | train_loss=0.5410 | val_loss=2.5063 | val_acc=0.1150 | Δacc=-0.0202
[Teacher mbv3] epoch=6 train_loss=0.4867 val_loss=2.2881 val_acc=0.1417
[Monitor][teacher_mbv3] epoch 6/25 | train_loss=0.4867 | val_loss=2.2881 | val_acc=0.1417 | Δacc=+0.0268
[Teacher mbv3] epoch=7 train_loss=0.4450 val_loss=2.1609 val_acc=0.1851
[Monitor][teacher_mbv3] epoch 7/25 | train_loss=0.4450 | val_loss=2.1609 | val_acc=0.1851 | Δacc=+0.0434
[Teacher mbv3] epoch=8 train_loss=0.4282 val_loss=2.0834 val_acc=0.2198
[Monitor][teacher_mbv3] epoch 8/25 | train_loss=0.4282 | val_loss=2.0834 | val_acc=0.2198 | Δacc=+0.0347
[Teacher mbv3] epoch=9 train_loss=0.4245 val_loss=2.3369 val_acc=0.1967
[Monitor][teacher_mbv3] epoch 9/25 | train_loss=0.4245 | val_loss=2.3369 | val_acc=0.1967 | Δacc=-0.0231
[Teacher mbv3] epoch=10 train_loss=0.4139 val_loss=2.2438 val_acc=0.1526
[Monitor][teacher_mbv3] epoch 10/25 | train_loss=0.4139 | val_loss=2.2438 | val_acc=0.1526 | Δacc=-0.0441
[Teacher mbv3] epoch=11 train_loss=0.4075 val_loss=2.1905 val_acc=0.1714
[Monitor][teacher_mbv3] epoch 11/25 | train_loss=0.4075 | val_loss=2.1905 | val_acc=0.1714 | Δacc=+0.0188
[Teacher mbv3] epoch=12 train_loss=0.4024 val_loss=2.3634 val_acc=0.1417
[Monitor][teacher_mbv3] epoch 12/25 | train_loss=0.4024 | val_loss=2.3634 | val_acc=0.1417 | Δacc=-0.0296
[Teacher mbv3] epoch=13 train_loss=0.3955 val_loss=2.3790 val_acc=0.1410
[Monitor][teacher_mbv3] epoch 13/25 | train_loss=0.3955 | val_loss=2.3790 | val_acc=0.1410 | Δacc=-0.0007
[Teacher mbv3] epoch=14 train_loss=0.3913 val_loss=2.3096 val_acc=0.1569
[Monitor][teacher_mbv3] epoch 14/25 | train_loss=0.3913 | val_loss=2.3096 | val_acc=0.1569 | Δacc=+0.0159
[Teacher mbv3] epoch=15 train_loss=0.3888 val_loss=2.3606 val_acc=0.1576
[Monitor][teacher_mbv3] epoch 15/25 | train_loss=0.3888 | val_loss=2.3606 | val_acc=0.1576 | Δacc=+0.0007
[Teacher mbv3] epoch=16 train_loss=0.3882 val_loss=2.4401 val_acc=0.1620
[Monitor][teacher_mbv3] epoch 16/25 | train_loss=0.3882 | val_loss=2.4401 | val_acc=0.1620 | Δacc=+0.0043
[Teacher mbv3] epoch=17 train_loss=0.3872 val_loss=2.6260 val_acc=0.1656
[Monitor][teacher_mbv3] epoch 17/25 | train_loss=0.3872 | val_loss=2.6260 | val_acc=0.1656 | Δacc=+0.0036
[Teacher mbv3] epoch=18 train_loss=0.3865 val_loss=2.7876 val_acc=0.1728
[Monitor][teacher_mbv3] epoch 18/25 | train_loss=0.3865 | val_loss=2.7876 | val_acc=0.1728 | Δacc=+0.0072
[Teacher mbv3] epoch=19 train_loss=0.3863 val_loss=2.7891 val_acc=0.1981
[Monitor][teacher_mbv3] epoch 19/25 | train_loss=0.3863 | val_loss=2.7891 | val_acc=0.1981 | Δacc=+0.0253
[Teacher mbv3] epoch=20 train_loss=0.3854 val_loss=2.6021 val_acc=0.2444
[Monitor][teacher_mbv3] epoch 20/25 | train_loss=0.3854 | val_loss=2.6021 | val_acc=0.2444 | Δacc=+0.0463
[Teacher mbv3] epoch=21 train_loss=0.3862 val_loss=2.3767 val_acc=0.2936
[Monitor][teacher_mbv3] epoch 21/25 | train_loss=0.3862 | val_loss=2.3767 | val_acc=0.2936 | Δacc=+0.0492
[Teacher mbv3] epoch=22 train_loss=0.3853 val_loss=2.1995 val_acc=0.3391
[Monitor][teacher_mbv3] epoch 22/25 | train_loss=0.3853 | val_loss=2.1995 | val_acc=0.3391 | Δacc=+0.0456
[Teacher mbv3] epoch=23 train_loss=0.3858 val_loss=2.0281 val_acc=0.3847
[Monitor][teacher_mbv3] epoch 23/25 | train_loss=0.3858 | val_loss=2.0281 | val_acc=0.3847 | Δacc=+0.0456
[Teacher mbv3] epoch=24 train_loss=0.3856 val_loss=1.8950 val_acc=0.4389
[Monitor][teacher_mbv3] epoch 24/25 | train_loss=0.3856 | val_loss=1.8950 | val_acc=0.4389 | Δacc=+0.0542
[Teacher mbv3] epoch=25 train_loss=0.3849 val_loss=1.7731 val_acc=0.5054
[Monitor][teacher_mbv3] epoch 25/25 | train_loss=0.3849 | val_loss=1.7731 | val_acc=0.5054 | Δacc=+0.0665
[Monitor] <<< Stage 'teacher_mbv3' finished after 25 epochs | final acc=0.5054
[Monitor] >>> Stage 'teacher_densenet121' started (25 epochs)
[Teacher densenet121] epoch=1 train_loss=1.3738 val_loss=1.9685 val_acc=0.1844
[Monitor][teacher_densenet121] epoch 1/25 | train_loss=1.3738 | val_loss=1.9685 | val_acc=0.1844
[Teacher densenet121] epoch=2 train_loss=0.8813 val_loss=2.6857 val_acc=0.2560
[Monitor][teacher_densenet121] epoch 2/25 | train_loss=0.8813 | val_loss=2.6857 | val_acc=0.2560 | Δacc=+0.0716
[Teacher densenet121] epoch=3 train_loss=0.7174 val_loss=1.6240 val_acc=0.4577
[Monitor][teacher_densenet121] epoch 3/25 | train_loss=0.7174 | val_loss=1.6240 | val_acc=0.4577 | Δacc=+0.2017
[Teacher densenet121] epoch=4 train_loss=0.6245 val_loss=1.0844 val_acc=0.7137
[Monitor][teacher_densenet121] epoch 4/25 | train_loss=0.6245 | val_loss=1.0844 | val_acc=0.7137 | Δacc=+0.2560
[Teacher densenet121] epoch=5 train_loss=0.5599 val_loss=0.6125 val_acc=0.8438
[Monitor][teacher_densenet121] epoch 5/25 | train_loss=0.5599 | val_loss=0.6125 | val_acc=0.8438 | Δacc=+0.1302
[Teacher densenet121] epoch=6 train_loss=0.5239 val_loss=0.4439 val_acc=0.8850
[Monitor][teacher_densenet121] epoch 6/25 | train_loss=0.5239 | val_loss=0.4439 | val_acc=0.8850 | Δacc=+0.0412
[Teacher densenet121] epoch=7 train_loss=0.4988 val_loss=0.4375 val_acc=0.8944
[Monitor][teacher_densenet121] epoch 7/25 | train_loss=0.4988 | val_loss=0.4375 | val_acc=0.8944 | Δacc=+0.0094
[Teacher densenet121] epoch=8 train_loss=0.4913 val_loss=0.4512 val_acc=0.8872
[Monitor][teacher_densenet121] epoch 8/25 | train_loss=0.4913 | val_loss=0.4512 | val_acc=0.8872 | Δacc=-0.0072
[Teacher densenet121] epoch=9 train_loss=0.4909 val_loss=0.6267 val_acc=0.8192
[Monitor][teacher_densenet121] epoch 9/25 | train_loss=0.4909 | val_loss=0.6267 | val_acc=0.8192 | Δacc=-0.0680
[Teacher densenet121] epoch=10 train_loss=0.4779 val_loss=0.2841 val_acc=0.9465
[Monitor][teacher_densenet121] epoch 10/25 | train_loss=0.4779 | val_loss=0.2841 | val_acc=0.9465 | Δacc=+0.1273
[Teacher densenet121] epoch=11 train_loss=0.4606 val_loss=0.2537 val_acc=0.9494
[Monitor][teacher_densenet121] epoch 11/25 | train_loss=0.4606 | val_loss=0.2537 | val_acc=0.9494 | Δacc=+0.0029
[Teacher densenet121] epoch=12 train_loss=0.4371 val_loss=0.4659 val_acc=0.8749
[Monitor][teacher_densenet121] epoch 12/25 | train_loss=0.4371 | val_loss=0.4659 | val_acc=0.8749 | Δacc=-0.0745
[Teacher densenet121] epoch=13 train_loss=0.4378 val_loss=0.3810 val_acc=0.9089
[Monitor][teacher_densenet121] epoch 13/25 | train_loss=0.4378 | val_loss=0.3810 | val_acc=0.9089 | Δacc=+0.0340
[Teacher densenet121] epoch=14 train_loss=0.4284 val_loss=0.2395 val_acc=0.9537
[Monitor][teacher_densenet121] epoch 14/25 | train_loss=0.4284 | val_loss=0.2395 | val_acc=0.9537 | Δacc=+0.0448
[Teacher densenet121] epoch=15 train_loss=0.4124 val_loss=0.2076 val_acc=0.9747
[Monitor][teacher_densenet121] epoch 15/25 | train_loss=0.4124 | val_loss=0.2076 | val_acc=0.9747 | Δacc=+0.0210
[Teacher densenet121] epoch=16 train_loss=0.4147 val_loss=0.2132 val_acc=0.9610
[Monitor][teacher_densenet121] epoch 16/25 | train_loss=0.4147 | val_loss=0.2132 | val_acc=0.9610 | Δacc=-0.0137
[Teacher densenet121] epoch=17 train_loss=0.4248 val_loss=0.2604 val_acc=0.9573
[Monitor][teacher_densenet121] epoch 17/25 | train_loss=0.4248 | val_loss=0.2604 | val_acc=0.9573 | Δacc=-0.0036
[Teacher densenet121] epoch=18 train_loss=0.4330 val_loss=0.4304 val_acc=0.9140
[Monitor][teacher_densenet121] epoch 18/25 | train_loss=0.4330 | val_loss=0.4304 | val_acc=0.9140 | Δacc=-0.0434
[Teacher densenet121] epoch=19 train_loss=0.4091 val_loss=0.2128 val_acc=0.9711
[Monitor][teacher_densenet121] epoch 19/25 | train_loss=0.4091 | val_loss=0.2128 | val_acc=0.9711 | Δacc=+0.0571
[Teacher densenet121] epoch=20 train_loss=0.3907 val_loss=0.1777 val_acc=0.9826
[Monitor][teacher_densenet121] epoch 20/25 | train_loss=0.3907 | val_loss=0.1777 | val_acc=0.9826 | Δacc=+0.0116
[Teacher densenet121] epoch=21 train_loss=0.3833 val_loss=0.1682 val_acc=0.9855
[Monitor][teacher_densenet121] epoch 21/25 | train_loss=0.3833 | val_loss=0.1682 | val_acc=0.9855 | Δacc=+0.0029
[Teacher densenet121] epoch=22 train_loss=0.3807 val_loss=0.1701 val_acc=0.9855
[Monitor][teacher_densenet121] epoch 22/25 | train_loss=0.3807 | val_loss=0.1701 | val_acc=0.9855 | Δacc=+0.0000
[Teacher densenet121] epoch=23 train_loss=0.3794 val_loss=0.1751 val_acc=0.9841
[Monitor][teacher_densenet121] epoch 23/25 | train_loss=0.3794 | val_loss=0.1751 | val_acc=0.9841 | Δacc=-0.0014
[Teacher densenet121] epoch=24 train_loss=0.3793 val_loss=0.1772 val_acc=0.9834
[Monitor][teacher_densenet121] epoch 24/25 | train_loss=0.3793 | val_loss=0.1772 | val_acc=0.9834 | Δacc=-0.0007
[Teacher densenet121] epoch=25 train_loss=0.3774 val_loss=0.1644 val_acc=0.9863
[Monitor][teacher_densenet121] epoch 25/25 | train_loss=0.3774 | val_loss=0.1644 | val_acc=0.9863 | Δacc=+0.0029
[Monitor] <<< Stage 'teacher_densenet121' finished after 25 epochs | final acc=0.9863
