Detected pre-split layout, using provided train/val/test folders under: /walnut_data/yqm/Dataset/ISCXVPN2016

Dataset split:
  Train: 13281 images (82.8%)
  Val:   1383 images (8.6%)
  Test:  1384 images (8.6%)

Image dimensions: 1 x 40 x 40
[Monitor] >>> Stage 'teacher_resnet50' started (25 epochs)
[Teacher resnet50] epoch=1 train_loss=1.2003 val_loss=2.0169 val_acc=0.2480
[Monitor][teacher_resnet50] epoch 1/25 | train_loss=1.2003 | val_loss=2.0169 | val_acc=0.2480
[Teacher resnet50] epoch=2 train_loss=0.8138 val_loss=0.6554 val_acc=0.8416
[Monitor][teacher_resnet50] epoch 2/25 | train_loss=0.8138 | val_loss=0.6554 | val_acc=0.8416 | Δacc=+0.5936
[Teacher resnet50] epoch=3 train_loss=0.6883 val_loss=0.6781 val_acc=0.8301
[Monitor][teacher_resnet50] epoch 3/25 | train_loss=0.6883 | val_loss=0.6781 | val_acc=0.8301 | Δacc=-0.0116
[Teacher resnet50] epoch=4 train_loss=0.6291 val_loss=0.7626 val_acc=0.7845
[Monitor][teacher_resnet50] epoch 4/25 | train_loss=0.6291 | val_loss=0.7626 | val_acc=0.7845 | Δacc=-0.0456
[Teacher resnet50] epoch=5 train_loss=0.5691 val_loss=0.4419 val_acc=0.9255
[Monitor][teacher_resnet50] epoch 5/25 | train_loss=0.5691 | val_loss=0.4419 | val_acc=0.9255 | Δacc=+0.1410
[Teacher resnet50] epoch=6 train_loss=0.5422 val_loss=0.3189 val_acc=0.9349
[Monitor][teacher_resnet50] epoch 6/25 | train_loss=0.5422 | val_loss=0.3189 | val_acc=0.9349 | Δacc=+0.0094
[Teacher resnet50] epoch=7 train_loss=0.5204 val_loss=0.3199 val_acc=0.9385
[Monitor][teacher_resnet50] epoch 7/25 | train_loss=0.5204 | val_loss=0.3199 | val_acc=0.9385 | Δacc=+0.0036
[Teacher resnet50] epoch=8 train_loss=0.4971 val_loss=0.3465 val_acc=0.9407
[Monitor][teacher_resnet50] epoch 8/25 | train_loss=0.4971 | val_loss=0.3465 | val_acc=0.9407 | Δacc=+0.0022
[Teacher resnet50] epoch=9 train_loss=0.4786 val_loss=0.3509 val_acc=0.9284
[Monitor][teacher_resnet50] epoch 9/25 | train_loss=0.4786 | val_loss=0.3509 | val_acc=0.9284 | Δacc=-0.0123
[Teacher resnet50] epoch=10 train_loss=0.4373 val_loss=0.2022 val_acc=0.9732
[Monitor][teacher_resnet50] epoch 10/25 | train_loss=0.4373 | val_loss=0.2022 | val_acc=0.9732 | Δacc=+0.0448
[Teacher resnet50] epoch=11 train_loss=0.4145 val_loss=0.2163 val_acc=0.9740
[Monitor][teacher_resnet50] epoch 11/25 | train_loss=0.4145 | val_loss=0.2163 | val_acc=0.9740 | Δacc=+0.0007
[Teacher resnet50] epoch=12 train_loss=0.4079 val_loss=0.1892 val_acc=0.9790
[Monitor][teacher_resnet50] epoch 12/25 | train_loss=0.4079 | val_loss=0.1892 | val_acc=0.9790 | Δacc=+0.0051
[Teacher resnet50] epoch=13 train_loss=0.4037 val_loss=0.2052 val_acc=0.9798
[Monitor][teacher_resnet50] epoch 13/25 | train_loss=0.4037 | val_loss=0.2052 | val_acc=0.9798 | Δacc=+0.0007
[Teacher resnet50] epoch=14 train_loss=0.4037 val_loss=0.2246 val_acc=0.9689
[Monitor][teacher_resnet50] epoch 14/25 | train_loss=0.4037 | val_loss=0.2246 | val_acc=0.9689 | Δacc=-0.0108
[Teacher resnet50] epoch=15 train_loss=0.4031 val_loss=0.1998 val_acc=0.9783
[Monitor][teacher_resnet50] epoch 15/25 | train_loss=0.4031 | val_loss=0.1998 | val_acc=0.9783 | Δacc=+0.0094
[Teacher resnet50] epoch=16 train_loss=0.3919 val_loss=0.1796 val_acc=0.9848
[Monitor][teacher_resnet50] epoch 16/25 | train_loss=0.3919 | val_loss=0.1796 | val_acc=0.9848 | Δacc=+0.0065
[Teacher resnet50] epoch=17 train_loss=0.3834 val_loss=0.1736 val_acc=0.9870
[Monitor][teacher_resnet50] epoch 17/25 | train_loss=0.3834 | val_loss=0.1736 | val_acc=0.9870 | Δacc=+0.0022
[Teacher resnet50] epoch=18 train_loss=0.3816 val_loss=0.1738 val_acc=0.9870
[Monitor][teacher_resnet50] epoch 18/25 | train_loss=0.3816 | val_loss=0.1738 | val_acc=0.9870 | Δacc=+0.0000
[Teacher resnet50] epoch=19 train_loss=0.3792 val_loss=0.1678 val_acc=0.9892
[Monitor][teacher_resnet50] epoch 19/25 | train_loss=0.3792 | val_loss=0.1678 | val_acc=0.9892 | Δacc=+0.0022
[Teacher resnet50] epoch=20 train_loss=0.3812 val_loss=0.1895 val_acc=0.9798
[Monitor][teacher_resnet50] epoch 20/25 | train_loss=0.3812 | val_loss=0.1895 | val_acc=0.9798 | Δacc=-0.0094
[Teacher resnet50] epoch=21 train_loss=0.3808 val_loss=0.1588 val_acc=0.9892
[Monitor][teacher_resnet50] epoch 21/25 | train_loss=0.3808 | val_loss=0.1588 | val_acc=0.9892 | Δacc=+0.0094
[Teacher resnet50] epoch=22 train_loss=0.3787 val_loss=0.1621 val_acc=0.9877
[Monitor][teacher_resnet50] epoch 22/25 | train_loss=0.3787 | val_loss=0.1621 | val_acc=0.9877 | Δacc=-0.0014
[Teacher resnet50] epoch=23 train_loss=0.3773 val_loss=0.1564 val_acc=0.9906
[Monitor][teacher_resnet50] epoch 23/25 | train_loss=0.3773 | val_loss=0.1564 | val_acc=0.9906 | Δacc=+0.0029
[Teacher resnet50] epoch=24 train_loss=0.3767 val_loss=0.1720 val_acc=0.9855
[Monitor][teacher_resnet50] epoch 24/25 | train_loss=0.3767 | val_loss=0.1720 | val_acc=0.9855 | Δacc=-0.0051
[Teacher resnet50] epoch=25 train_loss=0.3776 val_loss=0.1627 val_acc=0.9877
[Monitor][teacher_resnet50] epoch 25/25 | train_loss=0.3776 | val_loss=0.1627 | val_acc=0.9877 | Δacc=+0.0022
[Monitor] <<< Stage 'teacher_resnet50' finished after 25 epochs | final acc=0.9877
[Monitor] >>> Stage 'teacher_mbv3' started (25 epochs)
[Teacher mbv3] epoch=1 train_loss=1.1697 val_loss=2.4387 val_acc=0.1085
[Monitor][teacher_mbv3] epoch 1/25 | train_loss=1.1697 | val_loss=2.4387 | val_acc=0.1085
[Teacher mbv3] epoch=2 train_loss=0.7768 val_loss=3.1921 val_acc=0.1641
[Monitor][teacher_mbv3] epoch 2/25 | train_loss=0.7768 | val_loss=3.1921 | val_acc=0.1641 | Δacc=+0.0557
[Teacher mbv3] epoch=3 train_loss=0.6574 val_loss=2.9584 val_acc=0.1699
[Monitor][teacher_mbv3] epoch 3/25 | train_loss=0.6574 | val_loss=2.9584 | val_acc=0.1699 | Δacc=+0.0058
[Teacher mbv3] epoch=4 train_loss=0.5923 val_loss=2.1954 val_acc=0.1844
[Monitor][teacher_mbv3] epoch 4/25 | train_loss=0.5923 | val_loss=2.1954 | val_acc=0.1844 | Δacc=+0.0145
[Teacher mbv3] epoch=5 train_loss=0.5570 val_loss=2.4168 val_acc=0.1403
[Monitor][teacher_mbv3] epoch 5/25 | train_loss=0.5570 | val_loss=2.4168 | val_acc=0.1403 | Δacc=-0.0441
[Teacher mbv3] epoch=6 train_loss=0.5377 val_loss=2.6862 val_acc=0.1945
[Monitor][teacher_mbv3] epoch 6/25 | train_loss=0.5377 | val_loss=2.6862 | val_acc=0.1945 | Δacc=+0.0542
[Teacher mbv3] epoch=7 train_loss=0.5204 val_loss=2.4995 val_acc=0.1822
[Monitor][teacher_mbv3] epoch 7/25 | train_loss=0.5204 | val_loss=2.4995 | val_acc=0.1822 | Δacc=-0.0123
[Teacher mbv3] epoch=8 train_loss=0.4704 val_loss=2.5926 val_acc=0.2379
[Monitor][teacher_mbv3] epoch 8/25 | train_loss=0.4704 | val_loss=2.5926 | val_acc=0.2379 | Δacc=+0.0557
[Teacher mbv3] epoch=9 train_loss=0.4332 val_loss=1.8896 val_acc=0.3030
[Monitor][teacher_mbv3] epoch 9/25 | train_loss=0.4332 | val_loss=1.8896 | val_acc=0.3030 | Δacc=+0.0651
[Teacher mbv3] epoch=10 train_loss=0.4222 val_loss=1.6376 val_acc=0.3926
[Monitor][teacher_mbv3] epoch 10/25 | train_loss=0.4222 | val_loss=1.6376 | val_acc=0.3926 | Δacc=+0.0897
[Teacher mbv3] epoch=11 train_loss=0.4134 val_loss=1.6678 val_acc=0.4107
[Monitor][teacher_mbv3] epoch 11/25 | train_loss=0.4134 | val_loss=1.6678 | val_acc=0.4107 | Δacc=+0.0181
[Teacher mbv3] epoch=12 train_loss=0.4072 val_loss=1.7490 val_acc=0.3615
[Monitor][teacher_mbv3] epoch 12/25 | train_loss=0.4072 | val_loss=1.7490 | val_acc=0.3615 | Δacc=-0.0492
[Teacher mbv3] epoch=13 train_loss=0.4039 val_loss=1.1517 val_acc=0.6218
[Monitor][teacher_mbv3] epoch 13/25 | train_loss=0.4039 | val_loss=1.1517 | val_acc=0.6218 | Δacc=+0.2603
[Teacher mbv3] epoch=14 train_loss=0.3998 val_loss=1.1010 val_acc=0.6696
[Monitor][teacher_mbv3] epoch 14/25 | train_loss=0.3998 | val_loss=1.1010 | val_acc=0.6696 | Δacc=+0.0477
[Teacher mbv3] epoch=15 train_loss=0.4007 val_loss=0.9027 val_acc=0.7180
[Monitor][teacher_mbv3] epoch 15/25 | train_loss=0.4007 | val_loss=0.9027 | val_acc=0.7180 | Δacc=+0.0484
[Teacher mbv3] epoch=16 train_loss=0.4002 val_loss=0.6314 val_acc=0.8171
[Monitor][teacher_mbv3] epoch 16/25 | train_loss=0.4002 | val_loss=0.6314 | val_acc=0.8171 | Δacc=+0.0991
[Teacher mbv3] epoch=17 train_loss=0.3973 val_loss=0.4376 val_acc=0.9038
[Monitor][teacher_mbv3] epoch 17/25 | train_loss=0.3973 | val_loss=0.4376 | val_acc=0.9038 | Δacc=+0.0868
[Teacher mbv3] epoch=18 train_loss=0.3923 val_loss=0.2589 val_acc=0.9638
[Monitor][teacher_mbv3] epoch 18/25 | train_loss=0.3923 | val_loss=0.2589 | val_acc=0.9638 | Δacc=+0.0600
[Teacher mbv3] epoch=19 train_loss=0.3937 val_loss=0.2496 val_acc=0.9660
[Monitor][teacher_mbv3] epoch 19/25 | train_loss=0.3937 | val_loss=0.2496 | val_acc=0.9660 | Δacc=+0.0022
[Teacher mbv3] epoch=20 train_loss=0.3993 val_loss=0.3307 val_acc=0.9487
[Monitor][teacher_mbv3] epoch 20/25 | train_loss=0.3993 | val_loss=0.3307 | val_acc=0.9487 | Δacc=-0.0174
[Teacher mbv3] epoch=21 train_loss=0.3979 val_loss=0.4035 val_acc=0.9089
[Monitor][teacher_mbv3] epoch 21/25 | train_loss=0.3979 | val_loss=0.4035 | val_acc=0.9089 | Δacc=-0.0398
[Teacher mbv3] epoch=22 train_loss=0.3927 val_loss=0.2135 val_acc=0.9747
[Monitor][teacher_mbv3] epoch 22/25 | train_loss=0.3927 | val_loss=0.2135 | val_acc=0.9747 | Δacc=+0.0658
[Teacher mbv3] epoch=23 train_loss=0.3911 val_loss=0.4100 val_acc=0.9096
[Monitor][teacher_mbv3] epoch 23/25 | train_loss=0.3911 | val_loss=0.4100 | val_acc=0.9096 | Δacc=-0.0651
[Teacher mbv3] epoch=24 train_loss=0.3917 val_loss=0.3036 val_acc=0.9479
[Monitor][teacher_mbv3] epoch 24/25 | train_loss=0.3917 | val_loss=0.3036 | val_acc=0.9479 | Δacc=+0.0383
[Teacher mbv3] epoch=25 train_loss=0.3918 val_loss=0.2146 val_acc=0.9790
[Monitor][teacher_mbv3] epoch 25/25 | train_loss=0.3918 | val_loss=0.2146 | val_acc=0.9790 | Δacc=+0.0311
[Monitor] <<< Stage 'teacher_mbv3' finished after 25 epochs | final acc=0.9790
[Monitor] >>> Stage 'teacher_densenet121' started (25 epochs)
[Teacher densenet121] epoch=1 train_loss=1.2806 val_loss=2.7068 val_acc=0.2184
[Monitor][teacher_densenet121] epoch 1/25 | train_loss=1.2806 | val_loss=2.7068 | val_acc=0.2184
[Teacher densenet121] epoch=2 train_loss=0.8845 val_loss=0.7727 val_acc=0.7636
[Monitor][teacher_densenet121] epoch 2/25 | train_loss=0.8845 | val_loss=0.7727 | val_acc=0.7636 | Δacc=+0.5452
[Teacher densenet121] epoch=3 train_loss=0.7286 val_loss=1.0025 val_acc=0.6790
[Monitor][teacher_densenet121] epoch 3/25 | train_loss=0.7286 | val_loss=1.0025 | val_acc=0.6790 | Δacc=-0.0846
[Teacher densenet121] epoch=4 train_loss=0.6492 val_loss=0.5291 val_acc=0.8677
[Monitor][teacher_densenet121] epoch 4/25 | train_loss=0.6492 | val_loss=0.5291 | val_acc=0.8677 | Δacc=+0.1887
[Teacher densenet121] epoch=5 train_loss=0.5946 val_loss=0.5067 val_acc=0.8727
[Monitor][teacher_densenet121] epoch 5/25 | train_loss=0.5946 | val_loss=0.5067 | val_acc=0.8727 | Δacc=+0.0051
[Teacher densenet121] epoch=6 train_loss=0.5605 val_loss=0.5025 val_acc=0.8735
[Monitor][teacher_densenet121] epoch 6/25 | train_loss=0.5605 | val_loss=0.5025 | val_acc=0.8735 | Δacc=+0.0007
[Teacher densenet121] epoch=7 train_loss=0.5447 val_loss=0.4327 val_acc=0.8980
[Monitor][teacher_densenet121] epoch 7/25 | train_loss=0.5447 | val_loss=0.4327 | val_acc=0.8980 | Δacc=+0.0246
[Teacher densenet121] epoch=8 train_loss=0.5318 val_loss=0.5779 val_acc=0.8431
[Monitor][teacher_densenet121] epoch 8/25 | train_loss=0.5318 | val_loss=0.5779 | val_acc=0.8431 | Δacc=-0.0550
[Teacher densenet121] epoch=9 train_loss=0.4966 val_loss=0.3773 val_acc=0.9241
[Monitor][teacher_densenet121] epoch 9/25 | train_loss=0.4966 | val_loss=0.3773 | val_acc=0.9241 | Δacc=+0.0810
[Teacher densenet121] epoch=10 train_loss=0.4891 val_loss=0.4112 val_acc=0.8923
[Monitor][teacher_densenet121] epoch 10/25 | train_loss=0.4891 | val_loss=0.4112 | val_acc=0.8923 | Δacc=-0.0318
[Teacher densenet121] epoch=11 train_loss=0.4658 val_loss=0.3185 val_acc=0.9436
[Monitor][teacher_densenet121] epoch 11/25 | train_loss=0.4658 | val_loss=0.3185 | val_acc=0.9436 | Δacc=+0.0513
[Teacher densenet121] epoch=12 train_loss=0.4462 val_loss=0.7649 val_acc=0.8236
[Monitor][teacher_densenet121] epoch 12/25 | train_loss=0.4462 | val_loss=0.7649 | val_acc=0.8236 | Δacc=-0.1200
[Teacher densenet121] epoch=13 train_loss=0.4731 val_loss=0.4703 val_acc=0.8930
[Monitor][teacher_densenet121] epoch 13/25 | train_loss=0.4731 | val_loss=0.4703 | val_acc=0.8930 | Δacc=+0.0694
[Teacher densenet121] epoch=14 train_loss=0.4581 val_loss=0.2463 val_acc=0.9458
[Monitor][teacher_densenet121] epoch 14/25 | train_loss=0.4581 | val_loss=0.2463 | val_acc=0.9458 | Δacc=+0.0528
[Teacher densenet121] epoch=15 train_loss=0.4487 val_loss=0.2781 val_acc=0.9458
[Monitor][teacher_densenet121] epoch 15/25 | train_loss=0.4487 | val_loss=0.2781 | val_acc=0.9458 | Δacc=+0.0000
[Teacher densenet121] epoch=16 train_loss=0.4399 val_loss=0.3076 val_acc=0.9371
[Monitor][teacher_densenet121] epoch 16/25 | train_loss=0.4399 | val_loss=0.3076 | val_acc=0.9371 | Δacc=-0.0087
[Teacher densenet121] epoch=17 train_loss=0.4366 val_loss=0.2401 val_acc=0.9552
[Monitor][teacher_densenet121] epoch 17/25 | train_loss=0.4366 | val_loss=0.2401 | val_acc=0.9552 | Δacc=+0.0181
[Teacher densenet121] epoch=18 train_loss=0.4340 val_loss=0.2404 val_acc=0.9631
[Monitor][teacher_densenet121] epoch 18/25 | train_loss=0.4340 | val_loss=0.2404 | val_acc=0.9631 | Δacc=+0.0080
[Teacher densenet121] epoch=19 train_loss=0.4323 val_loss=0.2404 val_acc=0.9646
[Monitor][teacher_densenet121] epoch 19/25 | train_loss=0.4323 | val_loss=0.2404 | val_acc=0.9646 | Δacc=+0.0014
[Teacher densenet121] epoch=20 train_loss=0.4364 val_loss=0.3034 val_acc=0.9458
[Monitor][teacher_densenet121] epoch 20/25 | train_loss=0.4364 | val_loss=0.3034 | val_acc=0.9458 | Δacc=-0.0188
[Teacher densenet121] epoch=21 train_loss=0.4039 val_loss=0.1673 val_acc=0.9826
[Monitor][teacher_densenet121] epoch 21/25 | train_loss=0.4039 | val_loss=0.1673 | val_acc=0.9826 | Δacc=+0.0369
[Teacher densenet121] epoch=22 train_loss=0.3880 val_loss=0.1749 val_acc=0.9805
[Monitor][teacher_densenet121] epoch 22/25 | train_loss=0.3880 | val_loss=0.1749 | val_acc=0.9805 | Δacc=-0.0022
[Teacher densenet121] epoch=23 train_loss=0.3854 val_loss=0.1774 val_acc=0.9841
[Monitor][teacher_densenet121] epoch 23/25 | train_loss=0.3854 | val_loss=0.1774 | val_acc=0.9841 | Δacc=+0.0036
[Teacher densenet121] epoch=24 train_loss=0.3829 val_loss=0.1731 val_acc=0.9848
[Monitor][teacher_densenet121] epoch 24/25 | train_loss=0.3829 | val_loss=0.1731 | val_acc=0.9848 | Δacc=+0.0007
[Teacher densenet121] epoch=25 train_loss=0.3800 val_loss=0.1642 val_acc=0.9855
[Monitor][teacher_densenet121] epoch 25/25 | train_loss=0.3800 | val_loss=0.1642 | val_acc=0.9855 | Δacc=+0.0007
[Monitor] <<< Stage 'teacher_densenet121' finished after 25 epochs | final acc=0.9855
