nohup: ignoring input
🚀 GPU 0: Loading data BS=128...
Detected pre-split layout, using provided train/val/test folders under: /walnut_data/yqm/Dataset/ISCXVPN2016

Dataset split:
  Train: 13281 images (82.8%)
  Val:   1383 images (8.6%)
  Test:  1384 images (8.6%)

Image dimensions: 1 x 40 x 40
✅ Loaded: 104 train batches
✅ ResNet50+ECA
✅ MobileNetV3+ECA
✅ DenseNet121
🔥 Training...
🔄 Extracting teacher predictions...
  Train: (13281, 21), Val: (1383, 21), Test: (1384, 21)

📊 Meta-learner: 3.72K parameters

🚀 Training stacking meta-learner for 50 epochs...
======================================================================
Epoch   1/50 | Train Loss: 1.2027 Acc: 0.6734 | Val Loss: 0.3269 Acc: 0.9855 (98.55%)
Epoch   2/50 | Train Loss: 0.1524 Acc: 0.9878 | Val Loss: 0.0638 Acc: 0.9870 (98.70%)
Epoch   3/50 | Train Loss: 0.0311 Acc: 0.9980 | Val Loss: 0.0673 Acc: 0.9877 (98.77%)
Epoch   4/50 | Train Loss: 0.0167 Acc: 0.9992 | Val Loss: 0.0748 Acc: 0.9884 (98.84%)
Epoch   5/50 | Train Loss: 0.0105 Acc: 0.9997 | Val Loss: 0.0809 Acc: 0.9884 (98.84%)
Epoch  10/50 | Train Loss: 0.0039 Acc: 0.9994 | Val Loss: 0.1035 Acc: 0.9892 (98.92%)
  ✅ New best: 98.92%
Epoch  15/50 | Train Loss: 0.0022 Acc: 0.9998 | Val Loss: 0.1194 Acc: 0.9892 (98.92%)
Epoch  20/50 | Train Loss: 0.0016 Acc: 0.9998 | Val Loss: 0.1289 Acc: 0.9892 (98.92%)
Epoch  25/50 | Train Loss: 0.0013 Acc: 0.9998 | Val Loss: 0.1347 Acc: 0.9892 (98.92%)
Epoch  30/50 | Train Loss: 0.0012 Acc: 0.9999 | Val Loss: 0.1382 Acc: 0.9892 (98.92%)
Epoch  35/50 | Train Loss: 0.0008 Acc: 0.9999 | Val Loss: 0.1404 Acc: 0.9892 (98.92%)
Epoch  40/50 | Train Loss: 0.0013 Acc: 0.9997 | Val Loss: 0.1418 Acc: 0.9892 (98.92%)
Epoch  45/50 | Train Loss: 0.0009 Acc: 0.9999 | Val Loss: 0.1426 Acc: 0.9892 (98.92%)
Epoch  50/50 | Train Loss: 0.0010 Acc: 0.9997 | Val Loss: 0.1431 Acc: 0.9892 (98.92%)
======================================================================
✅ Best model saved to checkpoints/stacking/stacking_bs128.pth

======================================================================
FINAL STACKING RESULTS
======================================================================
Best Val Accuracy:  98.92%
Test Accuracy:      98.70%
Test F1 Score:      0.9840
======================================================================


======================================================================
ENSEMBLE COMPARISON
======================================================================
Teacher 1: 98.48%
Teacher 2: 98.27%
Teacher 3: 98.41%

Simple Voting:  98.63%
Stacking:       98.70%

Improvement:
  vs Best Teacher:  +0.22pp
  vs Voting:        +0.07pp
======================================================================
✅ Done! Stacking=0.9870
