nohup: ignoring input
🚀 GPU 1: Loading data BS=256...
Detected pre-split layout, using provided train/val/test folders under: /walnut_data/yqm/Dataset/ISCXVPN2016

Dataset split:
  Train: 13281 images (82.8%)
  Val:   1383 images (8.6%)
  Test:  1384 images (8.6%)

Image dimensions: 1 x 40 x 40
✅ Loaded: 52 train batches
✅ ResNet50+ECA
✅ MobileNetV3+ECA
✅ DenseNet121
🔥 Training...
🔄 Extracting teacher predictions...
  Train: (13281, 21), Val: (1383, 21), Test: (1384, 21)

📊 Meta-learner: 3.72K parameters

🚀 Training stacking meta-learner for 50 epochs...
======================================================================
Epoch   1/50 | Train Loss: 1.1992 Acc: 0.7194 | Val Loss: 0.3001 Acc: 0.9501 (95.01%)
Epoch   2/50 | Train Loss: 0.1654 Acc: 0.9668 | Val Loss: 0.0846 Acc: 0.9870 (98.70%)
Epoch   3/50 | Train Loss: 0.0380 Acc: 0.9980 | Val Loss: 0.0687 Acc: 0.9877 (98.77%)
Epoch   4/50 | Train Loss: 0.0194 Acc: 0.9982 | Val Loss: 0.0753 Acc: 0.9884 (98.84%)
Epoch   5/50 | Train Loss: 0.0132 Acc: 0.9986 | Val Loss: 0.0817 Acc: 0.9892 (98.92%)
Epoch  10/50 | Train Loss: 0.0042 Acc: 0.9993 | Val Loss: 0.1058 Acc: 0.9892 (98.92%)
Epoch  15/50 | Train Loss: 0.0027 Acc: 0.9996 | Val Loss: 0.1143 Acc: 0.9892 (98.92%)
Epoch  20/50 | Train Loss: 0.0021 Acc: 0.9996 | Val Loss: 0.1206 Acc: 0.9892 (98.92%)
Epoch  25/50 | Train Loss: 0.0021 Acc: 0.9997 | Val Loss: 0.1235 Acc: 0.9892 (98.92%)
Epoch  30/50 | Train Loss: 0.0016 Acc: 0.9998 | Val Loss: 0.1255 Acc: 0.9892 (98.92%)
Epoch  35/50 | Train Loss: 0.0017 Acc: 0.9998 | Val Loss: 0.1268 Acc: 0.9892 (98.92%)
Epoch  40/50 | Train Loss: 0.0019 Acc: 0.9998 | Val Loss: 0.1274 Acc: 0.9892 (98.92%)
Epoch  45/50 | Train Loss: 0.0019 Acc: 0.9994 | Val Loss: 0.1279 Acc: 0.9892 (98.92%)
Epoch  50/50 | Train Loss: 0.0019 Acc: 0.9995 | Val Loss: 0.1282 Acc: 0.9892 (98.92%)
======================================================================
✅ Best model saved to checkpoints/stacking/stacking_bs256.pth

======================================================================
FINAL STACKING RESULTS
======================================================================
Best Val Accuracy:  98.92%
Test Accuracy:      98.55%
Test F1 Score:      0.9826
======================================================================


======================================================================
ENSEMBLE COMPARISON
======================================================================
Teacher 1: 98.48%
Teacher 2: 98.27%
Teacher 3: 98.41%

Simple Voting:  98.63%
Stacking:       98.55%

Improvement:
  vs Best Teacher:  +0.07pp
  vs Voting:        -0.07pp
======================================================================
✅ Done! Stacking=0.9855
