nohup: ignoring input
/walnut_data/yqm/NetKD/training/train.py:274: FutureWarning: `torch.cuda.amp.GradScaler(args...)` is deprecated. Please use `torch.amp.GradScaler('cuda', args...)` instead.
  scaler = torch.cuda.amp.GradScaler(enabled=use_amp)
/walnut_data/yqm/NetKD/training/train.py:289: FutureWarning: `torch.cuda.amp.autocast(args...)` is deprecated. Please use `torch.amp.autocast('cuda', args...)` instead.
  with torch.cuda.amp.autocast(enabled=use_amp):
[Demo] Training teachers because checkpoints were not found.
[Teacher resnet50] epoch=1 train_loss=2.6673 val_loss=1.6543 val_acc=0.1250
[Teacher resnet50] epoch=2 train_loss=2.6796 val_loss=1.8454 val_acc=0.1250
[Teacher resnet50] epoch=3 train_loss=1.5758 val_loss=1.7115 val_acc=0.3125
[Teacher resnet50] epoch=4 train_loss=1.1640 val_loss=1.8764 val_acc=0.2500
[Teacher resnet50] epoch=5 train_loss=1.1316 val_loss=1.9743 val_acc=0.1875
[Teacher resnet50] epoch=6 train_loss=1.3056 val_loss=1.9561 val_acc=0.1875
[Teacher resnet50] epoch=7 train_loss=1.0952 val_loss=4.2701 val_acc=0.1875
[Teacher resnet50] epoch=8 train_loss=1.0482 val_loss=4.9110 val_acc=0.0625
[Teacher resnet50] epoch=9 train_loss=1.0582 val_loss=4.4666 val_acc=0.0000
[Teacher resnet50] epoch=10 train_loss=0.8408 val_loss=2.9382 val_acc=0.1875
[Teacher resnet50] epoch=11 train_loss=0.4287 val_loss=2.3080 val_acc=0.2500
[Teacher resnet50] epoch=12 train_loss=0.4482 val_loss=2.1908 val_acc=0.3750
[Teacher resnet50] epoch=13 train_loss=0.7241 val_loss=2.5036 val_acc=0.2500
[Teacher resnet50] epoch=14 train_loss=0.6681 val_loss=2.6004 val_acc=0.1250
[Teacher resnet50] epoch=15 train_loss=0.5792 val_loss=3.1785 val_acc=0.0625
[Teacher resnet50] epoch=16 train_loss=0.5343 val_loss=3.1518 val_acc=0.1250
[Teacher resnet50] epoch=17 train_loss=0.5091 val_loss=3.2614 val_acc=0.1250
[Teacher resnet50] epoch=18 train_loss=0.3799 val_loss=3.0001 val_acc=0.1250
[Teacher resnet50] epoch=19 train_loss=0.3893 val_loss=3.1044 val_acc=0.1875
[Teacher resnet50] epoch=20 train_loss=0.3904 val_loss=2.7229 val_acc=0.2500
[Teacher mbv3] epoch=1 train_loss=1.6339 val_loss=1.6093 val_acc=0.1250
[Teacher mbv3] epoch=2 train_loss=1.2402 val_loss=1.6096 val_acc=0.1250
[Teacher mbv3] epoch=3 train_loss=0.8976 val_loss=1.6096 val_acc=0.1250
[Teacher mbv3] epoch=4 train_loss=0.7581 val_loss=1.6109 val_acc=0.1250
[Teacher mbv3] epoch=5 train_loss=0.4573 val_loss=1.6112 val_acc=0.1250
[Teacher mbv3] epoch=6 train_loss=0.3992 val_loss=1.6113 val_acc=0.1250
[Teacher mbv3] epoch=7 train_loss=0.3665 val_loss=1.6113 val_acc=0.1250
[Teacher mbv3] epoch=8 train_loss=0.3330 val_loss=1.6113 val_acc=0.1250
[Teacher mbv3] epoch=9 train_loss=0.4040 val_loss=1.6114 val_acc=0.1250
[Teacher mbv3] epoch=10 train_loss=0.3593 val_loss=1.6115 val_acc=0.1250
[Teacher mbv3] epoch=11 train_loss=0.3510 val_loss=1.6114 val_acc=0.1250
[Teacher mbv3] epoch=12 train_loss=0.2885 val_loss=1.6114 val_acc=0.1250
[Teacher mbv3] epoch=13 train_loss=0.3647 val_loss=1.6115 val_acc=0.1250
[Teacher mbv3] epoch=14 train_loss=0.2971 val_loss=1.6116 val_acc=0.1250
[Teacher mbv3] epoch=15 train_loss=0.2829 val_loss=1.6116 val_acc=0.1250
[Teacher mbv3] epoch=16 train_loss=0.2765 val_loss=1.6117 val_acc=0.1250
[Teacher mbv3] epoch=17 train_loss=0.2976 val_loss=1.6117 val_acc=0.1250
[Teacher mbv3] epoch=18 train_loss=0.2676 val_loss=1.6118 val_acc=0.1250
[Teacher mbv3] epoch=19 train_loss=0.2717 val_loss=1.6118 val_acc=0.1250
[Teacher mbv3] epoch=20 train_loss=0.2697 val_loss=1.6119 val_acc=0.1250
[Teacher densenet121] epoch=1 train_loss=1.7147 val_loss=1.6128 val_acc=0.1250
[Teacher densenet121] epoch=2 train_loss=1.0846 val_loss=1.6180 val_acc=0.2500
[Teacher densenet121] epoch=3 train_loss=0.6020 val_loss=1.6357 val_acc=0.2500
[Teacher densenet121] epoch=4 train_loss=0.4406 val_loss=1.6464 val_acc=0.2500
[Teacher densenet121] epoch=5 train_loss=0.3271 val_loss=1.6630 val_acc=0.2500
[Teacher densenet121] epoch=6 train_loss=0.2640 val_loss=1.6859 val_acc=0.2500
[Teacher densenet121] epoch=7 train_loss=0.2740 val_loss=1.6981 val_acc=0.1875
[Teacher densenet121] epoch=8 train_loss=0.2543 val_loss=1.7029 val_acc=0.1875
[Teacher densenet121] epoch=9 train_loss=0.2696 val_loss=1.7079 val_acc=0.1875
[Teacher densenet121] epoch=10 train_loss=0.2601 val_loss=1.7609 val_acc=0.1875
[Teacher densenet121] epoch=11 train_loss=0.2483 val_loss=1.7157 val_acc=0.1250
[Teacher densenet121] epoch=12 train_loss=0.2500 val_loss=1.6697 val_acc=0.2500
[Teacher densenet121] epoch=13 train_loss=0.2590 val_loss=1.6515 val_acc=0.3125
[Teacher densenet121] epoch=14 train_loss=0.2607 val_loss=1.6441 val_acc=0.3125
[Teacher densenet121] epoch=15 train_loss=0.2641 val_loss=1.6273 val_acc=0.3125
[Teacher densenet121] epoch=16 train_loss=0.2389 val_loss=1.6346 val_acc=0.1875
[Teacher densenet121] epoch=17 train_loss=0.2494 val_loss=1.6432 val_acc=0.3125
[Teacher densenet121] epoch=18 train_loss=0.2493 val_loss=1.6413 val_acc=0.3125
[Teacher densenet121] epoch=19 train_loss=0.2512 val_loss=1.6542 val_acc=0.3125
[Teacher densenet121] epoch=20 train_loss=0.2851 val_loss=1.6607 val_acc=0.3125
[Demo] Training stacking model because checkpoint was not found.
[Stacking] epoch=1 train_loss=1.7163 val_loss=1.6121 val_acc=0.1250
[Student] epoch=1 train_loss=1.7927 val_loss=1.6278 val_acc=0.1250
