================================================================================
使用高精度教师模型(98%+)训练学生模型
数据集: ISCXVPN2016
Batch Size: 256, Epochs: 100
================================================================================
✓ 所有教师模型文件验证通过

加载数据集...
Detected pre-split layout, using provided train/val/test folders under: /walnut_data/yqm/Dataset/ISCXVPN2016

Dataset split:
  Train: 13281 images (82.8%)
  Val:   1383 images (8.6%)
  Test:  1384 images (8.6%)

Image dimensions: 1 x 40 x 40
✓ 数据集加载完成: 类别数=7

================================================================================
开始训练学生模型...
================================================================================
/walnut_data/yqm/NetKD/training/train.py:274: FutureWarning: `torch.cuda.amp.GradScaler(args...)` is deprecated. Please use `torch.amp.GradScaler('cuda', args...)` instead.
  scaler = torch.cuda.amp.GradScaler(enabled=use_amp)
[Monitor] >>> Stage 'student' started (100 epochs)
/walnut_data/yqm/NetKD/training/train.py:289: FutureWarning: `torch.cuda.amp.autocast(args...)` is deprecated. Please use `torch.amp.autocast('cuda', args...)` instead.
  with torch.cuda.amp.autocast(enabled=use_amp):
[Student] epoch=1 train_loss=1.5880 val_loss=1.8219 val_acc=0.3035
[Monitor][student] epoch 1/100 | train_loss=1.5880 | val_loss=1.8219 | val_acc=0.3035
[Student] epoch=2 train_loss=1.0122 val_loss=0.8643 val_acc=0.7038
[Monitor][student] epoch 2/100 | train_loss=1.0122 | val_loss=0.8643 | val_acc=0.7038 | Δacc=+0.4003
[Student] epoch=3 train_loss=0.8464 val_loss=0.7387 val_acc=0.7529
[Monitor][student] epoch 3/100 | train_loss=0.8464 | val_loss=0.7387 | val_acc=0.7529 | Δacc=+0.0491
[Student] epoch=4 train_loss=0.7709 val_loss=0.7371 val_acc=0.7543
[Monitor][student] epoch 4/100 | train_loss=0.7709 | val_loss=0.7371 | val_acc=0.7543 | Δacc=+0.0014
[Student] epoch=5 train_loss=0.7658 val_loss=0.7272 val_acc=0.7688
[Monitor][student] epoch 5/100 | train_loss=0.7658 | val_loss=0.7272 | val_acc=0.7688 | Δacc=+0.0145
[Student] epoch=6 train_loss=0.8842 val_loss=0.8800 val_acc=0.7175
[Monitor][student] epoch 6/100 | train_loss=0.8842 | val_loss=0.8800 | val_acc=0.7175 | Δacc=-0.0513
[Student] epoch=7 train_loss=0.9028 val_loss=0.7756 val_acc=0.7392
[Monitor][student] epoch 7/100 | train_loss=0.9028 | val_loss=0.7756 | val_acc=0.7392 | Δacc=+0.0217
[Student] epoch=8 train_loss=1.1184 val_loss=2.5675 val_acc=0.4480
[Monitor][student] epoch 8/100 | train_loss=1.1184 | val_loss=2.5675 | val_acc=0.4480 | Δacc=-0.2912
[Student] epoch=9 train_loss=1.1705 val_loss=0.7188 val_acc=0.7673
[Monitor][student] epoch 9/100 | train_loss=1.1705 | val_loss=0.7188 | val_acc=0.7673 | Δacc=+0.3194
[Student] epoch=10 train_loss=0.7027 val_loss=0.6322 val_acc=0.7970
[Monitor][student] epoch 10/100 | train_loss=0.7027 | val_loss=0.6322 | val_acc=0.7970 | Δacc=+0.0296
[Student] epoch=11 train_loss=0.6203 val_loss=0.5797 val_acc=0.8085
[Monitor][student] epoch 11/100 | train_loss=0.6203 | val_loss=0.5797 | val_acc=0.8085 | Δacc=+0.0116
[Student] epoch=12 train_loss=0.5862 val_loss=0.5253 val_acc=0.8316
[Monitor][student] epoch 12/100 | train_loss=0.5862 | val_loss=0.5253 | val_acc=0.8316 | Δacc=+0.0231
[Student] epoch=13 train_loss=0.5321 val_loss=0.4881 val_acc=0.8389
[Monitor][student] epoch 13/100 | train_loss=0.5321 | val_loss=0.4881 | val_acc=0.8389 | Δacc=+0.0072
[Student] epoch=14 train_loss=0.4969 val_loss=0.4603 val_acc=0.8540
[Monitor][student] epoch 14/100 | train_loss=0.4969 | val_loss=0.4603 | val_acc=0.8540 | Δacc=+0.0152
[Student] epoch=15 train_loss=0.4732 val_loss=0.4477 val_acc=0.8475
[Monitor][student] epoch 15/100 | train_loss=0.4732 | val_loss=0.4477 | val_acc=0.8475 | Δacc=-0.0065
[Student] epoch=16 train_loss=0.4384 val_loss=0.4111 val_acc=0.8613
[Monitor][student] epoch 16/100 | train_loss=0.4384 | val_loss=0.4111 | val_acc=0.8613 | Δacc=+0.0137
[Student] epoch=17 train_loss=0.4098 val_loss=0.4257 val_acc=0.8598
[Monitor][student] epoch 17/100 | train_loss=0.4098 | val_loss=0.4257 | val_acc=0.8598 | Δacc=-0.0014
[Student] epoch=18 train_loss=0.3950 val_loss=0.3651 val_acc=0.8902
[Monitor][student] epoch 18/100 | train_loss=0.3950 | val_loss=0.3651 | val_acc=0.8902 | Δacc=+0.0303
[Student] epoch=19 train_loss=0.3621 val_loss=0.3619 val_acc=0.8931
[Monitor][student] epoch 19/100 | train_loss=0.3621 | val_loss=0.3619 | val_acc=0.8931 | Δacc=+0.0029
[Student] epoch=20 train_loss=0.3512 val_loss=0.3821 val_acc=0.8902
[Monitor][student] epoch 20/100 | train_loss=0.3512 | val_loss=0.3821 | val_acc=0.8902 | Δacc=-0.0029
[Student] epoch=21 train_loss=0.3416 val_loss=0.3177 val_acc=0.9017
[Monitor][student] epoch 21/100 | train_loss=0.3416 | val_loss=0.3177 | val_acc=0.9017 | Δacc=+0.0116
[Student] epoch=22 train_loss=0.3189 val_loss=0.3188 val_acc=0.8945
[Monitor][student] epoch 22/100 | train_loss=0.3189 | val_loss=0.3188 | val_acc=0.8945 | Δacc=-0.0072
[Student] epoch=23 train_loss=0.2976 val_loss=0.2692 val_acc=0.9285
[Monitor][student] epoch 23/100 | train_loss=0.2976 | val_loss=0.2692 | val_acc=0.9285 | Δacc=+0.0340
[Student] epoch=24 train_loss=0.2851 val_loss=0.3467 val_acc=0.8880
[Monitor][student] epoch 24/100 | train_loss=0.2851 | val_loss=0.3467 | val_acc=0.8880 | Δacc=-0.0405
[Student] epoch=25 train_loss=0.2618 val_loss=0.2608 val_acc=0.9155
[Monitor][student] epoch 25/100 | train_loss=0.2618 | val_loss=0.2608 | val_acc=0.9155 | Δacc=+0.0275
[Student] epoch=26 train_loss=0.2414 val_loss=0.2859 val_acc=0.9032
[Monitor][student] epoch 26/100 | train_loss=0.2414 | val_loss=0.2859 | val_acc=0.9032 | Δacc=-0.0123
[Student] epoch=27 train_loss=0.2409 val_loss=0.2153 val_acc=0.9458
[Monitor][student] epoch 27/100 | train_loss=0.2409 | val_loss=0.2153 | val_acc=0.9458 | Δacc=+0.0426
[Student] epoch=28 train_loss=0.2223 val_loss=0.2193 val_acc=0.9436
[Monitor][student] epoch 28/100 | train_loss=0.2223 | val_loss=0.2193 | val_acc=0.9436 | Δacc=-0.0022
[Student] epoch=29 train_loss=0.2337 val_loss=0.2380 val_acc=0.9342
[Monitor][student] epoch 29/100 | train_loss=0.2337 | val_loss=0.2380 | val_acc=0.9342 | Δacc=-0.0094
[Student] epoch=30 train_loss=0.2093 val_loss=0.2060 val_acc=0.9480
[Monitor][student] epoch 30/100 | train_loss=0.2093 | val_loss=0.2060 | val_acc=0.9480 | Δacc=+0.0137
[Student] epoch=31 train_loss=0.1946 val_loss=0.2115 val_acc=0.9465
[Monitor][student] epoch 31/100 | train_loss=0.1946 | val_loss=0.2115 | val_acc=0.9465 | Δacc=-0.0014
[Student] epoch=32 train_loss=0.1964 val_loss=0.2345 val_acc=0.9357
[Monitor][student] epoch 32/100 | train_loss=0.1964 | val_loss=0.2345 | val_acc=0.9357 | Δacc=-0.0108
[Student] epoch=33 train_loss=0.1865 val_loss=0.1956 val_acc=0.9494
[Monitor][student] epoch 33/100 | train_loss=0.1865 | val_loss=0.1956 | val_acc=0.9494 | Δacc=+0.0137
[Student] epoch=34 train_loss=0.1785 val_loss=0.1828 val_acc=0.9516
[Monitor][student] epoch 34/100 | train_loss=0.1785 | val_loss=0.1828 | val_acc=0.9516 | Δacc=+0.0022
[Student] epoch=35 train_loss=0.1665 val_loss=0.1849 val_acc=0.9509
[Monitor][student] epoch 35/100 | train_loss=0.1665 | val_loss=0.1849 | val_acc=0.9509 | Δacc=-0.0007
[Student] epoch=36 train_loss=0.1648 val_loss=0.1667 val_acc=0.9581
[Monitor][student] epoch 36/100 | train_loss=0.1648 | val_loss=0.1667 | val_acc=0.9581 | Δacc=+0.0072
[Student] epoch=37 train_loss=0.1520 val_loss=0.1722 val_acc=0.9545
[Monitor][student] epoch 37/100 | train_loss=0.1520 | val_loss=0.1722 | val_acc=0.9545 | Δacc=-0.0036
[Student] epoch=38 train_loss=0.1532 val_loss=0.1591 val_acc=0.9610
[Monitor][student] epoch 38/100 | train_loss=0.1532 | val_loss=0.1591 | val_acc=0.9610 | Δacc=+0.0065
[Student] epoch=39 train_loss=0.1618 val_loss=0.1560 val_acc=0.9653
[Monitor][student] epoch 39/100 | train_loss=0.1618 | val_loss=0.1560 | val_acc=0.9653 | Δacc=+0.0043
[Student] epoch=40 train_loss=0.1528 val_loss=0.1590 val_acc=0.9603
[Monitor][student] epoch 40/100 | train_loss=0.1528 | val_loss=0.1590 | val_acc=0.9603 | Δacc=-0.0051
[Student] epoch=41 train_loss=0.1545 val_loss=0.1439 val_acc=0.9689
[Monitor][student] epoch 41/100 | train_loss=0.1545 | val_loss=0.1439 | val_acc=0.9689 | Δacc=+0.0087
[Student] epoch=42 train_loss=0.1592 val_loss=0.1534 val_acc=0.9624
[Monitor][student] epoch 42/100 | train_loss=0.1592 | val_loss=0.1534 | val_acc=0.9624 | Δacc=-0.0065
[Student] epoch=43 train_loss=0.1533 val_loss=0.1542 val_acc=0.9588
[Monitor][student] epoch 43/100 | train_loss=0.1533 | val_loss=0.1542 | val_acc=0.9588 | Δacc=-0.0036
[Student] epoch=44 train_loss=0.1402 val_loss=0.1405 val_acc=0.9624
[Monitor][student] epoch 44/100 | train_loss=0.1402 | val_loss=0.1405 | val_acc=0.9624 | Δacc=+0.0036
[Student] epoch=45 train_loss=0.1384 val_loss=0.1634 val_acc=0.9617
[Monitor][student] epoch 45/100 | train_loss=0.1384 | val_loss=0.1634 | val_acc=0.9617 | Δacc=-0.0007
[Student] epoch=46 train_loss=0.1418 val_loss=0.1390 val_acc=0.9682
[Monitor][student] epoch 46/100 | train_loss=0.1418 | val_loss=0.1390 | val_acc=0.9682 | Δacc=+0.0065
[Student] epoch=47 train_loss=0.1331 val_loss=0.1530 val_acc=0.9588
[Monitor][student] epoch 47/100 | train_loss=0.1331 | val_loss=0.1530 | val_acc=0.9588 | Δacc=-0.0094
[Student] epoch=48 train_loss=0.1267 val_loss=0.1262 val_acc=0.9704
[Monitor][student] epoch 48/100 | train_loss=0.1267 | val_loss=0.1262 | val_acc=0.9704 | Δacc=+0.0116
[Student] epoch=49 train_loss=0.1240 val_loss=0.1344 val_acc=0.9653
[Monitor][student] epoch 49/100 | train_loss=0.1240 | val_loss=0.1344 | val_acc=0.9653 | Δacc=-0.0051
[Student] epoch=50 train_loss=0.1213 val_loss=0.1390 val_acc=0.9668
[Monitor][student] epoch 50/100 | train_loss=0.1213 | val_loss=0.1390 | val_acc=0.9668 | Δacc=+0.0014
[Student] epoch=51 train_loss=0.1209 val_loss=0.1418 val_acc=0.9639
[Monitor][student] epoch 51/100 | train_loss=0.1209 | val_loss=0.1418 | val_acc=0.9639 | Δacc=-0.0029
[Student] epoch=52 train_loss=0.1091 val_loss=0.1165 val_acc=0.9711
[Monitor][student] epoch 52/100 | train_loss=0.1091 | val_loss=0.1165 | val_acc=0.9711 | Δacc=+0.0072
[Student] epoch=53 train_loss=0.0986 val_loss=0.1183 val_acc=0.9697
[Monitor][student] epoch 53/100 | train_loss=0.0986 | val_loss=0.1183 | val_acc=0.9697 | Δacc=-0.0014
[Student] epoch=54 train_loss=0.0945 val_loss=0.1179 val_acc=0.9740
[Monitor][student] epoch 54/100 | train_loss=0.0945 | val_loss=0.1179 | val_acc=0.9740 | Δacc=+0.0043
[Student] epoch=55 train_loss=0.0914 val_loss=0.1113 val_acc=0.9747
[Monitor][student] epoch 55/100 | train_loss=0.0914 | val_loss=0.1113 | val_acc=0.9747 | Δacc=+0.0007
[Student] epoch=56 train_loss=0.0916 val_loss=0.1185 val_acc=0.9747
[Monitor][student] epoch 56/100 | train_loss=0.0916 | val_loss=0.1185 | val_acc=0.9747 | Δacc=+0.0000
[Student] epoch=57 train_loss=0.0915 val_loss=0.1178 val_acc=0.9711
[Monitor][student] epoch 57/100 | train_loss=0.0915 | val_loss=0.1178 | val_acc=0.9711 | Δacc=-0.0036
[Student] epoch=58 train_loss=0.0925 val_loss=0.1162 val_acc=0.9725
[Monitor][student] epoch 58/100 | train_loss=0.0925 | val_loss=0.1162 | val_acc=0.9725 | Δacc=+0.0014
[Student] epoch=59 train_loss=0.0875 val_loss=0.1088 val_acc=0.9747
[Monitor][student] epoch 59/100 | train_loss=0.0875 | val_loss=0.1088 | val_acc=0.9747 | Δacc=+0.0022
[Student] epoch=60 train_loss=0.0840 val_loss=0.1145 val_acc=0.9733
[Monitor][student] epoch 60/100 | train_loss=0.0840 | val_loss=0.1145 | val_acc=0.9733 | Δacc=-0.0014
[Student] epoch=61 train_loss=0.0836 val_loss=0.1136 val_acc=0.9747
[Monitor][student] epoch 61/100 | train_loss=0.0836 | val_loss=0.1136 | val_acc=0.9747 | Δacc=+0.0014
[Student] epoch=62 train_loss=0.0831 val_loss=0.1109 val_acc=0.9754
[Monitor][student] epoch 62/100 | train_loss=0.0831 | val_loss=0.1109 | val_acc=0.9754 | Δacc=+0.0007
[Student] epoch=63 train_loss=0.0812 val_loss=0.1114 val_acc=0.9733
[Monitor][student] epoch 63/100 | train_loss=0.0812 | val_loss=0.1114 | val_acc=0.9733 | Δacc=-0.0022
[Student] epoch=64 train_loss=0.0789 val_loss=0.1107 val_acc=0.9754
[Monitor][student] epoch 64/100 | train_loss=0.0789 | val_loss=0.1107 | val_acc=0.9754 | Δacc=+0.0022
[Student] epoch=65 train_loss=0.0803 val_loss=0.1083 val_acc=0.9754
[Monitor][student] epoch 65/100 | train_loss=0.0803 | val_loss=0.1083 | val_acc=0.9754 | Δacc=+0.0000
[Student] epoch=66 train_loss=0.0775 val_loss=0.1095 val_acc=0.9762
[Monitor][student] epoch 66/100 | train_loss=0.0775 | val_loss=0.1095 | val_acc=0.9762 | Δacc=+0.0007
[Student] epoch=67 train_loss=0.0784 val_loss=0.1081 val_acc=0.9754
[Monitor][student] epoch 67/100 | train_loss=0.0784 | val_loss=0.1081 | val_acc=0.9754 | Δacc=-0.0007
[Student] epoch=68 train_loss=0.0783 val_loss=0.1121 val_acc=0.9740
[Monitor][student] epoch 68/100 | train_loss=0.0783 | val_loss=0.1121 | val_acc=0.9740 | Δacc=-0.0014
[Student] epoch=69 train_loss=0.0781 val_loss=0.1109 val_acc=0.9754
[Monitor][student] epoch 69/100 | train_loss=0.0781 | val_loss=0.1109 | val_acc=0.9754 | Δacc=+0.0014
[Student] epoch=70 train_loss=0.0769 val_loss=0.1109 val_acc=0.9762
[Monitor][student] epoch 70/100 | train_loss=0.0769 | val_loss=0.1109 | val_acc=0.9762 | Δacc=+0.0007
[Student] epoch=71 train_loss=0.0761 val_loss=0.1101 val_acc=0.9762
[Monitor][student] epoch 71/100 | train_loss=0.0761 | val_loss=0.1101 | val_acc=0.9762 | Δacc=+0.0000
[Student] epoch=72 train_loss=0.0765 val_loss=0.1096 val_acc=0.9769
[Monitor][student] epoch 72/100 | train_loss=0.0765 | val_loss=0.1096 | val_acc=0.9769 | Δacc=+0.0007
[Student] epoch=73 train_loss=0.0751 val_loss=0.1098 val_acc=0.9747
[Monitor][student] epoch 73/100 | train_loss=0.0751 | val_loss=0.1098 | val_acc=0.9747 | Δacc=-0.0022
[Student] epoch=74 train_loss=0.0752 val_loss=0.1108 val_acc=0.9754
[Monitor][student] epoch 74/100 | train_loss=0.0752 | val_loss=0.1108 | val_acc=0.9754 | Δacc=+0.0007
[Student] epoch=75 train_loss=0.0757 val_loss=0.1106 val_acc=0.9754
[Monitor][student] epoch 75/100 | train_loss=0.0757 | val_loss=0.1106 | val_acc=0.9754 | Δacc=+0.0000
[Student] epoch=76 train_loss=0.0746 val_loss=0.1106 val_acc=0.9769
[Monitor][student] epoch 76/100 | train_loss=0.0746 | val_loss=0.1106 | val_acc=0.9769 | Δacc=+0.0014
[Student] epoch=77 train_loss=0.0745 val_loss=0.1088 val_acc=0.9776
[Monitor][student] epoch 77/100 | train_loss=0.0745 | val_loss=0.1088 | val_acc=0.9776 | Δacc=+0.0007
[Student] epoch=78 train_loss=0.0746 val_loss=0.1107 val_acc=0.9762
[Monitor][student] epoch 78/100 | train_loss=0.0746 | val_loss=0.1107 | val_acc=0.9762 | Δacc=-0.0014
[Student] epoch=79 train_loss=0.0753 val_loss=0.1112 val_acc=0.9769
[Monitor][student] epoch 79/100 | train_loss=0.0753 | val_loss=0.1112 | val_acc=0.9769 | Δacc=+0.0007
[Student] epoch=80 train_loss=0.0738 val_loss=0.1111 val_acc=0.9776
[Monitor][student] epoch 80/100 | train_loss=0.0738 | val_loss=0.1111 | val_acc=0.9776 | Δacc=+0.0007
[Student] epoch=81 train_loss=0.0744 val_loss=0.1095 val_acc=0.9776
[Monitor][student] epoch 81/100 | train_loss=0.0744 | val_loss=0.1095 | val_acc=0.9776 | Δacc=+0.0000
[Student] epoch=82 train_loss=0.0741 val_loss=0.1092 val_acc=0.9769
[Monitor][student] epoch 82/100 | train_loss=0.0741 | val_loss=0.1092 | val_acc=0.9769 | Δacc=-0.0007
[Student] epoch=83 train_loss=0.0747 val_loss=0.1098 val_acc=0.9769
[Monitor][student] epoch 83/100 | train_loss=0.0747 | val_loss=0.1098 | val_acc=0.9769 | Δacc=+0.0000
[Student] epoch=84 train_loss=0.0745 val_loss=0.1115 val_acc=0.9754
[Monitor][student] epoch 84/100 | train_loss=0.0745 | val_loss=0.1115 | val_acc=0.9754 | Δacc=-0.0014
[Student] epoch=85 train_loss=0.0749 val_loss=0.1108 val_acc=0.9754
[Monitor][student] epoch 85/100 | train_loss=0.0749 | val_loss=0.1108 | val_acc=0.9754 | Δacc=+0.0000
[Student] epoch=86 train_loss=0.0751 val_loss=0.1116 val_acc=0.9769
[Monitor][student] epoch 86/100 | train_loss=0.0751 | val_loss=0.1116 | val_acc=0.9769 | Δacc=+0.0014
[Student] epoch=87 train_loss=0.0740 val_loss=0.1112 val_acc=0.9754
[Monitor][student] epoch 87/100 | train_loss=0.0740 | val_loss=0.1112 | val_acc=0.9754 | Δacc=-0.0014
[Student] epoch=88 train_loss=0.0738 val_loss=0.1110 val_acc=0.9769
[Monitor][student] epoch 88/100 | train_loss=0.0738 | val_loss=0.1110 | val_acc=0.9769 | Δacc=+0.0014
[Student] epoch=89 train_loss=0.0747 val_loss=0.1119 val_acc=0.9754
[Monitor][student] epoch 89/100 | train_loss=0.0747 | val_loss=0.1119 | val_acc=0.9754 | Δacc=-0.0014
[Student] epoch=90 train_loss=0.0742 val_loss=0.1117 val_acc=0.9754
[Monitor][student] epoch 90/100 | train_loss=0.0742 | val_loss=0.1117 | val_acc=0.9754 | Δacc=+0.0000
[Student] epoch=91 train_loss=0.0730 val_loss=0.1128 val_acc=0.9769
[Monitor][student] epoch 91/100 | train_loss=0.0730 | val_loss=0.1128 | val_acc=0.9769 | Δacc=+0.0014
[Student] epoch=92 train_loss=0.0737 val_loss=0.1124 val_acc=0.9769
[Monitor][student] epoch 92/100 | train_loss=0.0737 | val_loss=0.1124 | val_acc=0.9769 | Δacc=+0.0000
[Student] epoch=93 train_loss=0.0733 val_loss=0.1120 val_acc=0.9754
[Monitor][student] epoch 93/100 | train_loss=0.0733 | val_loss=0.1120 | val_acc=0.9754 | Δacc=-0.0014
[Student] epoch=94 train_loss=0.0731 val_loss=0.1114 val_acc=0.9769
[Monitor][student] epoch 94/100 | train_loss=0.0731 | val_loss=0.1114 | val_acc=0.9769 | Δacc=+0.0014
[Student] epoch=95 train_loss=0.0736 val_loss=0.1110 val_acc=0.9769
[Monitor][student] epoch 95/100 | train_loss=0.0736 | val_loss=0.1110 | val_acc=0.9769 | Δacc=+0.0000
[Student] epoch=96 train_loss=0.0729 val_loss=0.1117 val_acc=0.9754
[Monitor][student] epoch 96/100 | train_loss=0.0729 | val_loss=0.1117 | val_acc=0.9754 | Δacc=-0.0014
[Student] epoch=97 train_loss=0.0732 val_loss=0.1100 val_acc=0.9762
[Monitor][student] epoch 97/100 | train_loss=0.0732 | val_loss=0.1100 | val_acc=0.9762 | Δacc=+0.0007
[Student] epoch=98 train_loss=0.0738 val_loss=0.1124 val_acc=0.9754
[Monitor][student] epoch 98/100 | train_loss=0.0738 | val_loss=0.1124 | val_acc=0.9754 | Δacc=-0.0007
[Student] epoch=99 train_loss=0.0734 val_loss=0.1121 val_acc=0.9769
[Monitor][student] epoch 99/100 | train_loss=0.0734 | val_loss=0.1121 | val_acc=0.9769 | Δacc=+0.0014
[Student] epoch=100 train_loss=0.0729 val_loss=0.1110 val_acc=0.9762
[Monitor][student] epoch 100/100 | train_loss=0.0729 | val_loss=0.1110 | val_acc=0.9762 | Δacc=-0.0007
[Monitor] <<< Stage 'student' finished after 100 epochs | final acc=0.9762

训练完成! 学生模型: student_sd_mkd.pth

评估学生模型...

最终测试精度: 97.62%
目标达成: ❌ (目标≥98.5%)
 ❌ (目标≥98.5%)
