nohup: ignoring input
Detected pre-split layout, using provided train/val/test folders under: /workspace/yqm/Dataset/USTC-TFC2016

Dataset split:
  Train: 37323 images (73.6%)
  Val:   6692 images (13.2%)
  Test:  6662 images (13.1%)

Image dimensions: 1 x 40 x 40
[Monitor] >>> Stage 'teacher_resnet50' started (15 epochs)
[Teacher resnet50] epoch=1 train_loss=1.6034 val_loss=0.4285 val_acc=0.8855
[Monitor][teacher_resnet50] epoch 1/15 | train_loss=1.6034 | val_loss=0.4285 | val_acc=0.8855
[Teacher resnet50] epoch=2 train_loss=1.0036 val_loss=0.3177 val_acc=0.9565
[Monitor][teacher_resnet50] epoch 2/15 | train_loss=1.0036 | val_loss=0.3177 | val_acc=0.9565 | Δacc=+0.0710
[Teacher resnet50] epoch=3 train_loss=1.0075 val_loss=0.3147 val_acc=0.9505
[Monitor][teacher_resnet50] epoch 3/15 | train_loss=1.0075 | val_loss=0.3147 | val_acc=0.9505 | Δacc=-0.0060
[Teacher resnet50] epoch=4 train_loss=0.8962 val_loss=0.2591 val_acc=0.9747
[Monitor][teacher_resnet50] epoch 4/15 | train_loss=0.8962 | val_loss=0.2591 | val_acc=0.9747 | Δacc=+0.0242
[Teacher resnet50] epoch=5 train_loss=0.8580 val_loss=0.3546 val_acc=0.9353
[Monitor][teacher_resnet50] epoch 5/15 | train_loss=0.8580 | val_loss=0.3546 | val_acc=0.9353 | Δacc=-0.0395
[Teacher resnet50] epoch=6 train_loss=0.9777 val_loss=0.3021 val_acc=0.9607
[Monitor][teacher_resnet50] epoch 6/15 | train_loss=0.9777 | val_loss=0.3021 | val_acc=0.9607 | Δacc=+0.0254
[Teacher resnet50] epoch=7 train_loss=0.8549 val_loss=0.2017 val_acc=0.9871
[Monitor][teacher_resnet50] epoch 7/15 | train_loss=0.8549 | val_loss=0.2017 | val_acc=0.9871 | Δacc=+0.0264
[Teacher resnet50] epoch=8 train_loss=0.8258 val_loss=0.2095 val_acc=0.9874
[Monitor][teacher_resnet50] epoch 8/15 | train_loss=0.8258 | val_loss=0.2095 | val_acc=0.9874 | Δacc=+0.0003
[Teacher resnet50] epoch=9 train_loss=0.8126 val_loss=0.1971 val_acc=0.9907
[Monitor][teacher_resnet50] epoch 9/15 | train_loss=0.8126 | val_loss=0.1971 | val_acc=0.9907 | Δacc=+0.0033
[Teacher resnet50] epoch=10 train_loss=0.8085 val_loss=0.2205 val_acc=0.9821
[Monitor][teacher_resnet50] epoch 10/15 | train_loss=0.8085 | val_loss=0.2205 | val_acc=0.9821 | Δacc=-0.0087
[Teacher resnet50] epoch=11 train_loss=0.8117 val_loss=0.1996 val_acc=0.9901
[Monitor][teacher_resnet50] epoch 11/15 | train_loss=0.8117 | val_loss=0.1996 | val_acc=0.9901 | Δacc=+0.0081
[Teacher resnet50] epoch=12 train_loss=0.7909 val_loss=0.2073 val_acc=0.9830
[Monitor][teacher_resnet50] epoch 12/15 | train_loss=0.7909 | val_loss=0.2073 | val_acc=0.9830 | Δacc=-0.0072
[Teacher resnet50] epoch=13 train_loss=0.7663 val_loss=0.1883 val_acc=0.9948
[Monitor][teacher_resnet50] epoch 13/15 | train_loss=0.7663 | val_loss=0.1883 | val_acc=0.9948 | Δacc=+0.0118
[Teacher resnet50] epoch=14 train_loss=0.7524 val_loss=0.1819 val_acc=0.9960
[Monitor][teacher_resnet50] epoch 14/15 | train_loss=0.7524 | val_loss=0.1819 | val_acc=0.9960 | Δacc=+0.0012
[Teacher resnet50] epoch=15 train_loss=0.7495 val_loss=0.1913 val_acc=0.9921
[Monitor][teacher_resnet50] epoch 15/15 | train_loss=0.7495 | val_loss=0.1913 | val_acc=0.9921 | Δacc=-0.0039
[Monitor] <<< Stage 'teacher_resnet50' finished after 15 epochs | final acc=0.9921
[Monitor] >>> Stage 'teacher_mbv3' started (15 epochs)
[Teacher mbv3] epoch=1 train_loss=1.6165 val_loss=3.3312 val_acc=0.0019
[Monitor][teacher_mbv3] epoch 1/15 | train_loss=1.6165 | val_loss=3.3312 | val_acc=0.0019
[Teacher mbv3] epoch=2 train_loss=1.0531 val_loss=3.2335 val_acc=0.0790
[Monitor][teacher_mbv3] epoch 2/15 | train_loss=1.0531 | val_loss=3.2335 | val_acc=0.0790 | Δacc=+0.0771
[Teacher mbv3] epoch=3 train_loss=1.0222 val_loss=0.3102 val_acc=0.9422
[Monitor][teacher_mbv3] epoch 3/15 | train_loss=1.0222 | val_loss=0.3102 | val_acc=0.9422 | Δacc=+0.8631
[Teacher mbv3] epoch=4 train_loss=0.9329 val_loss=0.2582 val_acc=0.9725
[Monitor][teacher_mbv3] epoch 4/15 | train_loss=0.9329 | val_loss=0.2582 | val_acc=0.9725 | Δacc=+0.0303
[Teacher mbv3] epoch=5 train_loss=0.8897 val_loss=0.3158 val_acc=0.9631
[Monitor][teacher_mbv3] epoch 5/15 | train_loss=0.8897 | val_loss=0.3158 | val_acc=0.9631 | Δacc=-0.0094
[Teacher mbv3] epoch=6 train_loss=0.8710 val_loss=0.2971 val_acc=0.9610
[Monitor][teacher_mbv3] epoch 6/15 | train_loss=0.8710 | val_loss=0.2971 | val_acc=0.9610 | Δacc=-0.0021
[Teacher mbv3] epoch=7 train_loss=0.8766 val_loss=0.2376 val_acc=0.9779
[Monitor][teacher_mbv3] epoch 7/15 | train_loss=0.8766 | val_loss=0.2376 | val_acc=0.9779 | Δacc=+0.0169
[Teacher mbv3] epoch=8 train_loss=0.8448 val_loss=0.2245 val_acc=0.9857
[Monitor][teacher_mbv3] epoch 8/15 | train_loss=0.8448 | val_loss=0.2245 | val_acc=0.9857 | Δacc=+0.0078
[Teacher mbv3] epoch=9 train_loss=0.8311 val_loss=0.2421 val_acc=0.9765
[Monitor][teacher_mbv3] epoch 9/15 | train_loss=0.8311 | val_loss=0.2421 | val_acc=0.9765 | Δacc=-0.0091
[Teacher mbv3] epoch=10 train_loss=0.8594 val_loss=0.2544 val_acc=0.9827
[Monitor][teacher_mbv3] epoch 10/15 | train_loss=0.8594 | val_loss=0.2544 | val_acc=0.9827 | Δacc=+0.0061
[Teacher mbv3] epoch=11 train_loss=0.8245 val_loss=0.2017 val_acc=0.9857
[Monitor][teacher_mbv3] epoch 11/15 | train_loss=0.8245 | val_loss=0.2017 | val_acc=0.9857 | Δacc=+0.0030
[Teacher mbv3] epoch=12 train_loss=0.8296 val_loss=0.3936 val_acc=0.9340
[Monitor][teacher_mbv3] epoch 12/15 | train_loss=0.8296 | val_loss=0.3936 | val_acc=0.9340 | Δacc=-0.0517
[Teacher mbv3] epoch=13 train_loss=0.8513 val_loss=0.2638 val_acc=0.9697
[Monitor][teacher_mbv3] epoch 13/15 | train_loss=0.8513 | val_loss=0.2638 | val_acc=0.9697 | Δacc=+0.0357
[Teacher mbv3] epoch=14 train_loss=0.8541 val_loss=0.3398 val_acc=0.9489
[Monitor][teacher_mbv3] epoch 14/15 | train_loss=0.8541 | val_loss=0.3398 | val_acc=0.9489 | Δacc=-0.0208
[Teacher mbv3] epoch=15 train_loss=0.8031 val_loss=0.1913 val_acc=0.9934
[Monitor][teacher_mbv3] epoch 15/15 | train_loss=0.8031 | val_loss=0.1913 | val_acc=0.9934 | Δacc=+0.0445
[Monitor] <<< Stage 'teacher_mbv3' finished after 15 epochs | final acc=0.9934
[Monitor] >>> Stage 'teacher_densenet121' started (15 epochs)
[Teacher densenet121] epoch=1 train_loss=1.2690 val_loss=0.3692 val_acc=0.9163
[Monitor][teacher_densenet121] epoch 1/15 | train_loss=1.2690 | val_loss=0.3692 | val_acc=0.9163
[Teacher densenet121] epoch=2 train_loss=0.9625 val_loss=0.2938 val_acc=0.9517
[Monitor][teacher_densenet121] epoch 2/15 | train_loss=0.9625 | val_loss=0.2938 | val_acc=0.9517 | Δacc=+0.0354
[Teacher densenet121] epoch=3 train_loss=0.9072 val_loss=0.3039 val_acc=0.9453
[Monitor][teacher_densenet121] epoch 3/15 | train_loss=0.9072 | val_loss=0.3039 | val_acc=0.9453 | Δacc=-0.0064
[Teacher densenet121] epoch=4 train_loss=0.8637 val_loss=0.2484 val_acc=0.9825
[Monitor][teacher_densenet121] epoch 4/15 | train_loss=0.8637 | val_loss=0.2484 | val_acc=0.9825 | Δacc=+0.0372
[Teacher densenet121] epoch=5 train_loss=0.8559 val_loss=0.2170 val_acc=0.9846
[Monitor][teacher_densenet121] epoch 5/15 | train_loss=0.8559 | val_loss=0.2170 | val_acc=0.9846 | Δacc=+0.0021
[Teacher densenet121] epoch=6 train_loss=0.8408 val_loss=0.2176 val_acc=0.9868
[Monitor][teacher_densenet121] epoch 6/15 | train_loss=0.8408 | val_loss=0.2176 | val_acc=0.9868 | Δacc=+0.0022
[Teacher densenet121] epoch=7 train_loss=0.8259 val_loss=0.2197 val_acc=0.9874
[Monitor][teacher_densenet121] epoch 7/15 | train_loss=0.8259 | val_loss=0.2197 | val_acc=0.9874 | Δacc=+0.0006
[Teacher densenet121] epoch=8 train_loss=0.8146 val_loss=0.2007 val_acc=0.9916
[Monitor][teacher_densenet121] epoch 8/15 | train_loss=0.8146 | val_loss=0.2007 | val_acc=0.9916 | Δacc=+0.0042
[Teacher densenet121] epoch=9 train_loss=0.8230 val_loss=0.2410 val_acc=0.9821
[Monitor][teacher_densenet121] epoch 9/15 | train_loss=0.8230 | val_loss=0.2410 | val_acc=0.9821 | Δacc=-0.0096
[Teacher densenet121] epoch=10 train_loss=0.8049 val_loss=0.2072 val_acc=0.9909
[Monitor][teacher_densenet121] epoch 10/15 | train_loss=0.8049 | val_loss=0.2072 | val_acc=0.9909 | Δacc=+0.0088
[Teacher densenet121] epoch=11 train_loss=0.8002 val_loss=0.2058 val_acc=0.9918
[Monitor][teacher_densenet121] epoch 11/15 | train_loss=0.8002 | val_loss=0.2058 | val_acc=0.9918 | Δacc=+0.0009
[Teacher densenet121] epoch=12 train_loss=0.7631 val_loss=0.1918 val_acc=0.9949
[Monitor][teacher_densenet121] epoch 12/15 | train_loss=0.7631 | val_loss=0.1918 | val_acc=0.9949 | Δacc=+0.0031
[Teacher densenet121] epoch=13 train_loss=0.7552 val_loss=0.1923 val_acc=0.9927
[Monitor][teacher_densenet121] epoch 13/15 | train_loss=0.7552 | val_loss=0.1923 | val_acc=0.9927 | Δacc=-0.0022