nohup: ignoring input
Using device: cuda:0

============================================================
Dataset: USTC-TFC2016 | Run: 1
============================================================
Loading dataset...
Detected pre-split layout, using provided train/val/test folders under: /workspace/yqm/Dataset/USTC-TFC2016

Dataset split:
  Train: 37323 images (73.6%)
  Val:   6692 images (13.2%)
  Test:  6662 images (13.1%)

Image dimensions: 1 x 40 x 40

[Phase 1] Training Teachers...
  Training convnextv2_tiny...
  Epoch 5: val_acc=0.9864 (best=0.9864)
  Epoch 10: val_acc=0.9936 (best=0.9936)
  Epoch 15: val_acc=0.9925 (best=0.9949)
  Epoch 20: val_acc=0.9976 (best=0.9976)
  Epoch 25: val_acc=0.9981 (best=0.9981)
  Epoch 30: val_acc=0.9987 (best=0.9987)
Traceback (most recent call last):
  File "/workspace/yqm/NetKD/scripts/run_full_dataset_experiment.py", line 467, in main
    results = run_single_experiment(dataset_name, run_id, output_dir, device)
              ^^^^^^^^^^^^^^^^^^^^^^^^^^^^^^^^^^^^^^^^^^^^^^^^^^^^^^^^^^^^^^^
  File "/workspace/yqm/NetKD/scripts/run_full_dataset_experiment.py", line 389, in run_single_experiment
    stacking, stacking_val_acc = train_stacking(
                                 ^^^^^^^^^^^^^^^
  File "/workspace/yqm/NetKD/scripts/run_full_dataset_experiment.py", line 218, in train_stacking
    stacking = StackingModel(num_teachers=num_teachers, num_classes=num_classes, hidden_dim=hidden_dim).to(device)
               ^^^^^^^^^^^^^^^^^^^^^^^^^^^^^^^^^^^^^^^^^^^^^^^^^^^^^^^^^^^^^^^^^^^^^^^^^^^^^^^^^^^^^^^^
TypeError: StackingModel.__init__() got an unexpected keyword argument 'num_teachers'
  convnextv2_tiny: test_acc=0.9994, f1=0.9974
  Training densenet121...
  Epoch 5: val_acc=0.9836 (best=0.9876)
  Epoch 10: val_acc=0.9942 (best=0.9942)
  Epoch 15: val_acc=0.9972 (best=0.9973)
  Epoch 20: val_acc=0.9985 (best=0.9985)
  Epoch 25: val_acc=0.9990 (best=0.9990)
  Early stop at epoch 30
  densenet121: test_acc=0.9991, f1=0.9936
  Training mobilenetv3...
  Epoch 5: val_acc=0.9555 (best=0.9655)
  Epoch 10: val_acc=0.9895 (best=0.9904)
  Epoch 15: val_acc=0.9967 (best=0.9967)
  Epoch 20: val_acc=0.9975 (best=0.9979)
  Epoch 25: val_acc=0.9985 (best=0.9987)
  Early stop at epoch 28
  mobilenetv3: test_acc=0.9983, f1=0.9889

[Phase 2] Training Stacking Ensemble...
ERROR in USTC-TFC2016 run 1: StackingModel.__init__() got an unexpected keyword argument 'num_teachers'

============================================================
Dataset: USTC-TFC2016 | Run: 2
============================================================
Loading dataset...
Detected pre-split layout, using provided train/val/test folders under: /workspace/yqm/Dataset/USTC-TFC2016

Dataset split:
  Train: 37323 images (73.6%)
  Val:   6692 images (13.2%)
  Test:  6662 images (13.1%)

Image dimensions: 1 x 40 x 40

[Phase 1] Training Teachers...
  Training convnextv2_tiny...
  Epoch 5: val_acc=0.9880 (best=0.9889)
  Epoch 10: val_acc=0.9945 (best=0.9945)
  Epoch 15: val_acc=0.9949 (best=0.9955)
  Epoch 20: val_acc=0.9889 (best=0.9975)
  Epoch 25: val_acc=0.9985 (best=0.9985)
  Epoch 30: val_acc=0.9991 (best=0.9991)
Traceback (most recent call last):
  File "/workspace/yqm/NetKD/scripts/run_full_dataset_experiment.py", line 467, in main
    results = run_single_experiment(dataset_name, run_id, output_dir, device)
              ^^^^^^^^^^^^^^^^^^^^^^^^^^^^^^^^^^^^^^^^^^^^^^^^^^^^^^^^^^^^^^^
  File "/workspace/yqm/NetKD/scripts/run_full_dataset_experiment.py", line 389, in run_single_experiment
    stacking, stacking_val_acc = train_stacking(
                                 ^^^^^^^^^^^^^^^
  File "/workspace/yqm/NetKD/scripts/run_full_dataset_experiment.py", line 218, in train_stacking
    stacking = StackingModel(num_teachers=num_teachers, num_classes=num_classes, hidden_dim=hidden_dim).to(device)
               ^^^^^^^^^^^^^^^^^^^^^^^^^^^^^^^^^^^^^^^^^^^^^^^^^^^^^^^^^^^^^^^^^^^^^^^^^^^^^^^^^^^^^^^^
TypeError: StackingModel.__init__() got an unexpected keyword argument 'num_teachers'
  convnextv2_tiny: test_acc=0.9989, f1=0.9958
  Training densenet121...
  Epoch 5: val_acc=0.9892 (best=0.9892)
  Epoch 10: val_acc=0.9886 (best=0.9930)
  Early stop at epoch 14
  densenet121: test_acc=0.9920, f1=0.9678
  Training mobilenetv3...
  Epoch 5: val_acc=0.9755 (best=0.9756)
  Epoch 10: val_acc=0.9928 (best=0.9928)
  Epoch 15: val_acc=0.9957 (best=0.9957)
  Epoch 20: val_acc=0.9987 (best=0.9987)
  Epoch 25: val_acc=0.9990 (best=0.9990)
  Epoch 30: val_acc=0.9991 (best=0.9993)
  mobilenetv3: test_acc=0.9991, f1=0.9914

[Phase 2] Training Stacking Ensemble...
ERROR in USTC-TFC2016 run 2: StackingModel.__init__() got an unexpected keyword argument 'num_teachers'

============================================================
Dataset: USTC-TFC2016 | Run: 3
============================================================
Loading dataset...
Detected pre-split layout, using provided train/val/test folders under: /workspace/yqm/Dataset/USTC-TFC2016

Dataset split:
  Train: 37323 images (73.6%)
  Val:   6692 images (13.2%)
  Test:  6662 images (13.1%)

Image dimensions: 1 x 40 x 40

[Phase 1] Training Teachers...
  Training convnextv2_tiny...
  Epoch 5: val_acc=0.9886 (best=0.9891)
  Epoch 10: val_acc=0.9945 (best=0.9945)
  Epoch 15: val_acc=0.9948 (best=0.9951)
  Epoch 20: val_acc=0.9960 (best=0.9969)
  Epoch 25: val_acc=0.9982 (best=0.9987)
  Epoch 30: val_acc=0.9988 (best=0.9988)
Traceback (most recent call last):
  File "/workspace/yqm/NetKD/scripts/run_full_dataset_experiment.py", line 467, in main
    results = run_single_experiment(dataset_name, run_id, output_dir, device)
              ^^^^^^^^^^^^^^^^^^^^^^^^^^^^^^^^^^^^^^^^^^^^^^^^^^^^^^^^^^^^^^^
  File "/workspace/yqm/NetKD/scripts/run_full_dataset_experiment.py", line 389, in run_single_experiment
    stacking, stacking_val_acc = train_stacking(
                                 ^^^^^^^^^^^^^^^
  File "/workspace/yqm/NetKD/scripts/run_full_dataset_experiment.py", line 218, in train_stacking
    stacking = StackingModel(num_teachers=num_teachers, num_classes=num_classes, hidden_dim=hidden_dim).to(device)
               ^^^^^^^^^^^^^^^^^^^^^^^^^^^^^^^^^^^^^^^^^^^^^^^^^^^^^^^^^^^^^^^^^^^^^^^^^^^^^^^^^^^^^^^^
TypeError: StackingModel.__init__() got an unexpected keyword argument 'num_teachers'
  convnextv2_tiny: test_acc=0.9989, f1=0.9913
  Training densenet121...
  Epoch 5: val_acc=0.9558 (best=0.9827)
  Epoch 10: val_acc=0.9910 (best=0.9945)
  Epoch 15: val_acc=0.9975 (best=0.9975)
  Epoch 20: val_acc=0.9988 (best=0.9988)
  Epoch 25: val_acc=0.9990 (best=0.9990)
  Early stop at epoch 29
  densenet121: test_acc=0.9991, f1=0.9917
  Training mobilenetv3...
  Epoch 5: val_acc=0.9707 (best=0.9813)
  Epoch 10: val_acc=0.9925 (best=0.9925)
  Epoch 15: val_acc=0.9937 (best=0.9961)
  Epoch 20: val_acc=0.9981 (best=0.9981)
  Epoch 25: val_acc=0.9984 (best=0.9985)
  Early stop at epoch 27
  mobilenetv3: test_acc=0.9991, f1=0.9924

[Phase 2] Training Stacking Ensemble...
ERROR in USTC-TFC2016 run 3: StackingModel.__init__() got an unexpected keyword argument 'num_teachers'

============================================================
Dataset: CrossPlatform-Android | Run: 1
============================================================
Loading dataset...
Detected pre-split layout, using provided train/val/test folders under: /workspace/yqm/Dataset/CrossPlatform-Android

Dataset split:
  Train: 44700 images (82.8%)
  Val:   4655 images (8.6%)
  Test:  4656 images (8.6%)

Image dimensions: 1 x 40 x 40

[Phase 1] Training Teachers...
  Training convnextv2_tiny...
  Epoch 5: val_acc=0.7499 (best=0.7499)
  Epoch 10: val_acc=0.8541 (best=0.8541)
  Epoch 15: val_acc=0.9147 (best=0.9147)
  Epoch 20: val_acc=0.9577 (best=0.9577)
  Epoch 25: val_acc=0.9719 (best=0.9719)
  Epoch 30: val_acc=0.9731 (best=0.9731)
Traceback (most recent call last):
  File "/workspace/yqm/NetKD/scripts/run_full_dataset_experiment.py", line 467, in main
    results = run_single_experiment(dataset_name, run_id, output_dir, device)
              ^^^^^^^^^^^^^^^^^^^^^^^^^^^^^^^^^^^^^^^^^^^^^^^^^^^^^^^^^^^^^^^
  File "/workspace/yqm/NetKD/scripts/run_full_dataset_experiment.py", line 389, in run_single_experiment
    stacking, stacking_val_acc = train_stacking(
                                 ^^^^^^^^^^^^^^^
  File "/workspace/yqm/NetKD/scripts/run_full_dataset_experiment.py", line 218, in train_stacking
    stacking = StackingModel(num_teachers=num_teachers, num_classes=num_classes, hidden_dim=hidden_dim).to(device)
               ^^^^^^^^^^^^^^^^^^^^^^^^^^^^^^^^^^^^^^^^^^^^^^^^^^^^^^^^^^^^^^^^^^^^^^^^^^^^^^^^^^^^^^^^
TypeError: StackingModel.__init__() got an unexpected keyword argument 'num_teachers'
  convnextv2_tiny: test_acc=0.9740, f1=0.9724
  Training densenet121...
  Epoch 5: val_acc=0.7298 (best=0.7298)
  Epoch 10: val_acc=0.8273 (best=0.8273)
  Epoch 15: val_acc=0.8982 (best=0.8982)
  Epoch 20: val_acc=0.9343 (best=0.9343)
  Epoch 25: val_acc=0.9596 (best=0.9596)
  Epoch 30: val_acc=0.9626 (best=0.9641)
  densenet121: test_acc=0.9646, f1=0.9626
  Training mobilenetv3...
  Epoch 5: val_acc=0.6260 (best=0.6260)
  Epoch 10: val_acc=0.7478 (best=0.7478)
  Epoch 15: val_acc=0.8052 (best=0.8052)
  Epoch 20: val_acc=0.8597 (best=0.8597)
  Epoch 25: val_acc=0.8849 (best=0.8849)
  Epoch 30: val_acc=0.8960 (best=0.8965)
  mobilenetv3: test_acc=0.9012, f1=0.9044

[Phase 2] Training Stacking Ensemble...
ERROR in CrossPlatform-Android run 1: StackingModel.__init__() got an unexpected keyword argument 'num_teachers'

============================================================
Dataset: CrossPlatform-Android | Run: 2
============================================================
Loading dataset...
Detected pre-split layout, using provided train/val/test folders under: /workspace/yqm/Dataset/CrossPlatform-Android

Dataset split:
  Train: 44700 images (82.8%)
  Val:   4655 images (8.6%)
  Test:  4656 images (8.6%)

Image dimensions: 1 x 40 x 40

[Phase 1] Training Teachers...
  Training convnextv2_tiny...
  Epoch 5: val_acc=0.7242 (best=0.7242)
  Epoch 10: val_acc=0.8436 (best=0.8436)
  Epoch 15: val_acc=0.9008 (best=0.9008)
  Epoch 20: val_acc=0.9519 (best=0.9519)
  Epoch 25: val_acc=0.9721 (best=0.9721)
  Epoch 30: val_acc=0.9740 (best=0.9742)
Traceback (most recent call last):
  File "/workspace/yqm/NetKD/scripts/run_full_dataset_experiment.py", line 467, in main
    results = run_single_experiment(dataset_name, run_id, output_dir, device)
              ^^^^^^^^^^^^^^^^^^^^^^^^^^^^^^^^^^^^^^^^^^^^^^^^^^^^^^^^^^^^^^^
  File "/workspace/yqm/NetKD/scripts/run_full_dataset_experiment.py", line 389, in run_single_experiment
    stacking, stacking_val_acc = train_stacking(
                                 ^^^^^^^^^^^^^^^
  File "/workspace/yqm/NetKD/scripts/run_full_dataset_experiment.py", line 218, in train_stacking
    stacking = StackingModel(num_teachers=num_teachers, num_classes=num_classes, hidden_dim=hidden_dim).to(device)
               ^^^^^^^^^^^^^^^^^^^^^^^^^^^^^^^^^^^^^^^^^^^^^^^^^^^^^^^^^^^^^^^^^^^^^^^^^^^^^^^^^^^^^^^^
TypeError: StackingModel.__init__() got an unexpected keyword argument 'num_teachers'
  convnextv2_tiny: test_acc=0.9732, f1=0.9709
  Training densenet121...
  Epoch 5: val_acc=0.7508 (best=0.7508)
  Epoch 10: val_acc=0.8470 (best=0.8470)
  Epoch 15: val_acc=0.8992 (best=0.8992)
  Epoch 20: val_acc=0.9379 (best=0.9379)
  Epoch 25: val_acc=0.9641 (best=0.9641)
  Epoch 30: val_acc=0.9689 (best=0.9689)
  densenet121: test_acc=0.9678, f1=0.9661
  Training mobilenetv3...
  Epoch 5: val_acc=0.5847 (best=0.5847)
  Epoch 10: val_acc=0.7263 (best=0.7263)
  Epoch 15: val_acc=0.7961 (best=0.7961)
  Epoch 20: val_acc=0.8447 (best=0.8447)
  Epoch 25: val_acc=0.8799 (best=0.8799)
  Epoch 30: val_acc=0.8881 (best=0.8885)
  mobilenetv3: test_acc=0.8924, f1=0.8954

[Phase 2] Training Stacking Ensemble...
ERROR in CrossPlatform-Android run 2: StackingModel.__init__() got an unexpected keyword argument 'num_teachers'

============================================================
Dataset: CrossPlatform-Android | Run: 3
============================================================
Loading dataset...
Detected pre-split layout, using provided train/val/test folders under: /workspace/yqm/Dataset/CrossPlatform-Android

Dataset split:
  Train: 44700 images (82.8%)
  Val:   4655 images (8.6%)
  Test:  4656 images (8.6%)

Image dimensions: 1 x 40 x 40

[Phase 1] Training Teachers...
  Training convnextv2_tiny...
  Epoch 5: val_acc=0.7310 (best=0.7310)
  Epoch 10: val_acc=0.8084 (best=0.8168)
  Epoch 15: val_acc=0.9031 (best=0.9031)
  Epoch 20: val_acc=0.9523 (best=0.9523)
  Epoch 25: val_acc=0.9697 (best=0.9697)
  Epoch 30: val_acc=0.9725 (best=0.9727)
Traceback (most recent call last):
  File "/workspace/yqm/NetKD/scripts/run_full_dataset_experiment.py", line 467, in main
    results = run_single_experiment(dataset_name, run_id, output_dir, device)
              ^^^^^^^^^^^^^^^^^^^^^^^^^^^^^^^^^^^^^^^^^^^^^^^^^^^^^^^^^^^^^^^
  File "/workspace/yqm/NetKD/scripts/run_full_dataset_experiment.py", line 389, in run_single_experiment
    stacking, stacking_val_acc = train_stacking(
                                 ^^^^^^^^^^^^^^^
  File "/workspace/yqm/NetKD/scripts/run_full_dataset_experiment.py", line 218, in train_stacking
    stacking = StackingModel(num_teachers=num_teachers, num_classes=num_classes, hidden_dim=hidden_dim).to(device)
               ^^^^^^^^^^^^^^^^^^^^^^^^^^^^^^^^^^^^^^^^^^^^^^^^^^^^^^^^^^^^^^^^^^^^^^^^^^^^^^^^^^^^^^^^
TypeError: StackingModel.__init__() got an unexpected keyword argument 'num_teachers'
  convnextv2_tiny: test_acc=0.9719, f1=0.9707
  Training densenet121...
  Epoch 5: val_acc=0.7411 (best=0.7411)
  Epoch 10: val_acc=0.8296 (best=0.8296)
  Epoch 15: val_acc=0.8733 (best=0.8733)
  Epoch 20: val_acc=0.9261 (best=0.9261)
  Epoch 25: val_acc=0.9573 (best=0.9573)
  Epoch 30: val_acc=0.9648 (best=0.9648)
  densenet121: test_acc=0.9605, f1=0.9583
  Training mobilenetv3...
  Epoch 5: val_acc=0.6655 (best=0.6655)
  Epoch 10: val_acc=0.7446 (best=0.7446)
  Epoch 15: val_acc=0.8060 (best=0.8060)
  Epoch 20: val_acc=0.8634 (best=0.8634)
  Epoch 25: val_acc=0.8977 (best=0.8977)
  Epoch 30: val_acc=0.9087 (best=0.9096)
  mobilenetv3: test_acc=0.9087, f1=0.9100

[Phase 2] Training Stacking Ensemble...
ERROR in CrossPlatform-Android run 3: StackingModel.__init__() got an unexpected keyword argument 'num_teachers'

============================================================
EXPERIMENT SUMMARY
============================================================

Results saved to: /workspace/yqm/NetKD/results/full_dataset_experiment/20251210_105931
