/walnut_data/yqm/NetKD/training/train.py:330: FutureWarning: `torch.cuda.amp.GradScaler(args...)` is deprecated. Please use `torch.amp.GradScaler('cuda', args...)` instead.
  scaler = torch.cuda.amp.GradScaler(enabled=use_amp)
================================================================================
消融实验: 蒸馏模式 = ce
数据集: ISCXVPN2016
Batch Size: 128, Epochs: 100
输出目录: checkpoints/ablation/s_ce
================================================================================
✓ 所有教师模型文件验证通过

加载数据集...
Detected pre-split layout, using provided train/val/test folders under: /walnut_data/yqm/Dataset/ISCXVPN2016

Dataset split:
  Train: 13281 images (82.8%)
  Val:   1383 images (8.6%)
  Test:  1384 images (8.6%)

Image dimensions: 1 x 40 x 40
✓ 数据集加载完成: 类别数=7

================================================================================
开始训练学生模型 (模式: ce)...
================================================================================
[Monitor] >>> Stage 'student' started (100 epochs)
/walnut_data/yqm/NetKD/training/train.py:345: FutureWarning: `torch.cuda.amp.autocast(args...)` is deprecated. Please use `torch.amp.autocast('cuda', args...)` instead.
  with torch.cuda.amp.autocast(enabled=use_amp):
[Student] epoch=1 train_loss=1.2986 val_loss=0.9631 val_acc=0.6640
[Monitor][student] epoch 1/100 | train_loss=1.2986 | val_loss=0.9631 | val_acc=0.6640
[Student] epoch=2 train_loss=0.9965 val_loss=1.2180 val_acc=0.5397
[Monitor][student] epoch 2/100 | train_loss=0.9965 | val_loss=1.2180 | val_acc=0.5397 | Δacc=-0.1243
[Student] epoch=3 train_loss=1.1171 val_loss=1.5254 val_acc=0.6069
[Monitor][student] epoch 3/100 | train_loss=1.1171 | val_loss=1.5254 | val_acc=0.6069 | Δacc=+0.0672
[Student] epoch=4 train_loss=2.3849 val_loss=9.2181 val_acc=0.3649
[Monitor][student] epoch 4/100 | train_loss=2.3849 | val_loss=9.2181 | val_acc=0.3649 | Δacc=-0.2421
[Student] epoch=5 train_loss=1.7288 val_loss=0.8326 val_acc=0.7168
[Monitor][student] epoch 5/100 | train_loss=1.7288 | val_loss=0.8326 | val_acc=0.7168 | Δacc=+0.3519
[Student] epoch=6 train_loss=0.8262 val_loss=0.8132 val_acc=0.7305
[Monitor][student] epoch 6/100 | train_loss=0.8262 | val_loss=0.8132 | val_acc=0.7305 | Δacc=+0.0137
[Student] epoch=7 train_loss=0.7434 val_loss=0.7220 val_acc=0.7594
[Monitor][student] epoch 7/100 | train_loss=0.7434 | val_loss=0.7220 | val_acc=0.7594 | Δacc=+0.0289
[Student] epoch=8 train_loss=0.6967 val_loss=0.6507 val_acc=0.7796
[Monitor][student] epoch 8/100 | train_loss=0.6967 | val_loss=0.6507 | val_acc=0.7796 | Δacc=+0.0202
[Student] epoch=9 train_loss=0.6473 val_loss=0.6481 val_acc=0.7868
[Monitor][student] epoch 9/100 | train_loss=0.6473 | val_loss=0.6481 | val_acc=0.7868 | Δacc=+0.0072
[Student] epoch=10 train_loss=0.6055 val_loss=0.6164 val_acc=0.8013
[Monitor][student] epoch 10/100 | train_loss=0.6055 | val_loss=0.6164 | val_acc=0.8013 | Δacc=+0.0145
[Student] epoch=11 train_loss=0.5874 val_loss=0.5406 val_acc=0.8208
[Monitor][student] epoch 11/100 | train_loss=0.5874 | val_loss=0.5406 | val_acc=0.8208 | Δacc=+0.0195
[Student] epoch=12 train_loss=0.5497 val_loss=0.5953 val_acc=0.7861
[Monitor][student] epoch 12/100 | train_loss=0.5497 | val_loss=0.5953 | val_acc=0.7861 | Δacc=-0.0347
[Student] epoch=13 train_loss=0.4911 val_loss=0.4990 val_acc=0.8396
[Monitor][student] epoch 13/100 | train_loss=0.4911 | val_loss=0.4990 | val_acc=0.8396 | Δacc=+0.0535
[Student] epoch=14 train_loss=0.4677 val_loss=0.4688 val_acc=0.8512
[Monitor][student] epoch 14/100 | train_loss=0.4677 | val_loss=0.4688 | val_acc=0.8512 | Δacc=+0.0116
[Student] epoch=15 train_loss=0.4491 val_loss=0.5179 val_acc=0.8223
[Monitor][student] epoch 15/100 | train_loss=0.4491 | val_loss=0.5179 | val_acc=0.8223 | Δacc=-0.0289
[Student] epoch=16 train_loss=0.4040 val_loss=0.5054 val_acc=0.8389
[Monitor][student] epoch 16/100 | train_loss=0.4040 | val_loss=0.5054 | val_acc=0.8389 | Δacc=+0.0166
[Student] epoch=17 train_loss=0.3862 val_loss=0.3547 val_acc=0.8851
[Monitor][student] epoch 17/100 | train_loss=0.3862 | val_loss=0.3547 | val_acc=0.8851 | Δacc=+0.0462
[Student] epoch=18 train_loss=0.3330 val_loss=0.3736 val_acc=0.8887
[Monitor][student] epoch 18/100 | train_loss=0.3330 | val_loss=0.3736 | val_acc=0.8887 | Δacc=+0.0036
[Student] epoch=19 train_loss=0.3166 val_loss=0.3390 val_acc=0.9003
[Monitor][student] epoch 19/100 | train_loss=0.3166 | val_loss=0.3390 | val_acc=0.9003 | Δacc=+0.0116
[Student] epoch=20 train_loss=0.2890 val_loss=0.2899 val_acc=0.9162
[Monitor][student] epoch 20/100 | train_loss=0.2890 | val_loss=0.2899 | val_acc=0.9162 | Δacc=+0.0159
[Student] epoch=21 train_loss=0.2704 val_loss=0.2833 val_acc=0.9191
[Monitor][student] epoch 21/100 | train_loss=0.2704 | val_loss=0.2833 | val_acc=0.9191 | Δacc=+0.0029
[Student] epoch=22 train_loss=0.2626 val_loss=0.2996 val_acc=0.9147
[Monitor][student] epoch 22/100 | train_loss=0.2626 | val_loss=0.2996 | val_acc=0.9147 | Δacc=-0.0043
[Student] epoch=23 train_loss=0.2540 val_loss=0.2932 val_acc=0.9090
[Monitor][student] epoch 23/100 | train_loss=0.2540 | val_loss=0.2932 | val_acc=0.9090 | Δacc=-0.0058
[Student] epoch=24 train_loss=0.2517 val_loss=0.3091 val_acc=0.9039
[Monitor][student] epoch 24/100 | train_loss=0.2517 | val_loss=0.3091 | val_acc=0.9039 | Δacc=-0.0051
[Student] epoch=25 train_loss=0.2059 val_loss=0.2207 val_acc=0.9328
[Monitor][student] epoch 25/100 | train_loss=0.2059 | val_loss=0.2207 | val_acc=0.9328 | Δacc=+0.0289
[Student] epoch=26 train_loss=0.1658 val_loss=0.2289 val_acc=0.9379
[Monitor][student] epoch 26/100 | train_loss=0.1658 | val_loss=0.2289 | val_acc=0.9379 | Δacc=+0.0051
[Student] epoch=27 train_loss=0.1526 val_loss=0.2200 val_acc=0.9429
[Monitor][student] epoch 27/100 | train_loss=0.1526 | val_loss=0.2200 | val_acc=0.9429 | Δacc=+0.0051
[Student] epoch=28 train_loss=0.1432 val_loss=0.2078 val_acc=0.9494
[Monitor][student] epoch 28/100 | train_loss=0.1432 | val_loss=0.2078 | val_acc=0.9494 | Δacc=+0.0065
[Student] epoch=29 train_loss=0.1316 val_loss=0.2098 val_acc=0.9501
[Monitor][student] epoch 29/100 | train_loss=0.1316 | val_loss=0.2098 | val_acc=0.9501 | Δacc=+0.0007
[Student] epoch=30 train_loss=0.1175 val_loss=0.2031 val_acc=0.9480
[Monitor][student] epoch 30/100 | train_loss=0.1175 | val_loss=0.2031 | val_acc=0.9480 | Δacc=-0.0022
[Student] epoch=31 train_loss=0.1172 val_loss=0.1853 val_acc=0.9559
[Monitor][student] epoch 31/100 | train_loss=0.1172 | val_loss=0.1853 | val_acc=0.9559 | Δacc=+0.0079
[Student] epoch=32 train_loss=0.1042 val_loss=0.1994 val_acc=0.9516
[Monitor][student] epoch 32/100 | train_loss=0.1042 | val_loss=0.1994 | val_acc=0.9516 | Δacc=-0.0043
[Student] epoch=33 train_loss=0.1027 val_loss=0.1961 val_acc=0.9530
[Monitor][student] epoch 33/100 | train_loss=0.1027 | val_loss=0.1961 | val_acc=0.9530 | Δacc=+0.0014
[Student] epoch=34 train_loss=0.1033 val_loss=0.1973 val_acc=0.9566
[Monitor][student] epoch 34/100 | train_loss=0.1033 | val_loss=0.1973 | val_acc=0.9566 | Δacc=+0.0036
[Student] epoch=35 train_loss=0.0751 val_loss=0.2119 val_acc=0.9603
[Monitor][student] epoch 35/100 | train_loss=0.0751 | val_loss=0.2119 | val_acc=0.9603 | Δacc=+0.0036
[Student] epoch=36 train_loss=0.0628 val_loss=0.2094 val_acc=0.9588
[Monitor][student] epoch 36/100 | train_loss=0.0628 | val_loss=0.2094 | val_acc=0.9588 | Δacc=-0.0014
[Student] epoch=37 train_loss=0.0548 val_loss=0.1901 val_acc=0.9632
[Monitor][student] epoch 37/100 | train_loss=0.0548 | val_loss=0.1901 | val_acc=0.9632 | Δacc=+0.0043
[Student] epoch=38 train_loss=0.0469 val_loss=0.1923 val_acc=0.9653
[Monitor][student] epoch 38/100 | train_loss=0.0469 | val_loss=0.1923 | val_acc=0.9653 | Δacc=+0.0022
[Student] epoch=39 train_loss=0.0432 val_loss=0.1979 val_acc=0.9660
[Monitor][student] epoch 39/100 | train_loss=0.0432 | val_loss=0.1979 | val_acc=0.9660 | Δacc=+0.0007
[Student] epoch=40 train_loss=0.0376 val_loss=0.2021 val_acc=0.9689
[Monitor][student] epoch 40/100 | train_loss=0.0376 | val_loss=0.2021 | val_acc=0.9689 | Δacc=+0.0029
[Student] epoch=41 train_loss=0.0313 val_loss=0.2089 val_acc=0.9675
[Monitor][student] epoch 41/100 | train_loss=0.0313 | val_loss=0.2089 | val_acc=0.9675 | Δacc=-0.0014
[Student] epoch=42 train_loss=0.0311 val_loss=0.2193 val_acc=0.9660
[Monitor][student] epoch 42/100 | train_loss=0.0311 | val_loss=0.2193 | val_acc=0.9660 | Δacc=-0.0014
[Student] epoch=43 train_loss=0.0281 val_loss=0.2206 val_acc=0.9660
[Monitor][student] epoch 43/100 | train_loss=0.0281 | val_loss=0.2206 | val_acc=0.9660 | Δacc=+0.0000
[Student] epoch=44 train_loss=0.0290 val_loss=0.2310 val_acc=0.9689
[Monitor][student] epoch 44/100 | train_loss=0.0290 | val_loss=0.2310 | val_acc=0.9689 | Δacc=+0.0029
[Student] epoch=45 train_loss=0.0242 val_loss=0.2302 val_acc=0.9675
[Monitor][student] epoch 45/100 | train_loss=0.0242 | val_loss=0.2302 | val_acc=0.9675 | Δacc=-0.0014
[Student] epoch=46 train_loss=0.0257 val_loss=0.2232 val_acc=0.9682
[Monitor][student] epoch 46/100 | train_loss=0.0257 | val_loss=0.2232 | val_acc=0.9682 | Δacc=+0.0007
[Student] epoch=47 train_loss=0.0242 val_loss=0.2342 val_acc=0.9689
[Monitor][student] epoch 47/100 | train_loss=0.0242 | val_loss=0.2342 | val_acc=0.9689 | Δacc=+0.0007
[Student] epoch=48 train_loss=0.0277 val_loss=0.2268 val_acc=0.9689
[Monitor][student] epoch 48/100 | train_loss=0.0277 | val_loss=0.2268 | val_acc=0.9689 | Δacc=+0.0000
[Student] epoch=49 train_loss=0.0241 val_loss=0.2402 val_acc=0.9668
[Monitor][student] epoch 49/100 | train_loss=0.0241 | val_loss=0.2402 | val_acc=0.9668 | Δacc=-0.0022
[Student] epoch=50 train_loss=0.0244 val_loss=0.2339 val_acc=0.9675
[Monitor][student] epoch 50/100 | train_loss=0.0244 | val_loss=0.2339 | val_acc=0.9675 | Δacc=+0.0007
[Student] epoch=51 train_loss=0.0246 val_loss=0.2356 val_acc=0.9675
[Monitor][student] epoch 51/100 | train_loss=0.0246 | val_loss=0.2356 | val_acc=0.9675 | Δacc=+0.0000
[Student] epoch=52 train_loss=0.0222 val_loss=0.2413 val_acc=0.9689
[Monitor][student] epoch 52/100 | train_loss=0.0222 | val_loss=0.2413 | val_acc=0.9689 | Δacc=+0.0014
[Student] epoch=53 train_loss=0.0215 val_loss=0.2401 val_acc=0.9689
[Monitor][student] epoch 53/100 | train_loss=0.0215 | val_loss=0.2401 | val_acc=0.9689 | Δacc=+0.0000
[Student] epoch=54 train_loss=0.0230 val_loss=0.2390 val_acc=0.9689
[Monitor][student] epoch 54/100 | train_loss=0.0230 | val_loss=0.2390 | val_acc=0.9689 | Δacc=+0.0000
[Student] epoch=55 train_loss=0.0228 val_loss=0.2476 val_acc=0.9689
[Monitor][student] epoch 55/100 | train_loss=0.0228 | val_loss=0.2476 | val_acc=0.9689 | Δacc=+0.0000
[Student] epoch=56 train_loss=0.0191 val_loss=0.2449 val_acc=0.9682
[Monitor][student] epoch 56/100 | train_loss=0.0191 | val_loss=0.2449 | val_acc=0.9682 | Δacc=-0.0007
[Student] epoch=57 train_loss=0.0214 val_loss=0.2448 val_acc=0.9675
[Monitor][student] epoch 57/100 | train_loss=0.0214 | val_loss=0.2448 | val_acc=0.9675 | Δacc=-0.0007
[Student] epoch=58 train_loss=0.0191 val_loss=0.2448 val_acc=0.9689
[Monitor][student] epoch 58/100 | train_loss=0.0191 | val_loss=0.2448 | val_acc=0.9689 | Δacc=+0.0014
[Student] epoch=59 train_loss=0.0248 val_loss=0.2424 val_acc=0.9682
[Monitor][student] epoch 59/100 | train_loss=0.0248 | val_loss=0.2424 | val_acc=0.9682 | Δacc=-0.0007
[Student] epoch=60 train_loss=0.0196 val_loss=0.2486 val_acc=0.9697
[Monitor][student] epoch 60/100 | train_loss=0.0196 | val_loss=0.2486 | val_acc=0.9697 | Δacc=+0.0014
[Student] epoch=61 train_loss=0.0204 val_loss=0.2561 val_acc=0.9682
[Monitor][student] epoch 61/100 | train_loss=0.0204 | val_loss=0.2561 | val_acc=0.9682 | Δacc=-0.0014
[Student] epoch=62 train_loss=0.0228 val_loss=0.2547 val_acc=0.9675
[Monitor][student] epoch 62/100 | train_loss=0.0228 | val_loss=0.2547 | val_acc=0.9675 | Δacc=-0.0007
[Student] epoch=63 train_loss=0.0209 val_loss=0.2618 val_acc=0.9689
[Monitor][student] epoch 63/100 | train_loss=0.0209 | val_loss=0.2618 | val_acc=0.9689 | Δacc=+0.0014
[Student] epoch=64 train_loss=0.0179 val_loss=0.2649 val_acc=0.9682
[Monitor][student] epoch 64/100 | train_loss=0.0179 | val_loss=0.2649 | val_acc=0.9682 | Δacc=-0.0007
[Student] epoch=65 train_loss=0.0214 val_loss=0.2691 val_acc=0.9689
[Monitor][student] epoch 65/100 | train_loss=0.0214 | val_loss=0.2691 | val_acc=0.9689 | Δacc=+0.0007
[Student] epoch=66 train_loss=0.0216 val_loss=0.2489 val_acc=0.9689
[Monitor][student] epoch 66/100 | train_loss=0.0216 | val_loss=0.2489 | val_acc=0.9689 | Δacc=+0.0000
[Student] epoch=67 train_loss=0.0209 val_loss=0.2772 val_acc=0.9704
[Monitor][student] epoch 67/100 | train_loss=0.0209 | val_loss=0.2772 | val_acc=0.9704 | Δacc=+0.0014
[Student] epoch=68 train_loss=0.0168 val_loss=0.2688 val_acc=0.9704
[Monitor][student] epoch 68/100 | train_loss=0.0168 | val_loss=0.2688 | val_acc=0.9704 | Δacc=+0.0000
[Student] epoch=69 train_loss=0.0189 val_loss=0.2715 val_acc=0.9704
[Monitor][student] epoch 69/100 | train_loss=0.0189 | val_loss=0.2715 | val_acc=0.9704 | Δacc=+0.0000
[Student] epoch=70 train_loss=0.0206 val_loss=0.2696 val_acc=0.9711
[Monitor][student] epoch 70/100 | train_loss=0.0206 | val_loss=0.2696 | val_acc=0.9711 | Δacc=+0.0007
[Student] epoch=71 train_loss=0.0217 val_loss=0.2652 val_acc=0.9697
[Monitor][student] epoch 71/100 | train_loss=0.0217 | val_loss=0.2652 | val_acc=0.9697 | Δacc=-0.0014
[Student] epoch=72 train_loss=0.0165 val_loss=0.2779 val_acc=0.9725
[Monitor][student] epoch 72/100 | train_loss=0.0165 | val_loss=0.2779 | val_acc=0.9725 | Δacc=+0.0029
[Student] epoch=73 train_loss=0.0182 val_loss=0.2728 val_acc=0.9711
[Monitor][student] epoch 73/100 | train_loss=0.0182 | val_loss=0.2728 | val_acc=0.9711 | Δacc=-0.0014
[Student] epoch=74 train_loss=0.0184 val_loss=0.2774 val_acc=0.9697
[Monitor][student] epoch 74/100 | train_loss=0.0184 | val_loss=0.2774 | val_acc=0.9697 | Δacc=-0.0014
[Student] epoch=75 train_loss=0.0183 val_loss=0.2772 val_acc=0.9711
[Monitor][student] epoch 75/100 | train_loss=0.0183 | val_loss=0.2772 | val_acc=0.9711 | Δacc=+0.0014
[Student] epoch=76 train_loss=0.0142 val_loss=0.2828 val_acc=0.9725
[Monitor][student] epoch 76/100 | train_loss=0.0142 | val_loss=0.2828 | val_acc=0.9725 | Δacc=+0.0014
[Student] epoch=77 train_loss=0.0171 val_loss=0.2866 val_acc=0.9704
[Monitor][student] epoch 77/100 | train_loss=0.0171 | val_loss=0.2866 | val_acc=0.9704 | Δacc=-0.0022
[Student] epoch=78 train_loss=0.0153 val_loss=0.2823 val_acc=0.9697
[Monitor][student] epoch 78/100 | train_loss=0.0153 | val_loss=0.2823 | val_acc=0.9697 | Δacc=-0.0007
[Student] epoch=79 train_loss=0.0169 val_loss=0.2822 val_acc=0.9711
[Monitor][student] epoch 79/100 | train_loss=0.0169 | val_loss=0.2822 | val_acc=0.9711 | Δacc=+0.0014
[Student] epoch=80 train_loss=0.0177 val_loss=0.2935 val_acc=0.9725
[Monitor][student] epoch 80/100 | train_loss=0.0177 | val_loss=0.2935 | val_acc=0.9725 | Δacc=+0.0014
[Student] epoch=81 train_loss=0.0148 val_loss=0.2969 val_acc=0.9718
[Monitor][student] epoch 81/100 | train_loss=0.0148 | val_loss=0.2969 | val_acc=0.9718 | Δacc=-0.0007
[Student] epoch=82 train_loss=0.0168 val_loss=0.2929 val_acc=0.9711
[Monitor][student] epoch 82/100 | train_loss=0.0168 | val_loss=0.2929 | val_acc=0.9711 | Δacc=-0.0007
[Student] epoch=83 train_loss=0.0202 val_loss=0.2891 val_acc=0.9725
[Monitor][student] epoch 83/100 | train_loss=0.0202 | val_loss=0.2891 | val_acc=0.9725 | Δacc=+0.0014
[Student] epoch=84 train_loss=0.0168 val_loss=0.2938 val_acc=0.9733
[Monitor][student] epoch 84/100 | train_loss=0.0168 | val_loss=0.2938 | val_acc=0.9733 | Δacc=+0.0007
[Student] epoch=85 train_loss=0.0177 val_loss=0.2875 val_acc=0.9733
[Monitor][student] epoch 85/100 | train_loss=0.0177 | val_loss=0.2875 | val_acc=0.9733 | Δacc=+0.0000
[Student] epoch=86 train_loss=0.0198 val_loss=0.2998 val_acc=0.9704
[Monitor][student] epoch 86/100 | train_loss=0.0198 | val_loss=0.2998 | val_acc=0.9704 | Δacc=-0.0029
[Student] epoch=87 train_loss=0.0142 val_loss=0.3028 val_acc=0.9704
[Monitor][student] epoch 87/100 | train_loss=0.0142 | val_loss=0.3028 | val_acc=0.9704 | Δacc=+0.0000
[Student] epoch=88 train_loss=0.0125 val_loss=0.3041 val_acc=0.9704
[Monitor][student] epoch 88/100 | train_loss=0.0125 | val_loss=0.3041 | val_acc=0.9704 | Δacc=+0.0000
[Student] epoch=89 train_loss=0.0144 val_loss=0.3023 val_acc=0.9718
[Monitor][student] epoch 89/100 | train_loss=0.0144 | val_loss=0.3023 | val_acc=0.9718 | Δacc=+0.0014
[Student] epoch=90 train_loss=0.0171 val_loss=0.3063 val_acc=0.9697
[Monitor][student] epoch 90/100 | train_loss=0.0171 | val_loss=0.3063 | val_acc=0.9697 | Δacc=-0.0022
[Student] epoch=91 train_loss=0.0148 val_loss=0.2932 val_acc=0.9718
[Monitor][student] epoch 91/100 | train_loss=0.0148 | val_loss=0.2932 | val_acc=0.9718 | Δacc=+0.0022
[Student] epoch=92 train_loss=0.0156 val_loss=0.2875 val_acc=0.9718
[Monitor][student] epoch 92/100 | train_loss=0.0156 | val_loss=0.2875 | val_acc=0.9718 | Δacc=+0.0000
[Student] epoch=93 train_loss=0.0130 val_loss=0.2981 val_acc=0.9733
[Monitor][student] epoch 93/100 | train_loss=0.0130 | val_loss=0.2981 | val_acc=0.9733 | Δacc=+0.0014
[Student] epoch=94 train_loss=0.0163 val_loss=0.2972 val_acc=0.9718
[Monitor][student] epoch 94/100 | train_loss=0.0163 | val_loss=0.2972 | val_acc=0.9718 | Δacc=-0.0014
[Student] epoch=95 train_loss=0.0153 val_loss=0.2904 val_acc=0.9718
[Monitor][student] epoch 95/100 | train_loss=0.0153 | val_loss=0.2904 | val_acc=0.9718 | Δacc=+0.0000
[Student] epoch=96 train_loss=0.0133 val_loss=0.3041 val_acc=0.9704
[Monitor][student] epoch 96/100 | train_loss=0.0133 | val_loss=0.3041 | val_acc=0.9704 | Δacc=-0.0014
[Student] epoch=97 train_loss=0.0150 val_loss=0.2967 val_acc=0.9733
[Monitor][student] epoch 97/100 | train_loss=0.0150 | val_loss=0.2967 | val_acc=0.9733 | Δacc=+0.0029
[Student] epoch=98 train_loss=0.0145 val_loss=0.3010 val_acc=0.9704
[Monitor][student] epoch 98/100 | train_loss=0.0145 | val_loss=0.3010 | val_acc=0.9704 | Δacc=-0.0029
[Student] epoch=99 train_loss=0.0136 val_loss=0.3104 val_acc=0.9718
[Monitor][student] epoch 99/100 | train_loss=0.0136 | val_loss=0.3104 | val_acc=0.9718 | Δacc=+0.0014
[Student] epoch=100 train_loss=0.0136 val_loss=0.3131 val_acc=0.9704
[Monitor][student] epoch 100/100 | train_loss=0.0136 | val_loss=0.3131 | val_acc=0.9704 | Δacc=-0.0014
[Monitor] <<< Stage 'student' finished after 100 epochs | final acc=0.9704

训练完成! 学生模型: student_sd_mkd.pth
模型已移动到: checkpoints/ablation/s_ce/student_model.pth

评估学生模型...
测试集准确率: 97.04%
知识保留率: 98.32% (相对Stacking的98.70%)

结果已保存到: checkpoints/ablation/s_ce/results.json
================================================================================
