/walnut_data/yqm/NetKD/training/train.py:330: FutureWarning: `torch.cuda.amp.GradScaler(args...)` is deprecated. Please use `torch.amp.GradScaler('cuda', args...)` instead.
  scaler = torch.cuda.amp.GradScaler(enabled=use_amp)
================================================================================
消融实验: 蒸馏模式 = kl2
数据集: ISCXVPN2016
Batch Size: 128, Epochs: 100
输出目录: checkpoints/ablation/s_kl2
================================================================================
✓ 所有教师模型文件验证通过

加载数据集...
Detected pre-split layout, using provided train/val/test folders under: /walnut_data/yqm/Dataset/ISCXVPN2016

Dataset split:
  Train: 13281 images (82.8%)
  Val:   1383 images (8.6%)
  Test:  1384 images (8.6%)

Image dimensions: 1 x 40 x 40
✓ 数据集加载完成: 类别数=7

================================================================================
开始训练学生模型 (模式: kl2)...
================================================================================
[Monitor] >>> Stage 'student' started (100 epochs)
/walnut_data/yqm/NetKD/training/train.py:345: FutureWarning: `torch.cuda.amp.autocast(args...)` is deprecated. Please use `torch.amp.autocast('cuda', args...)` instead.
  with torch.cuda.amp.autocast(enabled=use_amp):
[Student] epoch=1 train_loss=1.4052 val_loss=1.0429 val_acc=0.6301
[Monitor][student] epoch 1/100 | train_loss=1.4052 | val_loss=1.0429 | val_acc=0.6301
[Student] epoch=2 train_loss=1.1092 val_loss=1.2949 val_acc=0.5730
[Monitor][student] epoch 2/100 | train_loss=1.1092 | val_loss=1.2949 | val_acc=0.5730 | Δacc=-0.0571
[Student] epoch=3 train_loss=1.3894 val_loss=1.2230 val_acc=0.5744
[Monitor][student] epoch 3/100 | train_loss=1.3894 | val_loss=1.2230 | val_acc=0.5744 | Δacc=+0.0014
[Student] epoch=4 train_loss=1.7129 val_loss=1.9434 val_acc=0.4379
[Monitor][student] epoch 4/100 | train_loss=1.7129 | val_loss=1.9434 | val_acc=0.4379 | Δacc=-0.1366
[Student] epoch=5 train_loss=1.2424 val_loss=1.0187 val_acc=0.6264
[Monitor][student] epoch 5/100 | train_loss=1.2424 | val_loss=1.0187 | val_acc=0.6264 | Δacc=+0.1886
[Student] epoch=6 train_loss=1.0538 val_loss=0.8633 val_acc=0.6973
[Monitor][student] epoch 6/100 | train_loss=1.0538 | val_loss=0.8633 | val_acc=0.6973 | Δacc=+0.0708
[Student] epoch=7 train_loss=0.9322 val_loss=0.8145 val_acc=0.7139
[Monitor][student] epoch 7/100 | train_loss=0.9322 | val_loss=0.8145 | val_acc=0.7139 | Δacc=+0.0166
[Student] epoch=8 train_loss=0.8884 val_loss=0.7457 val_acc=0.7464
[Monitor][student] epoch 8/100 | train_loss=0.8884 | val_loss=0.7457 | val_acc=0.7464 | Δacc=+0.0325
[Student] epoch=9 train_loss=0.8540 val_loss=0.7102 val_acc=0.7464
[Monitor][student] epoch 9/100 | train_loss=0.8540 | val_loss=0.7102 | val_acc=0.7464 | Δacc=+0.0000
[Student] epoch=10 train_loss=0.8260 val_loss=0.7568 val_acc=0.7341
[Monitor][student] epoch 10/100 | train_loss=0.8260 | val_loss=0.7568 | val_acc=0.7341 | Δacc=-0.0123
[Student] epoch=11 train_loss=0.7978 val_loss=0.6516 val_acc=0.7854
[Monitor][student] epoch 11/100 | train_loss=0.7978 | val_loss=0.6516 | val_acc=0.7854 | Δacc=+0.0513
[Student] epoch=12 train_loss=0.7499 val_loss=0.6805 val_acc=0.7738
[Monitor][student] epoch 12/100 | train_loss=0.7499 | val_loss=0.6805 | val_acc=0.7738 | Δacc=-0.0116
[Student] epoch=13 train_loss=0.7146 val_loss=0.5843 val_acc=0.8194
[Monitor][student] epoch 13/100 | train_loss=0.7146 | val_loss=0.5843 | val_acc=0.8194 | Δacc=+0.0455
[Student] epoch=14 train_loss=0.6673 val_loss=0.5758 val_acc=0.8280
[Monitor][student] epoch 14/100 | train_loss=0.6673 | val_loss=0.5758 | val_acc=0.8280 | Δacc=+0.0087
[Student] epoch=15 train_loss=0.6416 val_loss=0.6096 val_acc=0.7984
[Monitor][student] epoch 15/100 | train_loss=0.6416 | val_loss=0.6096 | val_acc=0.7984 | Δacc=-0.0296
[Student] epoch=16 train_loss=0.6361 val_loss=0.5691 val_acc=0.8208
[Monitor][student] epoch 16/100 | train_loss=0.6361 | val_loss=0.5691 | val_acc=0.8208 | Δacc=+0.0224
[Student] epoch=17 train_loss=0.6262 val_loss=0.5250 val_acc=0.8403
[Monitor][student] epoch 17/100 | train_loss=0.6262 | val_loss=0.5250 | val_acc=0.8403 | Δacc=+0.0195
[Student] epoch=18 train_loss=0.6036 val_loss=0.4744 val_acc=0.8555
[Monitor][student] epoch 18/100 | train_loss=0.6036 | val_loss=0.4744 | val_acc=0.8555 | Δacc=+0.0152
[Student] epoch=19 train_loss=0.5853 val_loss=0.4509 val_acc=0.8671
[Monitor][student] epoch 19/100 | train_loss=0.5853 | val_loss=0.4509 | val_acc=0.8671 | Δacc=+0.0116
[Student] epoch=20 train_loss=0.5771 val_loss=0.4652 val_acc=0.8627
[Monitor][student] epoch 20/100 | train_loss=0.5771 | val_loss=0.4652 | val_acc=0.8627 | Δacc=-0.0043
[Student] epoch=21 train_loss=0.5609 val_loss=0.4683 val_acc=0.8707
[Monitor][student] epoch 21/100 | train_loss=0.5609 | val_loss=0.4683 | val_acc=0.8707 | Δacc=+0.0079
[Student] epoch=22 train_loss=0.5405 val_loss=0.4617 val_acc=0.8808
[Monitor][student] epoch 22/100 | train_loss=0.5405 | val_loss=0.4617 | val_acc=0.8808 | Δacc=+0.0101
[Student] epoch=23 train_loss=0.4756 val_loss=0.3752 val_acc=0.8931
[Monitor][student] epoch 23/100 | train_loss=0.4756 | val_loss=0.3752 | val_acc=0.8931 | Δacc=+0.0123
[Student] epoch=24 train_loss=0.4470 val_loss=0.3309 val_acc=0.9046
[Monitor][student] epoch 24/100 | train_loss=0.4470 | val_loss=0.3309 | val_acc=0.9046 | Δacc=+0.0116
[Student] epoch=25 train_loss=0.4264 val_loss=0.2998 val_acc=0.9205
[Monitor][student] epoch 25/100 | train_loss=0.4264 | val_loss=0.2998 | val_acc=0.9205 | Δacc=+0.0159
[Student] epoch=26 train_loss=0.4027 val_loss=0.3107 val_acc=0.9220
[Monitor][student] epoch 26/100 | train_loss=0.4027 | val_loss=0.3107 | val_acc=0.9220 | Δacc=+0.0014
[Student] epoch=27 train_loss=0.3865 val_loss=0.2886 val_acc=0.9292
[Monitor][student] epoch 27/100 | train_loss=0.3865 | val_loss=0.2886 | val_acc=0.9292 | Δacc=+0.0072
[Student] epoch=28 train_loss=0.3741 val_loss=0.2687 val_acc=0.9328
[Monitor][student] epoch 28/100 | train_loss=0.3741 | val_loss=0.2687 | val_acc=0.9328 | Δacc=+0.0036
[Student] epoch=29 train_loss=0.3599 val_loss=0.2711 val_acc=0.9371
[Monitor][student] epoch 29/100 | train_loss=0.3599 | val_loss=0.2711 | val_acc=0.9371 | Δacc=+0.0043
[Student] epoch=30 train_loss=0.3531 val_loss=0.2649 val_acc=0.9379
[Monitor][student] epoch 30/100 | train_loss=0.3531 | val_loss=0.2649 | val_acc=0.9379 | Δacc=+0.0007
[Student] epoch=31 train_loss=0.3450 val_loss=0.2729 val_acc=0.9299
[Monitor][student] epoch 31/100 | train_loss=0.3450 | val_loss=0.2729 | val_acc=0.9299 | Δacc=-0.0079
[Student] epoch=32 train_loss=0.3337 val_loss=0.2310 val_acc=0.9473
[Monitor][student] epoch 32/100 | train_loss=0.3337 | val_loss=0.2310 | val_acc=0.9473 | Δacc=+0.0173
[Student] epoch=33 train_loss=0.3340 val_loss=0.2555 val_acc=0.9393
[Monitor][student] epoch 33/100 | train_loss=0.3340 | val_loss=0.2555 | val_acc=0.9393 | Δacc=-0.0079
[Student] epoch=34 train_loss=0.3295 val_loss=0.2409 val_acc=0.9429
[Monitor][student] epoch 34/100 | train_loss=0.3295 | val_loss=0.2409 | val_acc=0.9429 | Δacc=+0.0036
[Student] epoch=35 train_loss=0.3062 val_loss=0.2166 val_acc=0.9559
[Monitor][student] epoch 35/100 | train_loss=0.3062 | val_loss=0.2166 | val_acc=0.9559 | Δacc=+0.0130
[Student] epoch=36 train_loss=0.2987 val_loss=0.2279 val_acc=0.9480
[Monitor][student] epoch 36/100 | train_loss=0.2987 | val_loss=0.2279 | val_acc=0.9480 | Δacc=-0.0079
[Student] epoch=37 train_loss=0.2937 val_loss=0.2109 val_acc=0.9538
[Monitor][student] epoch 37/100 | train_loss=0.2937 | val_loss=0.2109 | val_acc=0.9538 | Δacc=+0.0058
[Student] epoch=38 train_loss=0.2891 val_loss=0.2214 val_acc=0.9559
[Monitor][student] epoch 38/100 | train_loss=0.2891 | val_loss=0.2214 | val_acc=0.9559 | Δacc=+0.0022
[Student] epoch=39 train_loss=0.2801 val_loss=0.2015 val_acc=0.9617
[Monitor][student] epoch 39/100 | train_loss=0.2801 | val_loss=0.2015 | val_acc=0.9617 | Δacc=+0.0058
[Student] epoch=40 train_loss=0.2783 val_loss=0.2155 val_acc=0.9530
[Monitor][student] epoch 40/100 | train_loss=0.2783 | val_loss=0.2155 | val_acc=0.9530 | Δacc=-0.0087
[Student] epoch=41 train_loss=0.2763 val_loss=0.2263 val_acc=0.9530
[Monitor][student] epoch 41/100 | train_loss=0.2763 | val_loss=0.2263 | val_acc=0.9530 | Δacc=+0.0000
[Student] epoch=42 train_loss=0.2764 val_loss=0.2052 val_acc=0.9574
[Monitor][student] epoch 42/100 | train_loss=0.2764 | val_loss=0.2052 | val_acc=0.9574 | Δacc=+0.0043
[Student] epoch=43 train_loss=0.2507 val_loss=0.1912 val_acc=0.9588
[Monitor][student] epoch 43/100 | train_loss=0.2507 | val_loss=0.1912 | val_acc=0.9588 | Δacc=+0.0014
[Student] epoch=44 train_loss=0.2385 val_loss=0.1819 val_acc=0.9603
[Monitor][student] epoch 44/100 | train_loss=0.2385 | val_loss=0.1819 | val_acc=0.9603 | Δacc=+0.0014
[Student] epoch=45 train_loss=0.2351 val_loss=0.1859 val_acc=0.9653
[Monitor][student] epoch 45/100 | train_loss=0.2351 | val_loss=0.1859 | val_acc=0.9653 | Δacc=+0.0051
[Student] epoch=46 train_loss=0.2298 val_loss=0.1762 val_acc=0.9639
[Monitor][student] epoch 46/100 | train_loss=0.2298 | val_loss=0.1762 | val_acc=0.9639 | Δacc=-0.0014
[Student] epoch=47 train_loss=0.2305 val_loss=0.1740 val_acc=0.9668
[Monitor][student] epoch 47/100 | train_loss=0.2305 | val_loss=0.1740 | val_acc=0.9668 | Δacc=+0.0029
[Student] epoch=48 train_loss=0.2299 val_loss=0.1748 val_acc=0.9675
[Monitor][student] epoch 48/100 | train_loss=0.2299 | val_loss=0.1748 | val_acc=0.9675 | Δacc=+0.0007
[Student] epoch=49 train_loss=0.2240 val_loss=0.1770 val_acc=0.9682
[Monitor][student] epoch 49/100 | train_loss=0.2240 | val_loss=0.1770 | val_acc=0.9682 | Δacc=+0.0007
[Student] epoch=50 train_loss=0.2221 val_loss=0.1783 val_acc=0.9689
[Monitor][student] epoch 50/100 | train_loss=0.2221 | val_loss=0.1783 | val_acc=0.9689 | Δacc=+0.0007
[Student] epoch=51 train_loss=0.2171 val_loss=0.1743 val_acc=0.9711
[Monitor][student] epoch 51/100 | train_loss=0.2171 | val_loss=0.1743 | val_acc=0.9711 | Δacc=+0.0022
[Student] epoch=52 train_loss=0.2172 val_loss=0.1747 val_acc=0.9689
[Monitor][student] epoch 52/100 | train_loss=0.2172 | val_loss=0.1747 | val_acc=0.9689 | Δacc=-0.0022
[Student] epoch=53 train_loss=0.2111 val_loss=0.1690 val_acc=0.9653
[Monitor][student] epoch 53/100 | train_loss=0.2111 | val_loss=0.1690 | val_acc=0.9653 | Δacc=-0.0036
[Student] epoch=54 train_loss=0.2121 val_loss=0.1685 val_acc=0.9697
[Monitor][student] epoch 54/100 | train_loss=0.2121 | val_loss=0.1685 | val_acc=0.9697 | Δacc=+0.0043
[Student] epoch=55 train_loss=0.2084 val_loss=0.1679 val_acc=0.9682
[Monitor][student] epoch 55/100 | train_loss=0.2084 | val_loss=0.1679 | val_acc=0.9682 | Δacc=-0.0014
[Student] epoch=56 train_loss=0.2069 val_loss=0.1636 val_acc=0.9697
[Monitor][student] epoch 56/100 | train_loss=0.2069 | val_loss=0.1636 | val_acc=0.9697 | Δacc=+0.0014
[Student] epoch=57 train_loss=0.2082 val_loss=0.1696 val_acc=0.9697
[Monitor][student] epoch 57/100 | train_loss=0.2082 | val_loss=0.1696 | val_acc=0.9697 | Δacc=+0.0000
[Student] epoch=58 train_loss=0.2080 val_loss=0.1701 val_acc=0.9697
[Monitor][student] epoch 58/100 | train_loss=0.2080 | val_loss=0.1701 | val_acc=0.9697 | Δacc=+0.0000
[Student] epoch=59 train_loss=0.2048 val_loss=0.1703 val_acc=0.9689
[Monitor][student] epoch 59/100 | train_loss=0.2048 | val_loss=0.1703 | val_acc=0.9689 | Δacc=-0.0007
[Student] epoch=60 train_loss=0.2029 val_loss=0.1668 val_acc=0.9725
[Monitor][student] epoch 60/100 | train_loss=0.2029 | val_loss=0.1668 | val_acc=0.9725 | Δacc=+0.0036
[Student] epoch=61 train_loss=0.2008 val_loss=0.1679 val_acc=0.9711
[Monitor][student] epoch 61/100 | train_loss=0.2008 | val_loss=0.1679 | val_acc=0.9711 | Δacc=-0.0014
[Student] epoch=62 train_loss=0.2038 val_loss=0.1704 val_acc=0.9718
[Monitor][student] epoch 62/100 | train_loss=0.2038 | val_loss=0.1704 | val_acc=0.9718 | Δacc=+0.0007
[Student] epoch=63 train_loss=0.2028 val_loss=0.1643 val_acc=0.9711
[Monitor][student] epoch 63/100 | train_loss=0.2028 | val_loss=0.1643 | val_acc=0.9711 | Δacc=-0.0007
[Student] epoch=64 train_loss=0.2003 val_loss=0.1682 val_acc=0.9725
[Monitor][student] epoch 64/100 | train_loss=0.2003 | val_loss=0.1682 | val_acc=0.9725 | Δacc=+0.0014
[Student] epoch=65 train_loss=0.2002 val_loss=0.1667 val_acc=0.9733
[Monitor][student] epoch 65/100 | train_loss=0.2002 | val_loss=0.1667 | val_acc=0.9733 | Δacc=+0.0007
[Student] epoch=66 train_loss=0.1982 val_loss=0.1664 val_acc=0.9725
[Monitor][student] epoch 66/100 | train_loss=0.1982 | val_loss=0.1664 | val_acc=0.9725 | Δacc=-0.0007
[Student] epoch=67 train_loss=0.1990 val_loss=0.1661 val_acc=0.9711
[Monitor][student] epoch 67/100 | train_loss=0.1990 | val_loss=0.1661 | val_acc=0.9711 | Δacc=-0.0014
[Student] epoch=68 train_loss=0.1991 val_loss=0.1642 val_acc=0.9711
[Monitor][student] epoch 68/100 | train_loss=0.1991 | val_loss=0.1642 | val_acc=0.9711 | Δacc=+0.0000
[Student] epoch=69 train_loss=0.2001 val_loss=0.1661 val_acc=0.9718
[Monitor][student] epoch 69/100 | train_loss=0.2001 | val_loss=0.1661 | val_acc=0.9718 | Δacc=+0.0007
[Student] epoch=70 train_loss=0.1981 val_loss=0.1649 val_acc=0.9718
[Monitor][student] epoch 70/100 | train_loss=0.1981 | val_loss=0.1649 | val_acc=0.9718 | Δacc=+0.0000
[Student] epoch=71 train_loss=0.1990 val_loss=0.1662 val_acc=0.9711
[Monitor][student] epoch 71/100 | train_loss=0.1990 | val_loss=0.1662 | val_acc=0.9711 | Δacc=-0.0007
[Student] epoch=72 train_loss=0.1971 val_loss=0.1632 val_acc=0.9718
[Monitor][student] epoch 72/100 | train_loss=0.1971 | val_loss=0.1632 | val_acc=0.9718 | Δacc=+0.0007
[Student] epoch=73 train_loss=0.1983 val_loss=0.1645 val_acc=0.9711
[Monitor][student] epoch 73/100 | train_loss=0.1983 | val_loss=0.1645 | val_acc=0.9711 | Δacc=-0.0007
[Student] epoch=74 train_loss=0.1969 val_loss=0.1638 val_acc=0.9718
[Monitor][student] epoch 74/100 | train_loss=0.1969 | val_loss=0.1638 | val_acc=0.9718 | Δacc=+0.0007
[Student] epoch=75 train_loss=0.1975 val_loss=0.1660 val_acc=0.9718
[Monitor][student] epoch 75/100 | train_loss=0.1975 | val_loss=0.1660 | val_acc=0.9718 | Δacc=+0.0000
[Student] epoch=76 train_loss=0.1966 val_loss=0.1662 val_acc=0.9704
[Monitor][student] epoch 76/100 | train_loss=0.1966 | val_loss=0.1662 | val_acc=0.9704 | Δacc=-0.0014
[Student] epoch=77 train_loss=0.1965 val_loss=0.1667 val_acc=0.9733
[Monitor][student] epoch 77/100 | train_loss=0.1965 | val_loss=0.1667 | val_acc=0.9733 | Δacc=+0.0029
[Student] epoch=78 train_loss=0.1976 val_loss=0.1669 val_acc=0.9711
[Monitor][student] epoch 78/100 | train_loss=0.1976 | val_loss=0.1669 | val_acc=0.9711 | Δacc=-0.0022
[Student] epoch=79 train_loss=0.1971 val_loss=0.1656 val_acc=0.9704
[Monitor][student] epoch 79/100 | train_loss=0.1971 | val_loss=0.1656 | val_acc=0.9704 | Δacc=-0.0007
[Student] epoch=80 train_loss=0.1976 val_loss=0.1657 val_acc=0.9718
[Monitor][student] epoch 80/100 | train_loss=0.1976 | val_loss=0.1657 | val_acc=0.9718 | Δacc=+0.0014
[Student] epoch=81 train_loss=0.1962 val_loss=0.1663 val_acc=0.9718
[Monitor][student] epoch 81/100 | train_loss=0.1962 | val_loss=0.1663 | val_acc=0.9718 | Δacc=+0.0000
[Student] epoch=82 train_loss=0.1968 val_loss=0.1655 val_acc=0.9711
[Monitor][student] epoch 82/100 | train_loss=0.1968 | val_loss=0.1655 | val_acc=0.9711 | Δacc=-0.0007
[Student] epoch=83 train_loss=0.1968 val_loss=0.1645 val_acc=0.9711
[Monitor][student] epoch 83/100 | train_loss=0.1968 | val_loss=0.1645 | val_acc=0.9711 | Δacc=+0.0000
[Student] epoch=84 train_loss=0.1975 val_loss=0.1658 val_acc=0.9711
[Monitor][student] epoch 84/100 | train_loss=0.1975 | val_loss=0.1658 | val_acc=0.9711 | Δacc=+0.0000
[Student] epoch=85 train_loss=0.1948 val_loss=0.1666 val_acc=0.9711
[Monitor][student] epoch 85/100 | train_loss=0.1948 | val_loss=0.1666 | val_acc=0.9711 | Δacc=+0.0000
[Student] epoch=86 train_loss=0.1966 val_loss=0.1661 val_acc=0.9697
[Monitor][student] epoch 86/100 | train_loss=0.1966 | val_loss=0.1661 | val_acc=0.9697 | Δacc=-0.0014
[Student] epoch=87 train_loss=0.1947 val_loss=0.1666 val_acc=0.9711
[Monitor][student] epoch 87/100 | train_loss=0.1947 | val_loss=0.1666 | val_acc=0.9711 | Δacc=+0.0014
[Student] epoch=88 train_loss=0.1949 val_loss=0.1660 val_acc=0.9697
[Monitor][student] epoch 88/100 | train_loss=0.1949 | val_loss=0.1660 | val_acc=0.9697 | Δacc=-0.0014
[Student] epoch=89 train_loss=0.1971 val_loss=0.1648 val_acc=0.9725
[Monitor][student] epoch 89/100 | train_loss=0.1971 | val_loss=0.1648 | val_acc=0.9725 | Δacc=+0.0029
[Student] epoch=90 train_loss=0.1948 val_loss=0.1635 val_acc=0.9718
[Monitor][student] epoch 90/100 | train_loss=0.1948 | val_loss=0.1635 | val_acc=0.9718 | Δacc=-0.0007
[Student] epoch=91 train_loss=0.1951 val_loss=0.1620 val_acc=0.9733
[Monitor][student] epoch 91/100 | train_loss=0.1951 | val_loss=0.1620 | val_acc=0.9733 | Δacc=+0.0014
[Student] epoch=92 train_loss=0.1951 val_loss=0.1633 val_acc=0.9711
[Monitor][student] epoch 92/100 | train_loss=0.1951 | val_loss=0.1633 | val_acc=0.9711 | Δacc=-0.0022
[Student] epoch=93 train_loss=0.1959 val_loss=0.1661 val_acc=0.9718
[Monitor][student] epoch 93/100 | train_loss=0.1959 | val_loss=0.1661 | val_acc=0.9718 | Δacc=+0.0007
[Student] epoch=94 train_loss=0.1936 val_loss=0.1647 val_acc=0.9718
[Monitor][student] epoch 94/100 | train_loss=0.1936 | val_loss=0.1647 | val_acc=0.9718 | Δacc=+0.0000
[Student] epoch=95 train_loss=0.1950 val_loss=0.1669 val_acc=0.9725
[Monitor][student] epoch 95/100 | train_loss=0.1950 | val_loss=0.1669 | val_acc=0.9725 | Δacc=+0.0007
[Student] epoch=96 train_loss=0.1952 val_loss=0.1671 val_acc=0.9704
[Monitor][student] epoch 96/100 | train_loss=0.1952 | val_loss=0.1671 | val_acc=0.9704 | Δacc=-0.0022
[Student] epoch=97 train_loss=0.1949 val_loss=0.1671 val_acc=0.9697
[Monitor][student] epoch 97/100 | train_loss=0.1949 | val_loss=0.1671 | val_acc=0.9697 | Δacc=-0.0007
[Student] epoch=98 train_loss=0.1933 val_loss=0.1662 val_acc=0.9711
[Monitor][student] epoch 98/100 | train_loss=0.1933 | val_loss=0.1662 | val_acc=0.9711 | Δacc=+0.0014
[Student] epoch=99 train_loss=0.1965 val_loss=0.1656 val_acc=0.9718
[Monitor][student] epoch 99/100 | train_loss=0.1965 | val_loss=0.1656 | val_acc=0.9718 | Δacc=+0.0007
[Student] epoch=100 train_loss=0.1932 val_loss=0.1661 val_acc=0.9704
[Monitor][student] epoch 100/100 | train_loss=0.1932 | val_loss=0.1661 | val_acc=0.9704 | Δacc=-0.0014
[Monitor] <<< Stage 'student' finished after 100 epochs | final acc=0.9704

训练完成! 学生模型: student_sd_mkd.pth
模型已移动到: checkpoints/ablation/s_kl2/student_model.pth

评估学生模型...
测试集准确率: 97.04%
知识保留率: 98.32% (相对Stacking的98.70%)

结果已保存到: checkpoints/ablation/s_kl2/results.json
================================================================================
