/walnut_data/yqm/NetKD/training/train.py:330: FutureWarning: `torch.cuda.amp.GradScaler(args...)` is deprecated. Please use `torch.amp.GradScaler('cuda', args...)` instead.
  scaler = torch.cuda.amp.GradScaler(enabled=use_amp)
================================================================================
消融实验: 蒸馏模式 = kl
数据集: ISCXVPN2016
Batch Size: 128, Epochs: 100
输出目录: checkpoints/ablation/s_kl
================================================================================
✓ 所有教师模型文件验证通过

加载数据集...
Detected pre-split layout, using provided train/val/test folders under: /walnut_data/yqm/Dataset/ISCXVPN2016

Dataset split:
  Train: 13281 images (82.8%)
  Val:   1383 images (8.6%)
  Test:  1384 images (8.6%)

Image dimensions: 1 x 40 x 40
✓ 数据集加载完成: 类别数=7

================================================================================
开始训练学生模型 (模式: kl)...
================================================================================
[Monitor] >>> Stage 'student' started (100 epochs)
/walnut_data/yqm/NetKD/training/train.py:345: FutureWarning: `torch.cuda.amp.autocast(args...)` is deprecated. Please use `torch.amp.autocast('cuda', args...)` instead.
  with torch.cuda.amp.autocast(enabled=use_amp):
[Student] epoch=1 train_loss=1.3477 val_loss=1.0181 val_acc=0.6366
[Monitor][student] epoch 1/100 | train_loss=1.3477 | val_loss=1.0181 | val_acc=0.6366
[Student] epoch=2 train_loss=1.0812 val_loss=0.9890 val_acc=0.6236
[Monitor][student] epoch 2/100 | train_loss=1.0812 | val_loss=0.9890 | val_acc=0.6236 | Δacc=-0.0130
[Student] epoch=3 train_loss=1.4621 val_loss=1.2227 val_acc=0.6257
[Monitor][student] epoch 3/100 | train_loss=1.4621 | val_loss=1.2227 | val_acc=0.6257 | Δacc=+0.0022
[Student] epoch=4 train_loss=1.1166 val_loss=1.0062 val_acc=0.6409
[Monitor][student] epoch 4/100 | train_loss=1.1166 | val_loss=1.0062 | val_acc=0.6409 | Δacc=+0.0152
[Student] epoch=5 train_loss=1.0854 val_loss=1.1139 val_acc=0.6308
[Monitor][student] epoch 5/100 | train_loss=1.0854 | val_loss=1.1139 | val_acc=0.6308 | Δacc=-0.0101
[Student] epoch=6 train_loss=0.8549 val_loss=0.7127 val_acc=0.7666
[Monitor][student] epoch 6/100 | train_loss=0.8549 | val_loss=0.7127 | val_acc=0.7666 | Δacc=+0.1358
[Student] epoch=7 train_loss=0.7315 val_loss=0.6250 val_acc=0.7955
[Monitor][student] epoch 7/100 | train_loss=0.7315 | val_loss=0.6250 | val_acc=0.7955 | Δacc=+0.0289
[Student] epoch=8 train_loss=0.6612 val_loss=0.5815 val_acc=0.8121
[Monitor][student] epoch 8/100 | train_loss=0.6612 | val_loss=0.5815 | val_acc=0.8121 | Δacc=+0.0166
[Student] epoch=9 train_loss=0.6009 val_loss=0.5040 val_acc=0.8526
[Monitor][student] epoch 9/100 | train_loss=0.6009 | val_loss=0.5040 | val_acc=0.8526 | Δacc=+0.0405
[Student] epoch=10 train_loss=0.5317 val_loss=0.4441 val_acc=0.8649
[Monitor][student] epoch 10/100 | train_loss=0.5317 | val_loss=0.4441 | val_acc=0.8649 | Δacc=+0.0123
[Student] epoch=11 train_loss=0.4946 val_loss=0.3981 val_acc=0.8808
[Monitor][student] epoch 11/100 | train_loss=0.4946 | val_loss=0.3981 | val_acc=0.8808 | Δacc=+0.0159
[Student] epoch=12 train_loss=0.4738 val_loss=0.4053 val_acc=0.8707
[Monitor][student] epoch 12/100 | train_loss=0.4738 | val_loss=0.4053 | val_acc=0.8707 | Δacc=-0.0101
[Student] epoch=13 train_loss=0.4524 val_loss=0.3704 val_acc=0.8902
[Monitor][student] epoch 13/100 | train_loss=0.4524 | val_loss=0.3704 | val_acc=0.8902 | Δacc=+0.0195
[Student] epoch=14 train_loss=0.4233 val_loss=0.3469 val_acc=0.9046
[Monitor][student] epoch 14/100 | train_loss=0.4233 | val_loss=0.3469 | val_acc=0.9046 | Δacc=+0.0145
[Student] epoch=15 train_loss=0.4172 val_loss=0.3267 val_acc=0.9075
[Monitor][student] epoch 15/100 | train_loss=0.4172 | val_loss=0.3267 | val_acc=0.9075 | Δacc=+0.0029
[Student] epoch=16 train_loss=0.3917 val_loss=0.2979 val_acc=0.9147
[Monitor][student] epoch 16/100 | train_loss=0.3917 | val_loss=0.2979 | val_acc=0.9147 | Δacc=+0.0072
[Student] epoch=17 train_loss=0.3634 val_loss=0.3465 val_acc=0.9010
[Monitor][student] epoch 17/100 | train_loss=0.3634 | val_loss=0.3465 | val_acc=0.9010 | Δacc=-0.0137
[Student] epoch=18 train_loss=0.3451 val_loss=0.3088 val_acc=0.9118
[Monitor][student] epoch 18/100 | train_loss=0.3451 | val_loss=0.3088 | val_acc=0.9118 | Δacc=+0.0108
[Student] epoch=19 train_loss=0.3242 val_loss=0.2642 val_acc=0.9270
[Monitor][student] epoch 19/100 | train_loss=0.3242 | val_loss=0.2642 | val_acc=0.9270 | Δacc=+0.0152
[Student] epoch=20 train_loss=0.2972 val_loss=0.2242 val_acc=0.9408
[Monitor][student] epoch 20/100 | train_loss=0.2972 | val_loss=0.2242 | val_acc=0.9408 | Δacc=+0.0137
[Student] epoch=21 train_loss=0.2824 val_loss=0.2898 val_acc=0.9176
[Monitor][student] epoch 21/100 | train_loss=0.2824 | val_loss=0.2898 | val_acc=0.9176 | Δacc=-0.0231
[Student] epoch=22 train_loss=0.2749 val_loss=0.2242 val_acc=0.9429
[Monitor][student] epoch 22/100 | train_loss=0.2749 | val_loss=0.2242 | val_acc=0.9429 | Δacc=+0.0253
[Student] epoch=23 train_loss=0.2679 val_loss=0.2104 val_acc=0.9393
[Monitor][student] epoch 23/100 | train_loss=0.2679 | val_loss=0.2104 | val_acc=0.9393 | Δacc=-0.0036
[Student] epoch=24 train_loss=0.2565 val_loss=0.2237 val_acc=0.9408
[Monitor][student] epoch 24/100 | train_loss=0.2565 | val_loss=0.2237 | val_acc=0.9408 | Δacc=+0.0014
[Student] epoch=25 train_loss=0.2534 val_loss=0.2101 val_acc=0.9444
[Monitor][student] epoch 25/100 | train_loss=0.2534 | val_loss=0.2101 | val_acc=0.9444 | Δacc=+0.0036
[Student] epoch=26 train_loss=0.2380 val_loss=0.1972 val_acc=0.9523
[Monitor][student] epoch 26/100 | train_loss=0.2380 | val_loss=0.1972 | val_acc=0.9523 | Δacc=+0.0079
[Student] epoch=27 train_loss=0.2365 val_loss=0.1970 val_acc=0.9538
[Monitor][student] epoch 27/100 | train_loss=0.2365 | val_loss=0.1970 | val_acc=0.9538 | Δacc=+0.0014
[Student] epoch=28 train_loss=0.2257 val_loss=0.1942 val_acc=0.9530
[Monitor][student] epoch 28/100 | train_loss=0.2257 | val_loss=0.1942 | val_acc=0.9530 | Δacc=-0.0007
[Student] epoch=29 train_loss=0.2137 val_loss=0.1920 val_acc=0.9523
[Monitor][student] epoch 29/100 | train_loss=0.2137 | val_loss=0.1920 | val_acc=0.9523 | Δacc=-0.0007
[Student] epoch=30 train_loss=0.2135 val_loss=0.2006 val_acc=0.9509
[Monitor][student] epoch 30/100 | train_loss=0.2135 | val_loss=0.2006 | val_acc=0.9509 | Δacc=-0.0014
[Student] epoch=31 train_loss=0.2118 val_loss=0.1815 val_acc=0.9559
[Monitor][student] epoch 31/100 | train_loss=0.2118 | val_loss=0.1815 | val_acc=0.9559 | Δacc=+0.0051
[Student] epoch=32 train_loss=0.2099 val_loss=0.1941 val_acc=0.9538
[Monitor][student] epoch 32/100 | train_loss=0.2099 | val_loss=0.1941 | val_acc=0.9538 | Δacc=-0.0022
[Student] epoch=33 train_loss=0.2055 val_loss=0.1607 val_acc=0.9588
[Monitor][student] epoch 33/100 | train_loss=0.2055 | val_loss=0.1607 | val_acc=0.9588 | Δacc=+0.0051
[Student] epoch=34 train_loss=0.2041 val_loss=0.1567 val_acc=0.9660
[Monitor][student] epoch 34/100 | train_loss=0.2041 | val_loss=0.1567 | val_acc=0.9660 | Δacc=+0.0072
[Student] epoch=35 train_loss=0.1955 val_loss=0.1787 val_acc=0.9632
[Monitor][student] epoch 35/100 | train_loss=0.1955 | val_loss=0.1787 | val_acc=0.9632 | Δacc=-0.0029
[Student] epoch=36 train_loss=0.2074 val_loss=0.1679 val_acc=0.9624
[Monitor][student] epoch 36/100 | train_loss=0.2074 | val_loss=0.1679 | val_acc=0.9624 | Δacc=-0.0007
[Student] epoch=37 train_loss=0.1965 val_loss=0.1869 val_acc=0.9559
[Monitor][student] epoch 37/100 | train_loss=0.1965 | val_loss=0.1869 | val_acc=0.9559 | Δacc=-0.0065
[Student] epoch=38 train_loss=0.1722 val_loss=0.1455 val_acc=0.9668
[Monitor][student] epoch 38/100 | train_loss=0.1722 | val_loss=0.1455 | val_acc=0.9668 | Δacc=+0.0108
[Student] epoch=39 train_loss=0.1525 val_loss=0.1466 val_acc=0.9653
[Monitor][student] epoch 39/100 | train_loss=0.1525 | val_loss=0.1466 | val_acc=0.9653 | Δacc=-0.0014
[Student] epoch=40 train_loss=0.1458 val_loss=0.1423 val_acc=0.9660
[Monitor][student] epoch 40/100 | train_loss=0.1458 | val_loss=0.1423 | val_acc=0.9660 | Δacc=+0.0007
[Student] epoch=41 train_loss=0.1434 val_loss=0.1473 val_acc=0.9653
[Monitor][student] epoch 41/100 | train_loss=0.1434 | val_loss=0.1473 | val_acc=0.9653 | Δacc=-0.0007
[Student] epoch=42 train_loss=0.1451 val_loss=0.1501 val_acc=0.9682
[Monitor][student] epoch 42/100 | train_loss=0.1451 | val_loss=0.1501 | val_acc=0.9682 | Δacc=+0.0029
[Student] epoch=43 train_loss=0.1443 val_loss=0.1541 val_acc=0.9668
[Monitor][student] epoch 43/100 | train_loss=0.1443 | val_loss=0.1541 | val_acc=0.9668 | Δacc=-0.0014
[Student] epoch=44 train_loss=0.1349 val_loss=0.1454 val_acc=0.9697
[Monitor][student] epoch 44/100 | train_loss=0.1349 | val_loss=0.1454 | val_acc=0.9697 | Δacc=+0.0029
[Student] epoch=45 train_loss=0.1287 val_loss=0.1401 val_acc=0.9704
[Monitor][student] epoch 45/100 | train_loss=0.1287 | val_loss=0.1401 | val_acc=0.9704 | Δacc=+0.0007
[Student] epoch=46 train_loss=0.1308 val_loss=0.1416 val_acc=0.9668
[Monitor][student] epoch 46/100 | train_loss=0.1308 | val_loss=0.1416 | val_acc=0.9668 | Δacc=-0.0036
[Student] epoch=47 train_loss=0.1289 val_loss=0.1341 val_acc=0.9689
[Monitor][student] epoch 47/100 | train_loss=0.1289 | val_loss=0.1341 | val_acc=0.9689 | Δacc=+0.0022
[Student] epoch=48 train_loss=0.1275 val_loss=0.1473 val_acc=0.9675
[Monitor][student] epoch 48/100 | train_loss=0.1275 | val_loss=0.1473 | val_acc=0.9675 | Δacc=-0.0014
[Student] epoch=49 train_loss=0.1258 val_loss=0.1438 val_acc=0.9689
[Monitor][student] epoch 49/100 | train_loss=0.1258 | val_loss=0.1438 | val_acc=0.9689 | Δacc=+0.0014
[Student] epoch=50 train_loss=0.1260 val_loss=0.1423 val_acc=0.9675
[Monitor][student] epoch 50/100 | train_loss=0.1260 | val_loss=0.1423 | val_acc=0.9675 | Δacc=-0.0014
[Student] epoch=51 train_loss=0.1246 val_loss=0.1388 val_acc=0.9704
[Monitor][student] epoch 51/100 | train_loss=0.1246 | val_loss=0.1388 | val_acc=0.9704 | Δacc=+0.0029
[Student] epoch=52 train_loss=0.1196 val_loss=0.1428 val_acc=0.9704
[Monitor][student] epoch 52/100 | train_loss=0.1196 | val_loss=0.1428 | val_acc=0.9704 | Δacc=+0.0000
[Student] epoch=53 train_loss=0.1212 val_loss=0.1423 val_acc=0.9697
[Monitor][student] epoch 53/100 | train_loss=0.1212 | val_loss=0.1423 | val_acc=0.9697 | Δacc=-0.0007
[Student] epoch=54 train_loss=0.1183 val_loss=0.1401 val_acc=0.9689
[Monitor][student] epoch 54/100 | train_loss=0.1183 | val_loss=0.1401 | val_acc=0.9689 | Δacc=-0.0007
[Student] epoch=55 train_loss=0.1199 val_loss=0.1394 val_acc=0.9682
[Monitor][student] epoch 55/100 | train_loss=0.1199 | val_loss=0.1394 | val_acc=0.9682 | Δacc=-0.0007
[Student] epoch=56 train_loss=0.1180 val_loss=0.1386 val_acc=0.9711
[Monitor][student] epoch 56/100 | train_loss=0.1180 | val_loss=0.1386 | val_acc=0.9711 | Δacc=+0.0029
[Student] epoch=57 train_loss=0.1169 val_loss=0.1385 val_acc=0.9718
[Monitor][student] epoch 57/100 | train_loss=0.1169 | val_loss=0.1385 | val_acc=0.9718 | Δacc=+0.0007
[Student] epoch=58 train_loss=0.1174 val_loss=0.1386 val_acc=0.9697
[Monitor][student] epoch 58/100 | train_loss=0.1174 | val_loss=0.1386 | val_acc=0.9697 | Δacc=-0.0022
[Student] epoch=59 train_loss=0.1163 val_loss=0.1362 val_acc=0.9711
[Monitor][student] epoch 59/100 | train_loss=0.1163 | val_loss=0.1362 | val_acc=0.9711 | Δacc=+0.0014
[Student] epoch=60 train_loss=0.1164 val_loss=0.1393 val_acc=0.9711
[Monitor][student] epoch 60/100 | train_loss=0.1164 | val_loss=0.1393 | val_acc=0.9711 | Δacc=+0.0000
[Student] epoch=61 train_loss=0.1162 val_loss=0.1376 val_acc=0.9725
[Monitor][student] epoch 61/100 | train_loss=0.1162 | val_loss=0.1376 | val_acc=0.9725 | Δacc=+0.0014
[Student] epoch=62 train_loss=0.1164 val_loss=0.1391 val_acc=0.9704
[Monitor][student] epoch 62/100 | train_loss=0.1164 | val_loss=0.1391 | val_acc=0.9704 | Δacc=-0.0022
[Student] epoch=63 train_loss=0.1162 val_loss=0.1402 val_acc=0.9711
[Monitor][student] epoch 63/100 | train_loss=0.1162 | val_loss=0.1402 | val_acc=0.9711 | Δacc=+0.0007
[Student] epoch=64 train_loss=0.1154 val_loss=0.1386 val_acc=0.9711
[Monitor][student] epoch 64/100 | train_loss=0.1154 | val_loss=0.1386 | val_acc=0.9711 | Δacc=+0.0000
[Student] epoch=65 train_loss=0.1175 val_loss=0.1387 val_acc=0.9711
[Monitor][student] epoch 65/100 | train_loss=0.1175 | val_loss=0.1387 | val_acc=0.9711 | Δacc=+0.0000
[Student] epoch=66 train_loss=0.1162 val_loss=0.1390 val_acc=0.9711
[Monitor][student] epoch 66/100 | train_loss=0.1162 | val_loss=0.1390 | val_acc=0.9711 | Δacc=+0.0000
[Student] epoch=67 train_loss=0.1145 val_loss=0.1406 val_acc=0.9725
[Monitor][student] epoch 67/100 | train_loss=0.1145 | val_loss=0.1406 | val_acc=0.9725 | Δacc=+0.0014
[Student] epoch=68 train_loss=0.1145 val_loss=0.1403 val_acc=0.9725
[Monitor][student] epoch 68/100 | train_loss=0.1145 | val_loss=0.1403 | val_acc=0.9725 | Δacc=+0.0000
[Student] epoch=69 train_loss=0.1149 val_loss=0.1373 val_acc=0.9718
[Monitor][student] epoch 69/100 | train_loss=0.1149 | val_loss=0.1373 | val_acc=0.9718 | Δacc=-0.0007
[Student] epoch=70 train_loss=0.1142 val_loss=0.1411 val_acc=0.9725
[Monitor][student] epoch 70/100 | train_loss=0.1142 | val_loss=0.1411 | val_acc=0.9725 | Δacc=+0.0007
[Student] epoch=71 train_loss=0.1152 val_loss=0.1416 val_acc=0.9711
[Monitor][student] epoch 71/100 | train_loss=0.1152 | val_loss=0.1416 | val_acc=0.9711 | Δacc=-0.0014
[Student] epoch=72 train_loss=0.1146 val_loss=0.1405 val_acc=0.9718
[Monitor][student] epoch 72/100 | train_loss=0.1146 | val_loss=0.1405 | val_acc=0.9718 | Δacc=+0.0007
[Student] epoch=73 train_loss=0.1153 val_loss=0.1372 val_acc=0.9733
[Monitor][student] epoch 73/100 | train_loss=0.1153 | val_loss=0.1372 | val_acc=0.9733 | Δacc=+0.0014
[Student] epoch=74 train_loss=0.1148 val_loss=0.1409 val_acc=0.9718
[Monitor][student] epoch 74/100 | train_loss=0.1148 | val_loss=0.1409 | val_acc=0.9718 | Δacc=-0.0014
[Student] epoch=75 train_loss=0.1140 val_loss=0.1425 val_acc=0.9718
[Monitor][student] epoch 75/100 | train_loss=0.1140 | val_loss=0.1425 | val_acc=0.9718 | Δacc=+0.0000
[Student] epoch=76 train_loss=0.1134 val_loss=0.1387 val_acc=0.9718
[Monitor][student] epoch 76/100 | train_loss=0.1134 | val_loss=0.1387 | val_acc=0.9718 | Δacc=+0.0000
[Student] epoch=77 train_loss=0.1146 val_loss=0.1430 val_acc=0.9718
[Monitor][student] epoch 77/100 | train_loss=0.1146 | val_loss=0.1430 | val_acc=0.9718 | Δacc=+0.0000
[Student] epoch=78 train_loss=0.1133 val_loss=0.1402 val_acc=0.9725
[Monitor][student] epoch 78/100 | train_loss=0.1133 | val_loss=0.1402 | val_acc=0.9725 | Δacc=+0.0007
[Student] epoch=79 train_loss=0.1142 val_loss=0.1407 val_acc=0.9711
[Monitor][student] epoch 79/100 | train_loss=0.1142 | val_loss=0.1407 | val_acc=0.9711 | Δacc=-0.0014
[Student] epoch=80 train_loss=0.1138 val_loss=0.1372 val_acc=0.9733
[Monitor][student] epoch 80/100 | train_loss=0.1138 | val_loss=0.1372 | val_acc=0.9733 | Δacc=+0.0022
[Student] epoch=81 train_loss=0.1136 val_loss=0.1384 val_acc=0.9718
[Monitor][student] epoch 81/100 | train_loss=0.1136 | val_loss=0.1384 | val_acc=0.9718 | Δacc=-0.0014
[Student] epoch=82 train_loss=0.1131 val_loss=0.1377 val_acc=0.9725
[Monitor][student] epoch 82/100 | train_loss=0.1131 | val_loss=0.1377 | val_acc=0.9725 | Δacc=+0.0007
[Student] epoch=83 train_loss=0.1139 val_loss=0.1400 val_acc=0.9725
[Monitor][student] epoch 83/100 | train_loss=0.1139 | val_loss=0.1400 | val_acc=0.9725 | Δacc=+0.0000
[Student] epoch=84 train_loss=0.1128 val_loss=0.1381 val_acc=0.9718
[Monitor][student] epoch 84/100 | train_loss=0.1128 | val_loss=0.1381 | val_acc=0.9718 | Δacc=-0.0007
[Student] epoch=85 train_loss=0.1130 val_loss=0.1397 val_acc=0.9725
[Monitor][student] epoch 85/100 | train_loss=0.1130 | val_loss=0.1397 | val_acc=0.9725 | Δacc=+0.0007
[Student] epoch=86 train_loss=0.1136 val_loss=0.1387 val_acc=0.9733
[Monitor][student] epoch 86/100 | train_loss=0.1136 | val_loss=0.1387 | val_acc=0.9733 | Δacc=+0.0007
[Student] epoch=87 train_loss=0.1133 val_loss=0.1398 val_acc=0.9725
[Monitor][student] epoch 87/100 | train_loss=0.1133 | val_loss=0.1398 | val_acc=0.9725 | Δacc=-0.0007
[Student] epoch=88 train_loss=0.1123 val_loss=0.1398 val_acc=0.9725
[Monitor][student] epoch 88/100 | train_loss=0.1123 | val_loss=0.1398 | val_acc=0.9725 | Δacc=+0.0000
[Student] epoch=89 train_loss=0.1129 val_loss=0.1366 val_acc=0.9733
[Monitor][student] epoch 89/100 | train_loss=0.1129 | val_loss=0.1366 | val_acc=0.9733 | Δacc=+0.0007
[Student] epoch=90 train_loss=0.1121 val_loss=0.1375 val_acc=0.9718
[Monitor][student] epoch 90/100 | train_loss=0.1121 | val_loss=0.1375 | val_acc=0.9718 | Δacc=-0.0014
[Student] epoch=91 train_loss=0.1140 val_loss=0.1427 val_acc=0.9711
[Monitor][student] epoch 91/100 | train_loss=0.1140 | val_loss=0.1427 | val_acc=0.9711 | Δacc=-0.0007
[Student] epoch=92 train_loss=0.1116 val_loss=0.1406 val_acc=0.9725
[Monitor][student] epoch 92/100 | train_loss=0.1116 | val_loss=0.1406 | val_acc=0.9725 | Δacc=+0.0014
[Student] epoch=93 train_loss=0.1123 val_loss=0.1374 val_acc=0.9718
[Monitor][student] epoch 93/100 | train_loss=0.1123 | val_loss=0.1374 | val_acc=0.9718 | Δacc=-0.0007
[Student] epoch=94 train_loss=0.1119 val_loss=0.1393 val_acc=0.9718
[Monitor][student] epoch 94/100 | train_loss=0.1119 | val_loss=0.1393 | val_acc=0.9718 | Δacc=+0.0000
[Student] epoch=95 train_loss=0.1111 val_loss=0.1365 val_acc=0.9718
[Monitor][student] epoch 95/100 | train_loss=0.1111 | val_loss=0.1365 | val_acc=0.9718 | Δacc=+0.0000
[Student] epoch=96 train_loss=0.1117 val_loss=0.1342 val_acc=0.9733
[Monitor][student] epoch 96/100 | train_loss=0.1117 | val_loss=0.1342 | val_acc=0.9733 | Δacc=+0.0014
[Student] epoch=97 train_loss=0.1120 val_loss=0.1371 val_acc=0.9733
[Monitor][student] epoch 97/100 | train_loss=0.1120 | val_loss=0.1371 | val_acc=0.9733 | Δacc=+0.0000
[Student] epoch=98 train_loss=0.1122 val_loss=0.1399 val_acc=0.9718
[Monitor][student] epoch 98/100 | train_loss=0.1122 | val_loss=0.1399 | val_acc=0.9718 | Δacc=-0.0014
[Student] epoch=99 train_loss=0.1113 val_loss=0.1405 val_acc=0.9711
[Monitor][student] epoch 99/100 | train_loss=0.1113 | val_loss=0.1405 | val_acc=0.9711 | Δacc=-0.0007
[Student] epoch=100 train_loss=0.1125 val_loss=0.1408 val_acc=0.9711
[Monitor][student] epoch 100/100 | train_loss=0.1125 | val_loss=0.1408 | val_acc=0.9711 | Δacc=+0.0000
[Monitor] <<< Stage 'student' finished after 100 epochs | final acc=0.9711

训练完成! 学生模型: student_sd_mkd.pth
模型已移动到: checkpoints/ablation/s_kl/student_model.pth

评估学生模型...
测试集准确率: 97.11%
知识保留率: 98.39% (相对Stacking的98.70%)

结果已保存到: checkpoints/ablation/s_kl/results.json
================================================================================
