[2025-12-08 10:14:28] ================================================================================
[2025-12-08 10:14:28] TrafficKD 完整实验流程 (修复版)
[2025-12-08 10:14:28] Output: results/full_pipeline_20251208_004257/gpu0_mae_v2, GPU: 0
[2025-12-08 10:14:28] ================================================================================
[2025-12-08 10:14:28] Loading dataset...
[2025-12-08 10:14:28] Dataset loaded: train=13281, val=1383, test=1384
[2025-12-08 10:14:28] 
================================================================================
PHASE 1: 预训练
================================================================================
[2025-12-08 10:14:28] [MAE] Starting pretraining: convnextv2_tiny_mae_mask0.75
[2025-12-08 10:15:03]   [MAE] Epoch 10/100, Loss: 0.018250
[2025-12-08 10:15:19]   [MAE] Epoch 20/100, Loss: 0.015943
[2025-12-08 10:15:34]   [MAE] Epoch 30/100, Loss: 0.015594
[2025-12-08 10:15:47]   [MAE] Epoch 40/100, Loss: 0.015628
[2025-12-08 10:16:00]   [MAE] Epoch 50/100, Loss: 0.015680
[2025-12-08 10:16:13]   [MAE] Epoch 60/100, Loss: 0.015785
[2025-12-08 10:16:27]   [MAE] Epoch 70/100, Loss: 0.015834
[2025-12-08 10:16:39]   [MAE] Epoch 80/100, Loss: 0.015835
[2025-12-08 10:16:52]   [MAE] Epoch 90/100, Loss: 0.015851
[2025-12-08 10:17:05]   [MAE] Epoch 100/100, Loss: 0.015896
[2025-12-08 10:17:05] [MAE] Completed convnextv2_tiny_mae_mask0.75: best_loss=0.015539
[2025-12-08 10:17:05] [MAE] Starting pretraining: convnextv2_tiny_mae_mask0.8
[2025-12-08 10:17:22]   [MAE] Epoch 10/100, Loss: 0.024487
[2025-12-08 10:17:40]   [MAE] Epoch 20/100, Loss: 0.021943
[2025-12-08 10:17:56]   [MAE] Epoch 30/100, Loss: 0.020783
[2025-12-08 10:18:14]   [MAE] Epoch 40/100, Loss: 0.020224
[2025-12-08 10:18:30]   [MAE] Epoch 50/100, Loss: 0.019890
[2025-12-08 10:18:45]   [MAE] Epoch 60/100, Loss: 0.019667
[2025-12-08 10:19:00]   [MAE] Epoch 70/100, Loss: 0.019633
[2025-12-08 10:19:15]   [MAE] Epoch 80/100, Loss: 0.019553
[2025-12-08 10:19:29]   [MAE] Epoch 90/100, Loss: 0.019506
[2025-12-08 10:19:44]   [MAE] Epoch 100/100, Loss: 0.019486
[2025-12-08 10:19:44] [MAE] Completed convnextv2_tiny_mae_mask0.8: best_loss=0.019461
[2025-12-08 10:19:44] [SimCLR] Starting pretraining: convnextv2_tiny_simclr
